2026-09-21 08:00:05  [INFO    ]  =================================================================
2026-09-21 08:00:05  [INFO    ]  Starting Bronze Data Ingestion: 2026-09-21T08:00:05.858723+00:00
2026-09-21 08:00:05  [INFO    ]  Config: category=cars-for-sale, province=ALL, max_pages=50, mode=feed_window, enrich_details=True
2026-09-21 08:00:05  [INFO    ]  =================================================================
2026-09-21 08:00:05  [INFO    ]  [cars-for-sale] Page 1/50  offset=0  collected=0
2026-09-21 08:00:07  [INFO    ]  Fetching details concurrently for 40 listings (workers=4)...
2026-09-21 08:00:27  [INFO    ]  [cars-for-sale] Page 2/50  offset=30  collected=40  total=19501
2026-09-21 08:00:28  [INFO    ]  Fetching details concurrently for 21 listings (workers=4)...
2026-09-21 08:00:51  [INFO    ]  [cars-for-sale] Page 3/50  offset=60  collected=61  total=19501
2026-09-21 08:00:52  [INFO    ]  Fetching details concurrently for 12 listings (workers=4)...
2026-09-21 08:01:11  [INFO    ]  [cars-for-sale] Page 4/50  offset=90  collected=73  total=19501
2026-09-21 08:01:12  [INFO    ]  Fetching details concurrently for 27 listings (workers=4)...
2026-09-21 08:01:28  [INFO    ]  [cars-for-sale] Page 5/50  offset=120  collected=100  total=19501
2026-09-21 08:01:29  [INFO    ]  Fetching details concurrently for 31 listings (workers=4)...
2026-09-21 08:01:54  [INFO    ]  [cars-for-sale] Page 6/50  offset=150  collected=131  total=19501
2026-09-21 08:01:55  [INFO    ]  Fetching details concurrently for 5 listings (workers=4)...
2026-09-21 08:02:00  [INFO    ]  [cars-for-sale] Page 7/50  offset=180  collected=136  total=19501
2026-09-21 08:02:01  [INFO    ]  Fetching details concurrently for 31 listings (workers=4)...
2026-09-21 08:02:19  [INFO    ]  [cars-for-sale] Page 8/50  offset=210  collected=167  total=19501
2026-09-21 08:02:20  [INFO    ]  Fetching details concurrently for 31 listings (workers=4)...
2026-09-21 08:02:41  [INFO    ]  [cars-for-sale] Page 9/50  offset=240  collected=198  total=19501
2026-09-21 08:02:42  [INFO    ]  Fetching details concurrently for 31 listings (workers=4)...
2026-09-21 08:03:00  [INFO    ]  [cars-for-sale] Page 10/50  offset=270  collected=229  total=19501
2026-09-21 08:03:01  [INFO    ]  Fetching details concurrently for 1 listings (workers=4)...
2026-09-21 08:03:02  [INFO    ]  [cars-for-sale] Page 11/50  offset=300  collected=230  total=19501
2026-09-21 08:03:03  [INFO    ]  Fetching details concurrently for 31 listings (workers=4)...
2026-09-21 08:03:18  [INFO    ]  [cars-for-sale] Page 12/50  offset=330  collected=261  total=19501
2026-09-21 08:03:19  [INFO    ]  Fetching details concurrently for 13 listings (workers=4)...
2026-09-21 08:03:27  [INFO    ]  [cars-for-sale] Page 13/50  offset=360  collected=274  total=19501
2026-09-21 08:03:28  [INFO    ]  Fetching details concurrently for 17 listings (workers=4)...
2026-09-21 08:03:52  [INFO    ]  [cars-for-sale] Page 14/50  offset=390  collected=291  total=19501
2026-09-21 08:03:53  [INFO    ]  Fetching details concurrently for 14 listings (workers=4)...
2026-09-21 08:04:11  [INFO    ]  [cars-for-sale] Page 15/50  offset=420  collected=305  total=19501
2026-09-21 08:04:12  [INFO    ]  Fetching details concurrently for 31 listings (workers=4)...
2026-09-21 08:04:33  [INFO    ]  [cars-for-sale] Page 16/50  offset=450  collected=336  total=19501
2026-09-21 08:04:34  [INFO    ]  Fetching details concurrently for 31 listings (workers=4)...
2026-09-21 08:04:53  [INFO    ]  [cars-for-sale] Page 17/50  offset=480  collected=367  total=19501
2026-09-21 08:04:54  [INFO    ]  Fetching details concurrently for 32 listings (workers=4)...
2026-09-21 08:05:09  [INFO    ]  [cars-for-sale] Page 18/50  offset=510  collected=399  total=19501
2026-09-21 08:05:10  [INFO    ]  Fetching details concurrently for 32 listings (workers=4)...
2026-09-21 08:05:25  [INFO    ]  [cars-for-sale] Page 19/50  offset=540  collected=431  total=19501
2026-09-21 08:05:27  [INFO    ]  Fetching details concurrently for 25 listings (workers=4)...
2026-09-21 08:05:42  [INFO    ]  [cars-for-sale] Page 20/50  offset=570  collected=456  total=19501
2026-09-21 08:05:43  [INFO    ]  Fetching details concurrently for 25 listings (workers=4)...
2026-09-21 08:05:55  [INFO    ]  [cars-for-sale] Page 21/50  offset=600  collected=481  total=19501
2026-09-21 08:05:56  [INFO    ]  Fetching details concurrently for 30 listings (workers=4)...
2026-09-21 08:06:12  [INFO    ]  [cars-for-sale] Page 22/50  offset=630  collected=511  total=19501
2026-09-21 08:06:13  [INFO    ]  Fetching details concurrently for 21 listings (workers=4)...
2026-09-21 08:06:24  [INFO    ]  [cars-for-sale] Page 23/50  offset=660  collected=532  total=19501
2026-09-21 08:06:25  [INFO    ]  Fetching details concurrently for 32 listings (workers=4)...
2026-09-21 08:06:44  [INFO    ]  [cars-for-sale] Page 24/50  offset=690  collected=564  total=19501
2026-09-21 08:06:46  [INFO    ]  [cars-for-sale] Page 25/50  offset=720  collected=564  total=19501
2026-09-21 08:06:46  [INFO    ]  Fetching details concurrently for 1 listings (workers=4)...
2026-09-21 08:06:48  [INFO    ]  [cars-for-sale] Page 26/50  offset=750  collected=565  total=19501
2026-09-21 08:06:49  [INFO    ]  Fetching details concurrently for 9 listings (workers=4)...
2026-09-21 08:06:54  [INFO    ]  [cars-for-sale] Page 27/50  offset=780  collected=574  total=19501
2026-09-21 08:06:55  [INFO    ]  Fetching details concurrently for 29 listings (workers=4)...
2026-09-21 08:07:18  [INFO    ]  [cars-for-sale] Page 28/50  offset=810  collected=603  total=19501
2026-09-21 08:07:19  [INFO    ]  Fetching details concurrently for 30 listings (workers=4)...
2026-09-21 08:07:37  [INFO    ]  [cars-for-sale] Page 29/50  offset=840  collected=633  total=19501
2026-09-21 08:07:38  [INFO    ]  Fetching details concurrently for 28 listings (workers=4)...
2026-09-21 08:07:53  [INFO    ]  [cars-for-sale] Page 30/50  offset=870  collected=661  total=19501
2026-09-21 08:07:54  [INFO    ]  Fetching details concurrently for 30 listings (workers=4)...
2026-09-21 08:08:09  [INFO    ]  [cars-for-sale] Page 31/50  offset=900  collected=691  total=19501
2026-09-21 08:08:10  [INFO    ]  Fetching details concurrently for 31 listings (workers=4)...
2026-09-21 08:08:27  [INFO    ]  [cars-for-sale] Page 32/50  offset=930  collected=722  total=19501
2026-09-21 08:08:28  [INFO    ]  Fetching details concurrently for 28 listings (workers=4)...
2026-09-21 08:08:51  [INFO    ]  [cars-for-sale] Page 33/50  offset=960  collected=750  total=19501
2026-09-21 08:08:52  [INFO    ]  Fetching details concurrently for 29 listings (workers=4)...
2026-09-21 08:09:28  [INFO    ]  [cars-for-sale] Page 34/50  offset=990  collected=779  total=19501
2026-09-21 08:09:29  [INFO    ]  Fetching details concurrently for 30 listings (workers=4)...
2026-09-21 08:09:46  [INFO    ]  [cars-for-sale] Page 35/50  offset=1020  collected=809  total=19501
2026-09-21 08:09:47  [INFO    ]  Fetching details concurrently for 30 listings (workers=4)...
2026-09-21 08:10:26  [INFO    ]  [cars-for-sale] Page 36/50  offset=1050  collected=839  total=19501
2026-09-21 08:10:27  [INFO    ]  Fetching details concurrently for 30 listings (workers=4)...
2026-09-21 08:10:50  [INFO    ]  [cars-for-sale] Page 37/50  offset=1080  collected=869  total=19501
2026-09-21 08:10:51  [INFO    ]  Fetching details concurrently for 30 listings (workers=4)...
2026-09-21 08:11:04  [INFO    ]  [cars-for-sale] Page 38/50  offset=1110  collected=899  total=19501
2026-09-21 08:11:05  [INFO    ]  Fetching details concurrently for 30 listings (workers=4)...
2026-09-21 08:11:20  [INFO    ]  [cars-for-sale] Page 39/50  offset=1140  collected=929  total=19501
2026-09-21 08:11:21  [INFO    ]  Fetching details concurrently for 31 listings (workers=4)...
2026-09-21 08:11:34  [INFO    ]  [cars-for-sale] Page 40/50  offset=1170  collected=960  total=19501
2026-09-21 08:11:35  [INFO    ]  Fetching details concurrently for 18 listings (workers=4)...
2026-09-21 08:11:44  [INFO    ]  [cars-for-sale] Page 41/50  offset=1200  collected=978  total=19501
2026-09-21 08:11:45  [INFO    ]  Fetching details concurrently for 26 listings (workers=4)...
2026-09-21 08:12:01  [INFO    ]  [cars-for-sale] Page 42/50  offset=1230  collected=1004  total=19501
2026-09-21 08:12:02  [INFO    ]  Fetching details concurrently for 30 listings (workers=4)...
2026-09-21 08:12:21  [INFO    ]  [cars-for-sale] Page 43/50  offset=1260  collected=1034  total=19501
2026-09-21 08:12:22  [INFO    ]  Fetching details concurrently for 30 listings (workers=4)...
2026-09-21 08:13:19  [INFO    ]  [cars-for-sale] Page 44/50  offset=1290  collected=1064  total=19501
2026-09-21 08:13:20  [INFO    ]  Fetching details concurrently for 30 listings (workers=4)...
2026-09-21 08:13:48  [INFO    ]  [cars-for-sale] Page 45/50  offset=1320  collected=1094  total=19501
2026-09-21 08:13:49  [INFO    ]  Fetching details concurrently for 29 listings (workers=4)...
2026-09-21 08:14:07  [INFO    ]  [cars-for-sale] Page 46/50  offset=1350  collected=1123  total=19501
2026-09-21 08:14:08  [INFO    ]  Fetching details concurrently for 29 listings (workers=4)...
2026-09-21 08:14:27  [INFO    ]  [cars-for-sale] Page 47/50  offset=1380  collected=1152  total=19501
2026-09-21 08:14:28  [INFO    ]  Fetching details concurrently for 26 listings (workers=4)...
2026-09-21 08:14:54  [INFO    ]  [cars-for-sale] Page 48/50  offset=1410  collected=1178  total=19501
2026-09-21 08:14:55  [INFO    ]  Fetching details concurrently for 29 listings (workers=4)...
2026-09-21 08:15:11  [INFO    ]  [cars-for-sale] Page 49/50  offset=1440  collected=1207  total=19501
2026-09-21 08:15:12  [INFO    ]  Fetching details concurrently for 30 listings (workers=4)...
2026-09-21 08:15:29  [INFO    ]  [cars-for-sale] Page 50/50  offset=1470  collected=1237  total=19501
2026-09-21 08:15:30  [INFO    ]  Fetching details concurrently for 26 listings (workers=4)...
2026-09-21 08:15:54  [INFO    ]  Scrape complete. Collected 1263 records in this batch.
2026-09-21 08:15:54  [INFO    ]  Extraction complete in 948.19s: 1,263 total listings collected.
2026-09-21 08:15:54  [INFO    ]  Batch summary: 1,263 total listings collected (376 new unique IDs, 887 recurring/tracked IDs).
2026-09-21 08:15:54  [INFO    ]  Saved 1263 raw records to Parquet -> data/bronze/cars_2026-09-21.parquet
2026-09-21 08:15:54  [INFO    ]  Saved 1263 full raw records from today's run to CSV -> data/bronze/khmer24_cars.csv
2026-09-21 08:15:54  [INFO    ]  Saved ingestion run manifest -> data/bronze/ingestion_manifest.json
2026-09-21 08:15:54  [INFO    ]  Bronze Parquet -> data/bronze/cars_2026-09-21.parquet
2026-09-21 08:15:54  [INFO    ]  Full Run CSV   -> data/bronze/khmer24_cars.csv
2026-09-21 08:15:54  [INFO    ]  Manifest       -> data/bronze/ingestion_manifest.json
2026-09-21 08:15:54  [INFO    ]  ┌────────────────────────────────────────────────────┐
2026-09-21 08:15:54  [INFO    ]  │  BRONZE INGESTION QUALITY SUMMARY (1,263 records)  │
2026-09-21 08:15:54  [INFO    ]  ├────────────────────────────────────┬───────────────┤
2026-09-21 08:15:54  [INFO    ]  │  Price Field Coverage              │  100.0%       │
2026-09-21 08:15:54  [INFO    ]  │  Brand Field Coverage              │  100.0%       │
2026-09-21 08:15:54  [INFO    ]  │  Model Field Coverage              │   99.4%       │
2026-09-21 08:15:54  [INFO    ]  │  Year Field Coverage               │  100.0%       │
2026-09-21 08:15:54  [INFO    ]  │  Province Field Coverage           │  100.0%       │
2026-09-21 08:15:54  [INFO    ]  │  Mileage Field Coverage            │    0.0%       │
2026-09-21 08:15:54  [INFO    ]  │  Transmission Field Coverage       │   85.8%       │
2026-09-21 08:15:54  [INFO    ]  │  Fuel Type Field Coverage          │   89.2%       │
2026-09-21 08:15:54  [INFO    ]  │  Detail Enrichment Rate            │  100.0%       │
2026-09-21 08:15:54  [INFO    ]  ├────────────────────────────────────┴───────────────┤
2026-09-21 08:15:54  [INFO    ]  │  Cumulative Unique Marketplace IDs :  10,400             │
2026-09-21 08:15:54  [INFO    ]  └────────────────────────────────────────────────────┘
2026-09-21 08:15:54  [INFO    ]  EL stage complete. 1,263 listings processed in this batch.
