2026-08-27 09:28:51  [INFO    ]  =================================================================
2026-08-27 09:28:51  [INFO    ]  EL Pipeline  --  Extract & Load (Time-Series & Change Tracking)
2026-08-27 09:28:51  [INFO    ]    Category       : cars-for-sale
2026-08-27 09:28:51  [INFO    ]    Province       : ALL
2026-08-27 09:28:51  [INFO    ]    Max pages      : 20  (600 listings max)
2026-08-27 09:28:51  [INFO    ]    Scrape mode    : feed_window
2026-08-27 09:28:51  [INFO    ]    Enrich details : True
2026-08-27 09:28:51  [INFO    ]    Output dir     : data\raw
2026-08-27 09:28:51  [INFO    ]  =================================================================
2026-08-27 09:28:51  [INFO    ]    Found 3,963 historical unique listing IDs in raw storage.
2026-08-27 09:28:51  [INFO    ]  Cloudflare Worker relay enabled (POSTS_API_BASE overridden).
2026-08-27 09:28:51  [INFO    ]  [cars-for-sale] Page 1/20  offset=0  collected=0
2026-08-27 09:29:09  [INFO    ]  [cars-for-sale] Page 2/20  offset=30  collected=40  total=20196
2026-08-27 09:29:18  [INFO    ]  [cars-for-sale] Page 3/20  offset=60  collected=59  total=20196
2026-08-27 09:29:26  [INFO    ]  [cars-for-sale] Page 4/20  offset=90  collected=77  total=20196
2026-08-27 09:29:39  [INFO    ]  [cars-for-sale] Page 5/20  offset=120  collected=107  total=20196
2026-08-27 09:29:53  [INFO    ]  [cars-for-sale] Page 6/20  offset=150  collected=139  total=20196
2026-08-27 09:30:08  [INFO    ]  [cars-for-sale] Page 7/20  offset=180  collected=170  total=20196
2026-08-27 09:30:10  [INFO    ]  [cars-for-sale] Page 8/20  offset=210  collected=171  total=20196
2026-08-27 09:30:17  [INFO    ]  [cars-for-sale] Page 9/20  offset=240  collected=185  total=20196
2026-08-27 09:30:31  [INFO    ]  [cars-for-sale] Page 10/20  offset=270  collected=216  total=20196
2026-08-27 09:30:35  [INFO    ]  [cars-for-sale] Page 11/20  offset=300  collected=223  total=20196
2026-08-27 09:30:36  [INFO    ]  [cars-for-sale] Page 12/20  offset=330  collected=223  total=20196
2026-08-27 09:30:37  [INFO    ]  [cars-for-sale] Page 13/20  offset=360  collected=223  total=20196
2026-08-27 09:30:51  [INFO    ]  [cars-for-sale] Page 14/20  offset=390  collected=255  total=20196
2026-08-27 09:31:04  [INFO    ]  [cars-for-sale] Page 15/20  offset=420  collected=285  total=20196
2026-08-27 09:31:18  [INFO    ]  [cars-for-sale] Page 16/20  offset=450  collected=315  total=20196
2026-08-27 09:31:33  [INFO    ]  [cars-for-sale] Page 17/20  offset=480  collected=345  total=20196
2026-08-27 09:31:49  [INFO    ]  [cars-for-sale] Page 18/20  offset=510  collected=375  total=20196
2026-08-27 09:32:04  [INFO    ]  [cars-for-sale] Page 19/20  offset=540  collected=406  total=20196
2026-08-27 09:32:18  [INFO    ]  [cars-for-sale] Page 20/20  offset=570  collected=436  total=20196
2026-08-27 09:32:32  [INFO    ]  Scrape complete. Collected 467 records in this batch.
2026-08-27 09:32:32  [INFO    ]  Batch summary: 467 total listings collected (157 new IDs, 310 recurring/tracked IDs).
2026-08-27 09:32:32  [INFO    ]  Saved 467 records to Parquet -> data\raw\cars_2026-08-27.parquet
2026-08-27 09:32:32  [INFO    ]  Saved 60-row CSV sample -> data\raw\khmer24_cars_sample_60.csv
2026-08-27 09:32:32  [INFO    ]  Saved ingestion run manifest -> data\raw\ingestion_manifest.json
2026-08-27 09:32:32  [INFO    ]  Raw Parquet -> data\raw\cars_2026-08-27.parquet
2026-08-27 09:32:32  [INFO    ]  CSV sample  -> 60 rows : data\raw\khmer24_cars_sample_60.csv
2026-08-27 09:32:32  [INFO    ]  Manifest    -> data\raw\ingestion_manifest.json
2026-08-27 09:32:32  [INFO    ]  -- Data Quality (current batch) ---------------------------------
2026-08-27 09:32:32  [INFO    ]    Batch listings      : 467
2026-08-27 09:32:32  [INFO    ]    With price          : 100.0%
2026-08-27 09:32:32  [INFO    ]    With model year     : 100.0%
2026-08-27 09:32:32  [INFO    ]    With brand          : 99.1%
2026-08-27 09:32:32  [INFO    ]    With model name     : 99.1%
2026-08-27 09:32:32  [INFO    ]    With province       : 100.0%
2026-08-27 09:32:32  [INFO    ]    With mileage (km)   : 0.0%
2026-08-27 09:32:32  [INFO    ]    With fuel type      : 89.1%
2026-08-27 09:32:32  [INFO    ]    With transmission   : 85.2%
2026-08-27 09:32:32  [INFO    ]    Total Cumulative Unique IDs : 4,120
2026-08-27 09:32:32  [INFO    ]    Phase 1 cumulative volume target met (>= 2,000 unique listings)!
2026-08-27 09:32:32  [INFO    ]  EL stage complete. 467 listings processed in this batch.
2026-08-27 09:32:32  [INFO    ]  Triggering dbt transformations...
2026-08-27 09:32:32  [INFO    ]  Running dbt: dbt run --project-dir D:\ITC3_AMS_2025\I4_AMS_S2\Y4_Internship\Car_price_prediction\dbt --profiles-dir D:\ITC3_AMS_2025\I4_AMS_S2\Y4_Internship\Car_price_prediction\dbt
2026-08-27 09:32:43  [INFO    ]  dbt run completed successfully in 10.75s.
2026-08-27 09:32:43  [INFO    ]  Running dbt: dbt test --project-dir D:\ITC3_AMS_2025\I4_AMS_S2\Y4_Internship\Car_price_prediction\dbt --profiles-dir D:\ITC3_AMS_2025\I4_AMS_S2\Y4_Internship\Car_price_prediction\dbt
2026-08-27 09:32:48  [INFO    ]  dbt test completed successfully in 5.07s.
2026-08-27 09:32:48  [INFO    ]  End-to-end ELT pipeline complete.
2026-08-27 14:21:12  [INFO    ]  =================================================================
2026-08-27 14:21:12  [INFO    ]  EL Pipeline  --  Extract & Load (Time-Series & Change Tracking)
2026-08-27 14:21:12  [INFO    ]    Category       : cars-for-sale
2026-08-27 14:21:12  [INFO    ]    Province       : ALL
2026-08-27 14:21:12  [INFO    ]    Max pages      : 20  (600 listings max)
2026-08-27 14:21:12  [INFO    ]    Scrape mode    : feed_window
2026-08-27 14:21:12  [INFO    ]    Enrich details : True
2026-08-27 14:21:12  [INFO    ]    Output dir     : data\raw
2026-08-27 14:21:12  [INFO    ]  =================================================================
2026-08-27 14:21:12  [INFO    ]    Found 4,120 historical unique listing IDs in raw storage.
2026-08-27 14:21:12  [INFO    ]  Cloudflare Worker relay enabled (POSTS_API_BASE overridden).
2026-08-27 14:21:12  [INFO    ]  [cars-for-sale] Page 1/20  offset=0  collected=0
2026-08-27 14:21:32  [INFO    ]  [cars-for-sale] Page 2/20  offset=30  collected=40  total=20236
2026-08-27 14:21:41  [INFO    ]  [cars-for-sale] Page 3/20  offset=60  collected=59  total=20236
2026-08-27 14:21:52  [INFO    ]  [cars-for-sale] Page 4/20  offset=90  collected=80  total=20236
2026-08-27 14:22:06  [INFO    ]  [cars-for-sale] Page 5/20  offset=120  collected=110  total=20236
2026-08-27 14:22:21  [INFO    ]  [cars-for-sale] Page 6/20  offset=150  collected=141  total=20236
2026-08-27 14:22:38  [INFO    ]  [cars-for-sale] Page 7/20  offset=180  collected=171  total=20236
2026-08-27 14:22:44  [INFO    ]  [cars-for-sale] Page 8/20  offset=210  collected=180  total=20236
2026-08-27 14:22:47  [INFO    ]  [cars-for-sale] Page 9/20  offset=240  collected=182  total=20236
2026-08-27 14:23:02  [INFO    ]  [cars-for-sale] Page 10/20  offset=270  collected=209  total=20236
2026-08-27 14:23:16  [INFO    ]  [cars-for-sale] Page 11/20  offset=300  collected=240  total=20236
2026-08-27 14:23:30  [INFO    ]  [cars-for-sale] Page 12/20  offset=330  collected=268  total=20236
2026-08-27 14:23:42  [INFO    ]  [cars-for-sale] Page 13/20  offset=360  collected=293  total=20236
2026-08-27 14:23:58  [INFO    ]  [cars-for-sale] Page 14/20  offset=390  collected=324  total=20236
2026-08-27 14:23:59  [INFO    ]  [cars-for-sale] Page 15/20  offset=420  collected=324  total=20236
2026-08-27 14:24:04  [INFO    ]  [cars-for-sale] Page 16/20  offset=450  collected=333  total=20236
2026-08-27 14:24:14  [INFO    ]  [cars-for-sale] Page 17/20  offset=480  collected=355  total=20236
2026-08-27 14:24:30  [INFO    ]  [cars-for-sale] Page 18/20  offset=510  collected=387  total=20236
2026-08-27 14:24:47  [INFO    ]  [cars-for-sale] Page 19/20  offset=540  collected=417  total=20236
2026-08-27 14:24:53  [INFO    ]  [cars-for-sale] Page 20/20  offset=570  collected=427  total=20236
2026-08-27 14:25:10  [INFO    ]  Scrape complete. Collected 458 records in this batch.
2026-08-27 14:25:10  [INFO    ]  Batch summary: 458 total listings collected (196 new IDs, 262 recurring/tracked IDs).
2026-08-27 14:25:10  [INFO    ]  Saved 458 records to Parquet -> data\raw\cars_2026-08-27.parquet
2026-08-27 14:25:10  [INFO    ]  Saved 60-row CSV sample -> data\raw\khmer24_cars_sample_60.csv
2026-08-27 14:25:10  [INFO    ]  Saved ingestion run manifest -> data\raw\ingestion_manifest.json
2026-08-27 14:25:10  [INFO    ]  Raw Parquet -> data\raw\cars_2026-08-27.parquet
2026-08-27 14:25:10  [INFO    ]  CSV sample  -> 60 rows : data\raw\khmer24_cars_sample_60.csv
2026-08-27 14:25:10  [INFO    ]  Manifest    -> data\raw\ingestion_manifest.json
2026-08-27 14:25:10  [INFO    ]  -- Data Quality (current batch) ---------------------------------
2026-08-27 14:25:10  [INFO    ]    Batch listings      : 458
2026-08-27 14:25:10  [INFO    ]    With price          : 100.0%
2026-08-27 14:25:10  [INFO    ]    With model year     : 100.0%
2026-08-27 14:25:10  [INFO    ]    With brand          : 99.6%
2026-08-27 14:25:10  [INFO    ]    With model name     : 99.3%
2026-08-27 14:25:10  [INFO    ]    With province       : 100.0%
2026-08-27 14:25:10  [INFO    ]    With mileage (km)   : 0.0%
2026-08-27 14:25:10  [INFO    ]    With fuel type      : 90.8%
2026-08-27 14:25:10  [INFO    ]    With transmission   : 85.8%
2026-08-27 14:25:10  [INFO    ]    Total Cumulative Unique IDs : 4,316
2026-08-27 14:25:10  [INFO    ]    Phase 1 cumulative volume target met (>= 2,000 unique listings)!
2026-08-27 14:25:10  [INFO    ]  EL stage complete. 458 listings processed in this batch.
2026-08-27 14:25:10  [INFO    ]  Triggering dbt transformations...
2026-08-27 14:25:10  [INFO    ]  Running dbt: dbt run --project-dir D:\ITC3_AMS_2025\I4_AMS_S2\Y4_Internship\Car_price_prediction\dbt --profiles-dir D:\ITC3_AMS_2025\I4_AMS_S2\Y4_Internship\Car_price_prediction\dbt
2026-08-27 14:25:17  [INFO    ]  dbt run completed successfully in 6.99s.
2026-08-27 14:25:17  [INFO    ]  Running dbt: dbt test --project-dir D:\ITC3_AMS_2025\I4_AMS_S2\Y4_Internship\Car_price_prediction\dbt --profiles-dir D:\ITC3_AMS_2025\I4_AMS_S2\Y4_Internship\Car_price_prediction\dbt
2026-08-27 14:25:22  [INFO    ]  dbt test completed successfully in 5.0s.
2026-08-27 14:25:22  [INFO    ]  End-to-end ELT pipeline complete.
2026-08-27 08:08:47  [INFO    ]  =================================================================
2026-08-27 08:08:47  [INFO    ]  EL Pipeline  --  Extract & Load (Time-Series & Change Tracking)
2026-08-27 08:08:47  [INFO    ]    Category       : cars-for-sale
2026-08-27 08:08:47  [INFO    ]    Province       : ALL
2026-08-27 08:08:47  [INFO    ]    Max pages      : 50  (1500 listings max)
2026-08-27 08:08:47  [INFO    ]    Scrape mode    : feed_window
2026-08-27 08:08:47  [INFO    ]    Enrich details : True
2026-08-27 08:08:47  [INFO    ]    Output dir     : data/raw
2026-08-27 08:08:47  [INFO    ]  =================================================================
2026-08-27 08:08:47  [INFO    ]    Found 4,162 historical unique listing IDs in raw storage.
2026-08-27 08:08:47  [INFO    ]  Cloudflare Worker relay enabled (POSTS_API_BASE overridden).
2026-08-27 08:08:47  [INFO    ]  [cars-for-sale] Page 1/50  offset=0  collected=0
2026-08-27 08:09:15  [INFO    ]  [cars-for-sale] Page 2/50  offset=30  collected=40  total=20272
2026-08-27 08:09:34  [INFO    ]  [cars-for-sale] Page 3/50  offset=60  collected=70  total=20272
2026-08-27 08:09:53  [INFO    ]  [cars-for-sale] Page 4/50  offset=90  collected=100  total=20272
2026-08-27 08:10:11  [INFO    ]  [cars-for-sale] Page 5/50  offset=120  collected=130  total=20272
2026-08-27 08:10:31  [INFO    ]  [cars-for-sale] Page 6/50  offset=150  collected=160  total=20272
2026-08-27 08:10:50  [INFO    ]  [cars-for-sale] Page 7/50  offset=180  collected=189  total=20272
2026-08-27 08:10:52  [INFO    ]  [cars-for-sale] Page 8/50  offset=210  collected=190  total=20272
2026-08-27 08:10:54  [INFO    ]  [cars-for-sale] Page 9/50  offset=240  collected=190  total=20272
2026-08-27 08:10:59  [INFO    ]  [cars-for-sale] Page 10/50  offset=270  collected=195  total=20272
2026-08-27 08:11:20  [INFO    ]  [cars-for-sale] Page 11/50  offset=300  collected=225  total=20272
2026-08-27 08:11:39  [INFO    ]  [cars-for-sale] Page 12/50  offset=330  collected=255  total=20272
2026-08-27 08:11:57  [INFO    ]  [cars-for-sale] Page 13/50  offset=360  collected=285  total=20272
2026-08-27 08:11:59  [INFO    ]  [cars-for-sale] Page 14/50  offset=390  collected=286  total=20272
2026-08-27 08:12:18  [INFO    ]  [cars-for-sale] Page 15/50  offset=420  collected=316  total=20272
2026-08-27 08:12:22  [INFO    ]  [cars-for-sale] Page 16/50  offset=450  collected=319  total=20272
2026-08-27 08:12:41  [INFO    ]  [cars-for-sale] Page 17/50  offset=480  collected=349  total=20272
2026-08-27 08:13:01  [INFO    ]  [cars-for-sale] Page 18/50  offset=510  collected=379  total=20272
2026-08-27 08:13:17  [INFO    ]  [cars-for-sale] Page 19/50  offset=540  collected=405  total=20272
2026-08-27 08:13:35  [INFO    ]  [cars-for-sale] Page 20/50  offset=570  collected=431  total=20272
2026-08-27 08:13:37  [INFO    ]  [cars-for-sale] Page 21/50  offset=600  collected=431  total=20272
2026-08-27 08:13:47  [INFO    ]  [cars-for-sale] Page 22/50  offset=630  collected=446  total=20272
2026-08-27 08:14:06  [INFO    ]  [cars-for-sale] Page 23/50  offset=660  collected=476  total=20272
2026-08-27 08:14:14  [INFO    ]  [cars-for-sale] Page 24/50  offset=690  collected=487  total=20272
2026-08-27 08:14:26  [INFO    ]  [cars-for-sale] Page 25/50  offset=720  collected=506  total=20272
2026-08-27 08:14:46  [INFO    ]  [cars-for-sale] Page 26/50  offset=750  collected=534  total=20272
2026-08-27 08:15:03  [INFO    ]  [cars-for-sale] Page 27/50  offset=780  collected=561  total=20272
2026-08-27 08:15:25  [INFO    ]  [cars-for-sale] Page 28/50  offset=810  collected=591  total=20272
2026-08-27 08:15:42  [INFO    ]  [cars-for-sale] Page 29/50  offset=840  collected=618  total=20272
2026-08-27 08:16:00  [INFO    ]  [cars-for-sale] Page 30/50  offset=870  collected=645  total=20272
2026-08-27 08:16:20  [INFO    ]  [cars-for-sale] Page 31/50  offset=900  collected=675  total=20272
2026-08-27 08:16:42  [INFO    ]  [cars-for-sale] Page 32/50  offset=930  collected=704  total=20272
2026-08-27 08:17:07  [INFO    ]  [cars-for-sale] Page 33/50  offset=960  collected=734  total=20272
2026-08-27 08:17:31  [INFO    ]  [cars-for-sale] Page 34/50  offset=990  collected=764  total=20272
2026-08-27 08:17:54  [INFO    ]  [cars-for-sale] Page 35/50  offset=1020  collected=793  total=20272
2026-08-27 08:18:16  [INFO    ]  [cars-for-sale] Page 36/50  offset=1050  collected=822  total=20272
2026-08-27 08:18:41  [INFO    ]  [cars-for-sale] Page 37/50  offset=1080  collected=849  total=20272
2026-08-27 08:19:00  [INFO    ]  [cars-for-sale] Page 38/50  offset=1110  collected=875  total=20272
2026-08-27 08:19:24  [INFO    ]  [cars-for-sale] Page 39/50  offset=1140  collected=905  total=20272
2026-08-27 08:19:45  [INFO    ]  [cars-for-sale] Page 40/50  offset=1170  collected=935  total=20272
2026-08-27 08:20:11  [INFO    ]  [cars-for-sale] Page 41/50  offset=1200  collected=965  total=20272
2026-08-27 08:20:33  [INFO    ]  [cars-for-sale] Page 42/50  offset=1230  collected=995  total=20272
2026-08-27 08:20:59  [INFO    ]  [cars-for-sale] Page 43/50  offset=1260  collected=1025  total=20272
2026-08-27 08:21:24  [INFO    ]  [cars-for-sale] Page 44/50  offset=1290  collected=1055  total=20272
2026-08-27 08:21:48  [INFO    ]  [cars-for-sale] Page 45/50  offset=1320  collected=1085  total=20272
2026-08-27 08:22:13  [INFO    ]  [cars-for-sale] Page 46/50  offset=1350  collected=1115  total=20272
2026-08-27 08:22:36  [INFO    ]  [cars-for-sale] Page 47/50  offset=1380  collected=1145  total=20272
2026-08-27 08:23:00  [INFO    ]  [cars-for-sale] Page 48/50  offset=1410  collected=1175  total=20272
2026-08-27 08:23:20  [INFO    ]  [cars-for-sale] Page 49/50  offset=1440  collected=1205  total=20272
2026-08-27 08:23:41  [INFO    ]  [cars-for-sale] Page 50/50  offset=1470  collected=1235  total=20272
2026-08-27 08:24:04  [INFO    ]  Scrape complete. Collected 1265 records in this batch.
2026-08-27 08:24:04  [INFO    ]  Batch summary: 1,265 total listings collected (596 new IDs, 669 recurring/tracked IDs).
2026-08-27 08:24:04  [INFO    ]  Saved 1265 records to Parquet -> data/raw/cars_2026-08-27.parquet
2026-08-27 08:24:04  [INFO    ]  Saved 60-row CSV sample -> data/raw/khmer24_cars_sample_60.csv
2026-08-27 08:24:04  [INFO    ]  Saved ingestion run manifest -> data/raw/ingestion_manifest.json
2026-08-27 08:24:04  [INFO    ]  Raw Parquet -> data/raw/cars_2026-08-27.parquet
2026-08-27 08:24:04  [INFO    ]  CSV sample  -> 60 rows : data/raw/khmer24_cars_sample_60.csv
2026-08-27 08:24:04  [INFO    ]  Manifest    -> data/raw/ingestion_manifest.json
2026-08-27 08:24:04  [INFO    ]  -- Data Quality (current batch) ---------------------------------
2026-08-27 08:24:04  [INFO    ]    Batch listings      : 1,265
2026-08-27 08:24:04  [INFO    ]    With price          : 100.0%
2026-08-27 08:24:04  [INFO    ]    With model year     : 100.0%
2026-08-27 08:24:04  [INFO    ]    With brand          : 98.5%
2026-08-27 08:24:04  [INFO    ]    With model name     : 98.3%
2026-08-27 08:24:04  [INFO    ]    With province       : 100.0%
2026-08-27 08:24:04  [INFO    ]    With mileage (km)   : 0.0%
2026-08-27 08:24:04  [INFO    ]    With fuel type      : 90.4%
2026-08-27 08:24:04  [INFO    ]    With transmission   : 87.1%
2026-08-27 08:24:04  [INFO    ]    Total Cumulative Unique IDs : 4,758
2026-08-27 08:24:04  [INFO    ]    Phase 1 cumulative volume target met (>= 2,000 unique listings)!
2026-08-27 08:24:04  [INFO    ]  EL stage complete. 1,265 listings processed in this batch.
2026-08-27 12:05:14  [INFO    ]  =================================================================
2026-08-27 12:05:14  [INFO    ]  EL Pipeline  --  Extract & Load (Time-Series & Change Tracking)
2026-08-27 12:05:14  [INFO    ]    Category       : cars-for-sale
2026-08-27 12:05:14  [INFO    ]    Province       : ALL
2026-08-27 12:05:14  [INFO    ]    Max pages      : 50  (1500 listings max)
2026-08-27 12:05:14  [INFO    ]    Scrape mode    : feed_window
2026-08-27 12:05:14  [INFO    ]    Enrich details : True
2026-08-27 12:05:14  [INFO    ]    Output dir     : data/raw
2026-08-27 12:05:14  [INFO    ]  =================================================================
2026-08-27 12:05:14  [INFO    ]    Found 4,734 historical unique listing IDs in raw storage.
2026-08-27 12:05:14  [INFO    ]  Cloudflare Worker relay enabled (POSTS_API_BASE overridden).
2026-08-27 12:05:14  [INFO    ]  [cars-for-sale] Page 1/50  offset=0  collected=0
2026-08-27 12:05:50  [INFO    ]  [cars-for-sale] Page 2/50  offset=30  collected=40  total=20270
2026-08-27 12:06:04  [INFO    ]  [cars-for-sale] Page 3/50  offset=60  collected=60  total=20270
2026-08-27 12:06:20  [INFO    ]  [cars-for-sale] Page 4/50  offset=90  collected=83  total=20270
2026-08-27 12:06:43  [INFO    ]  [cars-for-sale] Page 5/50  offset=120  collected=113  total=20270
2026-08-27 12:07:07  [INFO    ]  [cars-for-sale] Page 6/50  offset=150  collected=146  total=20270
2026-08-27 12:07:26  [INFO    ]  [cars-for-sale] Page 7/50  offset=180  collected=175  total=20270
2026-08-27 12:07:42  [INFO    ]  [cars-for-sale] Page 8/50  offset=210  collected=198  total=20270
2026-08-27 12:07:56  [INFO    ]  [cars-for-sale] Page 9/50  offset=240  collected=218  total=20270
2026-08-27 12:08:16  [INFO    ]  [cars-for-sale] Page 10/50  offset=270  collected=248  total=20270
2026-08-27 12:08:39  [INFO    ]  [cars-for-sale] Page 11/50  offset=300  collected=280  total=20270
2026-08-27 12:08:59  [INFO    ]  [cars-for-sale] Page 12/50  offset=330  collected=306  total=20270
2026-08-27 12:09:01  [INFO    ]  [cars-for-sale] Page 13/50  offset=360  collected=307  total=20270
2026-08-27 12:09:27  [INFO    ]  [cars-for-sale] Page 14/50  offset=390  collected=337  total=20270
2026-08-27 12:09:51  [INFO    ]  [cars-for-sale] Page 15/50  offset=420  collected=369  total=20270
2026-08-27 12:10:14  [INFO    ]  [cars-for-sale] Page 16/50  offset=450  collected=399  total=20270
2026-08-27 12:10:37  [INFO    ]  [cars-for-sale] Page 17/50  offset=480  collected=430  total=20270
2026-08-27 12:10:57  [INFO    ]  [cars-for-sale] Page 18/50  offset=510  collected=458  total=20270
2026-08-27 12:10:59  [INFO    ]  [cars-for-sale] Page 19/50  offset=540  collected=458  total=20270
2026-08-27 12:11:00  [INFO    ]  [cars-for-sale] Page 20/50  offset=570  collected=458  total=20270
2026-08-27 12:11:21  [INFO    ]  [cars-for-sale] Page 21/50  offset=600  collected=488  total=20270
2026-08-27 12:11:41  [INFO    ]  [cars-for-sale] Page 22/50  offset=630  collected=518  total=20270
2026-08-27 12:12:02  [INFO    ]  [cars-for-sale] Page 23/50  offset=660  collected=548  total=20270
2026-08-27 12:12:04  [INFO    ]  [cars-for-sale] Page 24/50  offset=690  collected=549  total=20270
2026-08-27 12:12:18  [INFO    ]  [cars-for-sale] Page 25/50  offset=720  collected=570  total=20270
2026-08-27 12:12:38  [INFO    ]  [cars-for-sale] Page 26/50  offset=750  collected=600  total=20270
2026-08-27 12:12:57  [INFO    ]  [cars-for-sale] Page 27/50  offset=780  collected=629  total=20270
2026-08-27 12:13:19  [INFO    ]  [cars-for-sale] Page 28/50  offset=810  collected=659  total=20270
2026-08-27 12:13:40  [INFO    ]  [cars-for-sale] Page 29/50  offset=840  collected=688  total=20270
2026-08-27 12:13:56  [INFO    ]  [cars-for-sale] Page 30/50  offset=870  collected=713  total=20270
2026-08-27 12:14:17  [INFO    ]  [cars-for-sale] Page 31/50  offset=900  collected=743  total=20270
2026-08-27 12:14:35  [INFO    ]  [cars-for-sale] Page 32/50  offset=930  collected=772  total=20270
2026-08-27 12:14:53  [INFO    ]  [cars-for-sale] Page 33/50  offset=960  collected=799  total=20270
2026-08-27 12:15:15  [INFO    ]  [cars-for-sale] Page 34/50  offset=990  collected=829  total=20270
2026-08-27 12:15:36  [INFO    ]  [cars-for-sale] Page 35/50  offset=1020  collected=858  total=20270
2026-08-27 12:15:53  [INFO    ]  [cars-for-sale] Page 36/50  offset=1050  collected=883  total=20270
2026-08-27 12:16:13  [INFO    ]  [cars-for-sale] Page 37/50  offset=1080  collected=913  total=20270
2026-08-27 12:16:33  [INFO    ]  [cars-for-sale] Page 38/50  offset=1110  collected=942  total=20270
2026-08-27 12:16:50  [INFO    ]  [cars-for-sale] Page 39/50  offset=1140  collected=968  total=20270
2026-08-27 12:17:13  [INFO    ]  [cars-for-sale] Page 40/50  offset=1170  collected=998  total=20270
2026-08-27 12:17:33  [INFO    ]  [cars-for-sale] Page 41/50  offset=1200  collected=1028  total=20270
2026-08-27 12:17:50  [INFO    ]  [cars-for-sale] Page 42/50  offset=1230  collected=1056  total=20270
2026-08-27 12:18:10  [INFO    ]  [cars-for-sale] Page 43/50  offset=1260  collected=1086  total=20270
2026-08-27 12:18:29  [INFO    ]  [cars-for-sale] Page 44/50  offset=1290  collected=1114  total=20270
2026-08-27 12:18:49  [INFO    ]  [cars-for-sale] Page 45/50  offset=1320  collected=1144  total=20270
2026-08-27 12:19:08  [INFO    ]  [cars-for-sale] Page 46/50  offset=1350  collected=1172  total=20270
2026-08-27 12:19:29  [INFO    ]  [cars-for-sale] Page 47/50  offset=1380  collected=1201  total=20270
2026-08-27 12:19:48  [INFO    ]  [cars-for-sale] Page 48/50  offset=1410  collected=1231  total=20270
2026-08-27 12:20:09  [INFO    ]  [cars-for-sale] Page 49/50  offset=1440  collected=1260  total=20270
2026-08-27 12:20:31  [INFO    ]  [cars-for-sale] Page 50/50  offset=1470  collected=1290  total=20270
2026-08-27 12:20:48  [INFO    ]  Scrape complete. Collected 1316 records in this batch.
2026-08-27 12:20:48  [INFO    ]  Batch summary: 1,316 total listings collected (722 new IDs, 594 recurring/tracked IDs).
2026-08-27 12:20:48  [INFO    ]  Saved 1316 records to Parquet -> data/raw/cars_2026-08-27.parquet
2026-08-27 12:20:49  [INFO    ]  Saved 60-row CSV sample -> data/raw/khmer24_cars_sample_60.csv
2026-08-27 12:20:49  [INFO    ]  Saved ingestion run manifest -> data/raw/ingestion_manifest.json
2026-08-27 12:20:49  [INFO    ]  Raw Parquet -> data/raw/cars_2026-08-27.parquet
2026-08-27 12:20:49  [INFO    ]  CSV sample  -> 60 rows : data/raw/khmer24_cars_sample_60.csv
2026-08-27 12:20:49  [INFO    ]  Manifest    -> data/raw/ingestion_manifest.json
2026-08-27 12:20:49  [INFO    ]  -- Data Quality (current batch) ---------------------------------
2026-08-27 12:20:49  [INFO    ]    Batch listings      : 1,316
2026-08-27 12:20:49  [INFO    ]    With price          : 100.0%
2026-08-27 12:20:49  [INFO    ]    With model year     : 100.0%
2026-08-27 12:20:49  [INFO    ]    With brand          : 98.6%
2026-08-27 12:20:49  [INFO    ]    With model name     : 97.9%
2026-08-27 12:20:49  [INFO    ]    With province       : 100.0%
2026-08-27 12:20:49  [INFO    ]    With mileage (km)   : 0.0%
2026-08-27 12:20:49  [INFO    ]    With fuel type      : 90.0%
2026-08-27 12:20:49  [INFO    ]    With transmission   : 86.6%
2026-08-27 12:20:49  [INFO    ]    Total Cumulative Unique IDs : 5,456
2026-08-27 12:20:49  [INFO    ]    Phase 1 cumulative volume target met (>= 2,000 unique listings)!
2026-08-27 12:20:49  [INFO    ]  EL stage complete. 1,316 listings processed in this batch.
