2026-09-26 07:45:48  [INFO    ]  =================================================================
2026-09-26 07:45:48  [INFO    ]  Starting Bronze Data Ingestion: 2026-09-26T07:45:48.175740+00:00
2026-09-26 07:45:48  [INFO    ]  Config: category=cars-for-sale, province=ALL, max_pages=50, mode=feed_window, enrich_details=True
2026-09-26 07:45:48  [INFO    ]  =================================================================
2026-09-26 07:45:48  [INFO    ]  [cars-for-sale] Page 1/50  offset=0  collected=0
2026-09-26 07:45:49  [INFO    ]  Fetching details concurrently for 40 listings (workers=4)...
2026-09-26 07:45:55  [INFO    ]  [cars-for-sale] Page 2/50  offset=30  collected=40  total=19535
2026-09-26 07:45:56  [INFO    ]  Fetching details concurrently for 30 listings (workers=4)...
2026-09-26 07:46:01  [INFO    ]  [cars-for-sale] Page 3/50  offset=60  collected=70  total=19535
2026-09-26 07:46:02  [INFO    ]  Fetching details concurrently for 7 listings (workers=4)...
2026-09-26 07:46:04  [INFO    ]  [cars-for-sale] Page 4/50  offset=90  collected=77  total=19535
2026-09-26 07:46:05  [INFO    ]  Fetching details concurrently for 29 listings (workers=4)...
2026-09-26 07:46:10  [INFO    ]  [cars-for-sale] Page 5/50  offset=120  collected=106  total=19535
2026-09-26 07:46:11  [INFO    ]  Fetching details concurrently for 32 listings (workers=4)...
2026-09-26 07:46:15  [INFO    ]  [cars-for-sale] Page 6/50  offset=150  collected=138  total=19535
2026-09-26 07:46:16  [INFO    ]  Fetching details concurrently for 30 listings (workers=4)...
2026-09-26 07:46:21  [INFO    ]  [cars-for-sale] Page 7/50  offset=180  collected=168  total=19535
2026-09-26 07:46:22  [INFO    ]  Fetching details concurrently for 5 listings (workers=4)...
2026-09-26 07:46:23  [INFO    ]  [cars-for-sale] Page 8/50  offset=210  collected=173  total=19535
2026-09-26 07:46:24  [INFO    ]  Fetching details concurrently for 32 listings (workers=4)...
2026-09-26 07:46:29  [INFO    ]  [cars-for-sale] Page 9/50  offset=240  collected=205  total=19535
2026-09-26 07:46:30  [INFO    ]  Fetching details concurrently for 30 listings (workers=4)...
2026-09-26 07:46:34  [INFO    ]  [cars-for-sale] Page 10/50  offset=270  collected=235  total=19535
2026-09-26 07:46:35  [INFO    ]  Fetching details concurrently for 24 listings (workers=4)...
2026-09-26 07:46:40  [INFO    ]  [cars-for-sale] Page 11/50  offset=300  collected=259  total=19535
2026-09-26 07:46:41  [INFO    ]  Fetching details concurrently for 30 listings (workers=4)...
2026-09-26 07:46:46  [INFO    ]  [cars-for-sale] Page 12/50  offset=330  collected=289  total=19535
2026-09-26 07:46:47  [INFO    ]  Fetching details concurrently for 25 listings (workers=4)...
2026-09-26 07:46:52  [INFO    ]  [cars-for-sale] Page 13/50  offset=360  collected=314  total=19535
2026-09-26 07:46:53  [INFO    ]  Fetching details concurrently for 28 listings (workers=4)...
2026-09-26 07:46:57  [INFO    ]  [cars-for-sale] Page 14/50  offset=390  collected=342  total=19535
2026-09-26 07:46:58  [INFO    ]  Fetching details concurrently for 20 listings (workers=4)...
2026-09-26 07:47:02  [INFO    ]  [cars-for-sale] Page 15/50  offset=420  collected=362  total=19535
2026-09-26 07:47:03  [INFO    ]  Fetching details concurrently for 32 listings (workers=4)...
2026-09-26 07:47:08  [INFO    ]  [cars-for-sale] Page 16/50  offset=450  collected=394  total=19535
2026-09-26 07:47:09  [INFO    ]  Fetching details concurrently for 31 listings (workers=4)...
2026-09-26 07:47:14  [INFO    ]  [cars-for-sale] Page 17/50  offset=480  collected=425  total=19535
2026-09-26 07:47:15  [INFO    ]  Fetching details concurrently for 30 listings (workers=4)...
2026-09-26 07:47:19  [INFO    ]  [cars-for-sale] Page 18/50  offset=510  collected=455  total=19535
2026-09-26 07:47:20  [INFO    ]  Fetching details concurrently for 30 listings (workers=4)...
2026-09-26 07:47:25  [INFO    ]  [cars-for-sale] Page 19/50  offset=540  collected=485  total=19535
2026-09-26 07:47:26  [INFO    ]  Fetching details concurrently for 31 listings (workers=4)...
2026-09-26 07:47:31  [INFO    ]  [cars-for-sale] Page 20/50  offset=570  collected=516  total=19535
2026-09-26 07:47:32  [INFO    ]  Fetching details concurrently for 30 listings (workers=4)...
2026-09-26 07:47:36  [INFO    ]  [cars-for-sale] Page 21/50  offset=600  collected=546  total=19535
2026-09-26 07:47:37  [INFO    ]  Fetching details concurrently for 16 listings (workers=4)...
2026-09-26 07:47:40  [INFO    ]  [cars-for-sale] Page 22/50  offset=630  collected=562  total=19535
2026-09-26 07:47:41  [INFO    ]  Fetching details concurrently for 30 listings (workers=4)...
2026-09-26 07:47:47  [INFO    ]  [cars-for-sale] Page 23/50  offset=660  collected=592  total=19535
2026-09-26 07:47:48  [INFO    ]  Fetching details concurrently for 28 listings (workers=4)...
2026-09-26 07:47:52  [INFO    ]  [cars-for-sale] Page 24/50  offset=690  collected=620  total=19535
2026-09-26 07:47:53  [INFO    ]  Fetching details concurrently for 29 listings (workers=4)...
2026-09-26 07:47:57  [INFO    ]  [cars-for-sale] Page 25/50  offset=720  collected=649  total=19535
2026-09-26 07:47:58  [INFO    ]  Fetching details concurrently for 30 listings (workers=4)...
2026-09-26 07:48:02  [INFO    ]  [cars-for-sale] Page 26/50  offset=750  collected=679  total=19535
2026-09-26 07:48:03  [INFO    ]  Fetching details concurrently for 31 listings (workers=4)...
2026-09-26 07:48:07  [INFO    ]  [cars-for-sale] Page 27/50  offset=780  collected=710  total=19535
2026-09-26 07:48:08  [INFO    ]  Fetching details concurrently for 26 listings (workers=4)...
2026-09-26 07:48:12  [INFO    ]  [cars-for-sale] Page 28/50  offset=810  collected=736  total=19535
2026-09-26 07:48:13  [INFO    ]  Fetching details concurrently for 31 listings (workers=4)...
2026-09-26 07:48:18  [INFO    ]  [cars-for-sale] Page 29/50  offset=840  collected=767  total=19535
2026-09-26 07:48:19  [INFO    ]  Fetching details concurrently for 22 listings (workers=4)...
2026-09-26 07:48:23  [INFO    ]  [cars-for-sale] Page 30/50  offset=870  collected=789  total=19535
2026-09-26 07:48:24  [INFO    ]  Fetching details concurrently for 18 listings (workers=4)...
2026-09-26 07:48:27  [INFO    ]  [cars-for-sale] Page 31/50  offset=900  collected=807  total=19535
2026-09-26 07:48:28  [INFO    ]  Fetching details concurrently for 30 listings (workers=4)...
2026-09-26 07:48:32  [INFO    ]  [cars-for-sale] Page 32/50  offset=930  collected=837  total=19535
2026-09-26 07:48:33  [INFO    ]  Fetching details concurrently for 19 listings (workers=4)...
2026-09-26 07:48:36  [INFO    ]  [cars-for-sale] Page 33/50  offset=960  collected=856  total=19535
2026-09-26 07:48:37  [INFO    ]  Fetching details concurrently for 14 listings (workers=4)...
2026-09-26 07:48:39  [INFO    ]  [cars-for-sale] Page 34/50  offset=990  collected=870  total=19535
2026-09-26 07:48:40  [INFO    ]  Fetching details concurrently for 31 listings (workers=4)...
2026-09-26 07:48:45  [INFO    ]  [cars-for-sale] Page 35/50  offset=1020  collected=901  total=19535
2026-09-26 07:48:46  [INFO    ]  Fetching details concurrently for 27 listings (workers=4)...
2026-09-26 07:48:50  [INFO    ]  [cars-for-sale] Page 36/50  offset=1050  collected=928  total=19535
2026-09-26 07:48:51  [INFO    ]  Fetching details concurrently for 30 listings (workers=4)...
2026-09-26 07:48:56  [INFO    ]  [cars-for-sale] Page 37/50  offset=1080  collected=958  total=19535
2026-09-26 07:48:57  [INFO    ]  Fetching details concurrently for 29 listings (workers=4)...
2026-09-26 07:49:01  [INFO    ]  [cars-for-sale] Page 38/50  offset=1110  collected=987  total=19535
2026-09-26 07:49:02  [INFO    ]  Fetching details concurrently for 31 listings (workers=4)...
2026-09-26 07:49:07  [INFO    ]  [cars-for-sale] Page 39/50  offset=1140  collected=1018  total=19535
2026-09-26 07:49:08  [INFO    ]  Fetching details concurrently for 29 listings (workers=4)...
2026-09-26 07:49:12  [INFO    ]  [cars-for-sale] Page 40/50  offset=1170  collected=1047  total=19535
2026-09-26 07:49:13  [INFO    ]  Fetching details concurrently for 31 listings (workers=4)...
2026-09-26 07:49:17  [INFO    ]  [cars-for-sale] Page 41/50  offset=1200  collected=1078  total=19535
2026-09-26 07:49:18  [INFO    ]  Fetching details concurrently for 28 listings (workers=4)...
2026-09-26 07:49:22  [INFO    ]  [cars-for-sale] Page 42/50  offset=1230  collected=1106  total=19535
2026-09-26 07:49:23  [INFO    ]  Fetching details concurrently for 30 listings (workers=4)...
2026-09-26 07:49:27  [INFO    ]  [cars-for-sale] Page 43/50  offset=1260  collected=1136  total=19535
2026-09-26 07:49:28  [INFO    ]  Fetching details concurrently for 30 listings (workers=4)...
2026-09-26 07:49:32  [INFO    ]  [cars-for-sale] Page 44/50  offset=1290  collected=1166  total=19535
2026-09-26 07:49:33  [INFO    ]  Fetching details concurrently for 32 listings (workers=4)...
2026-09-26 07:49:38  [INFO    ]  [cars-for-sale] Page 45/50  offset=1320  collected=1198  total=19535
2026-09-26 07:49:39  [INFO    ]  Fetching details concurrently for 31 listings (workers=4)...
2026-09-26 07:49:43  [INFO    ]  [cars-for-sale] Page 46/50  offset=1350  collected=1229  total=19535
2026-09-26 07:49:44  [INFO    ]  Fetching details concurrently for 30 listings (workers=4)...
2026-09-26 07:49:48  [INFO    ]  [cars-for-sale] Page 47/50  offset=1380  collected=1259  total=19535
2026-09-26 07:49:49  [INFO    ]  Fetching details concurrently for 24 listings (workers=4)...
2026-09-26 07:49:53  [INFO    ]  [cars-for-sale] Page 48/50  offset=1410  collected=1283  total=19535
2026-09-26 07:49:54  [INFO    ]  Fetching details concurrently for 30 listings (workers=4)...
2026-09-26 07:49:59  [INFO    ]  [cars-for-sale] Page 49/50  offset=1440  collected=1313  total=19535
2026-09-26 07:50:00  [INFO    ]  Fetching details concurrently for 30 listings (workers=4)...
2026-09-26 07:50:04  [INFO    ]  [cars-for-sale] Page 50/50  offset=1470  collected=1343  total=19535
2026-09-26 07:50:05  [INFO    ]  Fetching details concurrently for 29 listings (workers=4)...
2026-09-26 07:50:10  [INFO    ]  Scrape complete. Collected 1372 records in this batch.
2026-09-26 07:50:10  [INFO    ]  Extraction complete in 262.74s: 1,372 total listings collected.
2026-09-26 07:50:10  [INFO    ]  Batch summary: 1,372 total listings collected (407 new unique IDs, 965 recurring/tracked IDs).
2026-09-26 07:50:10  [INFO    ]  Saved 1372 raw records to Parquet -> data/bronze/cars_2026-09-26.parquet
2026-09-26 07:50:11  [INFO    ]  Saved 1372 full raw records from today's run to CSV -> data/bronze/khmer24_cars.csv
2026-09-26 07:50:11  [INFO    ]  Saved ingestion run manifest -> data/bronze/ingestion_manifest.json
2026-09-26 07:50:11  [INFO    ]  Bronze Parquet -> data/bronze/cars_2026-09-26.parquet
2026-09-26 07:50:11  [INFO    ]  Full Run CSV   -> data/bronze/khmer24_cars.csv
2026-09-26 07:50:11  [INFO    ]  Manifest       -> data/bronze/ingestion_manifest.json
2026-09-26 07:50:11  [INFO    ]  ┌────────────────────────────────────────────────────┐
2026-09-26 07:50:11  [INFO    ]  │  BRONZE INGESTION QUALITY SUMMARY (1,372 records)  │
2026-09-26 07:50:11  [INFO    ]  ├────────────────────────────────────┬───────────────┤
2026-09-26 07:50:11  [INFO    ]  │  Price Field Coverage              │  100.0%       │
2026-09-26 07:50:11  [INFO    ]  │  Brand Field Coverage              │   99.9%       │
2026-09-26 07:50:11  [INFO    ]  │  Model Field Coverage              │   99.6%       │
2026-09-26 07:50:11  [INFO    ]  │  Year Field Coverage               │   99.9%       │
2026-09-26 07:50:11  [INFO    ]  │  Province Field Coverage           │  100.0%       │
2026-09-26 07:50:11  [INFO    ]  │  Mileage Field Coverage            │    0.0%       │
2026-09-26 07:50:11  [INFO    ]  │  Transmission Field Coverage       │   88.3%       │
2026-09-26 07:50:11  [INFO    ]  │  Fuel Type Field Coverage          │   87.8%       │
2026-09-26 07:50:11  [INFO    ]  │  Detail Enrichment Rate            │  100.0%       │
2026-09-26 07:50:11  [INFO    ]  ├────────────────────────────────────┴───────────────┤
2026-09-26 07:50:11  [INFO    ]  │  Cumulative Unique Marketplace IDs :  12,336             │
2026-09-26 07:50:11  [INFO    ]  └────────────────────────────────────────────────────┘
2026-09-26 07:50:11  [INFO    ]  EL stage complete. 1,372 listings processed in this batch.
