2026-10-03 08:10:48  [INFO    ]  =================================================================
2026-10-03 08:10:48  [INFO    ]  Starting Bronze Data Ingestion: 2026-10-03T08:10:48.427507+00:00
2026-10-03 08:10:48  [INFO    ]  Config: category=cars-for-sale, province=ALL, max_pages=50, mode=feed_window, enrich_details=True
2026-10-03 08:10:48  [INFO    ]  =================================================================
2026-10-03 08:10:48  [INFO    ]  [cars-for-sale] Page 1/50  offset=0  collected=0
2026-10-03 08:10:49  [INFO    ]  Fetching details concurrently for 40 listings (workers=4)...
2026-10-03 08:10:53  [INFO    ]  [cars-for-sale] Page 2/50  offset=30  collected=40  total=19586
2026-10-03 08:10:54  [INFO    ]  Fetching details concurrently for 21 listings (workers=4)...
2026-10-03 08:10:57  [INFO    ]  [cars-for-sale] Page 3/50  offset=60  collected=61  total=19586
2026-10-03 08:10:57  [INFO    ]  Fetching details concurrently for 12 listings (workers=4)...
2026-10-03 08:10:59  [INFO    ]  [cars-for-sale] Page 4/50  offset=90  collected=73  total=19586
2026-10-03 08:11:00  [INFO    ]  Fetching details concurrently for 18 listings (workers=4)...
2026-10-03 08:11:03  [INFO    ]  [cars-for-sale] Page 5/50  offset=120  collected=91  total=19586
2026-10-03 08:11:03  [INFO    ]  Fetching details concurrently for 30 listings (workers=4)...
2026-10-03 08:11:07  [INFO    ]  [cars-for-sale] Page 6/50  offset=150  collected=121  total=19586
2026-10-03 08:11:07  [INFO    ]  Fetching details concurrently for 30 listings (workers=4)...
2026-10-03 08:11:11  [INFO    ]  [cars-for-sale] Page 7/50  offset=180  collected=151  total=19586
2026-10-03 08:11:12  [INFO    ]  Fetching details concurrently for 32 listings (workers=4)...
2026-10-03 08:11:15  [INFO    ]  [cars-for-sale] Page 8/50  offset=210  collected=183  total=19586
2026-10-03 08:11:16  [INFO    ]  Fetching details concurrently for 31 listings (workers=4)...
2026-10-03 08:11:19  [INFO    ]  [cars-for-sale] Page 9/50  offset=240  collected=214  total=19586
2026-10-03 08:11:20  [INFO    ]  Fetching details concurrently for 33 listings (workers=4)...
2026-10-03 08:11:24  [INFO    ]  [cars-for-sale] Page 10/50  offset=270  collected=247  total=19586
2026-10-03 08:11:24  [INFO    ]  Fetching details concurrently for 30 listings (workers=4)...
2026-10-03 08:11:28  [INFO    ]  [cars-for-sale] Page 11/50  offset=300  collected=277  total=19586
2026-10-03 08:11:29  [INFO    ]  Fetching details concurrently for 31 listings (workers=4)...
2026-10-03 08:11:32  [INFO    ]  [cars-for-sale] Page 12/50  offset=330  collected=308  total=19586
2026-10-03 08:11:33  [INFO    ]  Fetching details concurrently for 32 listings (workers=4)...
2026-10-03 08:11:36  [INFO    ]  [cars-for-sale] Page 13/50  offset=360  collected=340  total=19586
2026-10-03 08:11:37  [INFO    ]  Fetching details concurrently for 30 listings (workers=4)...
2026-10-03 08:11:41  [INFO    ]  [cars-for-sale] Page 14/50  offset=390  collected=370  total=19586
2026-10-03 08:11:42  [INFO    ]  Fetching details concurrently for 31 listings (workers=4)...
2026-10-03 08:11:45  [INFO    ]  [cars-for-sale] Page 15/50  offset=420  collected=401  total=19586
2026-10-03 08:11:46  [INFO    ]  Fetching details concurrently for 29 listings (workers=4)...
2026-10-03 08:11:50  [INFO    ]  [cars-for-sale] Page 16/50  offset=450  collected=430  total=19586
2026-10-03 08:11:51  [INFO    ]  Fetching details concurrently for 26 listings (workers=4)...
2026-10-03 08:11:54  [INFO    ]  [cars-for-sale] Page 17/50  offset=480  collected=456  total=19586
2026-10-03 08:11:55  [INFO    ]  Fetching details concurrently for 31 listings (workers=4)...
2026-10-03 08:11:58  [INFO    ]  [cars-for-sale] Page 18/50  offset=510  collected=487  total=19586
2026-10-03 08:11:59  [INFO    ]  Fetching details concurrently for 30 listings (workers=4)...
2026-10-03 08:12:03  [INFO    ]  [cars-for-sale] Page 19/50  offset=540  collected=517  total=19586
2026-10-03 08:12:04  [INFO    ]  [cars-for-sale] Page 20/50  offset=570  collected=517  total=19586
2026-10-03 08:12:05  [INFO    ]  Fetching details concurrently for 24 listings (workers=4)...
2026-10-03 08:12:08  [INFO    ]  [cars-for-sale] Page 21/50  offset=600  collected=541  total=19586
2026-10-03 08:12:08  [INFO    ]  Fetching details concurrently for 29 listings (workers=4)...
2026-10-03 08:12:12  [INFO    ]  [cars-for-sale] Page 22/50  offset=630  collected=570  total=19586
2026-10-03 08:12:13  [INFO    ]  [cars-for-sale] Page 23/50  offset=660  collected=570  total=19586
2026-10-03 08:12:13  [INFO    ]  Fetching details concurrently for 28 listings (workers=4)...
2026-10-03 08:12:17  [INFO    ]  [cars-for-sale] Page 24/50  offset=690  collected=598  total=19586
2026-10-03 08:12:18  [INFO    ]  Fetching details concurrently for 28 listings (workers=4)...
2026-10-03 08:12:21  [INFO    ]  [cars-for-sale] Page 25/50  offset=720  collected=626  total=19586
2026-10-03 08:12:22  [INFO    ]  Fetching details concurrently for 26 listings (workers=4)...
2026-10-03 08:12:25  [INFO    ]  [cars-for-sale] Page 26/50  offset=750  collected=652  total=19586
2026-10-03 08:12:26  [INFO    ]  Fetching details concurrently for 27 listings (workers=4)...
2026-10-03 08:12:29  [INFO    ]  [cars-for-sale] Page 27/50  offset=780  collected=679  total=19586
2026-10-03 08:12:30  [INFO    ]  Fetching details concurrently for 31 listings (workers=4)...
2026-10-03 08:12:33  [INFO    ]  [cars-for-sale] Page 28/50  offset=810  collected=710  total=19586
2026-10-03 08:12:34  [INFO    ]  Fetching details concurrently for 30 listings (workers=4)...
2026-10-03 08:12:38  [INFO    ]  [cars-for-sale] Page 29/50  offset=840  collected=740  total=19586
2026-10-03 08:12:38  [INFO    ]  Fetching details concurrently for 25 listings (workers=4)...
2026-10-03 08:12:41  [INFO    ]  [cars-for-sale] Page 30/50  offset=870  collected=765  total=19586
2026-10-03 08:12:42  [INFO    ]  Fetching details concurrently for 18 listings (workers=4)...
2026-10-03 08:12:45  [INFO    ]  [cars-for-sale] Page 31/50  offset=900  collected=783  total=19586
2026-10-03 08:12:45  [INFO    ]  Fetching details concurrently for 30 listings (workers=4)...
2026-10-03 08:12:49  [INFO    ]  [cars-for-sale] Page 32/50  offset=930  collected=813  total=19586
2026-10-03 08:12:50  [INFO    ]  Fetching details concurrently for 29 listings (workers=4)...
2026-10-03 08:12:53  [INFO    ]  [cars-for-sale] Page 33/50  offset=960  collected=842  total=19586
2026-10-03 08:12:54  [INFO    ]  Fetching details concurrently for 31 listings (workers=4)...
2026-10-03 08:12:57  [INFO    ]  [cars-for-sale] Page 34/50  offset=990  collected=873  total=19586
2026-10-03 08:12:58  [INFO    ]  Fetching details concurrently for 29 listings (workers=4)...
2026-10-03 08:13:02  [INFO    ]  [cars-for-sale] Page 35/50  offset=1020  collected=902  total=19586
2026-10-03 08:13:02  [INFO    ]  Fetching details concurrently for 20 listings (workers=4)...
2026-10-03 08:13:05  [INFO    ]  [cars-for-sale] Page 36/50  offset=1050  collected=922  total=19586
2026-10-03 08:13:06  [INFO    ]  Fetching details concurrently for 23 listings (workers=4)...
2026-10-03 08:13:08  [INFO    ]  [cars-for-sale] Page 37/50  offset=1080  collected=945  total=19586
2026-10-03 08:13:09  [INFO    ]  Fetching details concurrently for 29 listings (workers=4)...
2026-10-03 08:13:13  [INFO    ]  [cars-for-sale] Page 38/50  offset=1110  collected=974  total=19586
2026-10-03 08:13:13  [INFO    ]  Fetching details concurrently for 30 listings (workers=4)...
2026-10-03 08:13:17  [INFO    ]  [cars-for-sale] Page 39/50  offset=1140  collected=1004  total=19586
2026-10-03 08:13:18  [INFO    ]  Fetching details concurrently for 31 listings (workers=4)...
2026-10-03 08:13:22  [INFO    ]  [cars-for-sale] Page 40/50  offset=1170  collected=1035  total=19586
2026-10-03 08:13:23  [INFO    ]  Fetching details concurrently for 30 listings (workers=4)...
2026-10-03 08:13:26  [INFO    ]  [cars-for-sale] Page 41/50  offset=1200  collected=1065  total=19586
2026-10-03 08:13:27  [INFO    ]  Fetching details concurrently for 31 listings (workers=4)...
2026-10-03 08:13:31  [INFO    ]  [cars-for-sale] Page 42/50  offset=1230  collected=1096  total=19586
2026-10-03 08:13:32  [INFO    ]  Fetching details concurrently for 27 listings (workers=4)...
2026-10-03 08:13:35  [INFO    ]  [cars-for-sale] Page 43/50  offset=1260  collected=1123  total=19586
2026-10-03 08:13:36  [INFO    ]  Fetching details concurrently for 30 listings (workers=4)...
2026-10-03 08:13:40  [INFO    ]  [cars-for-sale] Page 44/50  offset=1290  collected=1153  total=19586
2026-10-03 08:13:40  [INFO    ]  Fetching details concurrently for 31 listings (workers=4)...
2026-10-03 08:13:44  [INFO    ]  [cars-for-sale] Page 45/50  offset=1320  collected=1184  total=19586
2026-10-03 08:13:45  [INFO    ]  Fetching details concurrently for 30 listings (workers=4)...
2026-10-03 08:13:48  [INFO    ]  [cars-for-sale] Page 46/50  offset=1350  collected=1214  total=19586
2026-10-03 08:13:49  [INFO    ]  Fetching details concurrently for 31 listings (workers=4)...
2026-10-03 08:13:52  [INFO    ]  [cars-for-sale] Page 47/50  offset=1380  collected=1245  total=19586
2026-10-03 08:13:53  [INFO    ]  Fetching details concurrently for 30 listings (workers=4)...
2026-10-03 08:13:57  [INFO    ]  [cars-for-sale] Page 48/50  offset=1410  collected=1275  total=19586
2026-10-03 08:13:57  [INFO    ]  Fetching details concurrently for 31 listings (workers=4)...
2026-10-03 08:14:01  [INFO    ]  [cars-for-sale] Page 49/50  offset=1440  collected=1306  total=19586
2026-10-03 08:14:02  [INFO    ]  Fetching details concurrently for 28 listings (workers=4)...
2026-10-03 08:14:06  [INFO    ]  [cars-for-sale] Page 50/50  offset=1470  collected=1334  total=19586
2026-10-03 08:14:06  [INFO    ]  Fetching details concurrently for 31 listings (workers=4)...
2026-10-03 08:14:10  [INFO    ]  Scrape complete. Collected 1365 records in this batch.
2026-10-03 08:14:10  [INFO    ]  Extraction complete in 202.11s: 1,365 total listings collected.
2026-10-03 08:14:10  [INFO    ]  Batch summary: 1,365 total listings collected (411 new unique IDs, 954 recurring/tracked IDs).
2026-10-03 08:14:10  [INFO    ]  Saved 1365 raw records to Parquet -> data/bronze/cars_2026-10-03.parquet
2026-10-03 08:14:10  [INFO    ]  Saved 1365 full raw records from today's run to CSV -> data/bronze/khmer24_cars.csv
2026-10-03 08:14:10  [INFO    ]  Saved ingestion run manifest -> data/bronze/ingestion_manifest.json
2026-10-03 08:14:10  [INFO    ]  Bronze Parquet -> data/bronze/cars_2026-10-03.parquet
2026-10-03 08:14:10  [INFO    ]  Full Run CSV   -> data/bronze/khmer24_cars.csv
2026-10-03 08:14:10  [INFO    ]  Manifest       -> data/bronze/ingestion_manifest.json
2026-10-03 08:14:10  [INFO    ]  ┌────────────────────────────────────────────────────┐
2026-10-03 08:14:10  [INFO    ]  │  BRONZE INGESTION QUALITY SUMMARY (1,365 records)  │
2026-10-03 08:14:10  [INFO    ]  ├────────────────────────────────────┬───────────────┤
2026-10-03 08:14:10  [INFO    ]  │  Price Field Coverage              │  100.0%       │
2026-10-03 08:14:10  [INFO    ]  │  Brand Field Coverage              │   99.9%       │
2026-10-03 08:14:10  [INFO    ]  │  Model Field Coverage              │   99.2%       │
2026-10-03 08:14:10  [INFO    ]  │  Year Field Coverage               │  100.0%       │
2026-10-03 08:14:10  [INFO    ]  │  Province Field Coverage           │  100.0%       │
2026-10-03 08:14:10  [INFO    ]  │  Mileage Field Coverage            │    0.0%       │
2026-10-03 08:14:10  [INFO    ]  │  Transmission Field Coverage       │   87.3%       │
2026-10-03 08:14:10  [INFO    ]  │  Fuel Type Field Coverage          │   88.9%       │
2026-10-03 08:14:10  [INFO    ]  │  Detail Enrichment Rate            │  100.0%       │
2026-10-03 08:14:10  [INFO    ]  ├────────────────────────────────────┴───────────────┤
2026-10-03 08:14:10  [INFO    ]  │  Cumulative Unique Marketplace IDs :  15,034             │
2026-10-03 08:14:10  [INFO    ]  └────────────────────────────────────────────────────┘
2026-10-03 08:14:10  [INFO    ]  EL stage complete. 1,365 listings processed in this batch.
