2026-08-29 09:05:46  [INFO    ]  =================================================================
2026-08-29 09:05:46  [INFO    ]  EL Pipeline  --  Extract & Load (Time-Series & Change Tracking)
2026-08-29 09:05:46  [INFO    ]    Category       : cars-for-sale
2026-08-29 09:05:46  [INFO    ]    Province       : ALL
2026-08-29 09:05:46  [INFO    ]    Max pages      : 50  (1500 listings max)
2026-08-29 09:05:46  [INFO    ]    Scrape mode    : feed_window
2026-08-29 09:05:46  [INFO    ]    Enrich details : True
2026-08-29 09:05:46  [INFO    ]    Output dir     : data/raw
2026-08-29 09:05:46  [INFO    ]  =================================================================
2026-08-29 09:05:46  [INFO    ]    Found 5,672 historical unique listing IDs in raw storage.
2026-08-29 09:05:46  [INFO    ]  Cloudflare Worker relay enabled (POSTS_API_BASE overridden).
2026-08-29 09:05:46  [INFO    ]  [cars-for-sale] Page 1/50  offset=0  collected=0
2026-08-29 09:06:13  [INFO    ]  [cars-for-sale] Page 2/50  offset=30  collected=40  total=20219
2026-08-29 09:06:28  [INFO    ]  [cars-for-sale] Page 3/50  offset=60  collected=62  total=20219
2026-08-29 09:06:42  [INFO    ]  [cars-for-sale] Page 4/50  offset=90  collected=84  total=20219
2026-08-29 09:06:59  [INFO    ]  [cars-for-sale] Page 5/50  offset=120  collected=112  total=20219
2026-08-29 09:07:20  [INFO    ]  [cars-for-sale] Page 6/50  offset=150  collected=143  total=20219
2026-08-29 09:07:28  [INFO    ]  [cars-for-sale] Page 7/50  offset=180  collected=155  total=20219
2026-08-29 09:07:42  [INFO    ]  [cars-for-sale] Page 8/50  offset=210  collected=174  total=20219
2026-08-29 09:07:55  [INFO    ]  [cars-for-sale] Page 9/50  offset=240  collected=194  total=20219
2026-08-29 09:08:14  [INFO    ]  [cars-for-sale] Page 10/50  offset=270  collected=224  total=20219
2026-08-29 09:08:25  [INFO    ]  [cars-for-sale] Page 11/50  offset=300  collected=238  total=20219
2026-08-29 09:08:46  [INFO    ]  [cars-for-sale] Page 12/50  offset=330  collected=269  total=20219
2026-08-29 09:09:03  [INFO    ]  [cars-for-sale] Page 13/50  offset=360  collected=295  total=20219
2026-08-29 09:09:09  [INFO    ]  [cars-for-sale] Page 14/50  offset=390  collected=304  total=20219
2026-08-29 09:09:27  [INFO    ]  [cars-for-sale] Page 15/50  offset=420  collected=332  total=20219
2026-08-29 09:09:47  [INFO    ]  [cars-for-sale] Page 16/50  offset=450  collected=363  total=20219
2026-08-29 09:10:07  [INFO    ]  [cars-for-sale] Page 17/50  offset=480  collected=393  total=20219
2026-08-29 09:10:12  [INFO    ]  [cars-for-sale] Page 18/50  offset=510  collected=398  total=20219
2026-08-29 09:10:35  [INFO    ]  [cars-for-sale] Page 19/50  offset=540  collected=428  total=20219
2026-08-29 09:10:54  [INFO    ]  [cars-for-sale] Page 20/50  offset=570  collected=458  total=20219
2026-08-29 09:11:13  [INFO    ]  [cars-for-sale] Page 21/50  offset=600  collected=484  total=20219
2026-08-29 09:11:28  [INFO    ]  [cars-for-sale] Page 22/50  offset=630  collected=506  total=20219
2026-08-29 09:11:50  [INFO    ]  [cars-for-sale] Page 23/50  offset=660  collected=536  total=20219
2026-08-29 09:12:10  [INFO    ]  [cars-for-sale] Page 24/50  offset=690  collected=566  total=20219
2026-08-29 09:12:16  [INFO    ]  [cars-for-sale] Page 25/50  offset=720  collected=574  total=20219
2026-08-29 09:12:38  [INFO    ]  [cars-for-sale] Page 26/50  offset=750  collected=604  total=20219
2026-08-29 09:12:57  [INFO    ]  [cars-for-sale] Page 27/50  offset=780  collected=634  total=20219
2026-08-29 09:13:16  [INFO    ]  [cars-for-sale] Page 28/50  offset=810  collected=664  total=20219
2026-08-29 09:13:35  [INFO    ]  [cars-for-sale] Page 29/50  offset=840  collected=694  total=20219
2026-08-29 09:13:54  [INFO    ]  [cars-for-sale] Page 30/50  offset=870  collected=724  total=20219
2026-08-29 09:14:03  [INFO    ]  [cars-for-sale] Page 31/50  offset=900  collected=738  total=20219
2026-08-29 09:14:23  [INFO    ]  [cars-for-sale] Page 32/50  offset=930  collected=768  total=20219
2026-08-29 09:14:48  [INFO    ]  [cars-for-sale] Page 33/50  offset=960  collected=795  total=20219
2026-08-29 09:15:14  [INFO    ]  [cars-for-sale] Page 34/50  offset=990  collected=822  total=20219
2026-08-29 09:15:39  [INFO    ]  [cars-for-sale] Page 35/50  offset=1020  collected=854  total=20219
2026-08-29 09:15:51  [INFO    ]  [cars-for-sale] Page 36/50  offset=1050  collected=870  total=20219
2026-08-29 09:16:13  [INFO    ]  [cars-for-sale] Page 37/50  offset=1080  collected=898  total=20219
2026-08-29 09:16:36  [INFO    ]  [cars-for-sale] Page 38/50  offset=1110  collected=926  total=20219
2026-08-29 09:16:58  [INFO    ]  [cars-for-sale] Page 39/50  offset=1140  collected=956  total=20219
2026-08-29 09:17:19  [INFO    ]  [cars-for-sale] Page 40/50  offset=1170  collected=984  total=20219
2026-08-29 09:17:43  [INFO    ]  [cars-for-sale] Page 41/50  offset=1200  collected=1014  total=20219
2026-08-29 09:18:06  [INFO    ]  [cars-for-sale] Page 42/50  offset=1230  collected=1044  total=20219
2026-08-29 09:18:28  [INFO    ]  [cars-for-sale] Page 43/50  offset=1260  collected=1074  total=20219
2026-08-29 09:18:47  [INFO    ]  [cars-for-sale] Page 44/50  offset=1290  collected=1104  total=20219
2026-08-29 09:19:07  [INFO    ]  [cars-for-sale] Page 45/50  offset=1320  collected=1134  total=20219
2026-08-29 09:19:29  [INFO    ]  [cars-for-sale] Page 46/50  offset=1350  collected=1164  total=20219
2026-08-29 09:19:51  [INFO    ]  [cars-for-sale] Page 47/50  offset=1380  collected=1194  total=20219
2026-08-29 09:20:13  [INFO    ]  [cars-for-sale] Page 48/50  offset=1410  collected=1224  total=20219
2026-08-29 09:20:37  [INFO    ]  [cars-for-sale] Page 49/50  offset=1440  collected=1254  total=20219
2026-08-29 09:21:00  [INFO    ]  [cars-for-sale] Page 50/50  offset=1470  collected=1285  total=20219
2026-08-29 09:21:02  [INFO    ]  Scrape complete. Collected 1285 records in this batch.
2026-08-29 09:21:02  [INFO    ]  Batch summary: 1,285 total listings collected (585 new IDs, 700 recurring/tracked IDs).
2026-08-29 09:21:02  [INFO    ]  Saved 1285 records to Parquet -> data/raw/cars_2026-08-29.parquet
2026-08-29 09:21:02  [INFO    ]  Saved 60-row CSV sample -> data/raw/khmer24_cars_sample_60.csv
2026-08-29 09:21:02  [INFO    ]  Saved ingestion run manifest -> data/raw/ingestion_manifest.json
2026-08-29 09:21:02  [INFO    ]  Raw Parquet -> data/raw/cars_2026-08-29.parquet
2026-08-29 09:21:02  [INFO    ]  CSV sample  -> 60 rows : data/raw/khmer24_cars_sample_60.csv
2026-08-29 09:21:02  [INFO    ]  Manifest    -> data/raw/ingestion_manifest.json
2026-08-29 09:21:02  [INFO    ]  -- Data Quality (current batch) ---------------------------------
2026-08-29 09:21:02  [INFO    ]    Batch listings      : 1,285
2026-08-29 09:21:02  [INFO    ]    With price          : 100.0%
2026-08-29 09:21:02  [INFO    ]    With model year     : 100.0%
2026-08-29 09:21:02  [INFO    ]    With brand          : 97.7%
2026-08-29 09:21:02  [INFO    ]    With model name     : 97.4%
2026-08-29 09:21:02  [INFO    ]    With province       : 100.0%
2026-08-29 09:21:02  [INFO    ]    With mileage (km)   : 0.0%
2026-08-29 09:21:02  [INFO    ]    With fuel type      : 88.2%
2026-08-29 09:21:02  [INFO    ]    With transmission   : 86.1%
2026-08-29 09:21:02  [INFO    ]    Total Cumulative Unique IDs : 6,257
2026-08-29 09:21:02  [INFO    ]    Phase 1 cumulative volume target met (>= 2,000 unique listings)!
2026-08-29 09:21:02  [INFO    ]  EL stage complete. 1,285 listings processed in this batch.
