2026-09-05 06:57:35  [INFO    ]  =================================================================
2026-09-05 06:57:35  [INFO    ]  Starting Bronze Data Ingestion: 2026-09-05T06:57:35.430162+00:00
2026-09-05 06:57:35  [INFO    ]  Config: category=cars-for-sale, province=ALL, max_pages=50, mode=feed_window, enrich_details=True
2026-09-05 06:57:35  [INFO    ]  =================================================================
2026-09-05 06:57:35  [INFO    ]  Cloudflare Worker relay enabled.
2026-09-05 06:57:35  [INFO    ]  [cars-for-sale] Page 1/50  offset=0  collected=0
2026-09-05 06:57:37  [INFO    ]  Fetching details concurrently for 40 listings (workers=4)...
2026-09-05 06:57:50  [INFO    ]  [cars-for-sale] Page 2/50  offset=30  collected=40  total=20111
2026-09-05 06:57:51  [INFO    ]  Fetching details concurrently for 18 listings (workers=4)...
2026-09-05 06:57:58  [INFO    ]  [cars-for-sale] Page 3/50  offset=60  collected=58  total=20111
2026-09-05 06:57:59  [INFO    ]  Fetching details concurrently for 11 listings (workers=4)...
2026-09-05 06:58:02  [INFO    ]  [cars-for-sale] Page 4/50  offset=90  collected=69  total=20111
2026-09-05 06:58:03  [INFO    ]  Fetching details concurrently for 26 listings (workers=4)...
2026-09-05 06:58:14  [INFO    ]  [cars-for-sale] Page 5/50  offset=120  collected=95  total=20111
2026-09-05 06:58:15  [INFO    ]  Fetching details concurrently for 31 listings (workers=4)...
2026-09-05 06:58:22  [INFO    ]  [cars-for-sale] Page 6/50  offset=150  collected=126  total=20111
2026-09-05 06:58:23  [INFO    ]  Fetching details concurrently for 31 listings (workers=4)...
2026-09-05 06:58:30  [INFO    ]  [cars-for-sale] Page 7/50  offset=180  collected=157  total=20111
2026-09-05 06:58:31  [INFO    ]  Fetching details concurrently for 8 listings (workers=4)...
2026-09-05 06:58:34  [INFO    ]  [cars-for-sale] Page 8/50  offset=210  collected=165  total=20111
2026-09-05 06:58:35  [INFO    ]  Fetching details concurrently for 24 listings (workers=4)...
2026-09-05 06:58:40  [INFO    ]  [cars-for-sale] Page 9/50  offset=240  collected=189  total=20111
2026-09-05 06:58:41  [INFO    ]  Fetching details concurrently for 34 listings (workers=4)...
2026-09-05 06:58:52  [INFO    ]  [cars-for-sale] Page 10/50  offset=270  collected=223  total=20111
2026-09-05 06:58:53  [INFO    ]  Fetching details concurrently for 24 listings (workers=4)...
2026-09-05 06:59:00  [INFO    ]  [cars-for-sale] Page 11/50  offset=300  collected=247  total=20111
2026-09-05 06:59:01  [INFO    ]  Fetching details concurrently for 30 listings (workers=4)...
2026-09-05 06:59:08  [INFO    ]  [cars-for-sale] Page 12/50  offset=330  collected=277  total=20111
2026-09-05 06:59:09  [INFO    ]  Fetching details concurrently for 31 listings (workers=4)...
2026-09-05 06:59:17  [INFO    ]  [cars-for-sale] Page 13/50  offset=360  collected=308  total=20111
2026-09-05 06:59:18  [INFO    ]  Fetching details concurrently for 26 listings (workers=4)...
2026-09-05 06:59:25  [INFO    ]  [cars-for-sale] Page 14/50  offset=390  collected=334  total=20111
2026-09-05 06:59:26  [INFO    ]  Fetching details concurrently for 5 listings (workers=4)...
2026-09-05 06:59:28  [INFO    ]  [cars-for-sale] Page 15/50  offset=420  collected=339  total=20111
2026-09-05 06:59:29  [INFO    ]  Fetching details concurrently for 31 listings (workers=4)...
2026-09-05 06:59:36  [INFO    ]  [cars-for-sale] Page 16/50  offset=450  collected=370  total=20111
2026-09-05 06:59:37  [INFO    ]  Fetching details concurrently for 31 listings (workers=4)...
2026-09-05 06:59:45  [INFO    ]  [cars-for-sale] Page 17/50  offset=480  collected=401  total=20111
2026-09-05 06:59:46  [INFO    ]  Fetching details concurrently for 32 listings (workers=4)...
2026-09-05 06:59:53  [INFO    ]  [cars-for-sale] Page 18/50  offset=510  collected=433  total=20111
2026-09-05 06:59:54  [INFO    ]  Fetching details concurrently for 31 listings (workers=4)...
2026-09-05 07:00:02  [INFO    ]  [cars-for-sale] Page 19/50  offset=540  collected=464  total=20111
2026-09-05 07:00:03  [INFO    ]  Fetching details concurrently for 30 listings (workers=4)...
2026-09-05 07:00:14  [INFO    ]  [cars-for-sale] Page 20/50  offset=570  collected=494  total=20111
2026-09-05 07:00:15  [INFO    ]  Fetching details concurrently for 26 listings (workers=4)...
2026-09-05 07:00:22  [INFO    ]  [cars-for-sale] Page 21/50  offset=600  collected=520  total=20111
2026-09-05 07:00:23  [INFO    ]  Fetching details concurrently for 16 listings (workers=4)...
2026-09-05 07:00:28  [INFO    ]  [cars-for-sale] Page 22/50  offset=630  collected=536  total=20111
2026-09-05 07:00:29  [INFO    ]  Fetching details concurrently for 30 listings (workers=4)...
2026-09-05 07:00:38  [INFO    ]  [cars-for-sale] Page 23/50  offset=660  collected=566  total=20111
2026-09-05 07:00:39  [INFO    ]  Fetching details concurrently for 19 listings (workers=4)...
2026-09-05 07:00:44  [INFO    ]  [cars-for-sale] Page 24/50  offset=690  collected=585  total=20111
2026-09-05 07:00:45  [INFO    ]  Fetching details concurrently for 31 listings (workers=4)...
2026-09-05 07:00:53  [INFO    ]  [cars-for-sale] Page 25/50  offset=720  collected=616  total=20111
2026-09-05 07:00:54  [INFO    ]  Fetching details concurrently for 27 listings (workers=4)...
2026-09-05 07:01:03  [INFO    ]  [cars-for-sale] Page 26/50  offset=750  collected=643  total=20111
2026-09-05 07:01:04  [INFO    ]  Fetching details concurrently for 29 listings (workers=4)...
2026-09-05 07:01:10  [INFO    ]  [cars-for-sale] Page 27/50  offset=780  collected=672  total=20111
2026-09-05 07:01:11  [INFO    ]  [cars-for-sale] Page 28/50  offset=810  collected=672  total=20111
2026-09-05 07:01:12  [INFO    ]  Fetching details concurrently for 27 listings (workers=4)...
2026-09-05 07:01:19  [INFO    ]  [cars-for-sale] Page 29/50  offset=840  collected=699  total=20111
2026-09-05 07:01:20  [INFO    ]  Fetching details concurrently for 31 listings (workers=4)...
2026-09-05 07:01:28  [INFO    ]  [cars-for-sale] Page 30/50  offset=870  collected=730  total=20111
2026-09-05 07:01:29  [INFO    ]  Fetching details concurrently for 1 listings (workers=4)...
2026-09-05 07:01:31  [INFO    ]  [cars-for-sale] Page 31/50  offset=900  collected=731  total=20111
2026-09-05 07:01:32  [INFO    ]  Fetching details concurrently for 16 listings (workers=4)...
2026-09-05 07:01:36  [INFO    ]  [cars-for-sale] Page 32/50  offset=930  collected=747  total=20111
2026-09-05 07:01:37  [INFO    ]  Fetching details concurrently for 30 listings (workers=4)...
2026-09-05 07:01:44  [INFO    ]  [cars-for-sale] Page 33/50  offset=960  collected=777  total=20111
2026-09-05 07:01:45  [INFO    ]  Fetching details concurrently for 30 listings (workers=4)...
2026-09-05 07:01:52  [INFO    ]  [cars-for-sale] Page 34/50  offset=990  collected=807  total=20111
2026-09-05 07:01:53  [INFO    ]  Fetching details concurrently for 30 listings (workers=4)...
2026-09-05 07:02:00  [INFO    ]  [cars-for-sale] Page 35/50  offset=1020  collected=837  total=20111
2026-09-05 07:02:01  [INFO    ]  Fetching details concurrently for 24 listings (workers=4)...
2026-09-05 07:02:08  [INFO    ]  [cars-for-sale] Page 36/50  offset=1050  collected=861  total=20111
2026-09-05 07:02:09  [INFO    ]  Fetching details concurrently for 30 listings (workers=4)...
2026-09-05 07:02:17  [INFO    ]  [cars-for-sale] Page 37/50  offset=1080  collected=891  total=20111
2026-09-05 07:02:18  [INFO    ]  Fetching details concurrently for 30 listings (workers=4)...
2026-09-05 07:02:26  [INFO    ]  [cars-for-sale] Page 38/50  offset=1110  collected=921  total=20111
2026-09-05 07:02:27  [INFO    ]  Fetching details concurrently for 20 listings (workers=4)...
2026-09-05 07:02:33  [INFO    ]  [cars-for-sale] Page 39/50  offset=1140  collected=941  total=20111
2026-09-05 07:02:34  [INFO    ]  Fetching details concurrently for 31 listings (workers=4)...
2026-09-05 07:02:42  [INFO    ]  [cars-for-sale] Page 40/50  offset=1170  collected=972  total=20111
2026-09-05 07:02:44  [INFO    ]  Fetching details concurrently for 30 listings (workers=4)...
2026-09-05 07:02:52  [INFO    ]  [cars-for-sale] Page 41/50  offset=1200  collected=1002  total=20111
2026-09-05 07:02:53  [INFO    ]  Fetching details concurrently for 31 listings (workers=4)...
2026-09-05 07:03:04  [INFO    ]  [cars-for-sale] Page 42/50  offset=1230  collected=1033  total=20111
2026-09-05 07:03:05  [INFO    ]  Fetching details concurrently for 29 listings (workers=4)...
2026-09-05 07:03:13  [INFO    ]  [cars-for-sale] Page 43/50  offset=1260  collected=1062  total=20111
2026-09-05 07:03:14  [INFO    ]  Fetching details concurrently for 30 listings (workers=4)...
2026-09-05 07:03:23  [INFO    ]  [cars-for-sale] Page 44/50  offset=1290  collected=1092  total=20111
2026-09-05 07:03:24  [INFO    ]  Fetching details concurrently for 29 listings (workers=4)...
2026-09-05 07:03:31  [INFO    ]  [cars-for-sale] Page 45/50  offset=1320  collected=1121  total=20111
2026-09-05 07:03:32  [INFO    ]  Fetching details concurrently for 32 listings (workers=4)...
2026-09-05 07:03:40  [INFO    ]  [cars-for-sale] Page 46/50  offset=1350  collected=1153  total=20111
2026-09-05 07:03:41  [INFO    ]  Fetching details concurrently for 30 listings (workers=4)...
2026-09-05 07:03:47  [INFO    ]  [cars-for-sale] Page 47/50  offset=1380  collected=1183  total=20111
2026-09-05 07:03:48  [INFO    ]  Fetching details concurrently for 30 listings (workers=4)...
2026-09-05 07:03:56  [INFO    ]  [cars-for-sale] Page 48/50  offset=1410  collected=1213  total=20111
2026-09-05 07:03:58  [INFO    ]  Fetching details concurrently for 30 listings (workers=4)...
2026-09-05 07:04:04  [INFO    ]  [cars-for-sale] Page 49/50  offset=1440  collected=1243  total=20111
2026-09-05 07:04:05  [INFO    ]  Fetching details concurrently for 30 listings (workers=4)...
2026-09-05 07:04:12  [INFO    ]  [cars-for-sale] Page 50/50  offset=1470  collected=1273  total=20111
2026-09-05 07:04:13  [INFO    ]  Fetching details concurrently for 30 listings (workers=4)...
2026-09-05 07:04:21  [INFO    ]  Scrape complete. Collected 1303 records in this batch.
2026-09-05 07:04:21  [INFO    ]  Extraction complete in 406.0s: 1,303 total listings collected.
2026-09-05 07:04:21  [INFO    ]  Batch summary: 1,303 total listings collected (449 new IDs, 854 recurring/tracked IDs).
2026-09-05 07:04:21  [INFO    ]  Saved 1303 raw records to Parquet -> data/bronze/cars_2026-09-05.parquet
2026-09-05 07:04:21  [INFO    ]  Saved 1303 full raw records from today's run to CSV -> data/bronze/khmer24_cars.csv
2026-09-05 07:04:21  [INFO    ]  Saved ingestion run manifest -> data/bronze/ingestion_manifest.json
2026-09-05 07:04:21  [INFO    ]  Bronze Parquet -> data/bronze/cars_2026-09-05.parquet
2026-09-05 07:04:21  [INFO    ]  Full Run CSV   -> data/bronze/khmer24_cars.csv
2026-09-05 07:04:21  [INFO    ]  Manifest       -> data/bronze/ingestion_manifest.json
2026-09-05 07:04:21  [INFO    ]  ┌────────────────────────────────────────────────────┐
2026-09-05 07:04:21  [INFO    ]  │  BRONZE INGESTION QUALITY SUMMARY (1,303 records)  │
2026-09-05 07:04:21  [INFO    ]  ├────────────────────────────────────┬───────────────┤
2026-09-05 07:04:21  [INFO    ]  │  Price Field Coverage              │  100.0%       │
2026-09-05 07:04:21  [INFO    ]  │  Brand Field Coverage              │  100.0%       │
2026-09-05 07:04:21  [INFO    ]  │  Model Field Coverage              │   98.8%       │
2026-09-05 07:04:21  [INFO    ]  │  Year Field Coverage               │  100.0%       │
2026-09-05 07:04:21  [INFO    ]  │  Province Field Coverage           │  100.0%       │
2026-09-05 07:04:21  [INFO    ]  │  Mileage Field Coverage            │    0.0%       │
2026-09-05 07:04:21  [INFO    ]  │  Transmission Field Coverage       │   87.1%       │
2026-09-05 07:04:21  [INFO    ]  │  Fuel Type Field Coverage          │   88.6%       │
2026-09-05 07:04:21  [INFO    ]  │  Detail Enrichment Rate            │  100.0%       │
2026-09-05 07:04:21  [INFO    ]  ├────────────────────────────────────┴───────────────┤
2026-09-05 07:04:21  [INFO    ]  │  Cumulative Unique Marketplace IDs :  3,962              │
2026-09-05 07:04:21  [INFO    ]  └────────────────────────────────────────────────────┘
2026-09-05 07:04:21  [INFO    ]  EL stage complete. 1,303 listings processed in this batch.
