2026-09-29 08:34:56  [INFO    ]  =================================================================
2026-09-29 08:34:56  [INFO    ]  Starting Bronze Data Ingestion: 2026-09-29T08:34:56.259489+00:00
2026-09-29 08:34:56  [INFO    ]  Config: category=cars-for-sale, province=ALL, max_pages=50, mode=feed_window, enrich_details=True
2026-09-29 08:34:56  [INFO    ]  =================================================================
2026-09-29 08:34:56  [INFO    ]  [cars-for-sale] Page 1/50  offset=0  collected=0
2026-09-29 08:34:57  [INFO    ]  Fetching details concurrently for 40 listings (workers=4)...
2026-09-29 08:35:07  [INFO    ]  [cars-for-sale] Page 2/50  offset=30  collected=40  total=19629
2026-09-29 08:35:08  [INFO    ]  Fetching details concurrently for 30 listings (workers=4)...
2026-09-29 08:35:13  [INFO    ]  [cars-for-sale] Page 3/50  offset=60  collected=70  total=19629
2026-09-29 08:35:14  [INFO    ]  Fetching details concurrently for 30 listings (workers=4)...
2026-09-29 08:35:20  [INFO    ]  [cars-for-sale] Page 4/50  offset=90  collected=100  total=19629
2026-09-29 08:35:21  [INFO    ]  Fetching details concurrently for 20 listings (workers=4)...
2026-09-29 08:35:25  [INFO    ]  [cars-for-sale] Page 5/50  offset=120  collected=120  total=19629
2026-09-29 08:35:26  [INFO    ]  Fetching details concurrently for 22 listings (workers=4)...
2026-09-29 08:35:30  [INFO    ]  [cars-for-sale] Page 6/50  offset=150  collected=142  total=19629
2026-09-29 08:35:31  [INFO    ]  Fetching details concurrently for 30 listings (workers=4)...
2026-09-29 08:35:36  [INFO    ]  [cars-for-sale] Page 7/50  offset=180  collected=172  total=19629
2026-09-29 08:35:36  [INFO    ]  Fetching details concurrently for 22 listings (workers=4)...
2026-09-29 08:35:40  [INFO    ]  [cars-for-sale] Page 8/50  offset=210  collected=194  total=19629
2026-09-29 08:35:41  [INFO    ]  Fetching details concurrently for 21 listings (workers=4)...
2026-09-29 08:35:45  [INFO    ]  [cars-for-sale] Page 9/50  offset=240  collected=215  total=19629
2026-09-29 08:35:46  [INFO    ]  Fetching details concurrently for 22 listings (workers=4)...
2026-09-29 08:35:50  [INFO    ]  [cars-for-sale] Page 10/50  offset=270  collected=237  total=19629
2026-09-29 08:35:51  [INFO    ]  Fetching details concurrently for 30 listings (workers=4)...
2026-09-29 08:35:56  [INFO    ]  [cars-for-sale] Page 11/50  offset=300  collected=267  total=19629
2026-09-29 08:35:57  [INFO    ]  Fetching details concurrently for 30 listings (workers=4)...
2026-09-29 08:36:03  [INFO    ]  [cars-for-sale] Page 12/50  offset=330  collected=297  total=19629
2026-09-29 08:36:04  [INFO    ]  Fetching details concurrently for 30 listings (workers=4)...
2026-09-29 08:36:09  [INFO    ]  [cars-for-sale] Page 13/50  offset=360  collected=327  total=19629
2026-09-29 08:36:10  [INFO    ]  Fetching details concurrently for 8 listings (workers=4)...
2026-09-29 08:36:12  [INFO    ]  [cars-for-sale] Page 14/50  offset=390  collected=335  total=19629
2026-09-29 08:36:13  [INFO    ]  Fetching details concurrently for 30 listings (workers=4)...
2026-09-29 08:36:18  [INFO    ]  [cars-for-sale] Page 15/50  offset=420  collected=365  total=19629
2026-09-29 08:36:19  [INFO    ]  Fetching details concurrently for 9 listings (workers=4)...
2026-09-29 08:36:21  [INFO    ]  [cars-for-sale] Page 16/50  offset=450  collected=374  total=19629
2026-09-29 08:36:22  [INFO    ]  [cars-for-sale] Page 17/50  offset=480  collected=374  total=19629
2026-09-29 08:36:23  [INFO    ]  Fetching details concurrently for 30 listings (workers=4)...
2026-09-29 08:36:28  [INFO    ]  [cars-for-sale] Page 18/50  offset=510  collected=404  total=19629
2026-09-29 08:36:29  [INFO    ]  Fetching details concurrently for 30 listings (workers=4)...
2026-09-29 08:36:35  [INFO    ]  [cars-for-sale] Page 19/50  offset=540  collected=434  total=19629
2026-09-29 08:36:36  [INFO    ]  Fetching details concurrently for 30 listings (workers=4)...
2026-09-29 08:36:42  [INFO    ]  [cars-for-sale] Page 20/50  offset=570  collected=464  total=19629
2026-09-29 08:36:42  [INFO    ]  Fetching details concurrently for 30 listings (workers=4)...
2026-09-29 08:36:48  [INFO    ]  [cars-for-sale] Page 21/50  offset=600  collected=494  total=19629
2026-09-29 08:36:49  [INFO    ]  Fetching details concurrently for 30 listings (workers=4)...
2026-09-29 08:36:53  [INFO    ]  [cars-for-sale] Page 22/50  offset=630  collected=524  total=19629
2026-09-29 08:36:54  [INFO    ]  Fetching details concurrently for 27 listings (workers=4)...
2026-09-29 08:36:59  [INFO    ]  [cars-for-sale] Page 23/50  offset=660  collected=551  total=19629
2026-09-29 08:37:00  [INFO    ]  Fetching details concurrently for 27 listings (workers=4)...
2026-09-29 08:37:05  [INFO    ]  [cars-for-sale] Page 24/50  offset=690  collected=578  total=19629
2026-09-29 08:37:06  [INFO    ]  Fetching details concurrently for 30 listings (workers=4)...
2026-09-29 08:37:12  [INFO    ]  [cars-for-sale] Page 25/50  offset=720  collected=608  total=19629
2026-09-29 08:37:12  [INFO    ]  Fetching details concurrently for 30 listings (workers=4)...
2026-09-29 08:37:17  [INFO    ]  [cars-for-sale] Page 26/50  offset=750  collected=638  total=19629
2026-09-29 08:37:19  [INFO    ]  [cars-for-sale] Page 27/50  offset=780  collected=638  total=19629
2026-09-29 08:37:20  [INFO    ]  Fetching details concurrently for 3 listings (workers=4)...
2026-09-29 08:37:21  [INFO    ]  [cars-for-sale] Page 28/50  offset=810  collected=641  total=19629
2026-09-29 08:37:22  [INFO    ]  Fetching details concurrently for 30 listings (workers=4)...
2026-09-29 08:37:27  [INFO    ]  [cars-for-sale] Page 29/50  offset=840  collected=671  total=19629
2026-09-29 08:37:28  [INFO    ]  Fetching details concurrently for 30 listings (workers=4)...
2026-09-29 08:37:33  [INFO    ]  [cars-for-sale] Page 30/50  offset=870  collected=701  total=19629
2026-09-29 08:37:34  [INFO    ]  Fetching details concurrently for 31 listings (workers=4)...
2026-09-29 08:37:39  [INFO    ]  [cars-for-sale] Page 31/50  offset=900  collected=732  total=19629
2026-09-29 08:37:40  [INFO    ]  Fetching details concurrently for 30 listings (workers=4)...
2026-09-29 08:37:45  [INFO    ]  [cars-for-sale] Page 32/50  offset=930  collected=762  total=19629
2026-09-29 08:37:46  [INFO    ]  Fetching details concurrently for 30 listings (workers=4)...
2026-09-29 08:37:51  [INFO    ]  [cars-for-sale] Page 33/50  offset=960  collected=792  total=19629
2026-09-29 08:37:52  [INFO    ]  Fetching details concurrently for 24 listings (workers=4)...
2026-09-29 08:37:56  [INFO    ]  [cars-for-sale] Page 34/50  offset=990  collected=816  total=19629
2026-09-29 08:37:57  [INFO    ]  Fetching details concurrently for 30 listings (workers=4)...
2026-09-29 08:38:04  [INFO    ]  [cars-for-sale] Page 35/50  offset=1020  collected=846  total=19629
2026-09-29 08:38:04  [INFO    ]  Fetching details concurrently for 30 listings (workers=4)...
2026-09-29 08:38:10  [INFO    ]  [cars-for-sale] Page 36/50  offset=1050  collected=876  total=19629
2026-09-29 08:38:11  [INFO    ]  Fetching details concurrently for 21 listings (workers=4)...
2026-09-29 08:38:15  [INFO    ]  [cars-for-sale] Page 37/50  offset=1080  collected=897  total=19629
2026-09-29 08:38:16  [INFO    ]  Fetching details concurrently for 1 listings (workers=4)...
2026-09-29 08:38:17  [INFO    ]  [cars-for-sale] Page 38/50  offset=1110  collected=898  total=19629
2026-09-29 08:38:18  [INFO    ]  Fetching details concurrently for 24 listings (workers=4)...
2026-09-29 08:38:23  [INFO    ]  [cars-for-sale] Page 39/50  offset=1140  collected=922  total=19629
2026-09-29 08:38:23  [INFO    ]  Fetching details concurrently for 29 listings (workers=4)...
2026-09-29 08:38:28  [INFO    ]  [cars-for-sale] Page 40/50  offset=1170  collected=951  total=19629
2026-09-29 08:38:29  [INFO    ]  Fetching details concurrently for 30 listings (workers=4)...
2026-09-29 08:38:34  [INFO    ]  [cars-for-sale] Page 41/50  offset=1200  collected=981  total=19629
2026-09-29 08:38:35  [INFO    ]  Fetching details concurrently for 30 listings (workers=4)...
2026-09-29 08:38:41  [INFO    ]  [cars-for-sale] Page 42/50  offset=1230  collected=1011  total=19629
2026-09-29 08:38:42  [INFO    ]  Fetching details concurrently for 29 listings (workers=4)...
2026-09-29 08:38:49  [INFO    ]  [cars-for-sale] Page 43/50  offset=1260  collected=1040  total=19629
2026-09-29 08:38:49  [INFO    ]  Fetching details concurrently for 30 listings (workers=4)...
2026-09-29 08:38:55  [INFO    ]  [cars-for-sale] Page 44/50  offset=1290  collected=1070  total=19629
2026-09-29 08:38:56  [INFO    ]  Fetching details concurrently for 29 listings (workers=4)...
2026-09-29 08:39:00  [INFO    ]  [cars-for-sale] Page 45/50  offset=1320  collected=1099  total=19629
2026-09-29 08:39:01  [INFO    ]  Fetching details concurrently for 30 listings (workers=4)...
2026-09-29 08:39:16  [INFO    ]  [cars-for-sale] Page 46/50  offset=1350  collected=1129  total=19629
2026-09-29 08:39:17  [INFO    ]  Fetching details concurrently for 29 listings (workers=4)...
2026-09-29 08:39:23  [INFO    ]  [cars-for-sale] Page 47/50  offset=1380  collected=1158  total=19629
2026-09-29 08:39:24  [INFO    ]  Fetching details concurrently for 30 listings (workers=4)...
2026-09-29 08:39:29  [INFO    ]  [cars-for-sale] Page 48/50  offset=1410  collected=1188  total=19629
2026-09-29 08:39:30  [INFO    ]  Fetching details concurrently for 30 listings (workers=4)...
2026-09-29 08:39:35  [INFO    ]  [cars-for-sale] Page 49/50  offset=1440  collected=1218  total=19629
2026-09-29 08:39:36  [INFO    ]  Fetching details concurrently for 27 listings (workers=4)...
2026-09-29 08:39:41  [INFO    ]  [cars-for-sale] Page 50/50  offset=1470  collected=1245  total=19629
2026-09-29 08:39:41  [INFO    ]  Fetching details concurrently for 30 listings (workers=4)...
2026-09-29 08:39:46  [INFO    ]  Scrape complete. Collected 1275 records in this batch.
2026-09-29 08:39:46  [INFO    ]  Extraction complete in 290.24s: 1,275 total listings collected.
2026-09-29 08:39:46  [INFO    ]  Batch summary: 1,275 total listings collected (398 new unique IDs, 877 recurring/tracked IDs).
2026-09-29 08:39:46  [INFO    ]  Saved 1275 raw records to Parquet -> data/bronze/cars_2026-09-29.parquet
2026-09-29 08:39:46  [INFO    ]  Saved 1275 full raw records from today's run to CSV -> data/bronze/khmer24_cars.csv
2026-09-29 08:39:46  [INFO    ]  Saved ingestion run manifest -> data/bronze/ingestion_manifest.json
2026-09-29 08:39:46  [INFO    ]  Bronze Parquet -> data/bronze/cars_2026-09-29.parquet
2026-09-29 08:39:46  [INFO    ]  Full Run CSV   -> data/bronze/khmer24_cars.csv
2026-09-29 08:39:46  [INFO    ]  Manifest       -> data/bronze/ingestion_manifest.json
2026-09-29 08:39:46  [INFO    ]  ┌────────────────────────────────────────────────────┐
2026-09-29 08:39:46  [INFO    ]  │  BRONZE INGESTION QUALITY SUMMARY (1,275 records)  │
2026-09-29 08:39:46  [INFO    ]  ├────────────────────────────────────┬───────────────┤
2026-09-29 08:39:46  [INFO    ]  │  Price Field Coverage              │  100.0%       │
2026-09-29 08:39:46  [INFO    ]  │  Brand Field Coverage              │  100.0%       │
2026-09-29 08:39:46  [INFO    ]  │  Model Field Coverage              │   99.4%       │
2026-09-29 08:39:46  [INFO    ]  │  Year Field Coverage               │   99.9%       │
2026-09-29 08:39:46  [INFO    ]  │  Province Field Coverage           │  100.0%       │
2026-09-29 08:39:46  [INFO    ]  │  Mileage Field Coverage            │    0.0%       │
2026-09-29 08:39:46  [INFO    ]  │  Transmission Field Coverage       │   86.3%       │
2026-09-29 08:39:46  [INFO    ]  │  Fuel Type Field Coverage          │   88.0%       │
2026-09-29 08:39:46  [INFO    ]  │  Detail Enrichment Rate            │  100.0%       │
2026-09-29 08:39:46  [INFO    ]  ├────────────────────────────────────┴───────────────┤
2026-09-29 08:39:46  [INFO    ]  │  Cumulative Unique Marketplace IDs :  13,491             │
2026-09-29 08:39:46  [INFO    ]  └────────────────────────────────────────────────────┘
2026-09-29 08:39:46  [INFO    ]  EL stage complete. 1,275 listings processed in this batch.
