2026-09-28 08:43:55  [INFO    ]  =================================================================
2026-09-28 08:43:55  [INFO    ]  Starting Bronze Data Ingestion: 2026-09-28T08:43:55.452102+00:00
2026-09-28 08:43:55  [INFO    ]  Config: category=cars-for-sale, province=ALL, max_pages=50, mode=feed_window, enrich_details=True
2026-09-28 08:43:55  [INFO    ]  =================================================================
2026-09-28 08:43:55  [INFO    ]  [cars-for-sale] Page 1/50  offset=0  collected=0
2026-09-28 08:43:57  [INFO    ]  Fetching details concurrently for 40 listings (workers=4)...
2026-09-28 08:44:03  [INFO    ]  [cars-for-sale] Page 2/50  offset=30  collected=40  total=19580
2026-09-28 08:44:04  [INFO    ]  Fetching details concurrently for 23 listings (workers=4)...
2026-09-28 08:44:08  [INFO    ]  [cars-for-sale] Page 3/50  offset=60  collected=63  total=19580
2026-09-28 08:44:09  [INFO    ]  Fetching details concurrently for 22 listings (workers=4)...
2026-09-28 08:44:12  [INFO    ]  [cars-for-sale] Page 4/50  offset=90  collected=85  total=19580
2026-09-28 08:44:13  [INFO    ]  Fetching details concurrently for 24 listings (workers=4)...
2026-09-28 08:44:17  [INFO    ]  [cars-for-sale] Page 5/50  offset=120  collected=109  total=19580
2026-09-28 08:44:18  [INFO    ]  Fetching details concurrently for 31 listings (workers=4)...
2026-09-28 08:44:22  [INFO    ]  [cars-for-sale] Page 6/50  offset=150  collected=140  total=19580
2026-09-28 08:44:23  [INFO    ]  Fetching details concurrently for 4 listings (workers=4)...
2026-09-28 08:44:24  [INFO    ]  [cars-for-sale] Page 7/50  offset=180  collected=144  total=19580
2026-09-28 08:44:25  [INFO    ]  Fetching details concurrently for 23 listings (workers=4)...
2026-09-28 08:44:29  [INFO    ]  [cars-for-sale] Page 8/50  offset=210  collected=167  total=19580
2026-09-28 08:44:30  [INFO    ]  Fetching details concurrently for 30 listings (workers=4)...
2026-09-28 08:44:35  [INFO    ]  [cars-for-sale] Page 9/50  offset=240  collected=197  total=19580
2026-09-28 08:44:36  [INFO    ]  Fetching details concurrently for 31 listings (workers=4)...
2026-09-28 08:44:41  [INFO    ]  [cars-for-sale] Page 10/50  offset=270  collected=228  total=19580
2026-09-28 08:44:42  [INFO    ]  Fetching details concurrently for 22 listings (workers=4)...
2026-09-28 08:44:47  [INFO    ]  [cars-for-sale] Page 11/50  offset=300  collected=250  total=19580
2026-09-28 08:44:48  [INFO    ]  Fetching details concurrently for 17 listings (workers=4)...
2026-09-28 08:44:51  [INFO    ]  [cars-for-sale] Page 12/50  offset=330  collected=267  total=19580
2026-09-28 08:44:52  [INFO    ]  Fetching details concurrently for 31 listings (workers=4)...
2026-09-28 08:44:57  [INFO    ]  [cars-for-sale] Page 13/50  offset=360  collected=298  total=19580
2026-09-28 08:44:58  [INFO    ]  Fetching details concurrently for 31 listings (workers=4)...
2026-09-28 08:45:04  [INFO    ]  [cars-for-sale] Page 14/50  offset=390  collected=329  total=19580
2026-09-28 08:45:05  [INFO    ]  Fetching details concurrently for 28 listings (workers=4)...
2026-09-28 08:45:10  [INFO    ]  [cars-for-sale] Page 15/50  offset=420  collected=357  total=19580
2026-09-28 08:45:11  [INFO    ]  Fetching details concurrently for 30 listings (workers=4)...
2026-09-28 08:45:16  [INFO    ]  [cars-for-sale] Page 16/50  offset=450  collected=387  total=19580
2026-09-28 08:45:18  [INFO    ]  [cars-for-sale] Page 17/50  offset=480  collected=387  total=19580
2026-09-28 08:45:19  [INFO    ]  Fetching details concurrently for 11 listings (workers=4)...
2026-09-28 08:45:21  [INFO    ]  [cars-for-sale] Page 18/50  offset=510  collected=398  total=19580
2026-09-28 08:45:22  [INFO    ]  Fetching details concurrently for 30 listings (workers=4)...
2026-09-28 08:45:27  [INFO    ]  [cars-for-sale] Page 19/50  offset=540  collected=428  total=19580
2026-09-28 08:45:28  [INFO    ]  Fetching details concurrently for 17 listings (workers=4)...
2026-09-28 08:45:31  [INFO    ]  [cars-for-sale] Page 20/50  offset=570  collected=445  total=19580
2026-09-28 08:45:32  [INFO    ]  Fetching details concurrently for 15 listings (workers=4)...
2026-09-28 08:45:34  [INFO    ]  [cars-for-sale] Page 21/50  offset=600  collected=460  total=19580
2026-09-28 08:45:35  [INFO    ]  Fetching details concurrently for 30 listings (workers=4)...
2026-09-28 08:45:40  [INFO    ]  [cars-for-sale] Page 22/50  offset=630  collected=490  total=19580
2026-09-28 08:45:41  [INFO    ]  Fetching details concurrently for 10 listings (workers=4)...
2026-09-28 08:45:43  [INFO    ]  [cars-for-sale] Page 23/50  offset=660  collected=500  total=19580
2026-09-28 08:45:44  [INFO    ]  Fetching details concurrently for 30 listings (workers=4)...
2026-09-28 08:45:49  [INFO    ]  [cars-for-sale] Page 24/50  offset=690  collected=530  total=19580
2026-09-28 08:45:50  [INFO    ]  Fetching details concurrently for 30 listings (workers=4)...
2026-09-28 08:45:54  [INFO    ]  [cars-for-sale] Page 25/50  offset=720  collected=560  total=19580
2026-09-28 08:45:55  [INFO    ]  Fetching details concurrently for 27 listings (workers=4)...
2026-09-28 08:45:59  [INFO    ]  [cars-for-sale] Page 26/50  offset=750  collected=587  total=19580
2026-09-28 08:46:00  [INFO    ]  Fetching details concurrently for 31 listings (workers=4)...
2026-09-28 08:46:05  [INFO    ]  [cars-for-sale] Page 27/50  offset=780  collected=618  total=19580
2026-09-28 08:46:07  [INFO    ]  Fetching details concurrently for 33 listings (workers=4)...
2026-09-28 08:46:12  [INFO    ]  [cars-for-sale] Page 28/50  offset=810  collected=651  total=19580
2026-09-28 08:46:13  [INFO    ]  Fetching details concurrently for 30 listings (workers=4)...
2026-09-28 08:46:17  [INFO    ]  [cars-for-sale] Page 29/50  offset=840  collected=681  total=19580
2026-09-28 08:46:18  [INFO    ]  Fetching details concurrently for 30 listings (workers=4)...
2026-09-28 08:46:23  [INFO    ]  [cars-for-sale] Page 30/50  offset=870  collected=711  total=19580
2026-09-28 08:46:24  [INFO    ]  Fetching details concurrently for 28 listings (workers=4)...
2026-09-28 08:46:28  [INFO    ]  [cars-for-sale] Page 31/50  offset=900  collected=739  total=19580
2026-09-28 08:46:29  [INFO    ]  Fetching details concurrently for 31 listings (workers=4)...
2026-09-28 08:46:34  [INFO    ]  [cars-for-sale] Page 32/50  offset=930  collected=770  total=19580
2026-09-28 08:46:35  [INFO    ]  Fetching details concurrently for 29 listings (workers=4)...
2026-09-28 08:46:39  [INFO    ]  [cars-for-sale] Page 33/50  offset=960  collected=799  total=19580
2026-09-28 08:46:40  [INFO    ]  Fetching details concurrently for 30 listings (workers=4)...
2026-09-28 08:46:45  [INFO    ]  [cars-for-sale] Page 34/50  offset=990  collected=829  total=19580
2026-09-28 08:46:46  [INFO    ]  Fetching details concurrently for 30 listings (workers=4)...
2026-09-28 08:46:50  [INFO    ]  [cars-for-sale] Page 35/50  offset=1020  collected=859  total=19580
2026-09-28 08:46:51  [INFO    ]  Fetching details concurrently for 27 listings (workers=4)...
2026-09-28 08:46:55  [INFO    ]  [cars-for-sale] Page 36/50  offset=1050  collected=886  total=19580
2026-09-28 08:46:56  [INFO    ]  Fetching details concurrently for 31 listings (workers=4)...
2026-09-28 08:47:02  [INFO    ]  [cars-for-sale] Page 37/50  offset=1080  collected=917  total=19580
2026-09-28 08:47:03  [INFO    ]  Fetching details concurrently for 30 listings (workers=4)...
2026-09-28 08:47:08  [INFO    ]  [cars-for-sale] Page 38/50  offset=1110  collected=947  total=19580
2026-09-28 08:47:09  [INFO    ]  Fetching details concurrently for 30 listings (workers=4)...
2026-09-28 08:47:14  [INFO    ]  [cars-for-sale] Page 39/50  offset=1140  collected=977  total=19580
2026-09-28 08:47:15  [INFO    ]  Fetching details concurrently for 26 listings (workers=4)...
2026-09-28 08:47:20  [INFO    ]  [cars-for-sale] Page 40/50  offset=1170  collected=1003  total=19580
2026-09-28 08:47:21  [INFO    ]  Fetching details concurrently for 30 listings (workers=4)...
2026-09-28 08:47:26  [INFO    ]  [cars-for-sale] Page 41/50  offset=1200  collected=1033  total=19580
2026-09-28 08:47:27  [INFO    ]  Fetching details concurrently for 29 listings (workers=4)...
2026-09-28 08:47:31  [INFO    ]  [cars-for-sale] Page 42/50  offset=1230  collected=1062  total=19580
2026-09-28 08:47:32  [INFO    ]  Fetching details concurrently for 30 listings (workers=4)...
2026-09-28 08:47:36  [INFO    ]  [cars-for-sale] Page 43/50  offset=1260  collected=1092  total=19580
2026-09-28 08:47:37  [INFO    ]  Fetching details concurrently for 29 listings (workers=4)...
2026-09-28 08:47:42  [INFO    ]  [cars-for-sale] Page 44/50  offset=1290  collected=1121  total=19580
2026-09-28 08:47:43  [INFO    ]  Fetching details concurrently for 30 listings (workers=4)...
2026-09-28 08:47:48  [INFO    ]  [cars-for-sale] Page 45/50  offset=1320  collected=1151  total=19580
2026-09-28 08:47:49  [INFO    ]  Fetching details concurrently for 30 listings (workers=4)...
2026-09-28 08:47:54  [INFO    ]  [cars-for-sale] Page 46/50  offset=1350  collected=1181  total=19580
2026-09-28 08:47:55  [INFO    ]  Fetching details concurrently for 29 listings (workers=4)...
2026-09-28 08:47:59  [INFO    ]  [cars-for-sale] Page 47/50  offset=1380  collected=1210  total=19580
2026-09-28 08:48:00  [INFO    ]  Fetching details concurrently for 30 listings (workers=4)...
2026-09-28 08:48:05  [INFO    ]  [cars-for-sale] Page 48/50  offset=1410  collected=1240  total=19580
2026-09-28 08:48:06  [INFO    ]  Fetching details concurrently for 22 listings (workers=4)...
2026-09-28 08:48:09  [INFO    ]  [cars-for-sale] Page 49/50  offset=1440  collected=1262  total=19580
2026-09-28 08:48:10  [INFO    ]  Fetching details concurrently for 30 listings (workers=4)...
2026-09-28 08:48:15  [INFO    ]  [cars-for-sale] Page 50/50  offset=1470  collected=1292  total=19580
2026-09-28 08:48:16  [INFO    ]  Fetching details concurrently for 26 listings (workers=4)...
2026-09-28 08:48:20  [INFO    ]  Scrape complete. Collected 1318 records in this batch.
2026-09-28 08:48:20  [INFO    ]  Extraction complete in 265.12s: 1,318 total listings collected.
2026-09-28 08:48:20  [INFO    ]  Batch summary: 1,318 total listings collected (423 new unique IDs, 895 recurring/tracked IDs).
2026-09-28 08:48:20  [INFO    ]  Saved 1318 raw records to Parquet -> data/bronze/cars_2026-09-28.parquet
2026-09-28 08:48:20  [INFO    ]  Saved 1318 full raw records from today's run to CSV -> data/bronze/khmer24_cars.csv
2026-09-28 08:48:20  [INFO    ]  Saved ingestion run manifest -> data/bronze/ingestion_manifest.json
2026-09-28 08:48:20  [INFO    ]  Bronze Parquet -> data/bronze/cars_2026-09-28.parquet
2026-09-28 08:48:20  [INFO    ]  Full Run CSV   -> data/bronze/khmer24_cars.csv
2026-09-28 08:48:20  [INFO    ]  Manifest       -> data/bronze/ingestion_manifest.json
2026-09-28 08:48:20  [INFO    ]  ┌────────────────────────────────────────────────────┐
2026-09-28 08:48:20  [INFO    ]  │  BRONZE INGESTION QUALITY SUMMARY (1,318 records)  │
2026-09-28 08:48:20  [INFO    ]  ├────────────────────────────────────┬───────────────┤
2026-09-28 08:48:20  [INFO    ]  │  Price Field Coverage              │  100.0%       │
2026-09-28 08:48:20  [INFO    ]  │  Brand Field Coverage              │  100.0%       │
2026-09-28 08:48:20  [INFO    ]  │  Model Field Coverage              │   99.1%       │
2026-09-28 08:48:20  [INFO    ]  │  Year Field Coverage               │  100.0%       │
2026-09-28 08:48:20  [INFO    ]  │  Province Field Coverage           │  100.0%       │
2026-09-28 08:48:20  [INFO    ]  │  Mileage Field Coverage            │    0.0%       │
2026-09-28 08:48:20  [INFO    ]  │  Transmission Field Coverage       │   85.7%       │
2026-09-28 08:48:20  [INFO    ]  │  Fuel Type Field Coverage          │   86.7%       │
2026-09-28 08:48:20  [INFO    ]  │  Detail Enrichment Rate            │  100.0%       │
2026-09-28 08:48:20  [INFO    ]  ├────────────────────────────────────┴───────────────┤
2026-09-28 08:48:20  [INFO    ]  │  Cumulative Unique Marketplace IDs :  13,093             │
2026-09-28 08:48:20  [INFO    ]  └────────────────────────────────────────────────────┘
2026-09-28 08:48:20  [INFO    ]  EL stage complete. 1,318 listings processed in this batch.
