2026-08-23 02:52:44  [INFO    ]  =================================================================
2026-08-23 02:52:44  [INFO    ]  EL Pipeline  --  Extract & Load (Time-Series & Change Tracking)
2026-08-23 02:52:44  [INFO    ]    Category       : cars-for-sale
2026-08-23 02:52:44  [INFO    ]    Province       : ALL
2026-08-23 02:52:44  [INFO    ]    Max pages      : 20  (600 listings max)
2026-08-23 02:52:44  [INFO    ]    Scrape mode    : feed_window
2026-08-23 02:52:44  [INFO    ]    Enrich details : False
2026-08-23 02:52:44  [INFO    ]    Output dir     : data/raw
2026-08-23 02:52:44  [INFO    ]  =================================================================
2026-08-23 02:52:44  [INFO    ]    Found 2,039 historical unique listing IDs in raw storage.
2026-08-23 02:52:44  [INFO    ]  Cloudflare Worker relay enabled (POSTS_API_BASE overridden).
2026-08-23 02:52:44  [INFO    ]  [cars-for-sale] Page 1/20  offset=0  collected=0
2026-08-23 02:52:46  [INFO    ]  [cars-for-sale] Page 2/20  offset=30  collected=40  total=20286
2026-08-23 02:52:48  [INFO    ]  [cars-for-sale] Page 3/20  offset=60  collected=57  total=20286
2026-08-23 02:52:49  [INFO    ]  [cars-for-sale] Page 4/20  offset=90  collected=77  total=20286
2026-08-23 02:52:51  [INFO    ]  [cars-for-sale] Page 5/20  offset=120  collected=107  total=20286
2026-08-23 02:52:52  [INFO    ]  [cars-for-sale] Page 6/20  offset=150  collected=133  total=20286
2026-08-23 02:52:54  [INFO    ]  [cars-for-sale] Page 7/20  offset=180  collected=158  total=20286
2026-08-23 02:52:56  [INFO    ]  [cars-for-sale] Page 8/20  offset=210  collected=164  total=20286
2026-08-23 02:52:57  [INFO    ]  [cars-for-sale] Page 9/20  offset=240  collected=165  total=20286
2026-08-23 02:52:59  [INFO    ]  [cars-for-sale] Page 10/20  offset=270  collected=165  total=20286
2026-08-23 02:53:01  [INFO    ]  [cars-for-sale] Page 11/20  offset=300  collected=197  total=20286
2026-08-23 02:53:02  [INFO    ]  [cars-for-sale] Page 12/20  offset=330  collected=227  total=20286
2026-08-23 02:53:04  [INFO    ]  [cars-for-sale] Page 13/20  offset=360  collected=258  total=20286
2026-08-23 02:53:06  [INFO    ]  [cars-for-sale] Page 14/20  offset=390  collected=265  total=20286
2026-08-23 02:53:07  [INFO    ]  [cars-for-sale] Page 15/20  offset=420  collected=288  total=20286
2026-08-23 02:53:09  [INFO    ]  [cars-for-sale] Page 16/20  offset=450  collected=318  total=20286
2026-08-23 02:53:11  [INFO    ]  [cars-for-sale] Page 17/20  offset=480  collected=350  total=20286
2026-08-23 02:53:13  [INFO    ]  [cars-for-sale] Page 18/20  offset=510  collected=375  total=20286
2026-08-23 02:53:14  [INFO    ]  [cars-for-sale] Page 19/20  offset=540  collected=377  total=20286
2026-08-23 02:53:16  [INFO    ]  [cars-for-sale] Page 20/20  offset=570  collected=409  total=20286
2026-08-23 02:53:18  [INFO    ]  Scrape complete. Collected 440 records in this batch.
2026-08-23 02:53:18  [INFO    ]  Batch summary: 440 total listings collected (172 new IDs, 268 recurring/tracked IDs).
2026-08-23 02:53:18  [INFO    ]  Saved 440 records to Parquet -> data/raw/cars_2026-08-23.parquet
2026-08-23 02:53:18  [INFO    ]  Saved 60-row CSV sample -> data/raw/khmer24_cars_sample_60.csv
2026-08-23 02:53:18  [INFO    ]  Saved ingestion run manifest -> data/raw/ingestion_manifest.json
2026-08-23 02:53:18  [INFO    ]  Raw Parquet -> data/raw/cars_2026-08-23.parquet
2026-08-23 02:53:18  [INFO    ]  CSV sample  -> 60 rows : data/raw/khmer24_cars_sample_60.csv
2026-08-23 02:53:18  [INFO    ]  Manifest    -> data/raw/ingestion_manifest.json
2026-08-23 02:53:18  [INFO    ]  -- Data Quality (current batch) ---------------------------------
2026-08-23 02:53:18  [INFO    ]    Batch listings      : 440
2026-08-23 02:53:18  [INFO    ]    With price          : 100.0%
2026-08-23 02:53:18  [INFO    ]    With model year     : 100.0%
2026-08-23 02:53:18  [INFO    ]    With brand          : 77.7%
2026-08-23 02:53:18  [INFO    ]    With model name     : 77.0%
2026-08-23 02:53:18  [INFO    ]    With province       : 100.0%
2026-08-23 02:53:18  [INFO    ]    With mileage (km)   : 0.0%
2026-08-23 02:53:18  [INFO    ]    With fuel type      : 0.0%
2026-08-23 02:53:18  [INFO    ]    With transmission   : 0.0%
2026-08-23 02:53:18  [INFO    ]    Total Cumulative Unique IDs : 2,211
2026-08-23 02:53:18  [INFO    ]    Phase 1 cumulative volume target met (>= 2,000 unique listings)!
2026-08-23 02:53:18  [INFO    ]  Pipeline complete. 440 listings processed in this batch.
