2026-09-06 07:09:12  [INFO    ]  =================================================================
2026-09-06 07:09:12  [INFO    ]  Starting Bronze Data Ingestion: 2026-09-06T07:09:12.761204+00:00
2026-09-06 07:09:12  [INFO    ]  Config: category=cars-for-sale, province=ALL, max_pages=50, mode=feed_window, enrich_details=True
2026-09-06 07:09:12  [INFO    ]  =================================================================
2026-09-06 07:09:12  [INFO    ]  Cloudflare Worker relay enabled.
2026-09-06 07:09:12  [INFO    ]  [cars-for-sale] Page 1/50  offset=0  collected=0
2026-09-06 07:09:13  [INFO    ]  Fetching details concurrently for 40 listings (workers=4)...
2026-09-06 07:09:23  [INFO    ]  [cars-for-sale] Page 2/50  offset=30  collected=40  total=20035
2026-09-06 07:09:23  [INFO    ]  Fetching details concurrently for 20 listings (workers=4)...
2026-09-06 07:09:28  [INFO    ]  [cars-for-sale] Page 3/50  offset=60  collected=60  total=20035
2026-09-06 07:09:29  [INFO    ]  Fetching details concurrently for 18 listings (workers=4)...
2026-09-06 07:09:33  [INFO    ]  [cars-for-sale] Page 4/50  offset=90  collected=78  total=20035
2026-09-06 07:09:34  [INFO    ]  Fetching details concurrently for 28 listings (workers=4)...
2026-09-06 07:09:40  [INFO    ]  [cars-for-sale] Page 5/50  offset=120  collected=106  total=20035
2026-09-06 07:09:40  [INFO    ]  Fetching details concurrently for 29 listings (workers=4)...
2026-09-06 07:09:46  [INFO    ]  [cars-for-sale] Page 6/50  offset=150  collected=135  total=20035
2026-09-06 07:09:47  [INFO    ]  Fetching details concurrently for 5 listings (workers=4)...
2026-09-06 07:09:49  [INFO    ]  [cars-for-sale] Page 7/50  offset=180  collected=140  total=20035
2026-09-06 07:09:49  [INFO    ]  Fetching details concurrently for 31 listings (workers=4)...
2026-09-06 07:09:55  [INFO    ]  [cars-for-sale] Page 8/50  offset=210  collected=171  total=20035
2026-09-06 07:09:56  [INFO    ]  Fetching details concurrently for 31 listings (workers=4)...
2026-09-06 07:10:04  [INFO    ]  [cars-for-sale] Page 9/50  offset=240  collected=202  total=20035
2026-09-06 07:10:05  [INFO    ]  Fetching details concurrently for 31 listings (workers=4)...
2026-09-06 07:10:11  [INFO    ]  [cars-for-sale] Page 10/50  offset=270  collected=233  total=20035
2026-09-06 07:10:12  [INFO    ]  Fetching details concurrently for 2 listings (workers=4)...
2026-09-06 07:10:14  [INFO    ]  [cars-for-sale] Page 11/50  offset=300  collected=235  total=20035
2026-09-06 07:10:15  [INFO    ]  Fetching details concurrently for 10 listings (workers=4)...
2026-09-06 07:10:18  [INFO    ]  [cars-for-sale] Page 12/50  offset=330  collected=245  total=20035
2026-09-06 07:10:19  [INFO    ]  Fetching details concurrently for 27 listings (workers=4)...
2026-09-06 07:10:25  [INFO    ]  [cars-for-sale] Page 13/50  offset=360  collected=272  total=20035
2026-09-06 07:10:26  [INFO    ]  Fetching details concurrently for 1 listings (workers=4)...
2026-09-06 07:10:27  [INFO    ]  [cars-for-sale] Page 14/50  offset=390  collected=273  total=20035
2026-09-06 07:10:28  [INFO    ]  Fetching details concurrently for 31 listings (workers=4)...
2026-09-06 07:10:34  [INFO    ]  [cars-for-sale] Page 15/50  offset=420  collected=304  total=20035
2026-09-06 07:10:35  [INFO    ]  Fetching details concurrently for 23 listings (workers=4)...
2026-09-06 07:10:39  [INFO    ]  [cars-for-sale] Page 16/50  offset=450  collected=327  total=20035
2026-09-06 07:10:40  [INFO    ]  Fetching details concurrently for 7 listings (workers=4)...
2026-09-06 07:10:42  [INFO    ]  [cars-for-sale] Page 17/50  offset=480  collected=334  total=20035
2026-09-06 07:10:43  [INFO    ]  Fetching details concurrently for 31 listings (workers=4)...
2026-09-06 07:10:49  [INFO    ]  [cars-for-sale] Page 18/50  offset=510  collected=365  total=20035
2026-09-06 07:10:50  [INFO    ]  Fetching details concurrently for 28 listings (workers=4)...
2026-09-06 07:10:55  [INFO    ]  [cars-for-sale] Page 19/50  offset=540  collected=393  total=20035
2026-09-06 07:10:56  [INFO    ]  Fetching details concurrently for 32 listings (workers=4)...
2026-09-06 07:11:03  [INFO    ]  [cars-for-sale] Page 20/50  offset=570  collected=425  total=20035
2026-09-06 07:11:03  [INFO    ]  Fetching details concurrently for 29 listings (workers=4)...
2026-09-06 07:11:10  [INFO    ]  [cars-for-sale] Page 21/50  offset=600  collected=454  total=20035
2026-09-06 07:11:11  [INFO    ]  Fetching details concurrently for 31 listings (workers=4)...
2026-09-06 07:11:18  [INFO    ]  [cars-for-sale] Page 22/50  offset=630  collected=485  total=20035
2026-09-06 07:11:19  [INFO    ]  Fetching details concurrently for 6 listings (workers=4)...
2026-09-06 07:11:21  [INFO    ]  [cars-for-sale] Page 23/50  offset=660  collected=491  total=20035
2026-09-06 07:11:21  [INFO    ]  Fetching details concurrently for 1 listings (workers=4)...
2026-09-06 07:11:23  [INFO    ]  [cars-for-sale] Page 24/50  offset=690  collected=492  total=20035
2026-09-06 07:11:23  [INFO    ]  Fetching details concurrently for 25 listings (workers=4)...
2026-09-06 07:11:29  [INFO    ]  [cars-for-sale] Page 25/50  offset=720  collected=517  total=20035
2026-09-06 07:11:30  [INFO    ]  Fetching details concurrently for 30 listings (workers=4)...
2026-09-06 07:11:36  [INFO    ]  [cars-for-sale] Page 26/50  offset=750  collected=547  total=20035
2026-09-06 07:11:37  [INFO    ]  Fetching details concurrently for 30 listings (workers=4)...
2026-09-06 07:11:43  [INFO    ]  [cars-for-sale] Page 27/50  offset=780  collected=577  total=20035
2026-09-06 07:11:44  [INFO    ]  Fetching details concurrently for 30 listings (workers=4)...
2026-09-06 07:11:49  [INFO    ]  [cars-for-sale] Page 28/50  offset=810  collected=607  total=20035
2026-09-06 07:11:50  [INFO    ]  Fetching details concurrently for 29 listings (workers=4)...
2026-09-06 07:11:57  [INFO    ]  [cars-for-sale] Page 29/50  offset=840  collected=636  total=20035
2026-09-06 07:11:57  [INFO    ]  Fetching details concurrently for 30 listings (workers=4)...
2026-09-06 07:12:04  [INFO    ]  [cars-for-sale] Page 30/50  offset=870  collected=666  total=20035
2026-09-06 07:12:05  [INFO    ]  Fetching details concurrently for 30 listings (workers=4)...
2026-09-06 07:12:11  [INFO    ]  [cars-for-sale] Page 31/50  offset=900  collected=696  total=20035
2026-09-06 07:12:11  [INFO    ]  Fetching details concurrently for 27 listings (workers=4)...
2026-09-06 07:12:17  [INFO    ]  [cars-for-sale] Page 32/50  offset=930  collected=723  total=20035
2026-09-06 07:12:18  [INFO    ]  Fetching details concurrently for 31 listings (workers=4)...
2026-09-06 07:12:25  [INFO    ]  [cars-for-sale] Page 33/50  offset=960  collected=754  total=20035
2026-09-06 07:12:26  [INFO    ]  Fetching details concurrently for 30 listings (workers=4)...
2026-09-06 07:12:32  [INFO    ]  [cars-for-sale] Page 34/50  offset=990  collected=784  total=20035
2026-09-06 07:12:32  [INFO    ]  Fetching details concurrently for 25 listings (workers=4)...
2026-09-06 07:12:39  [INFO    ]  [cars-for-sale] Page 35/50  offset=1020  collected=809  total=20035
2026-09-06 07:12:40  [INFO    ]  [cars-for-sale] Page 36/50  offset=1050  collected=809  total=20035
2026-09-06 07:12:40  [INFO    ]  Fetching details concurrently for 8 listings (workers=4)...
2026-09-06 07:12:42  [INFO    ]  [cars-for-sale] Page 37/50  offset=1080  collected=817  total=20035
2026-09-06 07:12:43  [INFO    ]  Fetching details concurrently for 30 listings (workers=4)...
2026-09-06 07:12:49  [INFO    ]  [cars-for-sale] Page 38/50  offset=1110  collected=847  total=20035
2026-09-06 07:12:50  [INFO    ]  Fetching details concurrently for 26 listings (workers=4)...
2026-09-06 07:12:55  [INFO    ]  [cars-for-sale] Page 39/50  offset=1140  collected=873  total=20035
2026-09-06 07:12:56  [INFO    ]  Fetching details concurrently for 30 listings (workers=4)...
2026-09-06 07:13:03  [INFO    ]  [cars-for-sale] Page 40/50  offset=1170  collected=903  total=20035
2026-09-06 07:13:04  [INFO    ]  Fetching details concurrently for 31 listings (workers=4)...
2026-09-06 07:13:11  [INFO    ]  [cars-for-sale] Page 41/50  offset=1200  collected=934  total=20035
2026-09-06 07:13:12  [INFO    ]  Fetching details concurrently for 30 listings (workers=4)...
2026-09-06 07:13:18  [INFO    ]  [cars-for-sale] Page 42/50  offset=1230  collected=964  total=20035
2026-09-06 07:13:19  [INFO    ]  Fetching details concurrently for 27 listings (workers=4)...
2026-09-06 07:13:26  [INFO    ]  [cars-for-sale] Page 43/50  offset=1260  collected=991  total=20035
2026-09-06 07:13:27  [INFO    ]  Fetching details concurrently for 31 listings (workers=4)...
2026-09-06 07:13:35  [INFO    ]  [cars-for-sale] Page 44/50  offset=1290  collected=1022  total=20035
2026-09-06 07:13:36  [INFO    ]  Fetching details concurrently for 30 listings (workers=4)...
2026-09-06 07:13:42  [INFO    ]  [cars-for-sale] Page 45/50  offset=1320  collected=1052  total=20035
2026-09-06 07:13:43  [INFO    ]  Fetching details concurrently for 30 listings (workers=4)...
2026-09-06 07:13:49  [INFO    ]  [cars-for-sale] Page 46/50  offset=1350  collected=1082  total=20035
2026-09-06 07:13:50  [INFO    ]  Fetching details concurrently for 29 listings (workers=4)...
2026-09-06 07:13:56  [INFO    ]  [cars-for-sale] Page 47/50  offset=1380  collected=1111  total=20035
2026-09-06 07:13:57  [INFO    ]  Fetching details concurrently for 30 listings (workers=4)...
2026-09-06 07:14:03  [INFO    ]  [cars-for-sale] Page 48/50  offset=1410  collected=1141  total=20035
2026-09-06 07:14:04  [INFO    ]  Fetching details concurrently for 31 listings (workers=4)...
2026-09-06 07:14:11  [INFO    ]  [cars-for-sale] Page 49/50  offset=1440  collected=1172  total=20035
2026-09-06 07:14:12  [INFO    ]  Fetching details concurrently for 30 listings (workers=4)...
2026-09-06 07:14:17  [INFO    ]  [cars-for-sale] Page 50/50  offset=1470  collected=1202  total=20035
2026-09-06 07:14:18  [INFO    ]  Fetching details concurrently for 28 listings (workers=4)...
2026-09-06 07:14:26  [INFO    ]  Scrape complete. Collected 1230 records in this batch.
2026-09-06 07:14:26  [INFO    ]  Extraction complete in 313.46s: 1,230 total listings collected.
2026-09-06 07:14:26  [INFO    ]  Batch summary: 1,230 total listings collected (399 new IDs, 831 recurring/tracked IDs).
2026-09-06 07:14:26  [INFO    ]  Saved 1230 raw records to Parquet -> data/bronze/cars_2026-09-06.parquet
2026-09-06 07:14:26  [INFO    ]  Saved 1230 full raw records from today's run to CSV -> data/bronze/khmer24_cars.csv
2026-09-06 07:14:26  [INFO    ]  Saved ingestion run manifest -> data/bronze/ingestion_manifest.json
2026-09-06 07:14:26  [INFO    ]  Bronze Parquet -> data/bronze/cars_2026-09-06.parquet
2026-09-06 07:14:26  [INFO    ]  Full Run CSV   -> data/bronze/khmer24_cars.csv
2026-09-06 07:14:26  [INFO    ]  Manifest       -> data/bronze/ingestion_manifest.json
2026-09-06 07:14:26  [INFO    ]  ┌────────────────────────────────────────────────────┐
2026-09-06 07:14:26  [INFO    ]  │  BRONZE INGESTION QUALITY SUMMARY (1,230 records)  │
2026-09-06 07:14:26  [INFO    ]  ├────────────────────────────────────┬───────────────┤
2026-09-06 07:14:26  [INFO    ]  │  Price Field Coverage              │  100.0%       │
2026-09-06 07:14:26  [INFO    ]  │  Brand Field Coverage              │  100.0%       │
2026-09-06 07:14:26  [INFO    ]  │  Model Field Coverage              │   99.0%       │
2026-09-06 07:14:26  [INFO    ]  │  Year Field Coverage               │   99.8%       │
2026-09-06 07:14:26  [INFO    ]  │  Province Field Coverage           │  100.0%       │
2026-09-06 07:14:26  [INFO    ]  │  Mileage Field Coverage            │    0.0%       │
2026-09-06 07:14:26  [INFO    ]  │  Transmission Field Coverage       │   86.3%       │
2026-09-06 07:14:26  [INFO    ]  │  Fuel Type Field Coverage          │   87.9%       │
2026-09-06 07:14:26  [INFO    ]  │  Detail Enrichment Rate            │  100.0%       │
2026-09-06 07:14:26  [INFO    ]  ├────────────────────────────────────┴───────────────┤
2026-09-06 07:14:26  [INFO    ]  │  Cumulative Unique Marketplace IDs :  4,361              │
2026-09-06 07:14:26  [INFO    ]  └────────────────────────────────────────────────────┘
2026-09-06 07:14:26  [INFO    ]  EL stage complete. 1,230 listings processed in this batch.
