2026-09-10 07:20:17  [INFO    ]  =================================================================
2026-09-10 07:20:17  [INFO    ]  Starting Bronze Data Ingestion: 2026-09-10T07:20:17.907887+00:00
2026-09-10 07:20:17  [INFO    ]  Config: category=cars-for-sale, province=ALL, max_pages=50, mode=feed_window, enrich_details=True
2026-09-10 07:20:17  [INFO    ]  =================================================================
2026-09-10 07:20:17  [INFO    ]  Cloudflare Worker relay enabled.
2026-09-10 07:20:17  [INFO    ]  [cars-for-sale] Page 1/50  offset=0  collected=0
2026-09-10 07:20:19  [INFO    ]  Fetching details concurrently for 40 listings (workers=4)...
2026-09-10 07:20:29  [INFO    ]  [cars-for-sale] Page 2/50  offset=30  collected=40  total=19934
2026-09-10 07:20:30  [INFO    ]  Fetching details concurrently for 22 listings (workers=4)...
2026-09-10 07:20:35  [INFO    ]  [cars-for-sale] Page 3/50  offset=60  collected=62  total=19934
2026-09-10 07:20:36  [INFO    ]  Fetching details concurrently for 25 listings (workers=4)...
2026-09-10 07:20:43  [INFO    ]  [cars-for-sale] Page 4/50  offset=90  collected=87  total=19934
2026-09-10 07:20:44  [INFO    ]  Fetching details concurrently for 12 listings (workers=4)...
2026-09-10 07:20:48  [INFO    ]  [cars-for-sale] Page 5/50  offset=120  collected=99  total=19934
2026-09-10 07:20:49  [INFO    ]  Fetching details concurrently for 30 listings (workers=4)...
2026-09-10 07:21:02  [INFO    ]  [cars-for-sale] Page 6/50  offset=150  collected=129  total=19934
2026-09-10 07:21:03  [INFO    ]  Fetching details concurrently for 31 listings (workers=4)...
2026-09-10 07:21:09  [INFO    ]  [cars-for-sale] Page 7/50  offset=180  collected=160  total=19934
2026-09-10 07:21:10  [INFO    ]  Fetching details concurrently for 2 listings (workers=4)...
2026-09-10 07:21:12  [INFO    ]  [cars-for-sale] Page 8/50  offset=210  collected=162  total=19934
2026-09-10 07:21:12  [INFO    ]  Fetching details concurrently for 2 listings (workers=4)...
2026-09-10 07:21:14  [INFO    ]  [cars-for-sale] Page 9/50  offset=240  collected=164  total=19934
2026-09-10 07:21:15  [INFO    ]  Fetching details concurrently for 32 listings (workers=4)...
2026-09-10 07:21:23  [INFO    ]  [cars-for-sale] Page 10/50  offset=270  collected=196  total=19934
2026-09-10 07:21:23  [INFO    ]  Fetching details concurrently for 31 listings (workers=4)...
2026-09-10 07:21:32  [INFO    ]  [cars-for-sale] Page 11/50  offset=300  collected=227  total=19934
2026-09-10 07:21:33  [INFO    ]  Fetching details concurrently for 32 listings (workers=4)...
2026-09-10 07:21:41  [INFO    ]  [cars-for-sale] Page 12/50  offset=330  collected=259  total=19934
2026-09-10 07:21:41  [INFO    ]  Fetching details concurrently for 33 listings (workers=4)...
2026-09-10 07:21:51  [INFO    ]  [cars-for-sale] Page 13/50  offset=360  collected=292  total=19934
2026-09-10 07:21:52  [INFO    ]  Fetching details concurrently for 17 listings (workers=4)...
2026-09-10 07:21:56  [INFO    ]  [cars-for-sale] Page 14/50  offset=390  collected=309  total=19934
2026-09-10 07:21:57  [INFO    ]  Fetching details concurrently for 30 listings (workers=4)...
2026-09-10 07:22:04  [INFO    ]  [cars-for-sale] Page 15/50  offset=420  collected=339  total=19934
2026-09-10 07:22:04  [INFO    ]  Fetching details concurrently for 30 listings (workers=4)...
2026-09-10 07:22:13  [INFO    ]  [cars-for-sale] Page 16/50  offset=450  collected=369  total=19934
2026-09-10 07:22:14  [INFO    ]  Fetching details concurrently for 27 listings (workers=4)...
2026-09-10 07:22:20  [INFO    ]  [cars-for-sale] Page 17/50  offset=480  collected=396  total=19934
2026-09-10 07:22:21  [INFO    ]  Fetching details concurrently for 30 listings (workers=4)...
2026-09-10 07:22:27  [INFO    ]  [cars-for-sale] Page 18/50  offset=510  collected=426  total=19934
2026-09-10 07:22:28  [INFO    ]  Fetching details concurrently for 31 listings (workers=4)...
2026-09-10 07:22:37  [INFO    ]  [cars-for-sale] Page 19/50  offset=540  collected=457  total=19934
2026-09-10 07:22:38  [INFO    ]  Fetching details concurrently for 3 listings (workers=4)...
2026-09-10 07:22:41  [INFO    ]  [cars-for-sale] Page 20/50  offset=570  collected=460  total=19934
2026-09-10 07:22:42  [INFO    ]  Fetching details concurrently for 30 listings (workers=4)...
2026-09-10 07:22:48  [INFO    ]  [cars-for-sale] Page 21/50  offset=600  collected=490  total=19934
2026-09-10 07:22:49  [INFO    ]  Fetching details concurrently for 29 listings (workers=4)...
2026-09-10 07:22:56  [INFO    ]  [cars-for-sale] Page 22/50  offset=630  collected=519  total=19934
2026-09-10 07:22:57  [INFO    ]  Fetching details concurrently for 29 listings (workers=4)...
2026-09-10 07:23:04  [INFO    ]  [cars-for-sale] Page 23/50  offset=660  collected=548  total=19934
2026-09-10 07:23:05  [INFO    ]  Fetching details concurrently for 30 listings (workers=4)...
2026-09-10 07:23:12  [INFO    ]  [cars-for-sale] Page 24/50  offset=690  collected=578  total=19934
2026-09-10 07:23:13  [INFO    ]  Fetching details concurrently for 21 listings (workers=4)...
2026-09-10 07:23:18  [INFO    ]  [cars-for-sale] Page 25/50  offset=720  collected=599  total=19934
2026-09-10 07:23:19  [INFO    ]  Fetching details concurrently for 24 listings (workers=4)...
2026-09-10 07:23:25  [INFO    ]  [cars-for-sale] Page 26/50  offset=750  collected=623  total=19934
2026-09-10 07:23:26  [INFO    ]  Fetching details concurrently for 31 listings (workers=4)...
2026-09-10 07:23:33  [INFO    ]  [cars-for-sale] Page 27/50  offset=780  collected=654  total=19934
2026-09-10 07:23:34  [INFO    ]  Fetching details concurrently for 31 listings (workers=4)...
2026-09-10 07:23:43  [INFO    ]  [cars-for-sale] Page 28/50  offset=810  collected=685  total=19934
2026-09-10 07:23:44  [INFO    ]  Fetching details concurrently for 30 listings (workers=4)...
2026-09-10 07:23:50  [INFO    ]  [cars-for-sale] Page 29/50  offset=840  collected=715  total=19934
2026-09-10 07:23:51  [INFO    ]  Fetching details concurrently for 25 listings (workers=4)...
2026-09-10 07:23:57  [INFO    ]  [cars-for-sale] Page 30/50  offset=870  collected=740  total=19934
2026-09-10 07:23:58  [INFO    ]  Fetching details concurrently for 9 listings (workers=4)...
2026-09-10 07:24:02  [INFO    ]  [cars-for-sale] Page 31/50  offset=900  collected=749  total=19934
2026-09-10 07:24:03  [INFO    ]  Fetching details concurrently for 28 listings (workers=4)...
2026-09-10 07:24:09  [INFO    ]  [cars-for-sale] Page 32/50  offset=930  collected=777  total=19934
2026-09-10 07:24:10  [INFO    ]  Fetching details concurrently for 8 listings (workers=4)...
2026-09-10 07:24:13  [INFO    ]  [cars-for-sale] Page 33/50  offset=960  collected=785  total=19934
2026-09-10 07:24:14  [INFO    ]  Fetching details concurrently for 31 listings (workers=4)...
2026-09-10 07:24:20  [INFO    ]  [cars-for-sale] Page 34/50  offset=990  collected=816  total=19934
2026-09-10 07:24:21  [INFO    ]  Fetching details concurrently for 30 listings (workers=4)...
2026-09-10 07:24:30  [INFO    ]  [cars-for-sale] Page 35/50  offset=1020  collected=846  total=19934
2026-09-10 07:24:31  [INFO    ]  Fetching details concurrently for 30 listings (workers=4)...
2026-09-10 07:24:39  [INFO    ]  [cars-for-sale] Page 36/50  offset=1050  collected=876  total=19934
2026-09-10 07:24:39  [INFO    ]  Fetching details concurrently for 25 listings (workers=4)...
2026-09-10 07:24:45  [INFO    ]  [cars-for-sale] Page 37/50  offset=1080  collected=901  total=19934
2026-09-10 07:24:46  [INFO    ]  Fetching details concurrently for 30 listings (workers=4)...
2026-09-10 07:24:53  [INFO    ]  [cars-for-sale] Page 38/50  offset=1110  collected=931  total=19934
2026-09-10 07:24:53  [INFO    ]  Fetching details concurrently for 30 listings (workers=4)...
2026-09-10 07:25:02  [INFO    ]  [cars-for-sale] Page 39/50  offset=1140  collected=961  total=19934
2026-09-10 07:25:03  [INFO    ]  Fetching details concurrently for 30 listings (workers=4)...
2026-09-10 07:25:13  [INFO    ]  [cars-for-sale] Page 40/50  offset=1170  collected=991  total=19934
2026-09-10 07:25:14  [INFO    ]  Fetching details concurrently for 21 listings (workers=4)...
2026-09-10 07:25:19  [INFO    ]  [cars-for-sale] Page 41/50  offset=1200  collected=1012  total=19934
2026-09-10 07:25:20  [INFO    ]  Fetching details concurrently for 30 listings (workers=4)...
2026-09-10 07:25:30  [INFO    ]  [cars-for-sale] Page 42/50  offset=1230  collected=1042  total=19934
2026-09-10 07:25:31  [INFO    ]  Fetching details concurrently for 31 listings (workers=4)...
2026-09-10 07:25:38  [INFO    ]  [cars-for-sale] Page 43/50  offset=1260  collected=1073  total=19934
2026-09-10 07:25:39  [INFO    ]  Fetching details concurrently for 31 listings (workers=4)...
2026-09-10 07:25:47  [INFO    ]  [cars-for-sale] Page 44/50  offset=1290  collected=1104  total=19934
2026-09-10 07:25:48  [INFO    ]  Fetching details concurrently for 30 listings (workers=4)...
2026-09-10 07:25:56  [INFO    ]  [cars-for-sale] Page 45/50  offset=1320  collected=1134  total=19934
2026-09-10 07:25:57  [INFO    ]  Fetching details concurrently for 18 listings (workers=4)...
2026-09-10 07:26:03  [INFO    ]  [cars-for-sale] Page 46/50  offset=1350  collected=1152  total=19934
2026-09-10 07:26:05  [INFO    ]  [cars-for-sale] Page 47/50  offset=1380  collected=1152  total=19934
2026-09-10 07:26:06  [INFO    ]  Fetching details concurrently for 14 listings (workers=4)...
2026-09-10 07:26:10  [INFO    ]  [cars-for-sale] Page 48/50  offset=1410  collected=1166  total=19934
2026-09-10 07:26:11  [INFO    ]  Fetching details concurrently for 26 listings (workers=4)...
2026-09-10 07:26:17  [INFO    ]  [cars-for-sale] Page 49/50  offset=1440  collected=1192  total=19934
2026-09-10 07:26:18  [INFO    ]  Fetching details concurrently for 30 listings (workers=4)...
2026-09-10 07:26:26  [INFO    ]  [cars-for-sale] Page 50/50  offset=1470  collected=1222  total=19934
2026-09-10 07:26:26  [INFO    ]  Fetching details concurrently for 31 listings (workers=4)...
2026-09-10 07:26:36  [INFO    ]  Scrape complete. Collected 1253 records in this batch.
2026-09-10 07:26:36  [INFO    ]  Extraction complete in 378.44s: 1,253 total listings collected.
2026-09-10 07:26:36  [INFO    ]  Batch summary: 1,253 total listings collected (390 new IDs, 863 recurring/tracked IDs).
2026-09-10 07:26:36  [INFO    ]  Saved 1253 raw records to Parquet -> data/bronze/cars_2026-09-10.parquet
2026-09-10 07:26:36  [INFO    ]  Saved 1253 full raw records from today's run to CSV -> data/bronze/khmer24_cars.csv
2026-09-10 07:26:36  [INFO    ]  Saved ingestion run manifest -> data/bronze/ingestion_manifest.json
2026-09-10 07:26:36  [INFO    ]  Bronze Parquet -> data/bronze/cars_2026-09-10.parquet
2026-09-10 07:26:36  [INFO    ]  Full Run CSV   -> data/bronze/khmer24_cars.csv
2026-09-10 07:26:36  [INFO    ]  Manifest       -> data/bronze/ingestion_manifest.json
2026-09-10 07:26:36  [INFO    ]  ┌────────────────────────────────────────────────────┐
2026-09-10 07:26:36  [INFO    ]  │  BRONZE INGESTION QUALITY SUMMARY (1,253 records)  │
2026-09-10 07:26:36  [INFO    ]  ├────────────────────────────────────┬───────────────┤
2026-09-10 07:26:36  [INFO    ]  │  Price Field Coverage              │  100.0%       │
2026-09-10 07:26:36  [INFO    ]  │  Brand Field Coverage              │  100.0%       │
2026-09-10 07:26:36  [INFO    ]  │  Model Field Coverage              │   98.9%       │
2026-09-10 07:26:36  [INFO    ]  │  Year Field Coverage               │   99.6%       │
2026-09-10 07:26:36  [INFO    ]  │  Province Field Coverage           │  100.0%       │
2026-09-10 07:26:36  [INFO    ]  │  Mileage Field Coverage            │    0.0%       │
2026-09-10 07:26:36  [INFO    ]  │  Transmission Field Coverage       │   88.4%       │
2026-09-10 07:26:36  [INFO    ]  │  Fuel Type Field Coverage          │   88.7%       │
2026-09-10 07:26:36  [INFO    ]  │  Detail Enrichment Rate            │  100.0%       │
2026-09-10 07:26:36  [INFO    ]  ├────────────────────────────────────┴───────────────┤
2026-09-10 07:26:36  [INFO    ]  │  Cumulative Unique Marketplace IDs :  6,118              │
2026-09-10 07:26:36  [INFO    ]  └────────────────────────────────────────────────────┘
2026-09-10 07:26:36  [INFO    ]  EL stage complete. 1,253 listings processed in this batch.
