2026-09-30 08:37:15  [INFO    ]  =================================================================
2026-09-30 08:37:15  [INFO    ]  Starting Bronze Data Ingestion: 2026-09-30T08:37:15.748200+00:00
2026-09-30 08:37:15  [INFO    ]  Config: category=cars-for-sale, province=ALL, max_pages=50, mode=feed_window, enrich_details=True
2026-09-30 08:37:15  [INFO    ]  =================================================================
2026-09-30 08:37:15  [INFO    ]  [cars-for-sale] Page 1/50  offset=0  collected=0
2026-09-30 08:37:17  [INFO    ]  Fetching details concurrently for 40 listings (workers=4)...
2026-09-30 08:37:24  [INFO    ]  [cars-for-sale] Page 2/50  offset=30  collected=40  total=19651
2026-09-30 08:37:25  [INFO    ]  Fetching details concurrently for 30 listings (workers=4)...
2026-09-30 08:37:29  [INFO    ]  [cars-for-sale] Page 3/50  offset=60  collected=70  total=19651
2026-09-30 08:37:30  [INFO    ]  Fetching details concurrently for 12 listings (workers=4)...
2026-09-30 08:37:32  [INFO    ]  [cars-for-sale] Page 4/50  offset=90  collected=82  total=19651
2026-09-30 08:37:33  [INFO    ]  Fetching details concurrently for 26 listings (workers=4)...
2026-09-30 08:37:37  [INFO    ]  [cars-for-sale] Page 5/50  offset=120  collected=108  total=19651
2026-09-30 08:37:38  [INFO    ]  Fetching details concurrently for 30 listings (workers=4)...
2026-09-30 08:37:44  [INFO    ]  [cars-for-sale] Page 6/50  offset=150  collected=138  total=19651
2026-09-30 08:37:45  [INFO    ]  Fetching details concurrently for 31 listings (workers=4)...
2026-09-30 08:37:49  [INFO    ]  [cars-for-sale] Page 7/50  offset=180  collected=169  total=19651
2026-09-30 08:37:50  [INFO    ]  Fetching details concurrently for 13 listings (workers=4)...
2026-09-30 08:37:53  [INFO    ]  [cars-for-sale] Page 8/50  offset=210  collected=182  total=19651
2026-09-30 08:37:54  [INFO    ]  Fetching details concurrently for 30 listings (workers=4)...
2026-09-30 08:37:58  [INFO    ]  [cars-for-sale] Page 9/50  offset=240  collected=212  total=19651
2026-09-30 08:37:59  [INFO    ]  Fetching details concurrently for 31 listings (workers=4)...
2026-09-30 08:38:03  [INFO    ]  [cars-for-sale] Page 10/50  offset=270  collected=243  total=19651
2026-09-30 08:38:04  [INFO    ]  Fetching details concurrently for 22 listings (workers=4)...
2026-09-30 08:38:08  [INFO    ]  [cars-for-sale] Page 11/50  offset=300  collected=265  total=19651
2026-09-30 08:38:09  [INFO    ]  Fetching details concurrently for 8 listings (workers=4)...
2026-09-30 08:38:10  [INFO    ]  [cars-for-sale] Page 12/50  offset=330  collected=273  total=19651
2026-09-30 08:38:12  [INFO    ]  [cars-for-sale] Page 13/50  offset=360  collected=273  total=19651
2026-09-30 08:38:12  [INFO    ]  Fetching details concurrently for 25 listings (workers=4)...
2026-09-30 08:38:16  [INFO    ]  [cars-for-sale] Page 14/50  offset=390  collected=298  total=19651
2026-09-30 08:38:17  [INFO    ]  Fetching details concurrently for 30 listings (workers=4)...
2026-09-30 08:38:22  [INFO    ]  [cars-for-sale] Page 15/50  offset=420  collected=328  total=19651
2026-09-30 08:38:23  [INFO    ]  Fetching details concurrently for 24 listings (workers=4)...
2026-09-30 08:38:26  [INFO    ]  [cars-for-sale] Page 16/50  offset=450  collected=352  total=19651
2026-09-30 08:38:27  [INFO    ]  Fetching details concurrently for 31 listings (workers=4)...
2026-09-30 08:38:36  [INFO    ]  [cars-for-sale] Page 17/50  offset=480  collected=383  total=19651
2026-09-30 08:38:37  [INFO    ]  Fetching details concurrently for 30 listings (workers=4)...
2026-09-30 08:38:41  [INFO    ]  [cars-for-sale] Page 18/50  offset=510  collected=413  total=19651
2026-09-30 08:38:42  [INFO    ]  Fetching details concurrently for 1 listings (workers=4)...
2026-09-30 08:38:43  [INFO    ]  [cars-for-sale] Page 19/50  offset=540  collected=414  total=19651
2026-09-30 08:38:44  [INFO    ]  Fetching details concurrently for 30 listings (workers=4)...
2026-09-30 08:38:49  [INFO    ]  [cars-for-sale] Page 20/50  offset=570  collected=444  total=19651
2026-09-30 08:38:50  [INFO    ]  Fetching details concurrently for 30 listings (workers=4)...
2026-09-30 08:38:55  [INFO    ]  [cars-for-sale] Page 21/50  offset=600  collected=474  total=19651
2026-09-30 08:38:56  [INFO    ]  [cars-for-sale] Page 22/50  offset=630  collected=474  total=19651
2026-09-30 08:38:57  [INFO    ]  Fetching details concurrently for 30 listings (workers=4)...
2026-09-30 08:39:01  [INFO    ]  [cars-for-sale] Page 23/50  offset=660  collected=504  total=19651
2026-09-30 08:39:02  [INFO    ]  Fetching details concurrently for 31 listings (workers=4)...
2026-09-30 08:39:07  [INFO    ]  [cars-for-sale] Page 24/50  offset=690  collected=535  total=19651
2026-09-30 08:39:08  [INFO    ]  Fetching details concurrently for 15 listings (workers=4)...
2026-09-30 08:39:11  [INFO    ]  [cars-for-sale] Page 25/50  offset=720  collected=550  total=19651
2026-09-30 08:39:12  [INFO    ]  Fetching details concurrently for 10 listings (workers=4)...
2026-09-30 08:39:14  [INFO    ]  [cars-for-sale] Page 26/50  offset=750  collected=560  total=19651
2026-09-30 08:39:15  [INFO    ]  Fetching details concurrently for 30 listings (workers=4)...
2026-09-30 08:39:20  [INFO    ]  [cars-for-sale] Page 27/50  offset=780  collected=590  total=19651
2026-09-30 08:39:21  [INFO    ]  Fetching details concurrently for 31 listings (workers=4)...
2026-09-30 08:39:25  [INFO    ]  [cars-for-sale] Page 28/50  offset=810  collected=621  total=19651
2026-09-30 08:39:26  [INFO    ]  Fetching details concurrently for 32 listings (workers=4)...
2026-09-30 08:39:30  [INFO    ]  [cars-for-sale] Page 29/50  offset=840  collected=653  total=19651
2026-09-30 08:39:31  [INFO    ]  Fetching details concurrently for 30 listings (workers=4)...
2026-09-30 08:39:37  [INFO    ]  [cars-for-sale] Page 30/50  offset=870  collected=683  total=19651
2026-09-30 08:39:38  [INFO    ]  Fetching details concurrently for 30 listings (workers=4)...
2026-09-30 08:39:42  [INFO    ]  [cars-for-sale] Page 31/50  offset=900  collected=713  total=19651
2026-09-30 08:39:43  [INFO    ]  Fetching details concurrently for 29 listings (workers=4)...
2026-09-30 08:39:47  [INFO    ]  [cars-for-sale] Page 32/50  offset=930  collected=742  total=19651
2026-09-30 08:39:48  [INFO    ]  Fetching details concurrently for 30 listings (workers=4)...
2026-09-30 08:39:52  [INFO    ]  [cars-for-sale] Page 33/50  offset=960  collected=772  total=19651
2026-09-30 08:39:53  [INFO    ]  Fetching details concurrently for 31 listings (workers=4)...
2026-09-30 08:39:57  [INFO    ]  [cars-for-sale] Page 34/50  offset=990  collected=803  total=19651
2026-09-30 08:39:58  [INFO    ]  Fetching details concurrently for 30 listings (workers=4)...
2026-09-30 08:40:03  [INFO    ]  [cars-for-sale] Page 35/50  offset=1020  collected=833  total=19651
2026-09-30 08:40:04  [INFO    ]  Fetching details concurrently for 31 listings (workers=4)...
2026-09-30 08:40:09  [INFO    ]  [cars-for-sale] Page 36/50  offset=1050  collected=864  total=19651
2026-09-30 08:40:10  [INFO    ]  [cars-for-sale] Page 37/50  offset=1080  collected=864  total=19651
2026-09-30 08:40:11  [INFO    ]  Fetching details concurrently for 1 listings (workers=4)...
2026-09-30 08:40:12  [INFO    ]  [cars-for-sale] Page 38/50  offset=1110  collected=865  total=19651
2026-09-30 08:40:13  [INFO    ]  Fetching details concurrently for 22 listings (workers=4)...
2026-09-30 08:40:16  [INFO    ]  [cars-for-sale] Page 39/50  offset=1140  collected=887  total=19651
2026-09-30 08:40:17  [INFO    ]  Fetching details concurrently for 30 listings (workers=4)...
2026-09-30 08:40:22  [INFO    ]  [cars-for-sale] Page 40/50  offset=1170  collected=917  total=19651
2026-09-30 08:40:23  [INFO    ]  Fetching details concurrently for 30 listings (workers=4)...
2026-09-30 08:40:27  [INFO    ]  [cars-for-sale] Page 41/50  offset=1200  collected=947  total=19651
2026-09-30 08:40:28  [INFO    ]  Fetching details concurrently for 30 listings (workers=4)...
2026-09-30 08:40:34  [INFO    ]  [cars-for-sale] Page 42/50  offset=1230  collected=977  total=19651
2026-09-30 08:40:35  [INFO    ]  Fetching details concurrently for 29 listings (workers=4)...
2026-09-30 08:40:39  [INFO    ]  [cars-for-sale] Page 43/50  offset=1260  collected=1006  total=19651
2026-09-30 08:40:40  [INFO    ]  Fetching details concurrently for 30 listings (workers=4)...
2026-09-30 08:40:45  [INFO    ]  [cars-for-sale] Page 44/50  offset=1290  collected=1036  total=19651
2026-09-30 08:40:46  [INFO    ]  Fetching details concurrently for 30 listings (workers=4)...
2026-09-30 08:40:51  [INFO    ]  [cars-for-sale] Page 45/50  offset=1320  collected=1066  total=19651
2026-09-30 08:40:52  [INFO    ]  Fetching details concurrently for 31 listings (workers=4)...
2026-09-30 08:40:56  [INFO    ]  [cars-for-sale] Page 46/50  offset=1350  collected=1097  total=19651
2026-09-30 08:40:57  [INFO    ]  Fetching details concurrently for 30 listings (workers=4)...
2026-09-30 08:41:01  [INFO    ]  [cars-for-sale] Page 47/50  offset=1380  collected=1127  total=19651
2026-09-30 08:41:02  [INFO    ]  Fetching details concurrently for 31 listings (workers=4)...
2026-09-30 08:41:06  [INFO    ]  [cars-for-sale] Page 48/50  offset=1410  collected=1158  total=19651
2026-09-30 08:41:07  [INFO    ]  Fetching details concurrently for 30 listings (workers=4)...
2026-09-30 08:41:12  [INFO    ]  [cars-for-sale] Page 49/50  offset=1440  collected=1188  total=19651
2026-09-30 08:41:13  [INFO    ]  Fetching details concurrently for 30 listings (workers=4)...
2026-09-30 08:41:18  [INFO    ]  [cars-for-sale] Page 50/50  offset=1470  collected=1218  total=19651
2026-09-30 08:41:19  [INFO    ]  Fetching details concurrently for 30 listings (workers=4)...
2026-09-30 08:41:23  [INFO    ]  Scrape complete. Collected 1248 records in this batch.
2026-09-30 08:41:23  [INFO    ]  Extraction complete in 248.06s: 1,248 total listings collected.
2026-09-30 08:41:23  [INFO    ]  Batch summary: 1,248 total listings collected (319 new unique IDs, 929 recurring/tracked IDs).
2026-09-30 08:41:23  [INFO    ]  Saved 1248 raw records to Parquet -> data/bronze/cars_2026-09-30.parquet
2026-09-30 08:41:23  [INFO    ]  Saved 1248 full raw records from today's run to CSV -> data/bronze/khmer24_cars.csv
2026-09-30 08:41:23  [INFO    ]  Saved ingestion run manifest -> data/bronze/ingestion_manifest.json
2026-09-30 08:41:23  [INFO    ]  Bronze Parquet -> data/bronze/cars_2026-09-30.parquet
2026-09-30 08:41:23  [INFO    ]  Full Run CSV   -> data/bronze/khmer24_cars.csv
2026-09-30 08:41:23  [INFO    ]  Manifest       -> data/bronze/ingestion_manifest.json
2026-09-30 08:41:23  [INFO    ]  ┌────────────────────────────────────────────────────┐
2026-09-30 08:41:23  [INFO    ]  │  BRONZE INGESTION QUALITY SUMMARY (1,248 records)  │
2026-09-30 08:41:23  [INFO    ]  ├────────────────────────────────────┬───────────────┤
2026-09-30 08:41:23  [INFO    ]  │  Price Field Coverage              │  100.0%       │
2026-09-30 08:41:23  [INFO    ]  │  Brand Field Coverage              │   99.9%       │
2026-09-30 08:41:23  [INFO    ]  │  Model Field Coverage              │   99.4%       │
2026-09-30 08:41:23  [INFO    ]  │  Year Field Coverage               │  100.0%       │
2026-09-30 08:41:23  [INFO    ]  │  Province Field Coverage           │  100.0%       │
2026-09-30 08:41:23  [INFO    ]  │  Mileage Field Coverage            │    0.0%       │
2026-09-30 08:41:23  [INFO    ]  │  Transmission Field Coverage       │   86.8%       │
2026-09-30 08:41:23  [INFO    ]  │  Fuel Type Field Coverage          │   87.7%       │
2026-09-30 08:41:23  [INFO    ]  │  Detail Enrichment Rate            │  100.0%       │
2026-09-30 08:41:23  [INFO    ]  ├────────────────────────────────────┴───────────────┤
2026-09-30 08:41:23  [INFO    ]  │  Cumulative Unique Marketplace IDs :  13,810             │
2026-09-30 08:41:23  [INFO    ]  └────────────────────────────────────────────────────┘
2026-09-30 08:41:23  [INFO    ]  EL stage complete. 1,248 listings processed in this batch.
