2026-09-04 07:15:54  [INFO    ]  =================================================================
2026-09-04 07:15:54  [INFO    ]  Starting Bronze Data Ingestion: 2026-09-04T07:15:54.772747+00:00
2026-09-04 07:15:54  [INFO    ]  Config: category=cars-for-sale, province=ALL, max_pages=50, mode=feed_window, enrich_details=True
2026-09-04 07:15:54  [INFO    ]  =================================================================
2026-09-04 07:15:54  [INFO    ]  Cloudflare Worker relay enabled.
2026-09-04 07:15:54  [INFO    ]  [cars-for-sale] Page 1/50  offset=0  collected=0
2026-09-04 07:15:56  [INFO    ]  Fetching details concurrently for 40 listings (workers=4)...
2026-09-04 07:16:07  [INFO    ]  [cars-for-sale] Page 2/50  offset=30  collected=40  total=20144
2026-09-04 07:16:08  [INFO    ]  Fetching details concurrently for 23 listings (workers=4)...
2026-09-04 07:16:16  [INFO    ]  [cars-for-sale] Page 3/50  offset=60  collected=63  total=20144
2026-09-04 07:16:17  [INFO    ]  Fetching details concurrently for 14 listings (workers=4)...
2026-09-04 07:16:22  [INFO    ]  [cars-for-sale] Page 4/50  offset=90  collected=77  total=20144
2026-09-04 07:16:23  [INFO    ]  Fetching details concurrently for 22 listings (workers=4)...
2026-09-04 07:16:29  [INFO    ]  [cars-for-sale] Page 5/50  offset=120  collected=99  total=20144
2026-09-04 07:16:30  [INFO    ]  Fetching details concurrently for 31 listings (workers=4)...
2026-09-04 07:16:37  [INFO    ]  [cars-for-sale] Page 6/50  offset=150  collected=130  total=20144
2026-09-04 07:16:38  [INFO    ]  Fetching details concurrently for 32 listings (workers=4)...
2026-09-04 07:16:45  [INFO    ]  [cars-for-sale] Page 7/50  offset=180  collected=162  total=20144
2026-09-04 07:16:47  [INFO    ]  Fetching details concurrently for 32 listings (workers=4)...
2026-09-04 07:16:56  [INFO    ]  [cars-for-sale] Page 8/50  offset=210  collected=194  total=20144
2026-09-04 07:16:57  [INFO    ]  Fetching details concurrently for 31 listings (workers=4)...
2026-09-04 07:17:05  [INFO    ]  [cars-for-sale] Page 9/50  offset=240  collected=225  total=20144
2026-09-04 07:17:06  [INFO    ]  Fetching details concurrently for 30 listings (workers=4)...
2026-09-04 07:17:13  [INFO    ]  [cars-for-sale] Page 10/50  offset=270  collected=255  total=20144
2026-09-04 07:17:14  [INFO    ]  Fetching details concurrently for 3 listings (workers=4)...
2026-09-04 07:17:17  [INFO    ]  [cars-for-sale] Page 11/50  offset=300  collected=258  total=20144
2026-09-04 07:17:18  [INFO    ]  Fetching details concurrently for 23 listings (workers=4)...
2026-09-04 07:17:24  [INFO    ]  [cars-for-sale] Page 12/50  offset=330  collected=281  total=20144
2026-09-04 07:17:25  [INFO    ]  Fetching details concurrently for 29 listings (workers=4)...
2026-09-04 07:17:34  [INFO    ]  [cars-for-sale] Page 13/50  offset=360  collected=310  total=20144
2026-09-04 07:17:35  [INFO    ]  Fetching details concurrently for 31 listings (workers=4)...
2026-09-04 07:17:43  [INFO    ]  [cars-for-sale] Page 14/50  offset=390  collected=341  total=20144
2026-09-04 07:17:44  [INFO    ]  Fetching details concurrently for 31 listings (workers=4)...
2026-09-04 07:17:52  [INFO    ]  [cars-for-sale] Page 15/50  offset=420  collected=372  total=20144
2026-09-04 07:17:53  [INFO    ]  Fetching details concurrently for 9 listings (workers=4)...
2026-09-04 07:17:56  [INFO    ]  [cars-for-sale] Page 16/50  offset=450  collected=381  total=20144
2026-09-04 07:17:57  [INFO    ]  Fetching details concurrently for 20 listings (workers=4)...
2026-09-04 07:18:02  [INFO    ]  [cars-for-sale] Page 17/50  offset=480  collected=401  total=20144
2026-09-04 07:18:03  [INFO    ]  Fetching details concurrently for 32 listings (workers=4)...
2026-09-04 07:18:10  [INFO    ]  [cars-for-sale] Page 18/50  offset=510  collected=433  total=20144
2026-09-04 07:18:11  [INFO    ]  Fetching details concurrently for 15 listings (workers=4)...
2026-09-04 07:18:15  [INFO    ]  [cars-for-sale] Page 19/50  offset=540  collected=448  total=20144
2026-09-04 07:18:16  [INFO    ]  Fetching details concurrently for 20 listings (workers=4)...
2026-09-04 07:18:22  [INFO    ]  [cars-for-sale] Page 20/50  offset=570  collected=468  total=20144
2026-09-04 07:18:23  [INFO    ]  Fetching details concurrently for 26 listings (workers=4)...
2026-09-04 07:18:30  [INFO    ]  [cars-for-sale] Page 21/50  offset=600  collected=494  total=20144
2026-09-04 07:18:32  [INFO    ]  [cars-for-sale] Page 22/50  offset=630  collected=494  total=20144
2026-09-04 07:18:32  [INFO    ]  Fetching details concurrently for 30 listings (workers=4)...
2026-09-04 07:18:40  [INFO    ]  [cars-for-sale] Page 23/50  offset=660  collected=524  total=20144
2026-09-04 07:18:41  [INFO    ]  Fetching details concurrently for 1 listings (workers=4)...
2026-09-04 07:18:43  [INFO    ]  [cars-for-sale] Page 24/50  offset=690  collected=525  total=20144
2026-09-04 07:18:44  [INFO    ]  Fetching details concurrently for 32 listings (workers=4)...
2026-09-04 07:18:52  [INFO    ]  [cars-for-sale] Page 25/50  offset=720  collected=557  total=20144
2026-09-04 07:18:53  [INFO    ]  Fetching details concurrently for 27 listings (workers=4)...
2026-09-04 07:19:00  [INFO    ]  [cars-for-sale] Page 26/50  offset=750  collected=584  total=20144
2026-09-04 07:19:01  [INFO    ]  Fetching details concurrently for 1 listings (workers=4)...
2026-09-04 07:19:02  [INFO    ]  [cars-for-sale] Page 27/50  offset=780  collected=585  total=20144
2026-09-04 07:19:03  [INFO    ]  Fetching details concurrently for 21 listings (workers=4)...
2026-09-04 07:19:09  [INFO    ]  [cars-for-sale] Page 28/50  offset=810  collected=606  total=20144
2026-09-04 07:19:10  [INFO    ]  Fetching details concurrently for 27 listings (workers=4)...
2026-09-04 07:19:17  [INFO    ]  [cars-for-sale] Page 29/50  offset=840  collected=633  total=20144
2026-09-04 07:19:19  [INFO    ]  Fetching details concurrently for 30 listings (workers=4)...
2026-09-04 07:19:27  [INFO    ]  [cars-for-sale] Page 30/50  offset=870  collected=663  total=20144
2026-09-04 07:19:28  [INFO    ]  Fetching details concurrently for 22 listings (workers=4)...
2026-09-04 07:19:35  [INFO    ]  [cars-for-sale] Page 31/50  offset=900  collected=685  total=20144
2026-09-04 07:19:36  [INFO    ]  Fetching details concurrently for 31 listings (workers=4)...
2026-09-04 07:19:46  [INFO    ]  [cars-for-sale] Page 32/50  offset=930  collected=716  total=20144
2026-09-04 07:19:47  [INFO    ]  Fetching details concurrently for 31 listings (workers=4)...
2026-09-04 07:19:56  [INFO    ]  [cars-for-sale] Page 33/50  offset=960  collected=747  total=20144
2026-09-04 07:19:57  [INFO    ]  Fetching details concurrently for 30 listings (workers=4)...
2026-09-04 07:20:06  [INFO    ]  [cars-for-sale] Page 34/50  offset=990  collected=777  total=20144
2026-09-04 07:20:07  [INFO    ]  Fetching details concurrently for 26 listings (workers=4)...
2026-09-04 07:20:16  [INFO    ]  [cars-for-sale] Page 35/50  offset=1020  collected=803  total=20144
2026-09-04 07:20:17  [INFO    ]  Fetching details concurrently for 30 listings (workers=4)...
2026-09-04 07:20:26  [INFO    ]  [cars-for-sale] Page 36/50  offset=1050  collected=833  total=20144
2026-09-04 07:20:27  [INFO    ]  Fetching details concurrently for 30 listings (workers=4)...
2026-09-04 07:20:34  [INFO    ]  [cars-for-sale] Page 37/50  offset=1080  collected=863  total=20144
2026-09-04 07:20:35  [INFO    ]  Fetching details concurrently for 13 listings (workers=4)...
2026-09-04 07:20:39  [INFO    ]  [cars-for-sale] Page 38/50  offset=1110  collected=876  total=20144
2026-09-04 07:20:40  [INFO    ]  Fetching details concurrently for 30 listings (workers=4)...
2026-09-04 07:20:48  [INFO    ]  [cars-for-sale] Page 39/50  offset=1140  collected=906  total=20144
2026-09-04 07:20:49  [INFO    ]  Fetching details concurrently for 29 listings (workers=4)...
2026-09-04 07:20:56  [INFO    ]  [cars-for-sale] Page 40/50  offset=1170  collected=935  total=20144
2026-09-04 07:20:57  [INFO    ]  Fetching details concurrently for 30 listings (workers=4)...
2026-09-04 07:21:05  [INFO    ]  [cars-for-sale] Page 41/50  offset=1200  collected=965  total=20144
2026-09-04 07:21:06  [INFO    ]  Fetching details concurrently for 31 listings (workers=4)...
2026-09-04 07:21:15  [INFO    ]  [cars-for-sale] Page 42/50  offset=1230  collected=996  total=20144
2026-09-04 07:21:16  [INFO    ]  Fetching details concurrently for 30 listings (workers=4)...
2026-09-04 07:21:23  [INFO    ]  [cars-for-sale] Page 43/50  offset=1260  collected=1026  total=20144
2026-09-04 07:21:25  [INFO    ]  Fetching details concurrently for 29 listings (workers=4)...
2026-09-04 07:21:35  [INFO    ]  [cars-for-sale] Page 44/50  offset=1290  collected=1055  total=20144
2026-09-04 07:21:36  [INFO    ]  Fetching details concurrently for 30 listings (workers=4)...
2026-09-04 07:21:44  [INFO    ]  [cars-for-sale] Page 45/50  offset=1320  collected=1085  total=20144
2026-09-04 07:21:46  [INFO    ]  Fetching details concurrently for 30 listings (workers=4)...
2026-09-04 07:21:54  [INFO    ]  [cars-for-sale] Page 46/50  offset=1350  collected=1115  total=20144
2026-09-04 07:21:55  [INFO    ]  Fetching details concurrently for 29 listings (workers=4)...
2026-09-04 07:22:02  [INFO    ]  [cars-for-sale] Page 47/50  offset=1380  collected=1144  total=20144
2026-09-04 07:22:03  [INFO    ]  Fetching details concurrently for 30 listings (workers=4)...
2026-09-04 07:22:11  [INFO    ]  [cars-for-sale] Page 48/50  offset=1410  collected=1174  total=20144
2026-09-04 07:22:12  [INFO    ]  Fetching details concurrently for 30 listings (workers=4)...
2026-09-04 07:22:19  [INFO    ]  [cars-for-sale] Page 49/50  offset=1440  collected=1204  total=20144
2026-09-04 07:22:20  [INFO    ]  Fetching details concurrently for 24 listings (workers=4)...
2026-09-04 07:22:27  [INFO    ]  [cars-for-sale] Page 50/50  offset=1470  collected=1228  total=20144
2026-09-04 07:22:28  [INFO    ]  Fetching details concurrently for 31 listings (workers=4)...
2026-09-04 07:22:36  [INFO    ]  Scrape complete. Collected 1259 records in this batch.
2026-09-04 07:22:36  [INFO    ]  Extraction complete in 402.11s: 1,259 total listings collected.
2026-09-04 07:22:36  [INFO    ]  Batch summary: 1,259 total listings collected (359 new IDs, 900 recurring/tracked IDs).
2026-09-04 07:22:36  [INFO    ]  Saved 1259 raw records to Parquet -> data/bronze/cars_2026-09-04.parquet
2026-09-04 07:22:37  [INFO    ]  Saved 1259 full raw records from today's run to CSV -> data/bronze/khmer24_cars.csv
2026-09-04 07:22:37  [INFO    ]  Saved ingestion run manifest -> data/bronze/ingestion_manifest.json
2026-09-04 07:22:37  [INFO    ]  Bronze Parquet -> data/bronze/cars_2026-09-04.parquet
2026-09-04 07:22:37  [INFO    ]  Full Run CSV   -> data/bronze/khmer24_cars.csv
2026-09-04 07:22:37  [INFO    ]  Manifest       -> data/bronze/ingestion_manifest.json
2026-09-04 07:22:37  [INFO    ]  ┌────────────────────────────────────────────────────┐
2026-09-04 07:22:37  [INFO    ]  │  BRONZE INGESTION QUALITY SUMMARY (1,259 records)  │
2026-09-04 07:22:37  [INFO    ]  ├────────────────────────────────────┬───────────────┤
2026-09-04 07:22:37  [INFO    ]  │  Price Field Coverage              │  100.0%       │
2026-09-04 07:22:37  [INFO    ]  │  Brand Field Coverage              │  100.0%       │
2026-09-04 07:22:37  [INFO    ]  │  Model Field Coverage              │   99.2%       │
2026-09-04 07:22:37  [INFO    ]  │  Year Field Coverage               │  100.0%       │
2026-09-04 07:22:37  [INFO    ]  │  Province Field Coverage           │  100.0%       │
2026-09-04 07:22:37  [INFO    ]  │  Mileage Field Coverage            │    0.0%       │
2026-09-04 07:22:37  [INFO    ]  │  Transmission Field Coverage       │   87.2%       │
2026-09-04 07:22:37  [INFO    ]  │  Fuel Type Field Coverage          │   89.1%       │
2026-09-04 07:22:37  [INFO    ]  │  Detail Enrichment Rate            │  100.0%       │
2026-09-04 07:22:37  [INFO    ]  ├────────────────────────────────────┴───────────────┤
2026-09-04 07:22:37  [INFO    ]  │  Cumulative Unique Marketplace IDs :  8,842              │
2026-09-04 07:22:37  [INFO    ]  └────────────────────────────────────────────────────┘
2026-09-04 07:22:37  [INFO    ]  EL stage complete. 1,259 listings processed in this batch.
