2026-09-03 02:50:52  [INFO    ]  =================================================================
2026-09-03 02:50:52  [INFO    ]  Starting Bronze Data Ingestion: 2026-09-03T02:50:52.003474+00:00
2026-09-03 02:50:52  [INFO    ]  Config: category=cars-for-sale, province=ALL, max_pages=50, mode=feed_window, enrich_details=True
2026-09-03 02:50:52  [INFO    ]  =================================================================
2026-09-03 02:50:52  [INFO    ]  Cloudflare Worker relay enabled.
2026-09-03 02:50:52  [INFO    ]  [cars-for-sale] Page 1/50  offset=0  collected=0
2026-09-03 02:50:53  [INFO    ]  Fetching details concurrently for 40 listings (workers=4)...
2026-09-03 02:51:04  [INFO    ]  [cars-for-sale] Page 2/50  offset=30  collected=40  total=20066
2026-09-03 02:51:05  [INFO    ]  Fetching details concurrently for 30 listings (workers=4)...
2026-09-03 02:51:15  [INFO    ]  [cars-for-sale] Page 3/50  offset=60  collected=70  total=20066
2026-09-03 02:51:16  [INFO    ]  Fetching details concurrently for 11 listings (workers=4)...
2026-09-03 02:51:20  [INFO    ]  [cars-for-sale] Page 4/50  offset=90  collected=81  total=20066
2026-09-03 02:51:21  [INFO    ]  Fetching details concurrently for 28 listings (workers=4)...
2026-09-03 02:51:27  [INFO    ]  [cars-for-sale] Page 5/50  offset=120  collected=109  total=20066
2026-09-03 02:51:28  [INFO    ]  Fetching details concurrently for 30 listings (workers=4)...
2026-09-03 02:51:37  [INFO    ]  [cars-for-sale] Page 6/50  offset=150  collected=139  total=20066
2026-09-03 02:51:38  [INFO    ]  Fetching details concurrently for 31 listings (workers=4)...
2026-09-03 02:51:46  [INFO    ]  [cars-for-sale] Page 7/50  offset=180  collected=170  total=20066
2026-09-03 02:51:47  [INFO    ]  Fetching details concurrently for 7 listings (workers=4)...
2026-09-03 02:51:51  [INFO    ]  [cars-for-sale] Page 8/50  offset=210  collected=177  total=20066
2026-09-03 02:51:52  [INFO    ]  Fetching details concurrently for 31 listings (workers=4)...
2026-09-03 02:52:01  [INFO    ]  [cars-for-sale] Page 9/50  offset=240  collected=208  total=20066
2026-09-03 02:52:02  [INFO    ]  Fetching details concurrently for 3 listings (workers=4)...
2026-09-03 02:52:03  [INFO    ]  [cars-for-sale] Page 10/50  offset=270  collected=211  total=20066
2026-09-03 02:52:04  [INFO    ]  Fetching details concurrently for 33 listings (workers=4)...
2026-09-03 02:52:19  [INFO    ]  [cars-for-sale] Page 11/50  offset=300  collected=244  total=20066
2026-09-03 02:52:20  [INFO    ]  Fetching details concurrently for 15 listings (workers=4)...
2026-09-03 02:52:26  [INFO    ]  [cars-for-sale] Page 12/50  offset=330  collected=259  total=20066
2026-09-03 02:52:27  [INFO    ]  Fetching details concurrently for 16 listings (workers=4)...
2026-09-03 02:52:34  [INFO    ]  [cars-for-sale] Page 13/50  offset=360  collected=275  total=20066
2026-09-03 02:52:35  [INFO    ]  Fetching details concurrently for 17 listings (workers=4)...
2026-09-03 02:52:41  [INFO    ]  [cars-for-sale] Page 14/50  offset=390  collected=292  total=20066
2026-09-03 02:52:42  [INFO    ]  Fetching details concurrently for 31 listings (workers=4)...
2026-09-03 02:52:53  [INFO    ]  [cars-for-sale] Page 15/50  offset=420  collected=323  total=20066
2026-09-03 02:52:54  [INFO    ]  Fetching details concurrently for 1 listings (workers=4)...
2026-09-03 02:52:55  [INFO    ]  [cars-for-sale] Page 16/50  offset=450  collected=324  total=20066
2026-09-03 02:52:56  [INFO    ]  Fetching details concurrently for 30 listings (workers=4)...
2026-09-03 02:53:04  [INFO    ]  [cars-for-sale] Page 17/50  offset=480  collected=354  total=20066
2026-09-03 02:53:05  [INFO    ]  Fetching details concurrently for 30 listings (workers=4)...
2026-09-03 02:53:13  [INFO    ]  [cars-for-sale] Page 18/50  offset=510  collected=384  total=20066
2026-09-03 02:53:13  [INFO    ]  Fetching details concurrently for 25 listings (workers=4)...
2026-09-03 02:53:23  [INFO    ]  [cars-for-sale] Page 19/50  offset=540  collected=409  total=20066
2026-09-03 02:53:24  [INFO    ]  Fetching details concurrently for 16 listings (workers=4)...
2026-09-03 02:53:30  [INFO    ]  [cars-for-sale] Page 20/50  offset=570  collected=425  total=20066
2026-09-03 02:53:31  [INFO    ]  Fetching details concurrently for 31 listings (workers=4)...
2026-09-03 02:53:40  [INFO    ]  [cars-for-sale] Page 21/50  offset=600  collected=456  total=20066
2026-09-03 02:53:41  [INFO    ]  Fetching details concurrently for 32 listings (workers=4)...
2026-09-03 02:53:51  [INFO    ]  [cars-for-sale] Page 22/50  offset=630  collected=488  total=20066
2026-09-03 02:53:52  [INFO    ]  Fetching details concurrently for 6 listings (workers=4)...
2026-09-03 02:53:55  [INFO    ]  [cars-for-sale] Page 23/50  offset=660  collected=494  total=20066
2026-09-03 02:53:56  [INFO    ]  Fetching details concurrently for 31 listings (workers=4)...
2026-09-03 02:54:08  [INFO    ]  [cars-for-sale] Page 24/50  offset=690  collected=525  total=20066
2026-09-03 02:54:09  [INFO    ]  Fetching details concurrently for 30 listings (workers=4)...
2026-09-03 02:54:18  [INFO    ]  [cars-for-sale] Page 25/50  offset=720  collected=555  total=20066
2026-09-03 02:54:19  [INFO    ]  Fetching details concurrently for 30 listings (workers=4)...
2026-09-03 02:54:27  [INFO    ]  [cars-for-sale] Page 26/50  offset=750  collected=585  total=20066
2026-09-03 02:54:28  [INFO    ]  Fetching details concurrently for 30 listings (workers=4)...
2026-09-03 02:54:39  [INFO    ]  [cars-for-sale] Page 27/50  offset=780  collected=615  total=20066
2026-09-03 02:54:39  [INFO    ]  Fetching details concurrently for 31 listings (workers=4)...
2026-09-03 02:54:49  [INFO    ]  [cars-for-sale] Page 28/50  offset=810  collected=646  total=20066
2026-09-03 02:54:50  [INFO    ]  Fetching details concurrently for 30 listings (workers=4)...
2026-09-03 02:54:57  [INFO    ]  [cars-for-sale] Page 29/50  offset=840  collected=676  total=20066
2026-09-03 02:54:58  [INFO    ]  Fetching details concurrently for 31 listings (workers=4)...
2026-09-03 02:55:12  [INFO    ]  [cars-for-sale] Page 30/50  offset=870  collected=707  total=20066
2026-09-03 02:55:13  [INFO    ]  Fetching details concurrently for 30 listings (workers=4)...
2026-09-03 02:55:26  [INFO    ]  [cars-for-sale] Page 31/50  offset=900  collected=737  total=20066
2026-09-03 02:55:27  [INFO    ]  Fetching details concurrently for 30 listings (workers=4)...
2026-09-03 02:55:37  [INFO    ]  [cars-for-sale] Page 32/50  offset=930  collected=767  total=20066
2026-09-03 02:55:38  [INFO    ]  Fetching details concurrently for 27 listings (workers=4)...
2026-09-03 02:55:47  [INFO    ]  [cars-for-sale] Page 33/50  offset=960  collected=794  total=20066
2026-09-03 02:55:48  [INFO    ]  Fetching details concurrently for 30 listings (workers=4)...
2026-09-03 02:55:59  [INFO    ]  [cars-for-sale] Page 34/50  offset=990  collected=824  total=20066
2026-09-03 02:56:00  [INFO    ]  Fetching details concurrently for 30 listings (workers=4)...
2026-09-03 02:56:09  [INFO    ]  [cars-for-sale] Page 35/50  offset=1020  collected=854  total=20066
2026-09-03 02:56:10  [INFO    ]  Fetching details concurrently for 26 listings (workers=4)...
2026-09-03 02:56:18  [INFO    ]  [cars-for-sale] Page 36/50  offset=1050  collected=880  total=20066
2026-09-03 02:56:19  [INFO    ]  Fetching details concurrently for 30 listings (workers=4)...
2026-09-03 02:56:27  [INFO    ]  [cars-for-sale] Page 37/50  offset=1080  collected=910  total=20066
2026-09-03 02:56:28  [INFO    ]  Fetching details concurrently for 30 listings (workers=4)...
2026-09-03 02:56:36  [INFO    ]  [cars-for-sale] Page 38/50  offset=1110  collected=940  total=20066
2026-09-03 02:56:37  [INFO    ]  Fetching details concurrently for 31 listings (workers=4)...
2026-09-03 02:56:47  [INFO    ]  [cars-for-sale] Page 39/50  offset=1140  collected=971  total=20066
2026-09-03 02:56:48  [INFO    ]  [cars-for-sale] Page 40/50  offset=1170  collected=971  total=20066
2026-09-03 02:56:49  [INFO    ]  Fetching details concurrently for 30 listings (workers=4)...
2026-09-03 02:56:58  [INFO    ]  [cars-for-sale] Page 41/50  offset=1200  collected=1001  total=20066
2026-09-03 02:56:59  [INFO    ]  [cars-for-sale] Page 42/50  offset=1230  collected=1001  total=20066
2026-09-03 02:57:01  [INFO    ]  [cars-for-sale] Page 43/50  offset=1260  collected=1001  total=20066
2026-09-03 02:57:02  [INFO    ]  [cars-for-sale] Page 44/50  offset=1290  collected=1001  total=20066
2026-09-03 02:57:04  [INFO    ]  [cars-for-sale] Page 45/50  offset=1320  collected=1001  total=20066
2026-09-03 02:57:05  [INFO    ]  [cars-for-sale] Page 46/50  offset=1350  collected=1001  total=20066
2026-09-03 02:57:06  [INFO    ]  Fetching details concurrently for 7 listings (workers=4)...
2026-09-03 02:57:09  [INFO    ]  [cars-for-sale] Page 47/50  offset=1380  collected=1008  total=20066
2026-09-03 02:57:09  [INFO    ]  Fetching details concurrently for 30 listings (workers=4)...
2026-09-03 02:57:20  [INFO    ]  [cars-for-sale] Page 48/50  offset=1410  collected=1038  total=20066
2026-09-03 02:57:21  [INFO    ]  Fetching details concurrently for 28 listings (workers=4)...
2026-09-03 02:57:30  [INFO    ]  [cars-for-sale] Page 49/50  offset=1440  collected=1066  total=20066
2026-09-03 02:57:31  [INFO    ]  Fetching details concurrently for 30 listings (workers=4)...
2026-09-03 02:57:44  [INFO    ]  [cars-for-sale] Page 50/50  offset=1470  collected=1096  total=20066
2026-09-03 02:57:44  [INFO    ]  Fetching details concurrently for 30 listings (workers=4)...
2026-09-03 02:57:54  [INFO    ]  Scrape complete. Collected 1126 records in this batch.
2026-09-03 02:57:54  [INFO    ]  Extraction complete in 422.77s: 1,126 total listings collected.
2026-09-03 02:57:54  [INFO    ]  Batch summary: 1,126 total listings collected (493 new IDs, 633 recurring/tracked IDs).
2026-09-03 02:57:54  [INFO    ]  Saved 1126 raw records to Parquet -> data/bronze/cars_2026-09-03.parquet
2026-09-03 02:57:54  [INFO    ]  Saved 1126 full raw records from today's run to CSV -> data/bronze/khmer24_cars.csv
2026-09-03 02:57:54  [INFO    ]  Saved ingestion run manifest -> data/bronze/ingestion_manifest.json
2026-09-03 02:57:54  [INFO    ]  Bronze Parquet -> data/bronze/cars_2026-09-03.parquet
2026-09-03 02:57:54  [INFO    ]  Full Run CSV   -> data/bronze/khmer24_cars.csv
2026-09-03 02:57:54  [INFO    ]  Manifest       -> data/bronze/ingestion_manifest.json
2026-09-03 02:57:54  [INFO    ]  ┌────────────────────────────────────────────────────┐
2026-09-03 02:57:54  [INFO    ]  │  BRONZE INGESTION QUALITY SUMMARY (1,126 records)  │
2026-09-03 02:57:54  [INFO    ]  ├────────────────────────────────────┬───────────────┤
2026-09-03 02:57:54  [INFO    ]  │  Price Field Coverage              │  100.0%       │
2026-09-03 02:57:54  [INFO    ]  │  Brand Field Coverage              │  100.0%       │
2026-09-03 02:57:54  [INFO    ]  │  Model Field Coverage              │   98.8%       │
2026-09-03 02:57:54  [INFO    ]  │  Year Field Coverage               │  100.0%       │
2026-09-03 02:57:54  [INFO    ]  │  Province Field Coverage           │  100.0%       │
2026-09-03 02:57:54  [INFO    ]  │  Mileage Field Coverage            │    0.0%       │
2026-09-03 02:57:54  [INFO    ]  │  Transmission Field Coverage       │   86.0%       │
2026-09-03 02:57:54  [INFO    ]  │  Fuel Type Field Coverage          │   90.0%       │
2026-09-03 02:57:54  [INFO    ]  │  Detail Enrichment Rate            │  100.0%       │
2026-09-03 02:57:54  [INFO    ]  ├────────────────────────────────────┴───────────────┤
2026-09-03 02:57:54  [INFO    ]  │  Cumulative Unique Marketplace IDs :  8,428              │
2026-09-03 02:57:54  [INFO    ]  └────────────────────────────────────────────────────┘
2026-09-03 02:57:54  [INFO    ]  EL stage complete. 1,126 listings processed in this batch.
2026-09-03 07:12:26  [INFO    ]  =================================================================
2026-09-03 07:12:26  [INFO    ]  Starting Bronze Data Ingestion: 2026-09-03T07:12:26.797120+00:00
2026-09-03 07:12:26  [INFO    ]  Config: category=cars-for-sale, province=ALL, max_pages=50, mode=feed_window, enrich_details=True
2026-09-03 07:12:26  [INFO    ]  =================================================================
2026-09-03 07:12:26  [INFO    ]  Cloudflare Worker relay enabled.
2026-09-03 07:12:26  [INFO    ]  [cars-for-sale] Page 1/50  offset=0  collected=0
2026-09-03 07:12:27  [INFO    ]  Fetching details concurrently for 40 listings (workers=4)...
2026-09-03 07:12:36  [INFO    ]  [cars-for-sale] Page 2/50  offset=30  collected=40  total=20124
2026-09-03 07:12:37  [INFO    ]  Fetching details concurrently for 23 listings (workers=4)...
2026-09-03 07:12:41  [INFO    ]  [cars-for-sale] Page 3/50  offset=60  collected=63  total=20124
2026-09-03 07:12:42  [INFO    ]  Fetching details concurrently for 14 listings (workers=4)...
2026-09-03 07:12:45  [INFO    ]  [cars-for-sale] Page 4/50  offset=90  collected=77  total=20124
2026-09-03 07:12:46  [INFO    ]  Fetching details concurrently for 25 listings (workers=4)...
2026-09-03 07:12:52  [INFO    ]  [cars-for-sale] Page 5/50  offset=120  collected=102  total=20124
2026-09-03 07:12:53  [INFO    ]  Fetching details concurrently for 31 listings (workers=4)...
2026-09-03 07:13:00  [INFO    ]  [cars-for-sale] Page 6/50  offset=150  collected=133  total=20124
2026-09-03 07:13:01  [INFO    ]  Fetching details concurrently for 24 listings (workers=4)...
2026-09-03 07:13:08  [INFO    ]  [cars-for-sale] Page 7/50  offset=180  collected=157  total=20124
2026-09-03 07:13:09  [INFO    ]  Fetching details concurrently for 6 listings (workers=4)...
2026-09-03 07:13:10  [INFO    ]  [cars-for-sale] Page 8/50  offset=210  collected=163  total=20124
2026-09-03 07:13:11  [INFO    ]  Fetching details concurrently for 30 listings (workers=4)...
2026-09-03 07:13:18  [INFO    ]  [cars-for-sale] Page 9/50  offset=240  collected=193  total=20124
2026-09-03 07:13:19  [INFO    ]  Fetching details concurrently for 26 listings (workers=4)...
2026-09-03 07:13:26  [INFO    ]  [cars-for-sale] Page 10/50  offset=270  collected=219  total=20124
2026-09-03 07:13:27  [INFO    ]  Fetching details concurrently for 27 listings (workers=4)...
2026-09-03 07:13:32  [INFO    ]  [cars-for-sale] Page 11/50  offset=300  collected=246  total=20124
2026-09-03 07:13:33  [INFO    ]  Fetching details concurrently for 31 listings (workers=4)...
2026-09-03 07:13:40  [INFO    ]  [cars-for-sale] Page 12/50  offset=330  collected=277  total=20124
2026-09-03 07:13:41  [INFO    ]  Fetching details concurrently for 32 listings (workers=4)...
2026-09-03 07:13:48  [INFO    ]  [cars-for-sale] Page 13/50  offset=360  collected=309  total=20124
2026-09-03 07:13:49  [INFO    ]  Fetching details concurrently for 17 listings (workers=4)...
2026-09-03 07:13:53  [INFO    ]  [cars-for-sale] Page 14/50  offset=390  collected=326  total=20124
2026-09-03 07:13:54  [INFO    ]  Fetching details concurrently for 23 listings (workers=4)...
2026-09-03 07:13:59  [INFO    ]  [cars-for-sale] Page 15/50  offset=420  collected=349  total=20124
2026-09-03 07:14:01  [INFO    ]  [cars-for-sale] Page 16/50  offset=450  collected=349  total=20124
2026-09-03 07:14:02  [INFO    ]  Fetching details concurrently for 21 listings (workers=4)...
2026-09-03 07:14:07  [INFO    ]  [cars-for-sale] Page 17/50  offset=480  collected=370  total=20124
2026-09-03 07:14:08  [INFO    ]  Fetching details concurrently for 30 listings (workers=4)...
2026-09-03 07:14:16  [INFO    ]  [cars-for-sale] Page 18/50  offset=510  collected=400  total=20124
2026-09-03 07:14:17  [INFO    ]  Fetching details concurrently for 26 listings (workers=4)...
2026-09-03 07:14:23  [INFO    ]  [cars-for-sale] Page 19/50  offset=540  collected=426  total=20124
2026-09-03 07:14:24  [INFO    ]  Fetching details concurrently for 30 listings (workers=4)...
2026-09-03 07:14:29  [INFO    ]  [cars-for-sale] Page 20/50  offset=570  collected=456  total=20124
2026-09-03 07:14:30  [INFO    ]  Fetching details concurrently for 31 listings (workers=4)...
2026-09-03 07:14:39  [INFO    ]  [cars-for-sale] Page 21/50  offset=600  collected=487  total=20124
2026-09-03 07:14:40  [INFO    ]  Fetching details concurrently for 17 listings (workers=4)...
2026-09-03 07:14:44  [INFO    ]  [cars-for-sale] Page 22/50  offset=630  collected=504  total=20124
2026-09-03 07:14:45  [INFO    ]  Fetching details concurrently for 18 listings (workers=4)...
2026-09-03 07:14:50  [INFO    ]  [cars-for-sale] Page 23/50  offset=660  collected=522  total=20124
2026-09-03 07:14:51  [INFO    ]  Fetching details concurrently for 29 listings (workers=4)...
2026-09-03 07:14:58  [INFO    ]  [cars-for-sale] Page 24/50  offset=690  collected=551  total=20124
2026-09-03 07:14:59  [INFO    ]  Fetching details concurrently for 30 listings (workers=4)...
2026-09-03 07:15:10  [INFO    ]  [cars-for-sale] Page 25/50  offset=720  collected=581  total=20124
2026-09-03 07:15:11  [INFO    ]  Fetching details concurrently for 30 listings (workers=4)...
2026-09-03 07:15:18  [INFO    ]  [cars-for-sale] Page 26/50  offset=750  collected=611  total=20124
2026-09-03 07:15:19  [INFO    ]  Fetching details concurrently for 30 listings (workers=4)...
2026-09-03 07:15:28  [INFO    ]  [cars-for-sale] Page 27/50  offset=780  collected=641  total=20124
2026-09-03 07:15:29  [INFO    ]  Fetching details concurrently for 31 listings (workers=4)...
2026-09-03 07:15:35  [INFO    ]  [cars-for-sale] Page 28/50  offset=810  collected=672  total=20124
2026-09-03 07:15:36  [INFO    ]  Fetching details concurrently for 29 listings (workers=4)...
2026-09-03 07:15:44  [INFO    ]  [cars-for-sale] Page 29/50  offset=840  collected=701  total=20124
2026-09-03 07:15:45  [INFO    ]  Fetching details concurrently for 30 listings (workers=4)...
2026-09-03 07:15:51  [INFO    ]  [cars-for-sale] Page 30/50  offset=870  collected=731  total=20124
2026-09-03 07:15:52  [INFO    ]  Fetching details concurrently for 25 listings (workers=4)...
2026-09-03 07:15:57  [INFO    ]  [cars-for-sale] Page 31/50  offset=900  collected=756  total=20124
2026-09-03 07:15:59  [INFO    ]  Fetching details concurrently for 31 listings (workers=4)...
2026-09-03 07:16:05  [INFO    ]  [cars-for-sale] Page 32/50  offset=930  collected=787  total=20124
2026-09-03 07:16:06  [INFO    ]  Fetching details concurrently for 30 listings (workers=4)...
2026-09-03 07:16:12  [INFO    ]  [cars-for-sale] Page 33/50  offset=960  collected=817  total=20124
2026-09-03 07:16:13  [INFO    ]  Fetching details concurrently for 26 listings (workers=4)...
2026-09-03 07:16:19  [INFO    ]  [cars-for-sale] Page 34/50  offset=990  collected=843  total=20124
2026-09-03 07:16:20  [INFO    ]  Fetching details concurrently for 31 listings (workers=4)...
2026-09-03 07:16:27  [INFO    ]  [cars-for-sale] Page 35/50  offset=1020  collected=874  total=20124
2026-09-03 07:16:27  [INFO    ]  Fetching details concurrently for 30 listings (workers=4)...
2026-09-03 07:16:35  [INFO    ]  [cars-for-sale] Page 36/50  offset=1050  collected=904  total=20124
2026-09-03 07:16:36  [INFO    ]  Fetching details concurrently for 23 listings (workers=4)...
2026-09-03 07:16:40  [INFO    ]  [cars-for-sale] Page 37/50  offset=1080  collected=927  total=20124
2026-09-03 07:16:41  [INFO    ]  Fetching details concurrently for 30 listings (workers=4)...
2026-09-03 07:16:49  [INFO    ]  [cars-for-sale] Page 38/50  offset=1110  collected=957  total=20124
2026-09-03 07:16:50  [INFO    ]  Fetching details concurrently for 26 listings (workers=4)...
2026-09-03 07:16:56  [INFO    ]  [cars-for-sale] Page 39/50  offset=1140  collected=983  total=20124
2026-09-03 07:16:57  [INFO    ]  Fetching details concurrently for 30 listings (workers=4)...
2026-09-03 07:17:03  [INFO    ]  [cars-for-sale] Page 40/50  offset=1170  collected=1013  total=20124
2026-09-03 07:17:04  [INFO    ]  Fetching details concurrently for 27 listings (workers=4)...
2026-09-03 07:17:11  [INFO    ]  [cars-for-sale] Page 41/50  offset=1200  collected=1040  total=20124
2026-09-03 07:17:12  [INFO    ]  Fetching details concurrently for 28 listings (workers=4)...
2026-09-03 07:17:19  [INFO    ]  [cars-for-sale] Page 42/50  offset=1230  collected=1068  total=20124
2026-09-03 07:17:20  [INFO    ]  Fetching details concurrently for 32 listings (workers=4)...
2026-09-03 07:17:28  [INFO    ]  [cars-for-sale] Page 43/50  offset=1260  collected=1100  total=20124
2026-09-03 07:17:29  [INFO    ]  Fetching details concurrently for 30 listings (workers=4)...
2026-09-03 07:17:37  [INFO    ]  [cars-for-sale] Page 44/50  offset=1290  collected=1130  total=20124
2026-09-03 07:17:38  [INFO    ]  Fetching details concurrently for 32 listings (workers=4)...
2026-09-03 07:17:45  [INFO    ]  [cars-for-sale] Page 45/50  offset=1320  collected=1162  total=20124
2026-09-03 07:17:46  [INFO    ]  Fetching details concurrently for 30 listings (workers=4)...
2026-09-03 07:17:53  [INFO    ]  [cars-for-sale] Page 46/50  offset=1350  collected=1192  total=20124
2026-09-03 07:17:54  [INFO    ]  Fetching details concurrently for 30 listings (workers=4)...
2026-09-03 07:18:01  [INFO    ]  [cars-for-sale] Page 47/50  offset=1380  collected=1222  total=20124
2026-09-03 07:18:02  [INFO    ]  Fetching details concurrently for 30 listings (workers=4)...
2026-09-03 07:18:11  [INFO    ]  [cars-for-sale] Page 48/50  offset=1410  collected=1252  total=20124
2026-09-03 07:18:12  [INFO    ]  Fetching details concurrently for 30 listings (workers=4)...
2026-09-03 07:18:19  [INFO    ]  [cars-for-sale] Page 49/50  offset=1440  collected=1282  total=20124
2026-09-03 07:18:20  [INFO    ]  Fetching details concurrently for 30 listings (workers=4)...
2026-09-03 07:18:27  [INFO    ]  [cars-for-sale] Page 50/50  offset=1470  collected=1312  total=20124
2026-09-03 07:18:28  [INFO    ]  Fetching details concurrently for 30 listings (workers=4)...
2026-09-03 07:18:35  [INFO    ]  Scrape complete. Collected 1342 records in this batch.
2026-09-03 07:18:35  [INFO    ]  Extraction complete in 368.37s: 1,342 total listings collected.
2026-09-03 07:18:35  [INFO    ]  Batch summary: 1,342 total listings collected (398 new IDs, 944 recurring/tracked IDs).
2026-09-03 07:18:35  [INFO    ]  Saved 1342 raw records to Parquet -> data/bronze/cars_2026-09-03.parquet
2026-09-03 07:18:35  [INFO    ]  Saved 1342 full raw records from today's run to CSV -> data/bronze/khmer24_cars.csv
2026-09-03 07:18:35  [INFO    ]  Saved ingestion run manifest -> data/bronze/ingestion_manifest.json
2026-09-03 07:18:35  [INFO    ]  Bronze Parquet -> data/bronze/cars_2026-09-03.parquet
2026-09-03 07:18:35  [INFO    ]  Full Run CSV   -> data/bronze/khmer24_cars.csv
2026-09-03 07:18:35  [INFO    ]  Manifest       -> data/bronze/ingestion_manifest.json
2026-09-03 07:18:35  [INFO    ]  ┌────────────────────────────────────────────────────┐
2026-09-03 07:18:35  [INFO    ]  │  BRONZE INGESTION QUALITY SUMMARY (1,342 records)  │
2026-09-03 07:18:35  [INFO    ]  ├────────────────────────────────────┬───────────────┤
2026-09-03 07:18:35  [INFO    ]  │  Price Field Coverage              │  100.0%       │
2026-09-03 07:18:35  [INFO    ]  │  Brand Field Coverage              │   99.9%       │
2026-09-03 07:18:35  [INFO    ]  │  Model Field Coverage              │   98.7%       │
2026-09-03 07:18:35  [INFO    ]  │  Year Field Coverage               │  100.0%       │
2026-09-03 07:18:35  [INFO    ]  │  Province Field Coverage           │  100.0%       │
2026-09-03 07:18:35  [INFO    ]  │  Mileage Field Coverage            │    0.0%       │
2026-09-03 07:18:35  [INFO    ]  │  Transmission Field Coverage       │   86.6%       │
2026-09-03 07:18:35  [INFO    ]  │  Fuel Type Field Coverage          │   88.3%       │
2026-09-03 07:18:35  [INFO    ]  │  Detail Enrichment Rate            │  100.0%       │
2026-09-03 07:18:35  [INFO    ]  ├────────────────────────────────────┴───────────────┤
2026-09-03 07:18:35  [INFO    ]  │  Cumulative Unique Marketplace IDs :  8,826              │
2026-09-03 07:18:35  [INFO    ]  └────────────────────────────────────────────────────┘
2026-09-03 07:18:35  [INFO    ]  EL stage complete. 1,342 listings processed in this batch.
