2026-10-08 09:01:56  [INFO    ]  =================================================================
2026-10-08 09:01:56  [INFO    ]  Starting Bronze Data Ingestion: 2026-10-08T09:01:56.001026+00:00
2026-10-08 09:01:56  [INFO    ]  Config: category=cars-for-sale, province=ALL, max_pages=50, mode=feed_window, enrich_details=True
2026-10-08 09:01:56  [INFO    ]  =================================================================
2026-10-08 09:01:56  [INFO    ]  [cars-for-sale] Page 1/50  offset=0  collected=0
2026-10-08 09:01:57  [INFO    ]  Fetching details concurrently for 40 listings (workers=4)...
2026-10-08 09:02:03  [INFO    ]  [cars-for-sale] Page 2/50  offset=30  collected=40  total=19499
2026-10-08 09:02:04  [INFO    ]  Fetching details concurrently for 22 listings (workers=4)...
2026-10-08 09:02:07  [INFO    ]  [cars-for-sale] Page 3/50  offset=60  collected=62  total=19499
2026-10-08 09:02:08  [INFO    ]  Fetching details concurrently for 16 listings (workers=4)...
2026-10-08 09:02:11  [INFO    ]  [cars-for-sale] Page 4/50  offset=90  collected=78  total=19499
2026-10-08 09:02:12  [INFO    ]  Fetching details concurrently for 22 listings (workers=4)...
2026-10-08 09:02:15  [INFO    ]  [cars-for-sale] Page 5/50  offset=120  collected=100  total=19499
2026-10-08 09:02:16  [INFO    ]  Fetching details concurrently for 30 listings (workers=4)...
2026-10-08 09:02:20  [INFO    ]  [cars-for-sale] Page 6/50  offset=150  collected=130  total=19499
2026-10-08 09:02:21  [INFO    ]  Fetching details concurrently for 18 listings (workers=4)...
2026-10-08 09:02:24  [INFO    ]  [cars-for-sale] Page 7/50  offset=180  collected=148  total=19499
2026-10-08 09:02:25  [INFO    ]  Fetching details concurrently for 33 listings (workers=4)...
2026-10-08 09:02:29  [INFO    ]  [cars-for-sale] Page 8/50  offset=210  collected=181  total=19499
2026-10-08 09:02:30  [INFO    ]  Fetching details concurrently for 30 listings (workers=4)...
2026-10-08 09:02:35  [INFO    ]  [cars-for-sale] Page 9/50  offset=240  collected=211  total=19499
2026-10-08 09:02:36  [INFO    ]  Fetching details concurrently for 19 listings (workers=4)...
2026-10-08 09:02:39  [INFO    ]  [cars-for-sale] Page 10/50  offset=270  collected=230  total=19499
2026-10-08 09:02:40  [INFO    ]  Fetching details concurrently for 30 listings (workers=4)...
2026-10-08 09:02:44  [INFO    ]  [cars-for-sale] Page 11/50  offset=300  collected=260  total=19499
2026-10-08 09:02:45  [INFO    ]  Fetching details concurrently for 30 listings (workers=4)...
2026-10-08 09:02:50  [INFO    ]  [cars-for-sale] Page 12/50  offset=330  collected=290  total=19499
2026-10-08 09:02:51  [INFO    ]  Fetching details concurrently for 30 listings (workers=4)...
2026-10-08 09:02:55  [INFO    ]  [cars-for-sale] Page 13/50  offset=360  collected=320  total=19499
2026-10-08 09:02:56  [INFO    ]  Fetching details concurrently for 28 listings (workers=4)...
2026-10-08 09:03:01  [INFO    ]  [cars-for-sale] Page 14/50  offset=390  collected=348  total=19499
2026-10-08 09:03:02  [INFO    ]  Fetching details concurrently for 30 listings (workers=4)...
2026-10-08 09:03:07  [INFO    ]  [cars-for-sale] Page 15/50  offset=420  collected=378  total=19499
2026-10-08 09:03:08  [INFO    ]  Fetching details concurrently for 30 listings (workers=4)...
2026-10-08 09:03:12  [INFO    ]  [cars-for-sale] Page 16/50  offset=450  collected=408  total=19499
2026-10-08 09:03:13  [INFO    ]  Fetching details concurrently for 30 listings (workers=4)...
2026-10-08 09:03:18  [INFO    ]  [cars-for-sale] Page 17/50  offset=480  collected=438  total=19499
2026-10-08 09:03:19  [INFO    ]  Fetching details concurrently for 25 listings (workers=4)...
2026-10-08 09:03:22  [INFO    ]  [cars-for-sale] Page 18/50  offset=510  collected=463  total=19499
2026-10-08 09:03:23  [INFO    ]  Fetching details concurrently for 30 listings (workers=4)...
2026-10-08 09:03:28  [INFO    ]  [cars-for-sale] Page 19/50  offset=540  collected=493  total=19499
2026-10-08 09:03:29  [INFO    ]  Fetching details concurrently for 14 listings (workers=4)...
2026-10-08 09:03:32  [INFO    ]  [cars-for-sale] Page 20/50  offset=570  collected=507  total=19499
2026-10-08 09:03:33  [INFO    ]  Fetching details concurrently for 30 listings (workers=4)...
2026-10-08 09:03:37  [INFO    ]  [cars-for-sale] Page 21/50  offset=600  collected=537  total=19499
2026-10-08 09:03:38  [INFO    ]  Fetching details concurrently for 31 listings (workers=4)...
2026-10-08 09:03:42  [INFO    ]  [cars-for-sale] Page 22/50  offset=630  collected=568  total=19499
2026-10-08 09:03:43  [INFO    ]  Fetching details concurrently for 7 listings (workers=4)...
2026-10-08 09:03:45  [INFO    ]  [cars-for-sale] Page 23/50  offset=660  collected=575  total=19499
2026-10-08 09:03:46  [INFO    ]  Fetching details concurrently for 31 listings (workers=4)...
2026-10-08 09:03:50  [INFO    ]  [cars-for-sale] Page 24/50  offset=690  collected=606  total=19499
2026-10-08 09:03:51  [INFO    ]  Fetching details concurrently for 26 listings (workers=4)...
2026-10-08 09:03:54  [INFO    ]  [cars-for-sale] Page 25/50  offset=720  collected=632  total=19499
2026-10-08 09:03:55  [INFO    ]  Fetching details concurrently for 27 listings (workers=4)...
2026-10-08 09:04:00  [INFO    ]  [cars-for-sale] Page 26/50  offset=750  collected=659  total=19499
2026-10-08 09:04:01  [INFO    ]  Fetching details concurrently for 26 listings (workers=4)...
2026-10-08 09:04:05  [INFO    ]  [cars-for-sale] Page 27/50  offset=780  collected=685  total=19499
2026-10-08 09:04:06  [INFO    ]  Fetching details concurrently for 21 listings (workers=4)...
2026-10-08 09:04:09  [INFO    ]  [cars-for-sale] Page 28/50  offset=810  collected=706  total=19499
2026-10-08 09:04:10  [INFO    ]  Fetching details concurrently for 15 listings (workers=4)...
2026-10-08 09:04:13  [INFO    ]  [cars-for-sale] Page 29/50  offset=840  collected=721  total=19499
2026-10-08 09:04:14  [INFO    ]  Fetching details concurrently for 30 listings (workers=4)...
2026-10-08 09:04:18  [INFO    ]  [cars-for-sale] Page 30/50  offset=870  collected=751  total=19499
2026-10-08 09:04:19  [INFO    ]  Fetching details concurrently for 25 listings (workers=4)...
2026-10-08 09:04:23  [INFO    ]  [cars-for-sale] Page 31/50  offset=900  collected=776  total=19499
2026-10-08 09:04:24  [INFO    ]  Fetching details concurrently for 29 listings (workers=4)...
2026-10-08 09:04:28  [INFO    ]  [cars-for-sale] Page 32/50  offset=930  collected=805  total=19499
2026-10-08 09:04:29  [INFO    ]  Fetching details concurrently for 31 listings (workers=4)...
2026-10-08 09:04:34  [INFO    ]  [cars-for-sale] Page 33/50  offset=960  collected=836  total=19499
2026-10-08 09:04:35  [INFO    ]  Fetching details concurrently for 32 listings (workers=4)...
2026-10-08 09:04:39  [INFO    ]  [cars-for-sale] Page 34/50  offset=990  collected=868  total=19499
2026-10-08 09:04:40  [INFO    ]  Fetching details concurrently for 18 listings (workers=4)...
2026-10-08 09:04:43  [INFO    ]  [cars-for-sale] Page 35/50  offset=1020  collected=886  total=19499
2026-10-08 09:04:44  [INFO    ]  Fetching details concurrently for 31 listings (workers=4)...
2026-10-08 09:04:48  [INFO    ]  [cars-for-sale] Page 36/50  offset=1050  collected=917  total=19499
2026-10-08 09:04:49  [INFO    ]  Fetching details concurrently for 30 listings (workers=4)...
2026-10-08 09:04:53  [INFO    ]  [cars-for-sale] Page 37/50  offset=1080  collected=947  total=19499
2026-10-08 09:04:54  [INFO    ]  Fetching details concurrently for 31 listings (workers=4)...
2026-10-08 09:04:58  [INFO    ]  [cars-for-sale] Page 38/50  offset=1110  collected=978  total=19499
2026-10-08 09:04:59  [INFO    ]  Fetching details concurrently for 30 listings (workers=4)...
2026-10-08 09:05:05  [INFO    ]  [cars-for-sale] Page 39/50  offset=1140  collected=1008  total=19499
2026-10-08 09:05:06  [INFO    ]  Fetching details concurrently for 31 listings (workers=4)...
2026-10-08 09:05:10  [INFO    ]  [cars-for-sale] Page 40/50  offset=1170  collected=1039  total=19499
2026-10-08 09:05:11  [INFO    ]  Fetching details concurrently for 27 listings (workers=4)...
2026-10-08 09:05:15  [INFO    ]  [cars-for-sale] Page 41/50  offset=1200  collected=1066  total=19499
2026-10-08 09:05:16  [INFO    ]  Fetching details concurrently for 31 listings (workers=4)...
2026-10-08 09:05:21  [INFO    ]  [cars-for-sale] Page 42/50  offset=1230  collected=1097  total=19499
2026-10-08 09:05:22  [INFO    ]  Fetching details concurrently for 29 listings (workers=4)...
2026-10-08 09:05:26  [INFO    ]  [cars-for-sale] Page 43/50  offset=1260  collected=1126  total=19499
2026-10-08 09:05:27  [INFO    ]  Fetching details concurrently for 30 listings (workers=4)...
2026-10-08 09:05:31  [INFO    ]  [cars-for-sale] Page 44/50  offset=1290  collected=1156  total=19499
2026-10-08 09:05:32  [INFO    ]  Fetching details concurrently for 30 listings (workers=4)...
2026-10-08 09:05:37  [INFO    ]  [cars-for-sale] Page 45/50  offset=1320  collected=1186  total=19499
2026-10-08 09:05:38  [INFO    ]  Fetching details concurrently for 30 listings (workers=4)...
2026-10-08 09:05:42  [INFO    ]  [cars-for-sale] Page 46/50  offset=1350  collected=1216  total=19499
2026-10-08 09:05:43  [INFO    ]  Fetching details concurrently for 29 listings (workers=4)...
2026-10-08 09:05:47  [INFO    ]  [cars-for-sale] Page 47/50  offset=1380  collected=1245  total=19499
2026-10-08 09:05:48  [INFO    ]  Fetching details concurrently for 30 listings (workers=4)...
2026-10-08 09:05:52  [INFO    ]  [cars-for-sale] Page 48/50  offset=1410  collected=1275  total=19499
2026-10-08 09:05:53  [INFO    ]  Fetching details concurrently for 23 listings (workers=4)...
2026-10-08 09:05:57  [INFO    ]  [cars-for-sale] Page 49/50  offset=1440  collected=1298  total=19499
2026-10-08 09:05:58  [INFO    ]  Fetching details concurrently for 24 listings (workers=4)...
2026-10-08 09:06:01  [INFO    ]  [cars-for-sale] Page 50/50  offset=1470  collected=1322  total=19499
2026-10-08 09:06:02  [INFO    ]  Fetching details concurrently for 30 listings (workers=4)...
2026-10-08 09:06:07  [INFO    ]  Scrape complete. Collected 1352 records in this batch.
2026-10-08 09:06:07  [INFO    ]  Extraction complete in 251.08s: 1,352 total listings collected.
2026-10-08 09:06:07  [INFO    ]  Batch summary: 1,352 total listings collected (378 new unique IDs, 974 recurring/tracked IDs).
2026-10-08 09:06:07  [INFO    ]  Saved 1352 raw records to Parquet -> data/bronze/cars_2026-10-08.parquet
2026-10-08 09:06:07  [INFO    ]  Saved 1352 full raw records from today's run to CSV -> data/bronze/khmer24_cars.csv
2026-10-08 09:06:07  [INFO    ]  Saved ingestion run manifest -> data/bronze/ingestion_manifest.json
2026-10-08 09:06:07  [INFO    ]  Bronze Parquet -> data/bronze/cars_2026-10-08.parquet
2026-10-08 09:06:07  [INFO    ]  Full Run CSV   -> data/bronze/khmer24_cars.csv
2026-10-08 09:06:07  [INFO    ]  Manifest       -> data/bronze/ingestion_manifest.json
2026-10-08 09:06:07  [INFO    ]  ┌────────────────────────────────────────────────────┐
2026-10-08 09:06:07  [INFO    ]  │  BRONZE INGESTION QUALITY SUMMARY (1,352 records)  │
2026-10-08 09:06:07  [INFO    ]  ├────────────────────────────────────┬───────────────┤
2026-10-08 09:06:07  [INFO    ]  │  Price Field Coverage              │  100.0%       │
2026-10-08 09:06:07  [INFO    ]  │  Brand Field Coverage              │  100.0%       │
2026-10-08 09:06:07  [INFO    ]  │  Model Field Coverage              │   98.8%       │
2026-10-08 09:06:07  [INFO    ]  │  Year Field Coverage               │  100.0%       │
2026-10-08 09:06:07  [INFO    ]  │  Province Field Coverage           │  100.0%       │
2026-10-08 09:06:07  [INFO    ]  │  Mileage Field Coverage            │    0.0%       │
2026-10-08 09:06:07  [INFO    ]  │  Transmission Field Coverage       │   86.8%       │
2026-10-08 09:06:07  [INFO    ]  │  Fuel Type Field Coverage          │   88.7%       │
2026-10-08 09:06:07  [INFO    ]  │  Detail Enrichment Rate            │  100.0%       │
2026-10-08 09:06:07  [INFO    ]  ├────────────────────────────────────┴───────────────┤
2026-10-08 09:06:07  [INFO    ]  │  Cumulative Unique Marketplace IDs :  16,861             │
2026-10-08 09:06:07  [INFO    ]  └────────────────────────────────────────────────────┘
2026-10-08 09:06:07  [INFO    ]  EL stage complete. 1,352 listings processed in this batch.
