2026-10-01 08:59:35  [INFO    ]  =================================================================
2026-10-01 08:59:35  [INFO    ]  Starting Bronze Data Ingestion: 2026-10-01T08:59:35.811771+00:00
2026-10-01 08:59:35  [INFO    ]  Config: category=cars-for-sale, province=ALL, max_pages=50, mode=feed_window, enrich_details=True
2026-10-01 08:59:35  [INFO    ]  =================================================================
2026-10-01 08:59:35  [INFO    ]  [cars-for-sale] Page 1/50  offset=0  collected=0
2026-10-01 08:59:37  [INFO    ]  Fetching details concurrently for 40 listings (workers=4)...
2026-10-01 08:59:42  [INFO    ]  [cars-for-sale] Page 2/50  offset=30  collected=40  total=19668
2026-10-01 08:59:42  [INFO    ]  Fetching details concurrently for 30 listings (workers=4)...
2026-10-01 08:59:46  [INFO    ]  [cars-for-sale] Page 3/50  offset=60  collected=70  total=19668
2026-10-01 08:59:46  [INFO    ]  Fetching details concurrently for 10 listings (workers=4)...
2026-10-01 08:59:48  [INFO    ]  [cars-for-sale] Page 4/50  offset=90  collected=80  total=19668
2026-10-01 08:59:49  [INFO    ]  Fetching details concurrently for 20 listings (workers=4)...
2026-10-01 08:59:51  [INFO    ]  [cars-for-sale] Page 5/50  offset=120  collected=100  total=19668
2026-10-01 08:59:52  [INFO    ]  Fetching details concurrently for 28 listings (workers=4)...
2026-10-01 08:59:55  [INFO    ]  [cars-for-sale] Page 6/50  offset=150  collected=128  total=19668
2026-10-01 08:59:56  [INFO    ]  Fetching details concurrently for 26 listings (workers=4)...
2026-10-01 08:59:59  [INFO    ]  [cars-for-sale] Page 7/50  offset=180  collected=154  total=19668
2026-10-01 09:00:00  [INFO    ]  Fetching details concurrently for 33 listings (workers=4)...
2026-10-01 09:00:09  [INFO    ]  [cars-for-sale] Page 8/50  offset=210  collected=187  total=19668
2026-10-01 09:00:10  [INFO    ]  Fetching details concurrently for 30 listings (workers=4)...
2026-10-01 09:00:16  [INFO    ]  [cars-for-sale] Page 9/50  offset=240  collected=217  total=19668
2026-10-01 09:00:17  [INFO    ]  Fetching details concurrently for 21 listings (workers=4)...
2026-10-01 09:00:20  [INFO    ]  [cars-for-sale] Page 10/50  offset=270  collected=238  total=19668
2026-10-01 09:00:21  [INFO    ]  Fetching details concurrently for 31 listings (workers=4)...
2026-10-01 09:00:26  [INFO    ]  [cars-for-sale] Page 11/50  offset=300  collected=269  total=19668
2026-10-01 09:00:27  [INFO    ]  Fetching details concurrently for 5 listings (workers=4)...
2026-10-01 09:00:28  [INFO    ]  [cars-for-sale] Page 12/50  offset=330  collected=274  total=19668
2026-10-01 09:00:29  [INFO    ]  Fetching details concurrently for 30 listings (workers=4)...
2026-10-01 09:00:32  [INFO    ]  [cars-for-sale] Page 13/50  offset=360  collected=304  total=19668
2026-10-01 09:00:33  [INFO    ]  Fetching details concurrently for 31 listings (workers=4)...
2026-10-01 09:00:37  [INFO    ]  [cars-for-sale] Page 14/50  offset=390  collected=335  total=19668
2026-10-01 09:00:38  [INFO    ]  Fetching details concurrently for 30 listings (workers=4)...
2026-10-01 09:00:41  [INFO    ]  [cars-for-sale] Page 15/50  offset=420  collected=365  total=19668
2026-10-01 09:00:42  [INFO    ]  Fetching details concurrently for 29 listings (workers=4)...
2026-10-01 09:00:46  [INFO    ]  [cars-for-sale] Page 16/50  offset=450  collected=394  total=19668
2026-10-01 09:00:46  [INFO    ]  Fetching details concurrently for 31 listings (workers=4)...
2026-10-01 09:00:50  [INFO    ]  [cars-for-sale] Page 17/50  offset=480  collected=425  total=19668
2026-10-01 09:00:51  [INFO    ]  [cars-for-sale] Page 18/50  offset=510  collected=425  total=19668
2026-10-01 09:00:52  [INFO    ]  Fetching details concurrently for 32 listings (workers=4)...
2026-10-01 09:00:56  [INFO    ]  [cars-for-sale] Page 19/50  offset=540  collected=457  total=19668
2026-10-01 09:00:56  [INFO    ]  Fetching details concurrently for 25 listings (workers=4)...
2026-10-01 09:00:59  [INFO    ]  [cars-for-sale] Page 20/50  offset=570  collected=482  total=19668
2026-10-01 09:01:00  [INFO    ]  Fetching details concurrently for 11 listings (workers=4)...
2026-10-01 09:01:02  [INFO    ]  [cars-for-sale] Page 21/50  offset=600  collected=493  total=19668
2026-10-01 09:01:03  [INFO    ]  Fetching details concurrently for 30 listings (workers=4)...
2026-10-01 09:01:06  [INFO    ]  [cars-for-sale] Page 22/50  offset=630  collected=523  total=19668
2026-10-01 09:01:07  [INFO    ]  Fetching details concurrently for 30 listings (workers=4)...
2026-10-01 09:01:10  [INFO    ]  [cars-for-sale] Page 23/50  offset=660  collected=553  total=19668
2026-10-01 09:01:11  [INFO    ]  Fetching details concurrently for 31 listings (workers=4)...
2026-10-01 09:01:14  [INFO    ]  [cars-for-sale] Page 24/50  offset=690  collected=584  total=19668
2026-10-01 09:01:15  [INFO    ]  Fetching details concurrently for 28 listings (workers=4)...
2026-10-01 09:01:18  [INFO    ]  [cars-for-sale] Page 25/50  offset=720  collected=612  total=19668
2026-10-01 09:01:19  [INFO    ]  Fetching details concurrently for 31 listings (workers=4)...
2026-10-01 09:01:23  [INFO    ]  [cars-for-sale] Page 26/50  offset=750  collected=643  total=19668
2026-10-01 09:01:23  [INFO    ]  Fetching details concurrently for 29 listings (workers=4)...
2026-10-01 09:01:27  [INFO    ]  [cars-for-sale] Page 27/50  offset=780  collected=672  total=19668
2026-10-01 09:01:28  [INFO    ]  Fetching details concurrently for 30 listings (workers=4)...
2026-10-01 09:01:31  [INFO    ]  [cars-for-sale] Page 28/50  offset=810  collected=702  total=19668
2026-10-01 09:01:32  [INFO    ]  Fetching details concurrently for 20 listings (workers=4)...
2026-10-01 09:01:35  [INFO    ]  [cars-for-sale] Page 29/50  offset=840  collected=722  total=19668
2026-10-01 09:01:35  [INFO    ]  Fetching details concurrently for 31 listings (workers=4)...
2026-10-01 09:01:39  [INFO    ]  [cars-for-sale] Page 30/50  offset=870  collected=753  total=19668
2026-10-01 09:01:40  [INFO    ]  Fetching details concurrently for 29 listings (workers=4)...
2026-10-01 09:01:43  [INFO    ]  [cars-for-sale] Page 31/50  offset=900  collected=782  total=19668
2026-10-01 09:01:44  [INFO    ]  Fetching details concurrently for 32 listings (workers=4)...
2026-10-01 09:01:48  [INFO    ]  [cars-for-sale] Page 32/50  offset=930  collected=814  total=19668
2026-10-01 09:01:49  [INFO    ]  Fetching details concurrently for 27 listings (workers=4)...
2026-10-01 09:01:52  [INFO    ]  [cars-for-sale] Page 33/50  offset=960  collected=841  total=19668
2026-10-01 09:01:53  [INFO    ]  Fetching details concurrently for 20 listings (workers=4)...
2026-10-01 09:01:55  [INFO    ]  [cars-for-sale] Page 34/50  offset=990  collected=861  total=19668
2026-10-01 09:01:56  [INFO    ]  Fetching details concurrently for 27 listings (workers=4)...
2026-10-01 09:01:59  [INFO    ]  [cars-for-sale] Page 35/50  offset=1020  collected=888  total=19668
2026-10-01 09:02:00  [INFO    ]  Fetching details concurrently for 20 listings (workers=4)...
2026-10-01 09:02:03  [INFO    ]  [cars-for-sale] Page 36/50  offset=1050  collected=908  total=19668
2026-10-01 09:02:04  [INFO    ]  Fetching details concurrently for 30 listings (workers=4)...
2026-10-01 09:02:07  [INFO    ]  [cars-for-sale] Page 37/50  offset=1080  collected=938  total=19668
2026-10-01 09:02:08  [INFO    ]  Fetching details concurrently for 30 listings (workers=4)...
2026-10-01 09:02:11  [INFO    ]  [cars-for-sale] Page 38/50  offset=1110  collected=968  total=19668
2026-10-01 09:02:12  [INFO    ]  Fetching details concurrently for 31 listings (workers=4)...
2026-10-01 09:02:16  [INFO    ]  [cars-for-sale] Page 39/50  offset=1140  collected=999  total=19668
2026-10-01 09:02:17  [INFO    ]  Fetching details concurrently for 30 listings (workers=4)...
2026-10-01 09:02:20  [INFO    ]  [cars-for-sale] Page 40/50  offset=1170  collected=1029  total=19668
2026-10-01 09:02:21  [INFO    ]  Fetching details concurrently for 30 listings (workers=4)...
2026-10-01 09:02:24  [INFO    ]  [cars-for-sale] Page 41/50  offset=1200  collected=1059  total=19668
2026-10-01 09:02:25  [INFO    ]  Fetching details concurrently for 30 listings (workers=4)...
2026-10-01 09:02:28  [INFO    ]  [cars-for-sale] Page 42/50  offset=1230  collected=1089  total=19668
2026-10-01 09:02:29  [INFO    ]  Fetching details concurrently for 18 listings (workers=4)...
2026-10-01 09:02:31  [INFO    ]  [cars-for-sale] Page 43/50  offset=1260  collected=1107  total=19668
2026-10-01 09:02:32  [INFO    ]  Fetching details concurrently for 29 listings (workers=4)...
2026-10-01 09:02:35  [INFO    ]  [cars-for-sale] Page 44/50  offset=1290  collected=1136  total=19668
2026-10-01 09:02:36  [INFO    ]  Fetching details concurrently for 30 listings (workers=4)...
2026-10-01 09:02:39  [INFO    ]  [cars-for-sale] Page 45/50  offset=1320  collected=1166  total=19668
2026-10-01 09:02:40  [INFO    ]  Fetching details concurrently for 30 listings (workers=4)...
2026-10-01 09:02:43  [INFO    ]  [cars-for-sale] Page 46/50  offset=1350  collected=1196  total=19668
2026-10-01 09:02:44  [INFO    ]  Fetching details concurrently for 31 listings (workers=4)...
2026-10-01 09:02:48  [INFO    ]  [cars-for-sale] Page 47/50  offset=1380  collected=1227  total=19668
2026-10-01 09:02:48  [INFO    ]  Fetching details concurrently for 30 listings (workers=4)...
2026-10-01 09:02:52  [INFO    ]  [cars-for-sale] Page 48/50  offset=1410  collected=1257  total=19668
2026-10-01 09:02:53  [INFO    ]  Fetching details concurrently for 30 listings (workers=4)...
2026-10-01 09:02:56  [INFO    ]  [cars-for-sale] Page 49/50  offset=1440  collected=1287  total=19668
2026-10-01 09:02:57  [INFO    ]  Fetching details concurrently for 8 listings (workers=4)...
2026-10-01 09:02:58  [INFO    ]  [cars-for-sale] Page 50/50  offset=1470  collected=1295  total=19668
2026-10-01 09:02:59  [INFO    ]  Fetching details concurrently for 30 listings (workers=4)...
2026-10-01 09:03:02  [INFO    ]  Scrape complete. Collected 1325 records in this batch.
2026-10-01 09:03:02  [INFO    ]  Extraction complete in 207.16s: 1,325 total listings collected.
2026-10-01 09:03:02  [INFO    ]  Batch summary: 1,325 total listings collected (439 new unique IDs, 886 recurring/tracked IDs).
2026-10-01 09:03:03  [INFO    ]  Saved 1325 raw records to Parquet -> data/bronze/cars_2026-10-01.parquet
2026-10-01 09:03:03  [INFO    ]  Saved 1325 full raw records from today's run to CSV -> data/bronze/khmer24_cars.csv
2026-10-01 09:03:03  [INFO    ]  Saved ingestion run manifest -> data/bronze/ingestion_manifest.json
2026-10-01 09:03:03  [INFO    ]  Bronze Parquet -> data/bronze/cars_2026-10-01.parquet
2026-10-01 09:03:03  [INFO    ]  Full Run CSV   -> data/bronze/khmer24_cars.csv
2026-10-01 09:03:03  [INFO    ]  Manifest       -> data/bronze/ingestion_manifest.json
2026-10-01 09:03:03  [INFO    ]  ┌────────────────────────────────────────────────────┐
2026-10-01 09:03:03  [INFO    ]  │  BRONZE INGESTION QUALITY SUMMARY (1,325 records)  │
2026-10-01 09:03:03  [INFO    ]  ├────────────────────────────────────┬───────────────┤
2026-10-01 09:03:03  [INFO    ]  │  Price Field Coverage              │  100.0%       │
2026-10-01 09:03:03  [INFO    ]  │  Brand Field Coverage              │  100.0%       │
2026-10-01 09:03:03  [INFO    ]  │  Model Field Coverage              │   99.1%       │
2026-10-01 09:03:03  [INFO    ]  │  Year Field Coverage               │   99.9%       │
2026-10-01 09:03:03  [INFO    ]  │  Province Field Coverage           │  100.0%       │
2026-10-01 09:03:03  [INFO    ]  │  Mileage Field Coverage            │    0.0%       │
2026-10-01 09:03:03  [INFO    ]  │  Transmission Field Coverage       │   85.1%       │
2026-10-01 09:03:03  [INFO    ]  │  Fuel Type Field Coverage          │   86.3%       │
2026-10-01 09:03:03  [INFO    ]  │  Detail Enrichment Rate            │  100.0%       │
2026-10-01 09:03:03  [INFO    ]  ├────────────────────────────────────┴───────────────┤
2026-10-01 09:03:03  [INFO    ]  │  Cumulative Unique Marketplace IDs :  14,249             │
2026-10-01 09:03:03  [INFO    ]  └────────────────────────────────────────────────────┘
2026-10-01 09:03:03  [INFO    ]  EL stage complete. 1,325 listings processed in this batch.
