2026-09-16 07:43:24  [INFO    ]  =================================================================
2026-09-16 07:43:24  [INFO    ]  Starting Bronze Data Ingestion: 2026-09-16T07:43:24.862467+00:00
2026-09-16 07:43:24  [INFO    ]  Config: category=cars-for-sale, province=ALL, max_pages=50, mode=feed_window, enrich_details=True
2026-09-16 07:43:24  [INFO    ]  =================================================================
2026-09-16 07:43:24  [INFO    ]  [cars-for-sale] Page 1/50  offset=0  collected=0
2026-09-16 07:43:27  [INFO    ]  Fetching details concurrently for 40 listings (workers=4)...
2026-09-16 07:43:31  [INFO    ]  [cars-for-sale] Page 2/50  offset=30  collected=40  total=19732
2026-09-16 07:43:32  [INFO    ]  Fetching details concurrently for 20 listings (workers=4)...
2026-09-16 07:43:34  [INFO    ]  [cars-for-sale] Page 3/50  offset=60  collected=60  total=19732
2026-09-16 07:43:35  [INFO    ]  Fetching details concurrently for 19 listings (workers=4)...
2026-09-16 07:43:38  [INFO    ]  [cars-for-sale] Page 4/50  offset=90  collected=79  total=19732
2026-09-16 07:43:39  [INFO    ]  Fetching details concurrently for 27 listings (workers=4)...
2026-09-16 07:43:43  [INFO    ]  [cars-for-sale] Page 5/50  offset=120  collected=106  total=19732
2026-09-16 07:43:44  [INFO    ]  Fetching details concurrently for 31 listings (workers=4)...
2026-09-16 07:43:47  [INFO    ]  [cars-for-sale] Page 6/50  offset=150  collected=137  total=19732
2026-09-16 07:43:48  [INFO    ]  Fetching details concurrently for 32 listings (workers=4)...
2026-09-16 07:43:52  [INFO    ]  [cars-for-sale] Page 7/50  offset=180  collected=169  total=19732
2026-09-16 07:43:52  [INFO    ]  Fetching details concurrently for 10 listings (workers=4)...
2026-09-16 07:43:54  [INFO    ]  [cars-for-sale] Page 8/50  offset=210  collected=179  total=19732
2026-09-16 07:43:56  [INFO    ]  [cars-for-sale] Page 9/50  offset=240  collected=179  total=19732
2026-09-16 07:43:56  [INFO    ]  Fetching details concurrently for 17 listings (workers=4)...
2026-09-16 07:43:58  [INFO    ]  [cars-for-sale] Page 10/50  offset=270  collected=196  total=19732
2026-09-16 07:43:59  [INFO    ]  Fetching details concurrently for 31 listings (workers=4)...
2026-09-16 07:44:03  [INFO    ]  [cars-for-sale] Page 11/50  offset=300  collected=227  total=19732
2026-09-16 07:44:04  [INFO    ]  Fetching details concurrently for 29 listings (workers=4)...
2026-09-16 07:44:09  [INFO    ]  [cars-for-sale] Page 12/50  offset=330  collected=256  total=19732
2026-09-16 07:44:09  [INFO    ]  Fetching details concurrently for 17 listings (workers=4)...
2026-09-16 07:44:12  [INFO    ]  [cars-for-sale] Page 13/50  offset=360  collected=273  total=19732
2026-09-16 07:44:14  [INFO    ]  Fetching details concurrently for 33 listings (workers=4)...
2026-09-16 07:44:18  [INFO    ]  [cars-for-sale] Page 14/50  offset=390  collected=306  total=19732
2026-09-16 07:44:19  [INFO    ]  Fetching details concurrently for 25 listings (workers=4)...
2026-09-16 07:44:23  [INFO    ]  [cars-for-sale] Page 15/50  offset=420  collected=331  total=19732
2026-09-16 07:44:23  [INFO    ]  Fetching details concurrently for 31 listings (workers=4)...
2026-09-16 07:44:27  [INFO    ]  [cars-for-sale] Page 16/50  offset=450  collected=362  total=19732
2026-09-16 07:44:28  [INFO    ]  [cars-for-sale] Page 17/50  offset=480  collected=362  total=19732
2026-09-16 07:44:29  [INFO    ]  Fetching details concurrently for 1 listings (workers=4)...
2026-09-16 07:44:30  [INFO    ]  [cars-for-sale] Page 18/50  offset=510  collected=363  total=19732
2026-09-16 07:44:30  [INFO    ]  Fetching details concurrently for 30 listings (workers=4)...
2026-09-16 07:44:34  [INFO    ]  [cars-for-sale] Page 19/50  offset=540  collected=393  total=19732
2026-09-16 07:44:34  [INFO    ]  Fetching details concurrently for 31 listings (workers=4)...
2026-09-16 07:44:39  [INFO    ]  [cars-for-sale] Page 20/50  offset=570  collected=424  total=19732
2026-09-16 07:44:40  [INFO    ]  Fetching details concurrently for 9 listings (workers=4)...
2026-09-16 07:44:41  [INFO    ]  [cars-for-sale] Page 21/50  offset=600  collected=433  total=19732
2026-09-16 07:44:42  [INFO    ]  Fetching details concurrently for 30 listings (workers=4)...
2026-09-16 07:44:45  [INFO    ]  [cars-for-sale] Page 22/50  offset=630  collected=463  total=19732
2026-09-16 07:44:46  [INFO    ]  Fetching details concurrently for 5 listings (workers=4)...
2026-09-16 07:44:48  [INFO    ]  [cars-for-sale] Page 23/50  offset=660  collected=468  total=19732
2026-09-16 07:44:49  [INFO    ]  Fetching details concurrently for 19 listings (workers=4)...
2026-09-16 07:44:52  [INFO    ]  [cars-for-sale] Page 24/50  offset=690  collected=487  total=19732
2026-09-16 07:44:53  [INFO    ]  Fetching details concurrently for 26 listings (workers=4)...
2026-09-16 07:44:56  [INFO    ]  [cars-for-sale] Page 25/50  offset=720  collected=513  total=19732
2026-09-16 07:44:56  [INFO    ]  Fetching details concurrently for 30 listings (workers=4)...
2026-09-16 07:45:00  [INFO    ]  [cars-for-sale] Page 26/50  offset=750  collected=543  total=19732
2026-09-16 07:45:01  [INFO    ]  Fetching details concurrently for 30 listings (workers=4)...
2026-09-16 07:45:08  [INFO    ]  [cars-for-sale] Page 27/50  offset=780  collected=573  total=19732
2026-09-16 07:45:08  [INFO    ]  Fetching details concurrently for 26 listings (workers=4)...
2026-09-16 07:45:12  [INFO    ]  [cars-for-sale] Page 28/50  offset=810  collected=599  total=19732
2026-09-16 07:45:13  [INFO    ]  Fetching details concurrently for 31 listings (workers=4)...
2026-09-16 07:45:19  [INFO    ]  [cars-for-sale] Page 29/50  offset=840  collected=630  total=19732
2026-09-16 07:45:19  [INFO    ]  Fetching details concurrently for 21 listings (workers=4)...
2026-09-16 07:45:23  [INFO    ]  [cars-for-sale] Page 30/50  offset=870  collected=651  total=19732
2026-09-16 07:45:24  [INFO    ]  Fetching details concurrently for 30 listings (workers=4)...
2026-09-16 07:45:27  [INFO    ]  [cars-for-sale] Page 31/50  offset=900  collected=681  total=19732
2026-09-16 07:45:28  [INFO    ]  Fetching details concurrently for 30 listings (workers=4)...
2026-09-16 07:45:32  [INFO    ]  [cars-for-sale] Page 32/50  offset=930  collected=711  total=19732
2026-09-16 07:45:33  [INFO    ]  [cars-for-sale] Page 33/50  offset=960  collected=711  total=19732
2026-09-16 07:45:34  [INFO    ]  Fetching details concurrently for 13 listings (workers=4)...
2026-09-16 07:45:36  [INFO    ]  [cars-for-sale] Page 34/50  offset=990  collected=724  total=19732
2026-09-16 07:45:37  [INFO    ]  Fetching details concurrently for 30 listings (workers=4)...
2026-09-16 07:45:41  [INFO    ]  [cars-for-sale] Page 35/50  offset=1020  collected=754  total=19732
2026-09-16 07:45:41  [INFO    ]  Fetching details concurrently for 17 listings (workers=4)...
2026-09-16 07:45:44  [INFO    ]  [cars-for-sale] Page 36/50  offset=1050  collected=771  total=19732
2026-09-16 07:45:44  [INFO    ]  Fetching details concurrently for 19 listings (workers=4)...
2026-09-16 07:45:47  [INFO    ]  [cars-for-sale] Page 37/50  offset=1080  collected=790  total=19732
2026-09-16 07:45:48  [INFO    ]  Fetching details concurrently for 30 listings (workers=4)...
2026-09-16 07:45:51  [INFO    ]  [cars-for-sale] Page 38/50  offset=1110  collected=820  total=19732
2026-09-16 07:45:52  [INFO    ]  Fetching details concurrently for 30 listings (workers=4)...
2026-09-16 07:45:56  [INFO    ]  [cars-for-sale] Page 39/50  offset=1140  collected=850  total=19732
2026-09-16 07:45:57  [INFO    ]  Fetching details concurrently for 22 listings (workers=4)...
2026-09-16 07:46:00  [INFO    ]  [cars-for-sale] Page 40/50  offset=1170  collected=872  total=19732
2026-09-16 07:46:01  [INFO    ]  Fetching details concurrently for 31 listings (workers=4)...
2026-09-16 07:46:05  [INFO    ]  [cars-for-sale] Page 41/50  offset=1200  collected=903  total=19732
2026-09-16 07:46:06  [INFO    ]  Fetching details concurrently for 31 listings (workers=4)...
2026-09-16 07:46:09  [INFO    ]  [cars-for-sale] Page 42/50  offset=1230  collected=934  total=19732
2026-09-16 07:46:10  [INFO    ]  Fetching details concurrently for 18 listings (workers=4)...
2026-09-16 07:46:13  [INFO    ]  [cars-for-sale] Page 43/50  offset=1260  collected=952  total=19732
2026-09-16 07:46:14  [INFO    ]  Fetching details concurrently for 30 listings (workers=4)...
2026-09-16 07:46:18  [INFO    ]  [cars-for-sale] Page 44/50  offset=1290  collected=982  total=19732
2026-09-16 07:46:18  [INFO    ]  Fetching details concurrently for 30 listings (workers=4)...
2026-09-16 07:46:22  [INFO    ]  [cars-for-sale] Page 45/50  offset=1320  collected=1012  total=19732
2026-09-16 07:46:23  [INFO    ]  Fetching details concurrently for 30 listings (workers=4)...
2026-09-16 07:46:26  [INFO    ]  [cars-for-sale] Page 46/50  offset=1350  collected=1042  total=19732
2026-09-16 07:46:27  [INFO    ]  Fetching details concurrently for 30 listings (workers=4)...
2026-09-16 07:46:31  [INFO    ]  [cars-for-sale] Page 47/50  offset=1380  collected=1072  total=19732
2026-09-16 07:46:32  [INFO    ]  Fetching details concurrently for 30 listings (workers=4)...
2026-09-16 07:46:36  [INFO    ]  [cars-for-sale] Page 48/50  offset=1410  collected=1102  total=19732
2026-09-16 07:46:38  [INFO    ]  Fetching details concurrently for 30 listings (workers=4)...
2026-09-16 07:46:41  [INFO    ]  [cars-for-sale] Page 49/50  offset=1440  collected=1132  total=19732
2026-09-16 07:46:43  [INFO    ]  Fetching details concurrently for 27 listings (workers=4)...
2026-09-16 07:46:46  [INFO    ]  [cars-for-sale] Page 50/50  offset=1470  collected=1159  total=19732
2026-09-16 07:46:47  [INFO    ]  Fetching details concurrently for 31 listings (workers=4)...
2026-09-16 07:46:51  [INFO    ]  Scrape complete. Collected 1190 records in this batch.
2026-09-16 07:46:51  [INFO    ]  Extraction complete in 206.15s: 1,190 total listings collected.
2026-09-16 07:46:51  [INFO    ]  Batch summary: 1,190 total listings collected (370 new unique IDs, 820 recurring/tracked IDs).
2026-09-16 07:46:51  [INFO    ]  Saved 1190 raw records to Parquet -> data/bronze/cars_2026-09-16.parquet
2026-09-16 07:46:51  [INFO    ]  Saved 1190 full raw records from today's run to CSV -> data/bronze/khmer24_cars.csv
2026-09-16 07:46:51  [INFO    ]  Saved ingestion run manifest -> data/bronze/ingestion_manifest.json
2026-09-16 07:46:51  [INFO    ]  Bronze Parquet -> data/bronze/cars_2026-09-16.parquet
2026-09-16 07:46:51  [INFO    ]  Full Run CSV   -> data/bronze/khmer24_cars.csv
2026-09-16 07:46:51  [INFO    ]  Manifest       -> data/bronze/ingestion_manifest.json
2026-09-16 07:46:51  [INFO    ]  ┌────────────────────────────────────────────────────┐
2026-09-16 07:46:51  [INFO    ]  │  BRONZE INGESTION QUALITY SUMMARY (1,190 records)  │
2026-09-16 07:46:51  [INFO    ]  ├────────────────────────────────────┬───────────────┤
2026-09-16 07:46:51  [INFO    ]  │  Price Field Coverage              │  100.0%       │
2026-09-16 07:46:51  [INFO    ]  │  Brand Field Coverage              │  100.0%       │
2026-09-16 07:46:51  [INFO    ]  │  Model Field Coverage              │   99.5%       │
2026-09-16 07:46:51  [INFO    ]  │  Year Field Coverage               │  100.0%       │
2026-09-16 07:46:51  [INFO    ]  │  Province Field Coverage           │  100.0%       │
2026-09-16 07:46:51  [INFO    ]  │  Mileage Field Coverage            │    0.0%       │
2026-09-16 07:46:51  [INFO    ]  │  Transmission Field Coverage       │   84.7%       │
2026-09-16 07:46:51  [INFO    ]  │  Fuel Type Field Coverage          │   89.2%       │
2026-09-16 07:46:51  [INFO    ]  │  Detail Enrichment Rate            │  100.0%       │
2026-09-16 07:46:51  [INFO    ]  ├────────────────────────────────────┴───────────────┤
2026-09-16 07:46:51  [INFO    ]  │  Cumulative Unique Marketplace IDs :  8,580              │
2026-09-16 07:46:51  [INFO    ]  └────────────────────────────────────────────────────┘
2026-09-16 07:46:51  [INFO    ]  EL stage complete. 1,190 listings processed in this batch.
