2026-09-25 07:52:32  [INFO    ]  =================================================================
2026-09-25 07:52:32  [INFO    ]  Starting Bronze Data Ingestion: 2026-09-25T07:52:32.596180+00:00
2026-09-25 07:52:32  [INFO    ]  Config: category=cars-for-sale, province=ALL, max_pages=50, mode=feed_window, enrich_details=True
2026-09-25 07:52:32  [INFO    ]  =================================================================
2026-09-25 07:52:32  [INFO    ]  [cars-for-sale] Page 1/50  offset=0  collected=0
2026-09-25 07:52:34  [INFO    ]  Fetching details concurrently for 40 listings (workers=4)...
2026-09-25 07:52:41  [INFO    ]  [cars-for-sale] Page 2/50  offset=30  collected=40  total=19528
2026-09-25 07:52:42  [INFO    ]  Fetching details concurrently for 26 listings (workers=4)...
2026-09-25 07:52:47  [INFO    ]  [cars-for-sale] Page 3/50  offset=60  collected=66  total=19528
2026-09-25 07:52:48  [INFO    ]  Fetching details concurrently for 11 listings (workers=4)...
2026-09-25 07:52:50  [INFO    ]  [cars-for-sale] Page 4/50  offset=90  collected=77  total=19528
2026-09-25 07:52:51  [INFO    ]  Fetching details concurrently for 29 listings (workers=4)...
2026-09-25 07:52:56  [INFO    ]  [cars-for-sale] Page 5/50  offset=120  collected=106  total=19528
2026-09-25 07:52:57  [INFO    ]  Fetching details concurrently for 4 listings (workers=4)...
2026-09-25 07:52:58  [INFO    ]  [cars-for-sale] Page 6/50  offset=150  collected=110  total=19528
2026-09-25 07:52:59  [INFO    ]  Fetching details concurrently for 32 listings (workers=4)...
2026-09-25 07:53:04  [INFO    ]  [cars-for-sale] Page 7/50  offset=180  collected=142  total=19528
2026-09-25 07:53:05  [INFO    ]  Fetching details concurrently for 9 listings (workers=4)...
2026-09-25 07:53:07  [INFO    ]  [cars-for-sale] Page 8/50  offset=210  collected=151  total=19528
2026-09-25 07:53:08  [INFO    ]  Fetching details concurrently for 22 listings (workers=4)...
2026-09-25 07:53:12  [INFO    ]  [cars-for-sale] Page 9/50  offset=240  collected=173  total=19528
2026-09-25 07:53:13  [INFO    ]  Fetching details concurrently for 15 listings (workers=4)...
2026-09-25 07:53:16  [INFO    ]  [cars-for-sale] Page 10/50  offset=270  collected=188  total=19528
2026-09-25 07:53:17  [INFO    ]  Fetching details concurrently for 30 listings (workers=4)...
2026-09-25 07:53:22  [INFO    ]  [cars-for-sale] Page 11/50  offset=300  collected=218  total=19528
2026-09-25 07:53:23  [INFO    ]  Fetching details concurrently for 29 listings (workers=4)...
2026-09-25 07:53:28  [INFO    ]  [cars-for-sale] Page 12/50  offset=330  collected=247  total=19528
2026-09-25 07:53:29  [INFO    ]  Fetching details concurrently for 30 listings (workers=4)...
2026-09-25 07:53:34  [INFO    ]  [cars-for-sale] Page 13/50  offset=360  collected=277  total=19528
2026-09-25 07:53:35  [INFO    ]  Fetching details concurrently for 30 listings (workers=4)...
2026-09-25 07:53:41  [INFO    ]  [cars-for-sale] Page 14/50  offset=390  collected=307  total=19528
2026-09-25 07:53:41  [INFO    ]  Fetching details concurrently for 31 listings (workers=4)...
2026-09-25 07:53:46  [INFO    ]  [cars-for-sale] Page 15/50  offset=420  collected=338  total=19528
2026-09-25 07:53:47  [INFO    ]  Fetching details concurrently for 28 listings (workers=4)...
2026-09-25 07:53:53  [INFO    ]  [cars-for-sale] Page 16/50  offset=450  collected=366  total=19528
2026-09-25 07:53:54  [INFO    ]  Fetching details concurrently for 32 listings (workers=4)...
2026-09-25 07:53:59  [INFO    ]  [cars-for-sale] Page 17/50  offset=480  collected=398  total=19528
2026-09-25 07:54:00  [INFO    ]  Fetching details concurrently for 1 listings (workers=4)...
2026-09-25 07:54:01  [INFO    ]  [cars-for-sale] Page 18/50  offset=510  collected=399  total=19528
2026-09-25 07:54:02  [INFO    ]  Fetching details concurrently for 24 listings (workers=4)...
2026-09-25 07:54:06  [INFO    ]  [cars-for-sale] Page 19/50  offset=540  collected=423  total=19528
2026-09-25 07:54:07  [INFO    ]  Fetching details concurrently for 31 listings (workers=4)...
2026-09-25 07:54:13  [INFO    ]  [cars-for-sale] Page 20/50  offset=570  collected=454  total=19528
2026-09-25 07:54:14  [INFO    ]  Fetching details concurrently for 30 listings (workers=4)...
2026-09-25 07:54:18  [INFO    ]  [cars-for-sale] Page 21/50  offset=600  collected=484  total=19528
2026-09-25 07:54:19  [INFO    ]  Fetching details concurrently for 30 listings (workers=4)...
2026-09-25 07:54:24  [INFO    ]  [cars-for-sale] Page 22/50  offset=630  collected=514  total=19528
2026-09-25 07:54:25  [INFO    ]  Fetching details concurrently for 1 listings (workers=4)...
2026-09-25 07:54:27  [INFO    ]  [cars-for-sale] Page 23/50  offset=660  collected=515  total=19528
2026-09-25 07:54:28  [INFO    ]  Fetching details concurrently for 26 listings (workers=4)...
2026-09-25 07:54:32  [INFO    ]  [cars-for-sale] Page 24/50  offset=690  collected=541  total=19528
2026-09-25 07:54:33  [INFO    ]  Fetching details concurrently for 30 listings (workers=4)...
2026-09-25 07:54:38  [INFO    ]  [cars-for-sale] Page 25/50  offset=720  collected=571  total=19528
2026-09-25 07:54:39  [INFO    ]  Fetching details concurrently for 32 listings (workers=4)...
2026-09-25 07:54:43  [INFO    ]  [cars-for-sale] Page 26/50  offset=750  collected=603  total=19528
2026-09-25 07:54:44  [INFO    ]  Fetching details concurrently for 30 listings (workers=4)...
2026-09-25 07:54:49  [INFO    ]  [cars-for-sale] Page 27/50  offset=780  collected=633  total=19528
2026-09-25 07:54:50  [INFO    ]  Fetching details concurrently for 32 listings (workers=4)...
2026-09-25 07:54:55  [INFO    ]  [cars-for-sale] Page 28/50  offset=810  collected=665  total=19528
2026-09-25 07:54:56  [INFO    ]  Fetching details concurrently for 31 listings (workers=4)...
2026-09-25 07:55:01  [INFO    ]  [cars-for-sale] Page 29/50  offset=840  collected=696  total=19528
2026-09-25 07:55:03  [INFO    ]  Fetching details concurrently for 29 listings (workers=4)...
2026-09-25 07:55:09  [INFO    ]  [cars-for-sale] Page 30/50  offset=870  collected=725  total=19528
2026-09-25 07:55:10  [INFO    ]  Fetching details concurrently for 30 listings (workers=4)...
2026-09-25 07:55:16  [INFO    ]  [cars-for-sale] Page 31/50  offset=900  collected=755  total=19528
2026-09-25 07:55:17  [INFO    ]  Fetching details concurrently for 31 listings (workers=4)...
2026-09-25 07:55:23  [INFO    ]  [cars-for-sale] Page 32/50  offset=930  collected=786  total=19528
2026-09-25 07:55:24  [INFO    ]  Fetching details concurrently for 30 listings (workers=4)...
2026-09-25 07:55:29  [INFO    ]  [cars-for-sale] Page 33/50  offset=960  collected=816  total=19528
2026-09-25 07:55:29  [INFO    ]  Fetching details concurrently for 30 listings (workers=4)...
2026-09-25 07:55:35  [INFO    ]  [cars-for-sale] Page 34/50  offset=990  collected=846  total=19528
2026-09-25 07:55:36  [INFO    ]  Fetching details concurrently for 30 listings (workers=4)...
2026-09-25 07:55:41  [INFO    ]  [cars-for-sale] Page 35/50  offset=1020  collected=876  total=19528
2026-09-25 07:55:42  [INFO    ]  Fetching details concurrently for 30 listings (workers=4)...
2026-09-25 07:55:47  [INFO    ]  [cars-for-sale] Page 36/50  offset=1050  collected=906  total=19528
2026-09-25 07:55:48  [INFO    ]  [cars-for-sale] Page 37/50  offset=1080  collected=906  total=19528
2026-09-25 07:55:49  [INFO    ]  Fetching details concurrently for 25 listings (workers=4)...
2026-09-25 07:55:54  [INFO    ]  [cars-for-sale] Page 38/50  offset=1110  collected=931  total=19528
2026-09-25 07:55:55  [INFO    ]  Fetching details concurrently for 28 listings (workers=4)...
2026-09-25 07:55:59  [INFO    ]  [cars-for-sale] Page 39/50  offset=1140  collected=959  total=19528
2026-09-25 07:56:00  [INFO    ]  Fetching details concurrently for 30 listings (workers=4)...
2026-09-25 07:56:05  [INFO    ]  [cars-for-sale] Page 40/50  offset=1170  collected=989  total=19528
2026-09-25 07:56:06  [INFO    ]  Fetching details concurrently for 30 listings (workers=4)...
2026-09-25 07:56:11  [INFO    ]  [cars-for-sale] Page 41/50  offset=1200  collected=1019  total=19528
2026-09-25 07:56:12  [INFO    ]  Fetching details concurrently for 30 listings (workers=4)...
2026-09-25 07:56:18  [INFO    ]  [cars-for-sale] Page 42/50  offset=1230  collected=1049  total=19528
2026-09-25 07:56:19  [INFO    ]  Fetching details concurrently for 30 listings (workers=4)...
2026-09-25 07:56:24  [INFO    ]  [cars-for-sale] Page 43/50  offset=1260  collected=1079  total=19528
2026-09-25 07:56:25  [INFO    ]  Fetching details concurrently for 25 listings (workers=4)...
2026-09-25 07:56:29  [INFO    ]  [cars-for-sale] Page 44/50  offset=1290  collected=1104  total=19528
2026-09-25 07:56:30  [INFO    ]  Fetching details concurrently for 31 listings (workers=4)...
2026-09-25 07:56:36  [INFO    ]  [cars-for-sale] Page 45/50  offset=1320  collected=1135  total=19528
2026-09-25 07:56:37  [INFO    ]  Fetching details concurrently for 31 listings (workers=4)...
2026-09-25 07:56:42  [INFO    ]  [cars-for-sale] Page 46/50  offset=1350  collected=1166  total=19528
2026-09-25 07:56:43  [INFO    ]  Fetching details concurrently for 30 listings (workers=4)...
2026-09-25 07:56:49  [INFO    ]  [cars-for-sale] Page 47/50  offset=1380  collected=1196  total=19528
2026-09-25 07:56:50  [INFO    ]  Fetching details concurrently for 30 listings (workers=4)...
2026-09-25 07:56:55  [INFO    ]  [cars-for-sale] Page 48/50  offset=1410  collected=1226  total=19528
2026-09-25 07:56:56  [INFO    ]  Fetching details concurrently for 29 listings (workers=4)...
2026-09-25 07:57:05  [INFO    ]  [cars-for-sale] Page 49/50  offset=1440  collected=1255  total=19528
2026-09-25 07:57:06  [INFO    ]  Fetching details concurrently for 30 listings (workers=4)...
2026-09-25 07:57:12  [INFO    ]  [cars-for-sale] Page 50/50  offset=1470  collected=1285  total=19528
2026-09-25 07:57:13  [INFO    ]  Fetching details concurrently for 30 listings (workers=4)...
2026-09-25 07:57:18  [INFO    ]  Scrape complete. Collected 1315 records in this batch.
2026-09-25 07:57:18  [INFO    ]  Extraction complete in 286.02s: 1,315 total listings collected.
2026-09-25 07:57:18  [INFO    ]  Batch summary: 1,315 total listings collected (371 new unique IDs, 944 recurring/tracked IDs).
2026-09-25 07:57:18  [INFO    ]  Saved 1315 raw records to Parquet -> data/bronze/cars_2026-09-25.parquet
2026-09-25 07:57:18  [INFO    ]  Saved 1315 full raw records from today's run to CSV -> data/bronze/khmer24_cars.csv
2026-09-25 07:57:18  [INFO    ]  Saved ingestion run manifest -> data/bronze/ingestion_manifest.json
2026-09-25 07:57:18  [INFO    ]  Bronze Parquet -> data/bronze/cars_2026-09-25.parquet
2026-09-25 07:57:18  [INFO    ]  Full Run CSV   -> data/bronze/khmer24_cars.csv
2026-09-25 07:57:18  [INFO    ]  Manifest       -> data/bronze/ingestion_manifest.json
2026-09-25 07:57:18  [INFO    ]  ┌────────────────────────────────────────────────────┐
2026-09-25 07:57:18  [INFO    ]  │  BRONZE INGESTION QUALITY SUMMARY (1,315 records)  │
2026-09-25 07:57:18  [INFO    ]  ├────────────────────────────────────┬───────────────┤
2026-09-25 07:57:18  [INFO    ]  │  Price Field Coverage              │  100.0%       │
2026-09-25 07:57:18  [INFO    ]  │  Brand Field Coverage              │  100.0%       │
2026-09-25 07:57:18  [INFO    ]  │  Model Field Coverage              │   99.4%       │
2026-09-25 07:57:18  [INFO    ]  │  Year Field Coverage               │   99.9%       │
2026-09-25 07:57:18  [INFO    ]  │  Province Field Coverage           │  100.0%       │
2026-09-25 07:57:18  [INFO    ]  │  Mileage Field Coverage            │    0.0%       │
2026-09-25 07:57:18  [INFO    ]  │  Transmission Field Coverage       │   87.6%       │
2026-09-25 07:57:18  [INFO    ]  │  Fuel Type Field Coverage          │   87.7%       │
2026-09-25 07:57:18  [INFO    ]  │  Detail Enrichment Rate            │  100.0%       │
2026-09-25 07:57:18  [INFO    ]  ├────────────────────────────────────┴───────────────┤
2026-09-25 07:57:18  [INFO    ]  │  Cumulative Unique Marketplace IDs :  11,929             │
2026-09-25 07:57:18  [INFO    ]  └────────────────────────────────────────────────────┘
2026-09-25 07:57:18  [INFO    ]  EL stage complete. 1,315 listings processed in this batch.
