2026-10-07 08:43:35  [INFO    ]  =================================================================
2026-10-07 08:43:35  [INFO    ]  Starting Bronze Data Ingestion: 2026-10-07T08:43:35.609587+00:00
2026-10-07 08:43:35  [INFO    ]  Config: category=cars-for-sale, province=ALL, max_pages=50, mode=feed_window, enrich_details=True
2026-10-07 08:43:35  [INFO    ]  =================================================================
2026-10-07 08:43:35  [INFO    ]  [cars-for-sale] Page 1/50  offset=0  collected=0
2026-10-07 08:43:37  [INFO    ]  Fetching details concurrently for 40 listings (workers=4)...
2026-10-07 08:43:42  [INFO    ]  [cars-for-sale] Page 2/50  offset=30  collected=40  total=19599
2026-10-07 08:43:43  [INFO    ]  Fetching details concurrently for 30 listings (workers=4)...
2026-10-07 08:43:47  [INFO    ]  [cars-for-sale] Page 3/50  offset=60  collected=70  total=19599
2026-10-07 08:43:48  [INFO    ]  Fetching details concurrently for 12 listings (workers=4)...
2026-10-07 08:43:51  [INFO    ]  [cars-for-sale] Page 4/50  offset=90  collected=82  total=19599
2026-10-07 08:43:52  [INFO    ]  Fetching details concurrently for 25 listings (workers=4)...
2026-10-07 08:43:55  [INFO    ]  [cars-for-sale] Page 5/50  offset=120  collected=107  total=19599
2026-10-07 08:43:56  [INFO    ]  Fetching details concurrently for 30 listings (workers=4)...
2026-10-07 08:44:00  [INFO    ]  [cars-for-sale] Page 6/50  offset=150  collected=137  total=19599
2026-10-07 08:44:02  [INFO    ]  Fetching details concurrently for 30 listings (workers=4)...
2026-10-07 08:44:05  [INFO    ]  [cars-for-sale] Page 7/50  offset=180  collected=167  total=19599
2026-10-07 08:44:07  [INFO    ]  Fetching details concurrently for 32 listings (workers=4)...
2026-10-07 08:44:10  [INFO    ]  [cars-for-sale] Page 8/50  offset=210  collected=199  total=19599
2026-10-07 08:44:12  [INFO    ]  Fetching details concurrently for 21 listings (workers=4)...
2026-10-07 08:44:15  [INFO    ]  [cars-for-sale] Page 9/50  offset=240  collected=220  total=19599
2026-10-07 08:44:16  [INFO    ]  Fetching details concurrently for 32 listings (workers=4)...
2026-10-07 08:44:20  [INFO    ]  [cars-for-sale] Page 10/50  offset=270  collected=252  total=19599
2026-10-07 08:44:21  [INFO    ]  Fetching details concurrently for 11 listings (workers=4)...
2026-10-07 08:44:24  [INFO    ]  [cars-for-sale] Page 11/50  offset=300  collected=263  total=19599
2026-10-07 08:44:25  [INFO    ]  Fetching details concurrently for 31 listings (workers=4)...
2026-10-07 08:44:29  [INFO    ]  [cars-for-sale] Page 12/50  offset=330  collected=294  total=19599
2026-10-07 08:44:30  [INFO    ]  Fetching details concurrently for 3 listings (workers=4)...
2026-10-07 08:44:31  [INFO    ]  [cars-for-sale] Page 13/50  offset=360  collected=297  total=19599
2026-10-07 08:44:32  [INFO    ]  Fetching details concurrently for 30 listings (workers=4)...
2026-10-07 08:44:36  [INFO    ]  [cars-for-sale] Page 14/50  offset=390  collected=327  total=19599
2026-10-07 08:44:37  [INFO    ]  Fetching details concurrently for 31 listings (workers=4)...
2026-10-07 08:44:41  [INFO    ]  [cars-for-sale] Page 15/50  offset=420  collected=358  total=19599
2026-10-07 08:44:43  [INFO    ]  Fetching details concurrently for 29 listings (workers=4)...
2026-10-07 08:44:47  [INFO    ]  [cars-for-sale] Page 16/50  offset=450  collected=387  total=19599
2026-10-07 08:44:48  [INFO    ]  Fetching details concurrently for 2 listings (workers=4)...
2026-10-07 08:44:49  [INFO    ]  [cars-for-sale] Page 17/50  offset=480  collected=389  total=19599
2026-10-07 08:44:50  [INFO    ]  Fetching details concurrently for 21 listings (workers=4)...
2026-10-07 08:44:53  [INFO    ]  [cars-for-sale] Page 18/50  offset=510  collected=410  total=19599
2026-10-07 08:44:55  [INFO    ]  Fetching details concurrently for 30 listings (workers=4)...
2026-10-07 08:44:59  [INFO    ]  [cars-for-sale] Page 19/50  offset=540  collected=440  total=19599
2026-10-07 08:45:00  [INFO    ]  Fetching details concurrently for 18 listings (workers=4)...
2026-10-07 08:45:03  [INFO    ]  [cars-for-sale] Page 20/50  offset=570  collected=458  total=19599
2026-10-07 08:45:04  [INFO    ]  Fetching details concurrently for 30 listings (workers=4)...
2026-10-07 08:45:09  [INFO    ]  [cars-for-sale] Page 21/50  offset=600  collected=488  total=19599
2026-10-07 08:45:10  [INFO    ]  Fetching details concurrently for 18 listings (workers=4)...
2026-10-07 08:45:13  [INFO    ]  [cars-for-sale] Page 22/50  offset=630  collected=506  total=19599
2026-10-07 08:45:14  [INFO    ]  Fetching details concurrently for 13 listings (workers=4)...
2026-10-07 08:45:16  [INFO    ]  [cars-for-sale] Page 23/50  offset=660  collected=519  total=19599
2026-10-07 08:45:17  [INFO    ]  Fetching details concurrently for 31 listings (workers=4)...
2026-10-07 08:45:22  [INFO    ]  [cars-for-sale] Page 24/50  offset=690  collected=550  total=19599
2026-10-07 08:45:23  [INFO    ]  Fetching details concurrently for 30 listings (workers=4)...
2026-10-07 08:45:28  [INFO    ]  [cars-for-sale] Page 25/50  offset=720  collected=580  total=19599
2026-10-07 08:45:29  [INFO    ]  Fetching details concurrently for 31 listings (workers=4)...
2026-10-07 08:45:33  [INFO    ]  [cars-for-sale] Page 26/50  offset=750  collected=611  total=19599
2026-10-07 08:45:34  [INFO    ]  Fetching details concurrently for 25 listings (workers=4)...
2026-10-07 08:45:38  [INFO    ]  [cars-for-sale] Page 27/50  offset=780  collected=636  total=19599
2026-10-07 08:45:39  [INFO    ]  Fetching details concurrently for 29 listings (workers=4)...
2026-10-07 08:45:43  [INFO    ]  [cars-for-sale] Page 28/50  offset=810  collected=665  total=19599
2026-10-07 08:45:44  [INFO    ]  Fetching details concurrently for 31 listings (workers=4)...
2026-10-07 08:45:49  [INFO    ]  [cars-for-sale] Page 29/50  offset=840  collected=696  total=19599
2026-10-07 08:45:50  [INFO    ]  Fetching details concurrently for 28 listings (workers=4)...
2026-10-07 08:45:54  [INFO    ]  [cars-for-sale] Page 30/50  offset=870  collected=724  total=19599
2026-10-07 08:45:55  [INFO    ]  Fetching details concurrently for 30 listings (workers=4)...
2026-10-07 08:45:59  [INFO    ]  [cars-for-sale] Page 31/50  offset=900  collected=754  total=19599
2026-10-07 08:46:00  [INFO    ]  Fetching details concurrently for 30 listings (workers=4)...
2026-10-07 08:46:05  [INFO    ]  [cars-for-sale] Page 32/50  offset=930  collected=784  total=19599
2026-10-07 08:46:06  [INFO    ]  Fetching details concurrently for 27 listings (workers=4)...
2026-10-07 08:46:10  [INFO    ]  [cars-for-sale] Page 33/50  offset=960  collected=811  total=19599
2026-10-07 08:46:11  [INFO    ]  Fetching details concurrently for 30 listings (workers=4)...
2026-10-07 08:46:16  [INFO    ]  [cars-for-sale] Page 34/50  offset=990  collected=841  total=19599
2026-10-07 08:46:17  [INFO    ]  Fetching details concurrently for 30 listings (workers=4)...
2026-10-07 08:46:21  [INFO    ]  [cars-for-sale] Page 35/50  offset=1020  collected=871  total=19599
2026-10-07 08:46:22  [INFO    ]  Fetching details concurrently for 30 listings (workers=4)...
2026-10-07 08:46:26  [INFO    ]  [cars-for-sale] Page 36/50  offset=1050  collected=901  total=19599
2026-10-07 08:46:27  [INFO    ]  Fetching details concurrently for 28 listings (workers=4)...
2026-10-07 08:46:31  [INFO    ]  [cars-for-sale] Page 37/50  offset=1080  collected=929  total=19599
2026-10-07 08:46:33  [INFO    ]  [cars-for-sale] Page 38/50  offset=1110  collected=929  total=19599
2026-10-07 08:46:33  [INFO    ]  Fetching details concurrently for 19 listings (workers=4)...
2026-10-07 08:46:36  [INFO    ]  [cars-for-sale] Page 39/50  offset=1140  collected=948  total=19599
2026-10-07 08:46:37  [INFO    ]  Fetching details concurrently for 30 listings (workers=4)...
2026-10-07 08:46:41  [INFO    ]  [cars-for-sale] Page 40/50  offset=1170  collected=978  total=19599
2026-10-07 08:46:43  [INFO    ]  Fetching details concurrently for 30 listings (workers=4)...
2026-10-07 08:46:47  [INFO    ]  [cars-for-sale] Page 41/50  offset=1200  collected=1008  total=19599
2026-10-07 08:46:48  [INFO    ]  Fetching details concurrently for 30 listings (workers=4)...
2026-10-07 08:46:52  [INFO    ]  [cars-for-sale] Page 42/50  offset=1230  collected=1038  total=19599
2026-10-07 08:46:53  [INFO    ]  Fetching details concurrently for 29 listings (workers=4)...
2026-10-07 08:46:57  [INFO    ]  [cars-for-sale] Page 43/50  offset=1260  collected=1067  total=19599
2026-10-07 08:46:58  [INFO    ]  Fetching details concurrently for 30 listings (workers=4)...
2026-10-07 08:47:02  [INFO    ]  [cars-for-sale] Page 44/50  offset=1290  collected=1097  total=19599
2026-10-07 08:47:03  [INFO    ]  Fetching details concurrently for 31 listings (workers=4)...
2026-10-07 08:47:08  [INFO    ]  [cars-for-sale] Page 45/50  offset=1320  collected=1128  total=19599
2026-10-07 08:47:09  [INFO    ]  Fetching details concurrently for 30 listings (workers=4)...
2026-10-07 08:47:13  [INFO    ]  [cars-for-sale] Page 46/50  offset=1350  collected=1158  total=19599
2026-10-07 08:47:14  [INFO    ]  Fetching details concurrently for 31 listings (workers=4)...
2026-10-07 08:47:18  [INFO    ]  [cars-for-sale] Page 47/50  offset=1380  collected=1189  total=19599
2026-10-07 08:47:19  [INFO    ]  Fetching details concurrently for 30 listings (workers=4)...
2026-10-07 08:47:23  [INFO    ]  [cars-for-sale] Page 48/50  offset=1410  collected=1219  total=19599
2026-10-07 08:47:25  [INFO    ]  Fetching details concurrently for 25 listings (workers=4)...
2026-10-07 08:47:29  [INFO    ]  [cars-for-sale] Page 49/50  offset=1440  collected=1244  total=19599
2026-10-07 08:47:30  [INFO    ]  Fetching details concurrently for 30 listings (workers=4)...
2026-10-07 08:47:35  [INFO    ]  [cars-for-sale] Page 50/50  offset=1470  collected=1274  total=19599
2026-10-07 08:47:36  [INFO    ]  Fetching details concurrently for 30 listings (workers=4)...
2026-10-07 08:47:40  [INFO    ]  Scrape complete. Collected 1304 records in this batch.
2026-10-07 08:47:40  [INFO    ]  Extraction complete in 244.94s: 1,304 total listings collected.
2026-10-07 08:47:40  [INFO    ]  Batch summary: 1,304 total listings collected (370 new unique IDs, 934 recurring/tracked IDs).
2026-10-07 08:47:40  [INFO    ]  Saved 1304 raw records to Parquet -> data/bronze/cars_2026-10-07.parquet
2026-10-07 08:47:40  [INFO    ]  Saved 1304 full raw records from today's run to CSV -> data/bronze/khmer24_cars.csv
2026-10-07 08:47:40  [INFO    ]  Saved ingestion run manifest -> data/bronze/ingestion_manifest.json
2026-10-07 08:47:40  [INFO    ]  Bronze Parquet -> data/bronze/cars_2026-10-07.parquet
2026-10-07 08:47:40  [INFO    ]  Full Run CSV   -> data/bronze/khmer24_cars.csv
2026-10-07 08:47:40  [INFO    ]  Manifest       -> data/bronze/ingestion_manifest.json
2026-10-07 08:47:40  [INFO    ]  ┌────────────────────────────────────────────────────┐
2026-10-07 08:47:40  [INFO    ]  │  BRONZE INGESTION QUALITY SUMMARY (1,304 records)  │
2026-10-07 08:47:40  [INFO    ]  ├────────────────────────────────────┬───────────────┤
2026-10-07 08:47:40  [INFO    ]  │  Price Field Coverage              │  100.0%       │
2026-10-07 08:47:40  [INFO    ]  │  Brand Field Coverage              │  100.0%       │
2026-10-07 08:47:40  [INFO    ]  │  Model Field Coverage              │   99.3%       │
2026-10-07 08:47:40  [INFO    ]  │  Year Field Coverage               │  100.0%       │
2026-10-07 08:47:40  [INFO    ]  │  Province Field Coverage           │  100.0%       │
2026-10-07 08:47:40  [INFO    ]  │  Mileage Field Coverage            │    0.0%       │
2026-10-07 08:47:40  [INFO    ]  │  Transmission Field Coverage       │   87.7%       │
2026-10-07 08:47:40  [INFO    ]  │  Fuel Type Field Coverage          │   89.3%       │
2026-10-07 08:47:40  [INFO    ]  │  Detail Enrichment Rate            │  100.0%       │
2026-10-07 08:47:40  [INFO    ]  ├────────────────────────────────────┴───────────────┤
2026-10-07 08:47:40  [INFO    ]  │  Cumulative Unique Marketplace IDs :  16,483             │
2026-10-07 08:47:40  [INFO    ]  └────────────────────────────────────────────────────┘
2026-10-07 08:47:40  [INFO    ]  EL stage complete. 1,304 listings processed in this batch.
