2026-10-10 08:32:44  [INFO    ]  =================================================================
2026-10-10 08:32:44  [INFO    ]  Starting Bronze Data Ingestion: 2026-10-10T08:32:44.223375+00:00
2026-10-10 08:32:44  [INFO    ]  Config: category=cars-for-sale, province=ALL, max_pages=50, mode=feed_window, enrich_details=True
2026-10-10 08:32:44  [INFO    ]  =================================================================
2026-10-10 08:32:44  [INFO    ]  [cars-for-sale] Page 1/50  offset=0  collected=0
2026-10-10 08:32:46  [INFO    ]  Fetching details concurrently for 40 listings (workers=4)...
2026-10-10 08:32:52  [INFO    ]  [cars-for-sale] Page 2/50  offset=30  collected=40  total=19313
2026-10-10 08:32:53  [INFO    ]  Fetching details concurrently for 30 listings (workers=4)...
2026-10-10 08:32:57  [INFO    ]  [cars-for-sale] Page 3/50  offset=60  collected=70  total=19313
2026-10-10 08:32:59  [INFO    ]  Fetching details concurrently for 30 listings (workers=4)...
2026-10-10 08:33:03  [INFO    ]  [cars-for-sale] Page 4/50  offset=90  collected=100  total=19313
2026-10-10 08:33:04  [INFO    ]  Fetching details concurrently for 30 listings (workers=4)...
2026-10-10 08:33:09  [INFO    ]  [cars-for-sale] Page 5/50  offset=120  collected=130  total=19313
2026-10-10 08:33:10  [INFO    ]  Fetching details concurrently for 30 listings (workers=4)...
2026-10-10 08:33:15  [INFO    ]  [cars-for-sale] Page 6/50  offset=150  collected=160  total=19313
2026-10-10 08:33:16  [INFO    ]  Fetching details concurrently for 30 listings (workers=4)...
2026-10-10 08:33:21  [INFO    ]  [cars-for-sale] Page 7/50  offset=180  collected=190  total=19313
2026-10-10 08:33:22  [INFO    ]  Fetching details concurrently for 30 listings (workers=4)...
2026-10-10 08:33:27  [INFO    ]  [cars-for-sale] Page 8/50  offset=210  collected=220  total=19313
2026-10-10 08:33:28  [INFO    ]  Fetching details concurrently for 25 listings (workers=4)...
2026-10-10 08:33:32  [INFO    ]  [cars-for-sale] Page 9/50  offset=240  collected=245  total=19313
2026-10-10 08:33:33  [INFO    ]  Fetching details concurrently for 30 listings (workers=4)...
2026-10-10 08:33:38  [INFO    ]  [cars-for-sale] Page 10/50  offset=270  collected=275  total=19313
2026-10-10 08:33:40  [INFO    ]  [cars-for-sale] Page 11/50  offset=300  collected=275  total=19313
2026-10-10 08:33:40  [INFO    ]  Fetching details concurrently for 21 listings (workers=4)...
2026-10-10 08:33:44  [INFO    ]  [cars-for-sale] Page 12/50  offset=330  collected=296  total=19313
2026-10-10 08:33:45  [INFO    ]  Fetching details concurrently for 30 listings (workers=4)...
2026-10-10 08:33:49  [INFO    ]  [cars-for-sale] Page 13/50  offset=360  collected=326  total=19313
2026-10-10 08:33:51  [INFO    ]  Fetching details concurrently for 10 listings (workers=4)...
2026-10-10 08:33:52  [INFO    ]  [cars-for-sale] Page 14/50  offset=390  collected=336  total=19313
2026-10-10 08:33:54  [INFO    ]  Fetching details concurrently for 20 listings (workers=4)...
2026-10-10 08:33:57  [INFO    ]  [cars-for-sale] Page 15/50  offset=420  collected=356  total=19313
2026-10-10 08:33:58  [INFO    ]  Fetching details concurrently for 30 listings (workers=4)...
2026-10-10 08:34:02  [INFO    ]  [cars-for-sale] Page 16/50  offset=450  collected=386  total=19313
2026-10-10 08:34:04  [INFO    ]  Fetching details concurrently for 30 listings (workers=4)...
2026-10-10 08:34:08  [INFO    ]  [cars-for-sale] Page 17/50  offset=480  collected=416  total=19313
2026-10-10 08:34:09  [INFO    ]  Fetching details concurrently for 30 listings (workers=4)...
2026-10-10 08:34:13  [INFO    ]  [cars-for-sale] Page 18/50  offset=510  collected=446  total=19313
2026-10-10 08:34:14  [INFO    ]  Fetching details concurrently for 29 listings (workers=4)...
2026-10-10 08:34:19  [INFO    ]  [cars-for-sale] Page 19/50  offset=540  collected=475  total=19313
2026-10-10 08:34:20  [INFO    ]  Fetching details concurrently for 27 listings (workers=4)...
2026-10-10 08:34:24  [INFO    ]  [cars-for-sale] Page 20/50  offset=570  collected=502  total=19313
2026-10-10 08:34:25  [INFO    ]  Fetching details concurrently for 30 listings (workers=4)...
2026-10-10 08:34:30  [INFO    ]  [cars-for-sale] Page 21/50  offset=600  collected=532  total=19313
2026-10-10 08:34:31  [INFO    ]  Fetching details concurrently for 30 listings (workers=4)...
2026-10-10 08:34:35  [INFO    ]  [cars-for-sale] Page 22/50  offset=630  collected=562  total=19313
2026-10-10 08:34:36  [INFO    ]  Fetching details concurrently for 30 listings (workers=4)...
2026-10-10 08:34:41  [INFO    ]  [cars-for-sale] Page 23/50  offset=660  collected=592  total=19313
2026-10-10 08:34:42  [INFO    ]  Fetching details concurrently for 30 listings (workers=4)...
2026-10-10 08:34:47  [INFO    ]  [cars-for-sale] Page 24/50  offset=690  collected=622  total=19313
2026-10-10 08:34:48  [INFO    ]  Fetching details concurrently for 30 listings (workers=4)...
2026-10-10 08:34:52  [INFO    ]  [cars-for-sale] Page 25/50  offset=720  collected=652  total=19313
2026-10-10 08:34:53  [INFO    ]  Fetching details concurrently for 30 listings (workers=4)...
2026-10-10 08:34:58  [INFO    ]  [cars-for-sale] Page 26/50  offset=750  collected=682  total=19313
2026-10-10 08:34:59  [INFO    ]  [cars-for-sale] Page 27/50  offset=780  collected=682  total=19313
2026-10-10 08:35:00  [INFO    ]  Fetching details concurrently for 15 listings (workers=4)...
2026-10-10 08:35:02  [INFO    ]  [cars-for-sale] Page 28/50  offset=810  collected=697  total=19313
2026-10-10 08:35:04  [INFO    ]  Fetching details concurrently for 30 listings (workers=4)...
2026-10-10 08:35:09  [INFO    ]  [cars-for-sale] Page 29/50  offset=840  collected=727  total=19313
2026-10-10 08:35:10  [INFO    ]  Fetching details concurrently for 30 listings (workers=4)...
2026-10-10 08:35:14  [INFO    ]  [cars-for-sale] Page 30/50  offset=870  collected=757  total=19313
2026-10-10 08:35:15  [INFO    ]  Fetching details concurrently for 30 listings (workers=4)...
2026-10-10 08:35:19  [INFO    ]  [cars-for-sale] Page 31/50  offset=900  collected=787  total=19313
2026-10-10 08:35:21  [INFO    ]  Fetching details concurrently for 27 listings (workers=4)...
2026-10-10 08:35:24  [INFO    ]  [cars-for-sale] Page 32/50  offset=930  collected=814  total=19313
2026-10-10 08:35:26  [INFO    ]  Fetching details concurrently for 30 listings (workers=4)...
2026-10-10 08:35:30  [INFO    ]  [cars-for-sale] Page 33/50  offset=960  collected=844  total=19313
2026-10-10 08:35:32  [INFO    ]  Fetching details concurrently for 29 listings (workers=4)...
2026-10-10 08:35:36  [INFO    ]  [cars-for-sale] Page 34/50  offset=990  collected=873  total=19313
2026-10-10 08:35:37  [INFO    ]  Fetching details concurrently for 30 listings (workers=4)...
2026-10-10 08:35:42  [INFO    ]  [cars-for-sale] Page 35/50  offset=1020  collected=903  total=19313
2026-10-10 08:35:43  [INFO    ]  Fetching details concurrently for 30 listings (workers=4)...
2026-10-10 08:35:47  [INFO    ]  [cars-for-sale] Page 36/50  offset=1050  collected=933  total=19313
2026-10-10 08:35:48  [INFO    ]  Fetching details concurrently for 30 listings (workers=4)...
2026-10-10 08:35:53  [INFO    ]  [cars-for-sale] Page 37/50  offset=1080  collected=963  total=19313
2026-10-10 08:35:54  [INFO    ]  Fetching details concurrently for 30 listings (workers=4)...
2026-10-10 08:35:58  [INFO    ]  [cars-for-sale] Page 38/50  offset=1110  collected=993  total=19313
2026-10-10 08:35:59  [INFO    ]  Fetching details concurrently for 30 listings (workers=4)...
2026-10-10 08:36:04  [INFO    ]  [cars-for-sale] Page 39/50  offset=1140  collected=1023  total=19313
2026-10-10 08:36:05  [INFO    ]  Fetching details concurrently for 29 listings (workers=4)...
2026-10-10 08:36:09  [INFO    ]  [cars-for-sale] Page 40/50  offset=1170  collected=1052  total=19313
2026-10-10 08:36:10  [INFO    ]  Fetching details concurrently for 30 listings (workers=4)...
2026-10-10 08:36:15  [INFO    ]  [cars-for-sale] Page 41/50  offset=1200  collected=1082  total=19313
2026-10-10 08:36:16  [INFO    ]  Fetching details concurrently for 29 listings (workers=4)...
2026-10-10 08:36:20  [INFO    ]  [cars-for-sale] Page 42/50  offset=1230  collected=1111  total=19313
2026-10-10 08:36:22  [INFO    ]  Fetching details concurrently for 30 listings (workers=4)...
2026-10-10 08:36:26  [INFO    ]  [cars-for-sale] Page 43/50  offset=1260  collected=1141  total=19313
2026-10-10 08:36:27  [INFO    ]  Fetching details concurrently for 30 listings (workers=4)...
2026-10-10 08:36:32  [INFO    ]  [cars-for-sale] Page 44/50  offset=1290  collected=1171  total=19313
2026-10-10 08:36:33  [INFO    ]  Fetching details concurrently for 30 listings (workers=4)...
2026-10-10 08:36:38  [INFO    ]  [cars-for-sale] Page 45/50  offset=1320  collected=1201  total=19313
2026-10-10 08:36:39  [INFO    ]  Fetching details concurrently for 30 listings (workers=4)...
2026-10-10 08:36:43  [INFO    ]  [cars-for-sale] Page 46/50  offset=1350  collected=1231  total=19313
2026-10-10 08:36:45  [INFO    ]  Fetching details concurrently for 30 listings (workers=4)...
2026-10-10 08:36:49  [INFO    ]  [cars-for-sale] Page 47/50  offset=1380  collected=1261  total=19313
2026-10-10 08:36:50  [INFO    ]  Fetching details concurrently for 30 listings (workers=4)...
2026-10-10 08:36:55  [INFO    ]  [cars-for-sale] Page 48/50  offset=1410  collected=1291  total=19313
2026-10-10 08:36:56  [INFO    ]  Fetching details concurrently for 30 listings (workers=4)...
2026-10-10 08:37:00  [INFO    ]  [cars-for-sale] Page 49/50  offset=1440  collected=1321  total=19313
2026-10-10 08:37:01  [INFO    ]  Fetching details concurrently for 30 listings (workers=4)...
2026-10-10 08:37:06  [INFO    ]  [cars-for-sale] Page 50/50  offset=1470  collected=1351  total=19313
2026-10-10 08:37:07  [INFO    ]  Fetching details concurrently for 30 listings (workers=4)...
2026-10-10 08:37:12  [INFO    ]  Scrape complete. Collected 1381 records in this batch.
2026-10-10 08:37:12  [INFO    ]  Extraction complete in 268.02s: 1,381 total listings collected.
2026-10-10 08:37:12  [INFO    ]  Batch summary: 1,381 total listings collected (261 new unique IDs, 1,120 recurring/tracked IDs).
2026-10-10 08:37:12  [INFO    ]  Saved 1381 raw records to Parquet -> data/bronze/cars_2026-10-10.parquet
2026-10-10 08:37:12  [INFO    ]  Saved 1381 full raw records from today's run to CSV -> data/bronze/khmer24_cars.csv
2026-10-10 08:37:12  [INFO    ]  Saved ingestion run manifest -> data/bronze/ingestion_manifest.json
2026-10-10 08:37:12  [INFO    ]  Bronze Parquet -> data/bronze/cars_2026-10-10.parquet
2026-10-10 08:37:12  [INFO    ]  Full Run CSV   -> data/bronze/khmer24_cars.csv
2026-10-10 08:37:12  [INFO    ]  Manifest       -> data/bronze/ingestion_manifest.json
2026-10-10 08:37:12  [INFO    ]  ┌────────────────────────────────────────────────────┐
2026-10-10 08:37:12  [INFO    ]  │  BRONZE INGESTION QUALITY SUMMARY (1,381 records)  │
2026-10-10 08:37:12  [INFO    ]  ├────────────────────────────────────┬───────────────┤
2026-10-10 08:37:12  [INFO    ]  │  Price Field Coverage              │  100.0%       │
2026-10-10 08:37:12  [INFO    ]  │  Brand Field Coverage              │  100.0%       │
2026-10-10 08:37:12  [INFO    ]  │  Model Field Coverage              │   99.2%       │
2026-10-10 08:37:12  [INFO    ]  │  Year Field Coverage               │  100.0%       │
2026-10-10 08:37:12  [INFO    ]  │  Province Field Coverage           │  100.0%       │
2026-10-10 08:37:12  [INFO    ]  │  Mileage Field Coverage            │    0.0%       │
2026-10-10 08:37:12  [INFO    ]  │  Transmission Field Coverage       │   88.0%       │
2026-10-10 08:37:12  [INFO    ]  │  Fuel Type Field Coverage          │   91.2%       │
2026-10-10 08:37:12  [INFO    ]  │  Detail Enrichment Rate            │  100.0%       │
2026-10-10 08:37:12  [INFO    ]  ├────────────────────────────────────┴───────────────┤
2026-10-10 08:37:12  [INFO    ]  │  Cumulative Unique Marketplace IDs :  17,436             │
2026-10-10 08:37:12  [INFO    ]  └────────────────────────────────────────────────────┘
2026-10-10 08:37:12  [INFO    ]  EL stage complete. 1,381 listings processed in this batch.
