2026-09-20 07:45:48  [INFO    ]  =================================================================
2026-09-20 07:45:48  [INFO    ]  Starting Bronze Data Ingestion: 2026-09-20T07:45:48.566875+00:00
2026-09-20 07:45:48  [INFO    ]  Config: category=cars-for-sale, province=ALL, max_pages=50, mode=feed_window, enrich_details=True
2026-09-20 07:45:48  [INFO    ]  =================================================================
2026-09-20 07:45:48  [INFO    ]  [cars-for-sale] Page 1/50  offset=0  collected=0
2026-09-20 07:45:49  [INFO    ]  Fetching details concurrently for 40 listings (workers=4)...
2026-09-20 07:45:56  [INFO    ]  [cars-for-sale] Page 2/50  offset=30  collected=40  total=19606
2026-09-20 07:45:57  [INFO    ]  Fetching details concurrently for 16 listings (workers=4)...
2026-09-20 07:46:00  [INFO    ]  [cars-for-sale] Page 3/50  offset=60  collected=56  total=19606
2026-09-20 07:46:01  [INFO    ]  Fetching details concurrently for 25 listings (workers=4)...
2026-09-20 07:46:04  [INFO    ]  [cars-for-sale] Page 4/50  offset=90  collected=81  total=19606
2026-09-20 07:46:06  [INFO    ]  Fetching details concurrently for 29 listings (workers=4)...
2026-09-20 07:46:09  [INFO    ]  [cars-for-sale] Page 5/50  offset=120  collected=110  total=19606
2026-09-20 07:46:10  [INFO    ]  Fetching details concurrently for 30 listings (workers=4)...
2026-09-20 07:46:15  [INFO    ]  [cars-for-sale] Page 6/50  offset=150  collected=140  total=19606
2026-09-20 07:46:16  [INFO    ]  Fetching details concurrently for 31 listings (workers=4)...
2026-09-20 07:46:20  [INFO    ]  [cars-for-sale] Page 7/50  offset=180  collected=171  total=19606
2026-09-20 07:46:21  [INFO    ]  Fetching details concurrently for 31 listings (workers=4)...
2026-09-20 07:46:25  [INFO    ]  [cars-for-sale] Page 8/50  offset=210  collected=202  total=19606
2026-09-20 07:46:26  [INFO    ]  Fetching details concurrently for 3 listings (workers=4)...
2026-09-20 07:46:27  [INFO    ]  [cars-for-sale] Page 9/50  offset=240  collected=205  total=19606
2026-09-20 07:46:28  [INFO    ]  Fetching details concurrently for 30 listings (workers=4)...
2026-09-20 07:46:32  [INFO    ]  [cars-for-sale] Page 10/50  offset=270  collected=235  total=19606
2026-09-20 07:46:34  [INFO    ]  Fetching details concurrently for 31 listings (workers=4)...
2026-09-20 07:46:38  [INFO    ]  [cars-for-sale] Page 11/50  offset=300  collected=266  total=19606
2026-09-20 07:46:39  [INFO    ]  Fetching details concurrently for 31 listings (workers=4)...
2026-09-20 07:46:43  [INFO    ]  [cars-for-sale] Page 12/50  offset=330  collected=297  total=19606
2026-09-20 07:46:44  [INFO    ]  Fetching details concurrently for 30 listings (workers=4)...
2026-09-20 07:46:48  [INFO    ]  [cars-for-sale] Page 13/50  offset=360  collected=327  total=19606
2026-09-20 07:46:49  [INFO    ]  Fetching details concurrently for 15 listings (workers=4)...
2026-09-20 07:46:51  [INFO    ]  [cars-for-sale] Page 14/50  offset=390  collected=342  total=19606
2026-09-20 07:46:53  [INFO    ]  Fetching details concurrently for 30 listings (workers=4)...
2026-09-20 07:46:58  [INFO    ]  [cars-for-sale] Page 15/50  offset=420  collected=372  total=19606
2026-09-20 07:46:59  [INFO    ]  Fetching details concurrently for 1 listings (workers=4)...
2026-09-20 07:47:00  [INFO    ]  [cars-for-sale] Page 16/50  offset=450  collected=373  total=19606
2026-09-20 07:47:01  [INFO    ]  Fetching details concurrently for 30 listings (workers=4)...
2026-09-20 07:47:05  [INFO    ]  [cars-for-sale] Page 17/50  offset=480  collected=403  total=19606
2026-09-20 07:47:06  [INFO    ]  Fetching details concurrently for 30 listings (workers=4)...
2026-09-20 07:47:10  [INFO    ]  [cars-for-sale] Page 18/50  offset=510  collected=433  total=19606
2026-09-20 07:47:11  [INFO    ]  Fetching details concurrently for 30 listings (workers=4)...
2026-09-20 07:47:15  [INFO    ]  [cars-for-sale] Page 19/50  offset=540  collected=463  total=19606
2026-09-20 07:47:16  [INFO    ]  Fetching details concurrently for 31 listings (workers=4)...
2026-09-20 07:47:20  [INFO    ]  [cars-for-sale] Page 20/50  offset=570  collected=494  total=19606
2026-09-20 07:47:21  [INFO    ]  Fetching details concurrently for 31 listings (workers=4)...
2026-09-20 07:47:26  [INFO    ]  [cars-for-sale] Page 21/50  offset=600  collected=525  total=19606
2026-09-20 07:47:27  [INFO    ]  Fetching details concurrently for 30 listings (workers=4)...
2026-09-20 07:47:31  [INFO    ]  [cars-for-sale] Page 22/50  offset=630  collected=555  total=19606
2026-09-20 07:47:32  [INFO    ]  Fetching details concurrently for 31 listings (workers=4)...
2026-09-20 07:47:36  [INFO    ]  [cars-for-sale] Page 23/50  offset=660  collected=586  total=19606
2026-09-20 07:47:37  [INFO    ]  Fetching details concurrently for 25 listings (workers=4)...
2026-09-20 07:47:40  [INFO    ]  [cars-for-sale] Page 24/50  offset=690  collected=611  total=19606
2026-09-20 07:47:41  [INFO    ]  Fetching details concurrently for 30 listings (workers=4)...
2026-09-20 07:47:46  [INFO    ]  [cars-for-sale] Page 25/50  offset=720  collected=641  total=19606
2026-09-20 07:47:47  [INFO    ]  Fetching details concurrently for 16 listings (workers=4)...
2026-09-20 07:47:49  [INFO    ]  [cars-for-sale] Page 26/50  offset=750  collected=657  total=19606
2026-09-20 07:47:50  [INFO    ]  Fetching details concurrently for 30 listings (workers=4)...
2026-09-20 07:47:55  [INFO    ]  [cars-for-sale] Page 27/50  offset=780  collected=687  total=19606
2026-09-20 07:47:56  [INFO    ]  Fetching details concurrently for 32 listings (workers=4)...
2026-09-20 07:48:00  [INFO    ]  [cars-for-sale] Page 28/50  offset=810  collected=719  total=19606
2026-09-20 07:48:01  [INFO    ]  Fetching details concurrently for 28 listings (workers=4)...
2026-09-20 07:48:05  [INFO    ]  [cars-for-sale] Page 29/50  offset=840  collected=747  total=19606
2026-09-20 07:48:06  [INFO    ]  Fetching details concurrently for 32 listings (workers=4)...
2026-09-20 07:48:11  [INFO    ]  [cars-for-sale] Page 30/50  offset=870  collected=779  total=19606
2026-09-20 07:48:13  [INFO    ]  Fetching details concurrently for 30 listings (workers=4)...
2026-09-20 07:48:17  [INFO    ]  [cars-for-sale] Page 31/50  offset=900  collected=809  total=19606
2026-09-20 07:48:18  [INFO    ]  Fetching details concurrently for 27 listings (workers=4)...
2026-09-20 07:48:21  [INFO    ]  [cars-for-sale] Page 32/50  offset=930  collected=836  total=19606
2026-09-20 07:48:22  [INFO    ]  Fetching details concurrently for 30 listings (workers=4)...
2026-09-20 07:48:27  [INFO    ]  [cars-for-sale] Page 33/50  offset=960  collected=866  total=19606
2026-09-20 07:48:28  [INFO    ]  Fetching details concurrently for 26 listings (workers=4)...
2026-09-20 07:48:32  [INFO    ]  [cars-for-sale] Page 34/50  offset=990  collected=892  total=19606
2026-09-20 07:48:33  [INFO    ]  Fetching details concurrently for 30 listings (workers=4)...
2026-09-20 07:48:38  [INFO    ]  [cars-for-sale] Page 35/50  offset=1020  collected=922  total=19606
2026-09-20 07:48:39  [INFO    ]  Fetching details concurrently for 31 listings (workers=4)...
2026-09-20 07:48:43  [INFO    ]  [cars-for-sale] Page 36/50  offset=1050  collected=953  total=19606
2026-09-20 07:48:44  [INFO    ]  Fetching details concurrently for 31 listings (workers=4)...
2026-09-20 07:48:48  [INFO    ]  [cars-for-sale] Page 37/50  offset=1080  collected=984  total=19606
2026-09-20 07:48:49  [INFO    ]  Fetching details concurrently for 32 listings (workers=4)...
2026-09-20 07:48:53  [INFO    ]  [cars-for-sale] Page 38/50  offset=1110  collected=1016  total=19606
2026-09-20 07:48:54  [INFO    ]  Fetching details concurrently for 30 listings (workers=4)...
2026-09-20 07:48:58  [INFO    ]  [cars-for-sale] Page 39/50  offset=1140  collected=1046  total=19606
2026-09-20 07:48:59  [INFO    ]  Fetching details concurrently for 30 listings (workers=4)...
2026-09-20 07:49:03  [INFO    ]  [cars-for-sale] Page 40/50  offset=1170  collected=1076  total=19606
2026-09-20 07:49:04  [INFO    ]  Fetching details concurrently for 30 listings (workers=4)...
2026-09-20 07:49:08  [INFO    ]  [cars-for-sale] Page 41/50  offset=1200  collected=1106  total=19606
2026-09-20 07:49:10  [INFO    ]  Fetching details concurrently for 30 listings (workers=4)...
2026-09-20 07:49:14  [INFO    ]  [cars-for-sale] Page 42/50  offset=1230  collected=1136  total=19606
2026-09-20 07:49:15  [INFO    ]  Fetching details concurrently for 30 listings (workers=4)...
2026-09-20 07:49:19  [INFO    ]  [cars-for-sale] Page 43/50  offset=1260  collected=1166  total=19606
2026-09-20 07:49:20  [INFO    ]  Fetching details concurrently for 30 listings (workers=4)...
2026-09-20 07:49:24  [INFO    ]  [cars-for-sale] Page 44/50  offset=1290  collected=1196  total=19606
2026-09-20 07:49:25  [INFO    ]  Fetching details concurrently for 29 listings (workers=4)...
2026-09-20 07:49:29  [INFO    ]  [cars-for-sale] Page 45/50  offset=1320  collected=1225  total=19606
2026-09-20 07:49:30  [INFO    ]  Fetching details concurrently for 27 listings (workers=4)...
2026-09-20 07:49:34  [INFO    ]  [cars-for-sale] Page 46/50  offset=1350  collected=1252  total=19606
2026-09-20 07:49:36  [INFO    ]  Fetching details concurrently for 30 listings (workers=4)...
2026-09-20 07:49:40  [INFO    ]  [cars-for-sale] Page 47/50  offset=1380  collected=1282  total=19606
2026-09-20 07:49:41  [INFO    ]  Fetching details concurrently for 29 listings (workers=4)...
2026-09-20 07:49:45  [INFO    ]  [cars-for-sale] Page 48/50  offset=1410  collected=1311  total=19606
2026-09-20 07:49:46  [INFO    ]  Fetching details concurrently for 31 listings (workers=4)...
2026-09-20 07:49:50  [INFO    ]  [cars-for-sale] Page 49/50  offset=1440  collected=1342  total=19606
2026-09-20 07:49:51  [INFO    ]  Fetching details concurrently for 30 listings (workers=4)...
2026-09-20 07:49:55  [INFO    ]  [cars-for-sale] Page 50/50  offset=1470  collected=1372  total=19606
2026-09-20 07:49:56  [INFO    ]  Fetching details concurrently for 30 listings (workers=4)...
2026-09-20 07:50:01  [INFO    ]  Scrape complete. Collected 1402 records in this batch.
2026-09-20 07:50:01  [INFO    ]  Extraction complete in 252.66s: 1,402 total listings collected.
2026-09-20 07:50:01  [INFO    ]  Batch summary: 1,402 total listings collected (376 new unique IDs, 1,026 recurring/tracked IDs).
2026-09-20 07:50:01  [INFO    ]  Saved 1402 raw records to Parquet -> data/bronze/cars_2026-09-20.parquet
2026-09-20 07:50:01  [INFO    ]  Saved 1402 full raw records from today's run to CSV -> data/bronze/khmer24_cars.csv
2026-09-20 07:50:01  [INFO    ]  Saved ingestion run manifest -> data/bronze/ingestion_manifest.json
2026-09-20 07:50:01  [INFO    ]  Bronze Parquet -> data/bronze/cars_2026-09-20.parquet
2026-09-20 07:50:01  [INFO    ]  Full Run CSV   -> data/bronze/khmer24_cars.csv
2026-09-20 07:50:01  [INFO    ]  Manifest       -> data/bronze/ingestion_manifest.json
2026-09-20 07:50:01  [INFO    ]  ┌────────────────────────────────────────────────────┐
2026-09-20 07:50:01  [INFO    ]  │  BRONZE INGESTION QUALITY SUMMARY (1,402 records)  │
2026-09-20 07:50:01  [INFO    ]  ├────────────────────────────────────┬───────────────┤
2026-09-20 07:50:01  [INFO    ]  │  Price Field Coverage              │  100.0%       │
2026-09-20 07:50:01  [INFO    ]  │  Brand Field Coverage              │  100.0%       │
2026-09-20 07:50:01  [INFO    ]  │  Model Field Coverage              │   99.1%       │
2026-09-20 07:50:01  [INFO    ]  │  Year Field Coverage               │  100.0%       │
2026-09-20 07:50:01  [INFO    ]  │  Province Field Coverage           │  100.0%       │
2026-09-20 07:50:01  [INFO    ]  │  Mileage Field Coverage            │    0.0%       │
2026-09-20 07:50:01  [INFO    ]  │  Transmission Field Coverage       │   86.8%       │
2026-09-20 07:50:01  [INFO    ]  │  Fuel Type Field Coverage          │   88.7%       │
2026-09-20 07:50:01  [INFO    ]  │  Detail Enrichment Rate            │  100.0%       │
2026-09-20 07:50:01  [INFO    ]  ├────────────────────────────────────┴───────────────┤
2026-09-20 07:50:01  [INFO    ]  │  Cumulative Unique Marketplace IDs :  10,024             │
2026-09-20 07:50:01  [INFO    ]  └────────────────────────────────────────────────────┘
2026-09-20 07:50:01  [INFO    ]  EL stage complete. 1,402 listings processed in this batch.
