2026-09-13 07:29:51  [INFO    ]  =================================================================
2026-09-13 07:29:51  [INFO    ]  Starting Bronze Data Ingestion: 2026-09-13T07:29:51.418924+00:00
2026-09-13 07:29:51  [INFO    ]  Config: category=cars-for-sale, province=ALL, max_pages=50, mode=feed_window, enrich_details=True
2026-09-13 07:29:51  [INFO    ]  =================================================================
2026-09-13 07:29:51  [INFO    ]  [cars-for-sale] Page 1/50  offset=0  collected=0
2026-09-13 07:29:52  [INFO    ]  Fetching details concurrently for 40 listings (workers=4)...
2026-09-13 07:29:57  [INFO    ]  [cars-for-sale] Page 2/50  offset=30  collected=40  total=19823
2026-09-13 07:29:58  [INFO    ]  Fetching details concurrently for 21 listings (workers=4)...
2026-09-13 07:30:01  [INFO    ]  [cars-for-sale] Page 3/50  offset=60  collected=61  total=19823
2026-09-13 07:30:02  [INFO    ]  Fetching details concurrently for 23 listings (workers=4)...
2026-09-13 07:30:05  [INFO    ]  [cars-for-sale] Page 4/50  offset=90  collected=84  total=19823
2026-09-13 07:30:06  [INFO    ]  Fetching details concurrently for 19 listings (workers=4)...
2026-09-13 07:30:10  [INFO    ]  [cars-for-sale] Page 5/50  offset=120  collected=103  total=19823
2026-09-13 07:30:11  [INFO    ]  Fetching details concurrently for 26 listings (workers=4)...
2026-09-13 07:30:14  [INFO    ]  [cars-for-sale] Page 6/50  offset=150  collected=129  total=19823
2026-09-13 07:30:15  [INFO    ]  Fetching details concurrently for 31 listings (workers=4)...
2026-09-13 07:30:20  [INFO    ]  [cars-for-sale] Page 7/50  offset=180  collected=160  total=19823
2026-09-13 07:30:21  [INFO    ]  Fetching details concurrently for 3 listings (workers=4)...
2026-09-13 07:30:21  [INFO    ]  [cars-for-sale] Page 8/50  offset=210  collected=163  total=19823
2026-09-13 07:30:22  [INFO    ]  Fetching details concurrently for 10 listings (workers=4)...
2026-09-13 07:30:25  [INFO    ]  [cars-for-sale] Page 9/50  offset=240  collected=173  total=19823
2026-09-13 07:30:26  [INFO    ]  Fetching details concurrently for 32 listings (workers=4)...
2026-09-13 07:30:30  [INFO    ]  [cars-for-sale] Page 10/50  offset=270  collected=205  total=19823
2026-09-13 07:30:31  [INFO    ]  Fetching details concurrently for 32 listings (workers=4)...
2026-09-13 07:30:35  [INFO    ]  [cars-for-sale] Page 11/50  offset=300  collected=237  total=19823
2026-09-13 07:30:36  [INFO    ]  Fetching details concurrently for 30 listings (workers=4)...
2026-09-13 07:30:40  [INFO    ]  [cars-for-sale] Page 12/50  offset=330  collected=267  total=19823
2026-09-13 07:30:41  [INFO    ]  Fetching details concurrently for 27 listings (workers=4)...
2026-09-13 07:30:44  [INFO    ]  [cars-for-sale] Page 13/50  offset=360  collected=294  total=19823
2026-09-13 07:30:45  [INFO    ]  Fetching details concurrently for 31 listings (workers=4)...
2026-09-13 07:30:49  [INFO    ]  [cars-for-sale] Page 14/50  offset=390  collected=325  total=19823
2026-09-13 07:30:50  [INFO    ]  Fetching details concurrently for 31 listings (workers=4)...
2026-09-13 07:30:54  [INFO    ]  [cars-for-sale] Page 15/50  offset=420  collected=356  total=19823
2026-09-13 07:30:56  [INFO    ]  [cars-for-sale] Page 16/50  offset=450  collected=356  total=19823
2026-09-13 07:30:56  [INFO    ]  Fetching details concurrently for 23 listings (workers=4)...
2026-09-13 07:30:59  [INFO    ]  [cars-for-sale] Page 17/50  offset=480  collected=379  total=19823
2026-09-13 07:31:00  [INFO    ]  Fetching details concurrently for 31 listings (workers=4)...
2026-09-13 07:31:05  [INFO    ]  [cars-for-sale] Page 18/50  offset=510  collected=410  total=19823
2026-09-13 07:31:06  [INFO    ]  Fetching details concurrently for 31 listings (workers=4)...
2026-09-13 07:31:11  [INFO    ]  [cars-for-sale] Page 19/50  offset=540  collected=441  total=19823
2026-09-13 07:31:12  [INFO    ]  [cars-for-sale] Page 20/50  offset=570  collected=441  total=19823
2026-09-13 07:31:12  [INFO    ]  Fetching details concurrently for 30 listings (workers=4)...
2026-09-13 07:31:17  [INFO    ]  [cars-for-sale] Page 21/50  offset=600  collected=471  total=19823
2026-09-13 07:31:18  [INFO    ]  Fetching details concurrently for 30 listings (workers=4)...
2026-09-13 07:31:22  [INFO    ]  [cars-for-sale] Page 22/50  offset=630  collected=501  total=19823
2026-09-13 07:31:23  [INFO    ]  [cars-for-sale] Page 23/50  offset=660  collected=501  total=19823
2026-09-13 07:31:24  [INFO    ]  Fetching details concurrently for 33 listings (workers=4)...
2026-09-13 07:31:28  [INFO    ]  [cars-for-sale] Page 24/50  offset=690  collected=534  total=19823
2026-09-13 07:31:29  [INFO    ]  Fetching details concurrently for 30 listings (workers=4)...
2026-09-13 07:31:33  [INFO    ]  [cars-for-sale] Page 25/50  offset=720  collected=564  total=19823
2026-09-13 07:31:34  [INFO    ]  Fetching details concurrently for 30 listings (workers=4)...
2026-09-13 07:31:37  [INFO    ]  [cars-for-sale] Page 26/50  offset=750  collected=594  total=19823
2026-09-13 07:31:39  [INFO    ]  Fetching details concurrently for 30 listings (workers=4)...
2026-09-13 07:31:43  [INFO    ]  [cars-for-sale] Page 27/50  offset=780  collected=624  total=19823
2026-09-13 07:31:44  [INFO    ]  Fetching details concurrently for 30 listings (workers=4)...
2026-09-13 07:31:48  [INFO    ]  [cars-for-sale] Page 28/50  offset=810  collected=654  total=19823
2026-09-13 07:31:49  [INFO    ]  Fetching details concurrently for 28 listings (workers=4)...
2026-09-13 07:31:53  [INFO    ]  [cars-for-sale] Page 29/50  offset=840  collected=682  total=19823
2026-09-13 07:31:54  [INFO    ]  Fetching details concurrently for 2 listings (workers=4)...
2026-09-13 07:31:55  [INFO    ]  [cars-for-sale] Page 30/50  offset=870  collected=684  total=19823
2026-09-13 07:31:56  [INFO    ]  [cars-for-sale] Page 31/50  offset=900  collected=684  total=19823
2026-09-13 07:31:57  [INFO    ]  Fetching details concurrently for 30 listings (workers=4)...
2026-09-13 07:32:02  [INFO    ]  [cars-for-sale] Page 32/50  offset=930  collected=714  total=19823
2026-09-13 07:32:03  [INFO    ]  Fetching details concurrently for 30 listings (workers=4)...
2026-09-13 07:32:07  [INFO    ]  [cars-for-sale] Page 33/50  offset=960  collected=744  total=19823
2026-09-13 07:32:08  [INFO    ]  Fetching details concurrently for 10 listings (workers=4)...
2026-09-13 07:32:10  [INFO    ]  [cars-for-sale] Page 34/50  offset=990  collected=754  total=19823
2026-09-13 07:32:11  [INFO    ]  Fetching details concurrently for 30 listings (workers=4)...
2026-09-13 07:32:14  [INFO    ]  [cars-for-sale] Page 35/50  offset=1020  collected=784  total=19823
2026-09-13 07:32:16  [INFO    ]  Fetching details concurrently for 30 listings (workers=4)...
2026-09-13 07:32:19  [INFO    ]  [cars-for-sale] Page 36/50  offset=1050  collected=814  total=19823
2026-09-13 07:32:20  [INFO    ]  Fetching details concurrently for 31 listings (workers=4)...
2026-09-13 07:32:25  [INFO    ]  [cars-for-sale] Page 37/50  offset=1080  collected=845  total=19823
2026-09-13 07:32:26  [INFO    ]  Fetching details concurrently for 31 listings (workers=4)...
2026-09-13 07:32:30  [INFO    ]  [cars-for-sale] Page 38/50  offset=1110  collected=876  total=19823
2026-09-13 07:32:31  [INFO    ]  Fetching details concurrently for 30 listings (workers=4)...
2026-09-13 07:32:36  [INFO    ]  [cars-for-sale] Page 39/50  offset=1140  collected=906  total=19823
2026-09-13 07:32:37  [INFO    ]  Fetching details concurrently for 27 listings (workers=4)...
2026-09-13 07:32:40  [INFO    ]  [cars-for-sale] Page 40/50  offset=1170  collected=933  total=19823
2026-09-13 07:32:41  [INFO    ]  Fetching details concurrently for 30 listings (workers=4)...
2026-09-13 07:32:46  [INFO    ]  [cars-for-sale] Page 41/50  offset=1200  collected=963  total=19823
2026-09-13 07:32:47  [INFO    ]  Fetching details concurrently for 30 listings (workers=4)...
2026-09-13 07:32:51  [INFO    ]  [cars-for-sale] Page 42/50  offset=1230  collected=993  total=19823
2026-09-13 07:32:52  [INFO    ]  Fetching details concurrently for 30 listings (workers=4)...
2026-09-13 07:32:56  [INFO    ]  [cars-for-sale] Page 43/50  offset=1260  collected=1023  total=19823
2026-09-13 07:32:57  [INFO    ]  Fetching details concurrently for 30 listings (workers=4)...
2026-09-13 07:33:01  [INFO    ]  [cars-for-sale] Page 44/50  offset=1290  collected=1053  total=19823
2026-09-13 07:33:02  [INFO    ]  Fetching details concurrently for 29 listings (workers=4)...
2026-09-13 07:33:06  [INFO    ]  [cars-for-sale] Page 45/50  offset=1320  collected=1082  total=19823
2026-09-13 07:33:07  [INFO    ]  Fetching details concurrently for 30 listings (workers=4)...
2026-09-13 07:33:11  [INFO    ]  [cars-for-sale] Page 46/50  offset=1350  collected=1112  total=19823
2026-09-13 07:33:12  [INFO    ]  Fetching details concurrently for 25 listings (workers=4)...
2026-09-13 07:33:16  [INFO    ]  [cars-for-sale] Page 47/50  offset=1380  collected=1137  total=19823
2026-09-13 07:33:17  [INFO    ]  Fetching details concurrently for 4 listings (workers=4)...
2026-09-13 07:33:18  [INFO    ]  [cars-for-sale] Page 48/50  offset=1410  collected=1141  total=19823
2026-09-13 07:33:19  [INFO    ]  Fetching details concurrently for 30 listings (workers=4)...
2026-09-13 07:33:23  [INFO    ]  [cars-for-sale] Page 49/50  offset=1440  collected=1171  total=19823
2026-09-13 07:33:24  [INFO    ]  Fetching details concurrently for 25 listings (workers=4)...
2026-09-13 07:33:27  [INFO    ]  [cars-for-sale] Page 50/50  offset=1470  collected=1196  total=19823
2026-09-13 07:33:28  [INFO    ]  Fetching details concurrently for 30 listings (workers=4)...
2026-09-13 07:33:32  [INFO    ]  Scrape complete. Collected 1226 records in this batch.
2026-09-13 07:33:32  [INFO    ]  Extraction complete in 221.38s: 1,226 total listings collected.
2026-09-13 07:33:32  [INFO    ]  Batch summary: 1,226 total listings collected (387 new unique IDs, 839 recurring/tracked IDs).
2026-09-13 07:33:32  [INFO    ]  Saved 1226 raw records to Parquet -> data/bronze/cars_2026-09-13.parquet
2026-09-13 07:33:32  [INFO    ]  Saved 1226 full raw records from today's run to CSV -> data/bronze/khmer24_cars.csv
2026-09-13 07:33:32  [INFO    ]  Saved ingestion run manifest -> data/bronze/ingestion_manifest.json
2026-09-13 07:33:32  [INFO    ]  Bronze Parquet -> data/bronze/cars_2026-09-13.parquet
2026-09-13 07:33:32  [INFO    ]  Full Run CSV   -> data/bronze/khmer24_cars.csv
2026-09-13 07:33:32  [INFO    ]  Manifest       -> data/bronze/ingestion_manifest.json
2026-09-13 07:33:32  [INFO    ]  ┌────────────────────────────────────────────────────┐
2026-09-13 07:33:32  [INFO    ]  │  BRONZE INGESTION QUALITY SUMMARY (1,226 records)  │
2026-09-13 07:33:32  [INFO    ]  ├────────────────────────────────────┬───────────────┤
2026-09-13 07:33:32  [INFO    ]  │  Price Field Coverage              │  100.0%       │
2026-09-13 07:33:32  [INFO    ]  │  Brand Field Coverage              │   99.9%       │
2026-09-13 07:33:32  [INFO    ]  │  Model Field Coverage              │   99.4%       │
2026-09-13 07:33:32  [INFO    ]  │  Year Field Coverage               │   99.9%       │
2026-09-13 07:33:32  [INFO    ]  │  Province Field Coverage           │  100.0%       │
2026-09-13 07:33:32  [INFO    ]  │  Mileage Field Coverage            │    0.0%       │
2026-09-13 07:33:32  [INFO    ]  │  Transmission Field Coverage       │   86.0%       │
2026-09-13 07:33:32  [INFO    ]  │  Fuel Type Field Coverage          │   87.1%       │
2026-09-13 07:33:32  [INFO    ]  │  Detail Enrichment Rate            │  100.0%       │
2026-09-13 07:33:32  [INFO    ]  ├────────────────────────────────────┴───────────────┤
2026-09-13 07:33:32  [INFO    ]  │  Cumulative Unique Marketplace IDs :  7,371              │
2026-09-13 07:33:32  [INFO    ]  └────────────────────────────────────────────────────┘
2026-09-13 07:33:32  [INFO    ]  EL stage complete. 1,226 listings processed in this batch.
