2026-09-17 07:43:04  [INFO    ]  =================================================================
2026-09-17 07:43:04  [INFO    ]  Starting Bronze Data Ingestion: 2026-09-17T07:43:04.296655+00:00
2026-09-17 07:43:04  [INFO    ]  Config: category=cars-for-sale, province=ALL, max_pages=50, mode=feed_window, enrich_details=True
2026-09-17 07:43:04  [INFO    ]  =================================================================
2026-09-17 07:43:04  [INFO    ]  [cars-for-sale] Page 1/50  offset=0  collected=0
2026-09-17 07:43:06  [INFO    ]  Fetching details concurrently for 40 listings (workers=4)...
2026-09-17 07:43:11  [INFO    ]  [cars-for-sale] Page 2/50  offset=30  collected=40  total=19740
2026-09-17 07:43:12  [INFO    ]  Fetching details concurrently for 23 listings (workers=4)...
2026-09-17 07:43:15  [INFO    ]  [cars-for-sale] Page 3/50  offset=60  collected=63  total=19740
2026-09-17 07:43:16  [INFO    ]  Fetching details concurrently for 14 listings (workers=4)...
2026-09-17 07:43:18  [INFO    ]  [cars-for-sale] Page 4/50  offset=90  collected=77  total=19740
2026-09-17 07:43:20  [INFO    ]  Fetching details concurrently for 24 listings (workers=4)...
2026-09-17 07:43:23  [INFO    ]  [cars-for-sale] Page 5/50  offset=120  collected=101  total=19740
2026-09-17 07:43:24  [INFO    ]  Fetching details concurrently for 28 listings (workers=4)...
2026-09-17 07:43:29  [INFO    ]  [cars-for-sale] Page 6/50  offset=150  collected=129  total=19740
2026-09-17 07:43:30  [INFO    ]  Fetching details concurrently for 31 listings (workers=4)...
2026-09-17 07:43:34  [INFO    ]  [cars-for-sale] Page 7/50  offset=180  collected=160  total=19740
2026-09-17 07:43:35  [INFO    ]  Fetching details concurrently for 21 listings (workers=4)...
2026-09-17 07:43:38  [INFO    ]  [cars-for-sale] Page 8/50  offset=210  collected=181  total=19740
2026-09-17 07:43:39  [INFO    ]  Fetching details concurrently for 9 listings (workers=4)...
2026-09-17 07:43:41  [INFO    ]  [cars-for-sale] Page 9/50  offset=240  collected=190  total=19740
2026-09-17 07:43:42  [INFO    ]  Fetching details concurrently for 14 listings (workers=4)...
2026-09-17 07:43:44  [INFO    ]  [cars-for-sale] Page 10/50  offset=270  collected=204  total=19740
2026-09-17 07:43:46  [INFO    ]  Fetching details concurrently for 21 listings (workers=4)...
2026-09-17 07:43:48  [INFO    ]  [cars-for-sale] Page 11/50  offset=300  collected=225  total=19740
2026-09-17 07:43:50  [INFO    ]  Fetching details concurrently for 31 listings (workers=4)...
2026-09-17 07:43:54  [INFO    ]  [cars-for-sale] Page 12/50  offset=330  collected=256  total=19740
2026-09-17 07:43:55  [INFO    ]  Fetching details concurrently for 28 listings (workers=4)...
2026-09-17 07:43:59  [INFO    ]  [cars-for-sale] Page 13/50  offset=360  collected=284  total=19740
2026-09-17 07:44:01  [INFO    ]  Fetching details concurrently for 31 listings (workers=4)...
2026-09-17 07:44:04  [INFO    ]  [cars-for-sale] Page 14/50  offset=390  collected=315  total=19740
2026-09-17 07:44:05  [INFO    ]  Fetching details concurrently for 8 listings (workers=4)...
2026-09-17 07:44:07  [INFO    ]  [cars-for-sale] Page 15/50  offset=420  collected=323  total=19740
2026-09-17 07:44:08  [INFO    ]  Fetching details concurrently for 30 listings (workers=4)...
2026-09-17 07:44:13  [INFO    ]  [cars-for-sale] Page 16/50  offset=450  collected=353  total=19740
2026-09-17 07:44:14  [INFO    ]  Fetching details concurrently for 29 listings (workers=4)...
2026-09-17 07:44:18  [INFO    ]  [cars-for-sale] Page 17/50  offset=480  collected=382  total=19740
2026-09-17 07:44:19  [INFO    ]  Fetching details concurrently for 30 listings (workers=4)...
2026-09-17 07:44:23  [INFO    ]  [cars-for-sale] Page 18/50  offset=510  collected=412  total=19740
2026-09-17 07:44:24  [INFO    ]  Fetching details concurrently for 29 listings (workers=4)...
2026-09-17 07:44:28  [INFO    ]  [cars-for-sale] Page 19/50  offset=540  collected=441  total=19740
2026-09-17 07:44:29  [INFO    ]  Fetching details concurrently for 1 listings (workers=4)...
2026-09-17 07:44:30  [INFO    ]  [cars-for-sale] Page 20/50  offset=570  collected=442  total=19740
2026-09-17 07:44:31  [INFO    ]  Fetching details concurrently for 31 listings (workers=4)...
2026-09-17 07:44:35  [INFO    ]  [cars-for-sale] Page 21/50  offset=600  collected=473  total=19740
2026-09-17 07:44:36  [INFO    ]  Fetching details concurrently for 32 listings (workers=4)...
2026-09-17 07:44:41  [INFO    ]  [cars-for-sale] Page 22/50  offset=630  collected=505  total=19740
2026-09-17 07:44:42  [INFO    ]  Fetching details concurrently for 29 listings (workers=4)...
2026-09-17 07:44:45  [INFO    ]  [cars-for-sale] Page 23/50  offset=660  collected=534  total=19740
2026-09-17 07:44:47  [INFO    ]  Fetching details concurrently for 31 listings (workers=4)...
2026-09-17 07:44:51  [INFO    ]  [cars-for-sale] Page 24/50  offset=690  collected=565  total=19740
2026-09-17 07:44:52  [INFO    ]  Fetching details concurrently for 30 listings (workers=4)...
2026-09-17 07:44:56  [INFO    ]  [cars-for-sale] Page 25/50  offset=720  collected=595  total=19740
2026-09-17 07:44:57  [INFO    ]  Fetching details concurrently for 31 listings (workers=4)...
2026-09-17 07:45:02  [INFO    ]  [cars-for-sale] Page 26/50  offset=750  collected=626  total=19740
2026-09-17 07:45:03  [INFO    ]  Fetching details concurrently for 31 listings (workers=4)...
2026-09-17 07:45:07  [INFO    ]  [cars-for-sale] Page 27/50  offset=780  collected=657  total=19740
2026-09-17 07:45:08  [INFO    ]  Fetching details concurrently for 30 listings (workers=4)...
2026-09-17 07:45:13  [INFO    ]  [cars-for-sale] Page 28/50  offset=810  collected=687  total=19740
2026-09-17 07:45:14  [INFO    ]  Fetching details concurrently for 30 listings (workers=4)...
2026-09-17 07:45:19  [INFO    ]  [cars-for-sale] Page 29/50  offset=840  collected=717  total=19740
2026-09-17 07:45:20  [INFO    ]  Fetching details concurrently for 1 listings (workers=4)...
2026-09-17 07:45:21  [INFO    ]  [cars-for-sale] Page 30/50  offset=870  collected=718  total=19740
2026-09-17 07:45:22  [INFO    ]  Fetching details concurrently for 31 listings (workers=4)...
2026-09-17 07:45:26  [INFO    ]  [cars-for-sale] Page 31/50  offset=900  collected=749  total=19740
2026-09-17 07:45:27  [INFO    ]  Fetching details concurrently for 2 listings (workers=4)...
2026-09-17 07:45:28  [INFO    ]  [cars-for-sale] Page 32/50  offset=930  collected=751  total=19740
2026-09-17 07:45:29  [INFO    ]  Fetching details concurrently for 30 listings (workers=4)...
2026-09-17 07:45:33  [INFO    ]  [cars-for-sale] Page 33/50  offset=960  collected=781  total=19740
2026-09-17 07:45:34  [INFO    ]  Fetching details concurrently for 6 listings (workers=4)...
2026-09-17 07:45:35  [INFO    ]  [cars-for-sale] Page 34/50  offset=990  collected=787  total=19740
2026-09-17 07:45:37  [INFO    ]  Fetching details concurrently for 24 listings (workers=4)...
2026-09-17 07:45:40  [INFO    ]  [cars-for-sale] Page 35/50  offset=1020  collected=811  total=19740
2026-09-17 07:45:41  [INFO    ]  Fetching details concurrently for 30 listings (workers=4)...
2026-09-17 07:45:45  [INFO    ]  [cars-for-sale] Page 36/50  offset=1050  collected=841  total=19740
2026-09-17 07:45:46  [INFO    ]  Fetching details concurrently for 31 listings (workers=4)...
2026-09-17 07:45:50  [INFO    ]  [cars-for-sale] Page 37/50  offset=1080  collected=872  total=19740
2026-09-17 07:45:51  [INFO    ]  Fetching details concurrently for 30 listings (workers=4)...
2026-09-17 07:45:56  [INFO    ]  [cars-for-sale] Page 38/50  offset=1110  collected=902  total=19740
2026-09-17 07:45:57  [INFO    ]  Fetching details concurrently for 30 listings (workers=4)...
2026-09-17 07:46:01  [INFO    ]  [cars-for-sale] Page 39/50  offset=1140  collected=932  total=19740
2026-09-17 07:46:03  [INFO    ]  Fetching details concurrently for 30 listings (workers=4)...
2026-09-17 07:46:07  [INFO    ]  [cars-for-sale] Page 40/50  offset=1170  collected=962  total=19740
2026-09-17 07:46:08  [INFO    ]  Fetching details concurrently for 26 listings (workers=4)...
2026-09-17 07:46:12  [INFO    ]  [cars-for-sale] Page 41/50  offset=1200  collected=988  total=19740
2026-09-17 07:46:13  [INFO    ]  Fetching details concurrently for 30 listings (workers=4)...
2026-09-17 07:46:17  [INFO    ]  [cars-for-sale] Page 42/50  offset=1230  collected=1018  total=19740
2026-09-17 07:46:19  [INFO    ]  [cars-for-sale] Page 43/50  offset=1260  collected=1018  total=19740
2026-09-17 07:46:20  [INFO    ]  Fetching details concurrently for 1 listings (workers=4)...
2026-09-17 07:46:21  [INFO    ]  [cars-for-sale] Page 44/50  offset=1290  collected=1019  total=19740
2026-09-17 07:46:21  [INFO    ]  Fetching details concurrently for 9 listings (workers=4)...
2026-09-17 07:46:23  [INFO    ]  [cars-for-sale] Page 45/50  offset=1320  collected=1028  total=19740
2026-09-17 07:46:24  [INFO    ]  Fetching details concurrently for 30 listings (workers=4)...
2026-09-17 07:46:28  [INFO    ]  [cars-for-sale] Page 46/50  offset=1350  collected=1058  total=19740
2026-09-17 07:46:29  [INFO    ]  Fetching details concurrently for 30 listings (workers=4)...
2026-09-17 07:46:34  [INFO    ]  [cars-for-sale] Page 47/50  offset=1380  collected=1088  total=19740
2026-09-17 07:46:35  [INFO    ]  Fetching details concurrently for 30 listings (workers=4)...
2026-09-17 07:46:39  [INFO    ]  [cars-for-sale] Page 48/50  offset=1410  collected=1118  total=19740
2026-09-17 07:46:41  [INFO    ]  Fetching details concurrently for 30 listings (workers=4)...
2026-09-17 07:46:45  [INFO    ]  [cars-for-sale] Page 49/50  offset=1440  collected=1148  total=19740
2026-09-17 07:46:46  [INFO    ]  Fetching details concurrently for 30 listings (workers=4)...
2026-09-17 07:46:50  [INFO    ]  [cars-for-sale] Page 50/50  offset=1470  collected=1178  total=19740
2026-09-17 07:46:51  [INFO    ]  Fetching details concurrently for 30 listings (workers=4)...
2026-09-17 07:46:55  [INFO    ]  Scrape complete. Collected 1208 records in this batch.
2026-09-17 07:46:55  [INFO    ]  Extraction complete in 230.86s: 1,208 total listings collected.
2026-09-17 07:46:55  [INFO    ]  Batch summary: 1,208 total listings collected (290 new unique IDs, 918 recurring/tracked IDs).
2026-09-17 07:46:55  [INFO    ]  Saved 1208 raw records to Parquet -> data/bronze/cars_2026-09-17.parquet
2026-09-17 07:46:55  [INFO    ]  Saved 1208 full raw records from today's run to CSV -> data/bronze/khmer24_cars.csv
2026-09-17 07:46:55  [INFO    ]  Saved ingestion run manifest -> data/bronze/ingestion_manifest.json
2026-09-17 07:46:55  [INFO    ]  Bronze Parquet -> data/bronze/cars_2026-09-17.parquet
2026-09-17 07:46:55  [INFO    ]  Full Run CSV   -> data/bronze/khmer24_cars.csv
2026-09-17 07:46:55  [INFO    ]  Manifest       -> data/bronze/ingestion_manifest.json
2026-09-17 07:46:55  [INFO    ]  ┌────────────────────────────────────────────────────┐
2026-09-17 07:46:55  [INFO    ]  │  BRONZE INGESTION QUALITY SUMMARY (1,208 records)  │
2026-09-17 07:46:55  [INFO    ]  ├────────────────────────────────────┬───────────────┤
2026-09-17 07:46:55  [INFO    ]  │  Price Field Coverage              │  100.0%       │
2026-09-17 07:46:55  [INFO    ]  │  Brand Field Coverage              │  100.0%       │
2026-09-17 07:46:55  [INFO    ]  │  Model Field Coverage              │   99.5%       │
2026-09-17 07:46:55  [INFO    ]  │  Year Field Coverage               │  100.0%       │
2026-09-17 07:46:55  [INFO    ]  │  Province Field Coverage           │  100.0%       │
2026-09-17 07:46:55  [INFO    ]  │  Mileage Field Coverage            │    0.0%       │
2026-09-17 07:46:55  [INFO    ]  │  Transmission Field Coverage       │   86.0%       │
2026-09-17 07:46:55  [INFO    ]  │  Fuel Type Field Coverage          │   89.4%       │
2026-09-17 07:46:55  [INFO    ]  │  Detail Enrichment Rate            │  100.0%       │
2026-09-17 07:46:55  [INFO    ]  ├────────────────────────────────────┴───────────────┤
2026-09-17 07:46:55  [INFO    ]  │  Cumulative Unique Marketplace IDs :  8,870              │
2026-09-17 07:46:55  [INFO    ]  └────────────────────────────────────────────────────┘
2026-09-17 07:46:55  [INFO    ]  EL stage complete. 1,208 listings processed in this batch.
