2026-09-27 08:14:23  [INFO    ]  =================================================================
2026-09-27 08:14:23  [INFO    ]  Starting Bronze Data Ingestion: 2026-09-27T08:14:23.583947+00:00
2026-09-27 08:14:23  [INFO    ]  Config: category=cars-for-sale, province=ALL, max_pages=50, mode=feed_window, enrich_details=True
2026-09-27 08:14:23  [INFO    ]  =================================================================
2026-09-27 08:14:23  [INFO    ]  [cars-for-sale] Page 1/50  offset=0  collected=0
2026-09-27 08:14:25  [INFO    ]  Fetching details concurrently for 40 listings (workers=4)...
2026-09-27 08:14:31  [INFO    ]  [cars-for-sale] Page 2/50  offset=30  collected=40  total=19555
2026-09-27 08:14:32  [INFO    ]  Fetching details concurrently for 21 listings (workers=4)...
2026-09-27 08:14:35  [INFO    ]  [cars-for-sale] Page 3/50  offset=60  collected=61  total=19555
2026-09-27 08:14:36  [INFO    ]  Fetching details concurrently for 11 listings (workers=4)...
2026-09-27 08:14:38  [INFO    ]  [cars-for-sale] Page 4/50  offset=90  collected=72  total=19555
2026-09-27 08:14:39  [INFO    ]  Fetching details concurrently for 29 listings (workers=4)...
2026-09-27 08:14:43  [INFO    ]  [cars-for-sale] Page 5/50  offset=120  collected=101  total=19555
2026-09-27 08:14:44  [INFO    ]  Fetching details concurrently for 7 listings (workers=4)...
2026-09-27 08:14:46  [INFO    ]  [cars-for-sale] Page 6/50  offset=150  collected=108  total=19555
2026-09-27 08:14:47  [INFO    ]  Fetching details concurrently for 30 listings (workers=4)...
2026-09-27 08:14:51  [INFO    ]  [cars-for-sale] Page 7/50  offset=180  collected=138  total=19555
2026-09-27 08:14:52  [INFO    ]  Fetching details concurrently for 32 listings (workers=4)...
2026-09-27 08:14:57  [INFO    ]  [cars-for-sale] Page 8/50  offset=210  collected=170  total=19555
2026-09-27 08:14:58  [INFO    ]  Fetching details concurrently for 10 listings (workers=4)...
2026-09-27 08:15:00  [INFO    ]  [cars-for-sale] Page 9/50  offset=240  collected=180  total=19555
2026-09-27 08:15:01  [INFO    ]  Fetching details concurrently for 22 listings (workers=4)...
2026-09-27 08:15:07  [INFO    ]  [cars-for-sale] Page 10/50  offset=270  collected=202  total=19555
2026-09-27 08:15:08  [INFO    ]  Fetching details concurrently for 30 listings (workers=4)...
2026-09-27 08:15:12  [INFO    ]  [cars-for-sale] Page 11/50  offset=300  collected=232  total=19555
2026-09-27 08:15:13  [INFO    ]  Fetching details concurrently for 17 listings (workers=4)...
2026-09-27 08:15:16  [INFO    ]  [cars-for-sale] Page 12/50  offset=330  collected=249  total=19555
2026-09-27 08:15:17  [INFO    ]  Fetching details concurrently for 32 listings (workers=4)...
2026-09-27 08:15:21  [INFO    ]  [cars-for-sale] Page 13/50  offset=360  collected=281  total=19555
2026-09-27 08:15:22  [INFO    ]  Fetching details concurrently for 30 listings (workers=4)...
2026-09-27 08:15:26  [INFO    ]  [cars-for-sale] Page 14/50  offset=390  collected=311  total=19555
2026-09-27 08:15:27  [INFO    ]  Fetching details concurrently for 32 listings (workers=4)...
2026-09-27 08:15:32  [INFO    ]  [cars-for-sale] Page 15/50  offset=420  collected=343  total=19555
2026-09-27 08:15:33  [INFO    ]  Fetching details concurrently for 31 listings (workers=4)...
2026-09-27 08:15:37  [INFO    ]  [cars-for-sale] Page 16/50  offset=450  collected=374  total=19555
2026-09-27 08:15:38  [INFO    ]  Fetching details concurrently for 7 listings (workers=4)...
2026-09-27 08:15:40  [INFO    ]  [cars-for-sale] Page 17/50  offset=480  collected=381  total=19555
2026-09-27 08:15:41  [INFO    ]  Fetching details concurrently for 31 listings (workers=4)...
2026-09-27 08:15:46  [INFO    ]  [cars-for-sale] Page 18/50  offset=510  collected=412  total=19555
2026-09-27 08:15:47  [INFO    ]  Fetching details concurrently for 32 listings (workers=4)...
2026-09-27 08:15:52  [INFO    ]  [cars-for-sale] Page 19/50  offset=540  collected=444  total=19555
2026-09-27 08:15:53  [INFO    ]  Fetching details concurrently for 26 listings (workers=4)...
2026-09-27 08:15:57  [INFO    ]  [cars-for-sale] Page 20/50  offset=570  collected=470  total=19555
2026-09-27 08:15:58  [INFO    ]  Fetching details concurrently for 30 listings (workers=4)...
2026-09-27 08:16:02  [INFO    ]  [cars-for-sale] Page 21/50  offset=600  collected=500  total=19555
2026-09-27 08:16:03  [INFO    ]  Fetching details concurrently for 27 listings (workers=4)...
2026-09-27 08:16:07  [INFO    ]  [cars-for-sale] Page 22/50  offset=630  collected=527  total=19555
2026-09-27 08:16:08  [INFO    ]  Fetching details concurrently for 29 listings (workers=4)...
2026-09-27 08:16:13  [INFO    ]  [cars-for-sale] Page 23/50  offset=660  collected=556  total=19555
2026-09-27 08:16:14  [INFO    ]  Fetching details concurrently for 31 listings (workers=4)...
2026-09-27 08:16:18  [INFO    ]  [cars-for-sale] Page 24/50  offset=690  collected=587  total=19555
2026-09-27 08:16:19  [INFO    ]  Fetching details concurrently for 29 listings (workers=4)...
2026-09-27 08:16:24  [INFO    ]  [cars-for-sale] Page 25/50  offset=720  collected=616  total=19555
2026-09-27 08:16:25  [INFO    ]  Fetching details concurrently for 22 listings (workers=4)...
2026-09-27 08:16:29  [INFO    ]  [cars-for-sale] Page 26/50  offset=750  collected=638  total=19555
2026-09-27 08:16:30  [INFO    ]  Fetching details concurrently for 30 listings (workers=4)...
2026-09-27 08:16:34  [INFO    ]  [cars-for-sale] Page 27/50  offset=780  collected=668  total=19555
2026-09-27 08:16:35  [INFO    ]  Fetching details concurrently for 29 listings (workers=4)...
2026-09-27 08:16:40  [INFO    ]  [cars-for-sale] Page 28/50  offset=810  collected=697  total=19555
2026-09-27 08:16:41  [INFO    ]  Fetching details concurrently for 30 listings (workers=4)...
2026-09-27 08:16:45  [INFO    ]  [cars-for-sale] Page 29/50  offset=840  collected=727  total=19555
2026-09-27 08:16:47  [INFO    ]  Fetching details concurrently for 18 listings (workers=4)...
2026-09-27 08:16:50  [INFO    ]  [cars-for-sale] Page 30/50  offset=870  collected=745  total=19555
2026-09-27 08:16:51  [INFO    ]  Fetching details concurrently for 30 listings (workers=4)...
2026-09-27 08:16:55  [INFO    ]  [cars-for-sale] Page 31/50  offset=900  collected=775  total=19555
2026-09-27 08:16:56  [INFO    ]  Fetching details concurrently for 31 listings (workers=4)...
2026-09-27 08:17:01  [INFO    ]  [cars-for-sale] Page 32/50  offset=930  collected=806  total=19555
2026-09-27 08:17:02  [INFO    ]  Fetching details concurrently for 31 listings (workers=4)...
2026-09-27 08:17:06  [INFO    ]  [cars-for-sale] Page 33/50  offset=960  collected=837  total=19555
2026-09-27 08:17:07  [INFO    ]  Fetching details concurrently for 31 listings (workers=4)...
2026-09-27 08:17:12  [INFO    ]  [cars-for-sale] Page 34/50  offset=990  collected=868  total=19555
2026-09-27 08:17:13  [INFO    ]  Fetching details concurrently for 30 listings (workers=4)...
2026-09-27 08:17:18  [INFO    ]  [cars-for-sale] Page 35/50  offset=1020  collected=898  total=19555
2026-09-27 08:17:19  [INFO    ]  Fetching details concurrently for 31 listings (workers=4)...
2026-09-27 08:17:24  [INFO    ]  [cars-for-sale] Page 36/50  offset=1050  collected=929  total=19555
2026-09-27 08:17:25  [INFO    ]  Fetching details concurrently for 30 listings (workers=4)...
2026-09-27 08:17:29  [INFO    ]  [cars-for-sale] Page 37/50  offset=1080  collected=959  total=19555
2026-09-27 08:17:30  [INFO    ]  Fetching details concurrently for 30 listings (workers=4)...
2026-09-27 08:17:34  [INFO    ]  [cars-for-sale] Page 38/50  offset=1110  collected=989  total=19555
2026-09-27 08:17:35  [INFO    ]  Fetching details concurrently for 27 listings (workers=4)...
2026-09-27 08:17:39  [INFO    ]  [cars-for-sale] Page 39/50  offset=1140  collected=1016  total=19555
2026-09-27 08:17:40  [INFO    ]  Fetching details concurrently for 30 listings (workers=4)...
2026-09-27 08:17:45  [INFO    ]  [cars-for-sale] Page 40/50  offset=1170  collected=1046  total=19555
2026-09-27 08:17:46  [INFO    ]  Fetching details concurrently for 28 listings (workers=4)...
2026-09-27 08:17:50  [INFO    ]  [cars-for-sale] Page 41/50  offset=1200  collected=1074  total=19555
2026-09-27 08:17:51  [INFO    ]  Fetching details concurrently for 30 listings (workers=4)...
2026-09-27 08:17:55  [INFO    ]  [cars-for-sale] Page 42/50  offset=1230  collected=1104  total=19555
2026-09-27 08:17:56  [INFO    ]  Fetching details concurrently for 24 listings (workers=4)...
2026-09-27 08:18:00  [INFO    ]  [cars-for-sale] Page 43/50  offset=1260  collected=1128  total=19555
2026-09-27 08:18:01  [INFO    ]  Fetching details concurrently for 28 listings (workers=4)...
2026-09-27 08:18:05  [INFO    ]  [cars-for-sale] Page 44/50  offset=1290  collected=1156  total=19555
2026-09-27 08:18:06  [INFO    ]  Fetching details concurrently for 19 listings (workers=4)...
2026-09-27 08:18:09  [INFO    ]  [cars-for-sale] Page 45/50  offset=1320  collected=1175  total=19555
2026-09-27 08:18:10  [INFO    ]  Fetching details concurrently for 29 listings (workers=4)...
2026-09-27 08:18:14  [INFO    ]  [cars-for-sale] Page 46/50  offset=1350  collected=1204  total=19555
2026-09-27 08:18:15  [INFO    ]  Fetching details concurrently for 30 listings (workers=4)...
2026-09-27 08:18:19  [INFO    ]  [cars-for-sale] Page 47/50  offset=1380  collected=1234  total=19555
2026-09-27 08:18:20  [INFO    ]  Fetching details concurrently for 30 listings (workers=4)...
2026-09-27 08:18:24  [INFO    ]  [cars-for-sale] Page 48/50  offset=1410  collected=1264  total=19555
2026-09-27 08:18:25  [INFO    ]  Fetching details concurrently for 3 listings (workers=4)...
2026-09-27 08:18:26  [INFO    ]  [cars-for-sale] Page 49/50  offset=1440  collected=1267  total=19555
2026-09-27 08:18:28  [INFO    ]  Fetching details concurrently for 29 listings (workers=4)...
2026-09-27 08:18:32  [INFO    ]  [cars-for-sale] Page 50/50  offset=1470  collected=1296  total=19555
2026-09-27 08:18:33  [INFO    ]  Fetching details concurrently for 30 listings (workers=4)...
2026-09-27 08:18:37  [INFO    ]  Scrape complete. Collected 1326 records in this batch.
2026-09-27 08:18:37  [INFO    ]  Extraction complete in 254.0s: 1,326 total listings collected.
2026-09-27 08:18:37  [INFO    ]  Batch summary: 1,326 total listings collected (334 new unique IDs, 992 recurring/tracked IDs).
2026-09-27 08:18:37  [INFO    ]  Saved 1326 raw records to Parquet -> data/bronze/cars_2026-09-27.parquet
2026-09-27 08:18:37  [INFO    ]  Saved 1326 full raw records from today's run to CSV -> data/bronze/khmer24_cars.csv
2026-09-27 08:18:37  [INFO    ]  Saved ingestion run manifest -> data/bronze/ingestion_manifest.json
2026-09-27 08:18:37  [INFO    ]  Bronze Parquet -> data/bronze/cars_2026-09-27.parquet
2026-09-27 08:18:37  [INFO    ]  Full Run CSV   -> data/bronze/khmer24_cars.csv
2026-09-27 08:18:37  [INFO    ]  Manifest       -> data/bronze/ingestion_manifest.json
2026-09-27 08:18:37  [INFO    ]  ┌────────────────────────────────────────────────────┐
2026-09-27 08:18:37  [INFO    ]  │  BRONZE INGESTION QUALITY SUMMARY (1,326 records)  │
2026-09-27 08:18:37  [INFO    ]  ├────────────────────────────────────┬───────────────┤
2026-09-27 08:18:37  [INFO    ]  │  Price Field Coverage              │  100.0%       │
2026-09-27 08:18:37  [INFO    ]  │  Brand Field Coverage              │  100.0%       │
2026-09-27 08:18:37  [INFO    ]  │  Model Field Coverage              │   99.4%       │
2026-09-27 08:18:37  [INFO    ]  │  Year Field Coverage               │   99.9%       │
2026-09-27 08:18:37  [INFO    ]  │  Province Field Coverage           │  100.0%       │
2026-09-27 08:18:37  [INFO    ]  │  Mileage Field Coverage            │    0.0%       │
2026-09-27 08:18:37  [INFO    ]  │  Transmission Field Coverage       │   87.4%       │
2026-09-27 08:18:37  [INFO    ]  │  Fuel Type Field Coverage          │   88.2%       │
2026-09-27 08:18:37  [INFO    ]  │  Detail Enrichment Rate            │  100.0%       │
2026-09-27 08:18:37  [INFO    ]  ├────────────────────────────────────┴───────────────┤
2026-09-27 08:18:37  [INFO    ]  │  Cumulative Unique Marketplace IDs :  12,670             │
2026-09-27 08:18:37  [INFO    ]  └────────────────────────────────────────────────────┘
2026-09-27 08:18:37  [INFO    ]  EL stage complete. 1,326 listings processed in this batch.
