2026-08-24 10:35:47  [INFO    ]  =================================================================
2026-08-24 10:35:47  [INFO    ]  EL Pipeline  --  Extract & Load (Time-Series & Change Tracking)
2026-08-24 10:35:47  [INFO    ]    Category       : cars-for-sale
2026-08-24 10:35:47  [INFO    ]    Province       : ALL
2026-08-24 10:35:47  [INFO    ]    Max pages      : 20  (600 listings max)
2026-08-24 10:35:47  [INFO    ]    Scrape mode    : feed_window
2026-08-24 10:35:47  [INFO    ]    Enrich details : False
2026-08-24 10:35:47  [INFO    ]    Output dir     : data\raw
2026-08-24 10:35:47  [INFO    ]  =================================================================
2026-08-24 10:35:47  [INFO    ]    Found 1,843 historical unique listing IDs in raw storage.
2026-08-24 10:35:47  [INFO    ]  Cloudflare Worker relay enabled (POSTS_API_BASE overridden).
2026-08-24 10:35:47  [INFO    ]  [cars-for-sale] Page 1/20  offset=0  collected=0
2026-08-24 10:35:50  [INFO    ]  [cars-for-sale] Page 2/20  offset=30  collected=40  total=20247
2026-08-24 10:35:51  [INFO    ]  [cars-for-sale] Page 3/20  offset=60  collected=60  total=20247
2026-08-24 10:35:52  [INFO    ]  [cars-for-sale] Page 4/20  offset=90  collected=78  total=20247
2026-08-24 10:35:53  [INFO    ]  [cars-for-sale] Page 5/20  offset=120  collected=103  total=20247
2026-08-24 10:35:54  [INFO    ]  [cars-for-sale] Page 6/20  offset=150  collected=135  total=20247
2026-08-24 10:35:55  [INFO    ]  [cars-for-sale] Page 7/20  offset=180  collected=146  total=20247
2026-08-24 10:35:56  [INFO    ]  [cars-for-sale] Page 8/20  offset=210  collected=158  total=20247
2026-08-24 10:35:57  [INFO    ]  [cars-for-sale] Page 9/20  offset=240  collected=159  total=20247
2026-08-24 10:35:58  [INFO    ]  [cars-for-sale] Page 10/20  offset=270  collected=189  total=20247
2026-08-24 10:35:59  [INFO    ]  [cars-for-sale] Page 11/20  offset=300  collected=219  total=20247
2026-08-24 10:36:00  [INFO    ]  [cars-for-sale] Page 12/20  offset=330  collected=251  total=20247
2026-08-24 10:36:01  [INFO    ]  [cars-for-sale] Page 13/20  offset=360  collected=277  total=20247
2026-08-24 10:36:02  [INFO    ]  [cars-for-sale] Page 14/20  offset=390  collected=308  total=20247
2026-08-24 10:36:03  [INFO    ]  [cars-for-sale] Page 15/20  offset=420  collected=310  total=20247
2026-08-24 10:36:04  [INFO    ]  [cars-for-sale] Page 16/20  offset=450  collected=340  total=20247
2026-08-24 10:36:05  [INFO    ]  [cars-for-sale] Page 17/20  offset=480  collected=371  total=20247
2026-08-24 10:36:06  [INFO    ]  [cars-for-sale] Page 18/20  offset=510  collected=396  total=20247
2026-08-24 10:36:07  [INFO    ]  [cars-for-sale] Page 19/20  offset=540  collected=427  total=20247
2026-08-24 10:36:08  [INFO    ]  [cars-for-sale] Page 20/20  offset=570  collected=444  total=20247
2026-08-24 10:36:09  [INFO    ]  Scrape complete. Collected 475 records in this batch.
2026-08-24 10:36:09  [INFO    ]  Batch summary: 475 total listings collected (385 new IDs, 90 recurring/tracked IDs).
2026-08-24 10:36:09  [INFO    ]  Saved 475 records to Parquet -> data\raw\cars_2026-08-24.parquet
2026-08-24 10:36:09  [INFO    ]  Saved 60-row CSV sample -> data\raw\khmer24_cars_sample_60.csv
2026-08-24 10:36:09  [INFO    ]  Saved ingestion run manifest -> data\raw\ingestion_manifest.json
2026-08-24 10:36:09  [INFO    ]  Raw Parquet -> data\raw\cars_2026-08-24.parquet
2026-08-24 10:36:09  [INFO    ]  CSV sample  -> 60 rows : data\raw\khmer24_cars_sample_60.csv
2026-08-24 10:36:09  [INFO    ]  Manifest    -> data\raw\ingestion_manifest.json
2026-08-24 10:36:09  [INFO    ]  -- Data Quality (current batch) ---------------------------------
2026-08-24 10:36:09  [INFO    ]    Batch listings      : 475
2026-08-24 10:36:09  [INFO    ]    With price          : 100.0%
2026-08-24 10:36:09  [INFO    ]    With model year     : 100.0%
2026-08-24 10:36:09  [INFO    ]    With brand          : 75.4%
2026-08-24 10:36:09  [INFO    ]    With model name     : 74.7%
2026-08-24 10:36:09  [INFO    ]    With province       : 100.0%
2026-08-24 10:36:09  [INFO    ]    With mileage (km)   : 0.0%
2026-08-24 10:36:09  [INFO    ]    With fuel type      : 0.0%
2026-08-24 10:36:09  [INFO    ]    With transmission   : 0.0%
2026-08-24 10:36:09  [INFO    ]    Total Cumulative Unique IDs : 2,228
2026-08-24 10:36:09  [INFO    ]    Phase 1 cumulative volume target met (>= 2,000 unique listings)!
2026-08-24 10:36:09  [INFO    ]  EL stage complete. 475 listings processed in this batch.
2026-08-24 10:36:09  [INFO    ]  Triggering dbt transformations...
2026-08-24 10:36:09  [INFO    ]  Running dbt: dbt run --project-dir D:\ITC3_AMS_2025\I4_AMS_S2\Y4_Internship\Car_price_prediction\dbt --profiles-dir D:\ITC3_AMS_2025\I4_AMS_S2\Y4_Internship\Car_price_prediction\dbt
2026-08-24 10:36:14  [INFO    ]  dbt run completed successfully in 5.6s.
2026-08-24 10:36:15  [INFO    ]  End-to-end ELT pipeline complete.
