2026-10-02 08:35:05  [INFO    ]  =================================================================
2026-10-02 08:35:05  [INFO    ]  Starting Bronze Data Ingestion: 2026-10-02T08:35:05.591451+00:00
2026-10-02 08:35:05  [INFO    ]  Config: category=cars-for-sale, province=ALL, max_pages=50, mode=feed_window, enrich_details=True
2026-10-02 08:35:05  [INFO    ]  =================================================================
2026-10-02 08:35:05  [INFO    ]  [cars-for-sale] Page 1/50  offset=0  collected=0
2026-10-02 08:35:06  [INFO    ]  Fetching details concurrently for 40 listings (workers=4)...
2026-10-02 08:35:12  [INFO    ]  [cars-for-sale] Page 2/50  offset=30  collected=40  total=19625
2026-10-02 08:35:13  [INFO    ]  Fetching details concurrently for 23 listings (workers=4)...
2026-10-02 08:35:17  [INFO    ]  [cars-for-sale] Page 3/50  offset=60  collected=63  total=19625
2026-10-02 08:35:18  [INFO    ]  Fetching details concurrently for 12 listings (workers=4)...
2026-10-02 08:35:21  [INFO    ]  [cars-for-sale] Page 4/50  offset=90  collected=75  total=19625
2026-10-02 08:35:22  [INFO    ]  Fetching details concurrently for 17 listings (workers=4)...
2026-10-02 08:35:24  [INFO    ]  [cars-for-sale] Page 5/50  offset=120  collected=92  total=19625
2026-10-02 08:35:25  [INFO    ]  Fetching details concurrently for 30 listings (workers=4)...
2026-10-02 08:35:30  [INFO    ]  [cars-for-sale] Page 6/50  offset=150  collected=122  total=19625
2026-10-02 08:35:31  [INFO    ]  Fetching details concurrently for 1 listings (workers=4)...
2026-10-02 08:35:32  [INFO    ]  [cars-for-sale] Page 7/50  offset=180  collected=123  total=19625
2026-10-02 08:35:33  [INFO    ]  Fetching details concurrently for 30 listings (workers=4)...
2026-10-02 08:35:37  [INFO    ]  [cars-for-sale] Page 8/50  offset=210  collected=153  total=19625
2026-10-02 08:35:38  [INFO    ]  Fetching details concurrently for 5 listings (workers=4)...
2026-10-02 08:35:40  [INFO    ]  [cars-for-sale] Page 9/50  offset=240  collected=158  total=19625
2026-10-02 08:35:41  [INFO    ]  Fetching details concurrently for 32 listings (workers=4)...
2026-10-02 08:35:45  [INFO    ]  [cars-for-sale] Page 10/50  offset=270  collected=190  total=19625
2026-10-02 08:35:46  [INFO    ]  Fetching details concurrently for 30 listings (workers=4)...
2026-10-02 08:35:51  [INFO    ]  [cars-for-sale] Page 11/50  offset=300  collected=220  total=19625
2026-10-02 08:35:52  [INFO    ]  Fetching details concurrently for 32 listings (workers=4)...
2026-10-02 08:35:56  [INFO    ]  [cars-for-sale] Page 12/50  offset=330  collected=252  total=19625
2026-10-02 08:35:57  [INFO    ]  Fetching details concurrently for 30 listings (workers=4)...
2026-10-02 08:36:01  [INFO    ]  [cars-for-sale] Page 13/50  offset=360  collected=282  total=19625
2026-10-02 08:36:02  [INFO    ]  Fetching details concurrently for 18 listings (workers=4)...
2026-10-02 08:36:05  [INFO    ]  [cars-for-sale] Page 14/50  offset=390  collected=300  total=19625
2026-10-02 08:36:06  [INFO    ]  Fetching details concurrently for 33 listings (workers=4)...
2026-10-02 08:36:11  [INFO    ]  [cars-for-sale] Page 15/50  offset=420  collected=333  total=19625
2026-10-02 08:36:12  [INFO    ]  Fetching details concurrently for 31 listings (workers=4)...
2026-10-02 08:36:16  [INFO    ]  [cars-for-sale] Page 16/50  offset=450  collected=364  total=19625
2026-10-02 08:36:17  [INFO    ]  Fetching details concurrently for 3 listings (workers=4)...
2026-10-02 08:36:18  [INFO    ]  [cars-for-sale] Page 17/50  offset=480  collected=367  total=19625
2026-10-02 08:36:20  [INFO    ]  Fetching details concurrently for 10 listings (workers=4)...
2026-10-02 08:36:22  [INFO    ]  [cars-for-sale] Page 18/50  offset=510  collected=377  total=19625
2026-10-02 08:36:23  [INFO    ]  Fetching details concurrently for 30 listings (workers=4)...
2026-10-02 08:36:27  [INFO    ]  [cars-for-sale] Page 19/50  offset=540  collected=407  total=19625
2026-10-02 08:36:28  [INFO    ]  Fetching details concurrently for 32 listings (workers=4)...
2026-10-02 08:36:32  [INFO    ]  [cars-for-sale] Page 20/50  offset=570  collected=439  total=19625
2026-10-02 08:36:34  [INFO    ]  Fetching details concurrently for 32 listings (workers=4)...
2026-10-02 08:36:38  [INFO    ]  [cars-for-sale] Page 21/50  offset=600  collected=471  total=19625
2026-10-02 08:36:39  [INFO    ]  Fetching details concurrently for 30 listings (workers=4)...
2026-10-02 08:36:43  [INFO    ]  [cars-for-sale] Page 22/50  offset=630  collected=501  total=19625
2026-10-02 08:36:44  [INFO    ]  Fetching details concurrently for 31 listings (workers=4)...
2026-10-02 08:36:49  [INFO    ]  [cars-for-sale] Page 23/50  offset=660  collected=532  total=19625
2026-10-02 08:36:50  [INFO    ]  Fetching details concurrently for 30 listings (workers=4)...
2026-10-02 08:36:54  [INFO    ]  [cars-for-sale] Page 24/50  offset=690  collected=562  total=19625
2026-10-02 08:36:55  [INFO    ]  Fetching details concurrently for 31 listings (workers=4)...
2026-10-02 08:36:59  [INFO    ]  [cars-for-sale] Page 25/50  offset=720  collected=593  total=19625
2026-10-02 08:37:00  [INFO    ]  Fetching details concurrently for 30 listings (workers=4)...
2026-10-02 08:37:04  [INFO    ]  [cars-for-sale] Page 26/50  offset=750  collected=623  total=19625
2026-10-02 08:37:06  [INFO    ]  Fetching details concurrently for 30 listings (workers=4)...
2026-10-02 08:37:10  [INFO    ]  [cars-for-sale] Page 27/50  offset=780  collected=653  total=19625
2026-10-02 08:37:11  [INFO    ]  Fetching details concurrently for 31 listings (workers=4)...
2026-10-02 08:37:15  [INFO    ]  [cars-for-sale] Page 28/50  offset=810  collected=684  total=19625
2026-10-02 08:37:16  [INFO    ]  Fetching details concurrently for 30 listings (workers=4)...
2026-10-02 08:37:21  [INFO    ]  [cars-for-sale] Page 29/50  offset=840  collected=714  total=19625
2026-10-02 08:37:23  [INFO    ]  [cars-for-sale] Page 30/50  offset=870  collected=714  total=19625
2026-10-02 08:37:24  [INFO    ]  Fetching details concurrently for 12 listings (workers=4)...
2026-10-02 08:37:26  [INFO    ]  [cars-for-sale] Page 31/50  offset=900  collected=726  total=19625
2026-10-02 08:37:27  [INFO    ]  Fetching details concurrently for 30 listings (workers=4)...
2026-10-02 08:37:31  [INFO    ]  [cars-for-sale] Page 32/50  offset=930  collected=756  total=19625
2026-10-02 08:37:32  [INFO    ]  Fetching details concurrently for 30 listings (workers=4)...
2026-10-02 08:37:36  [INFO    ]  [cars-for-sale] Page 33/50  offset=960  collected=786  total=19625
2026-10-02 08:37:37  [INFO    ]  Fetching details concurrently for 30 listings (workers=4)...
2026-10-02 08:37:42  [INFO    ]  [cars-for-sale] Page 34/50  offset=990  collected=816  total=19625
2026-10-02 08:37:43  [INFO    ]  Fetching details concurrently for 30 listings (workers=4)...
2026-10-02 08:37:47  [INFO    ]  [cars-for-sale] Page 35/50  offset=1020  collected=846  total=19625
2026-10-02 08:37:48  [INFO    ]  Fetching details concurrently for 28 listings (workers=4)...
2026-10-02 08:37:52  [INFO    ]  [cars-for-sale] Page 36/50  offset=1050  collected=874  total=19625
2026-10-02 08:37:53  [INFO    ]  Fetching details concurrently for 30 listings (workers=4)...
2026-10-02 08:37:57  [INFO    ]  [cars-for-sale] Page 37/50  offset=1080  collected=904  total=19625
2026-10-02 08:37:58  [INFO    ]  Fetching details concurrently for 32 listings (workers=4)...
2026-10-02 08:38:03  [INFO    ]  [cars-for-sale] Page 38/50  offset=1110  collected=936  total=19625
2026-10-02 08:38:04  [INFO    ]  Fetching details concurrently for 31 listings (workers=4)...
2026-10-02 08:38:09  [INFO    ]  [cars-for-sale] Page 39/50  offset=1140  collected=967  total=19625
2026-10-02 08:38:10  [INFO    ]  Fetching details concurrently for 30 listings (workers=4)...
2026-10-02 08:38:15  [INFO    ]  [cars-for-sale] Page 40/50  offset=1170  collected=997  total=19625
2026-10-02 08:38:16  [INFO    ]  Fetching details concurrently for 30 listings (workers=4)...
2026-10-02 08:38:20  [INFO    ]  [cars-for-sale] Page 41/50  offset=1200  collected=1027  total=19625
2026-10-02 08:38:21  [INFO    ]  Fetching details concurrently for 24 listings (workers=4)...
2026-10-02 08:38:25  [INFO    ]  [cars-for-sale] Page 42/50  offset=1230  collected=1051  total=19625
2026-10-02 08:38:26  [INFO    ]  Fetching details concurrently for 31 listings (workers=4)...
2026-10-02 08:38:30  [INFO    ]  [cars-for-sale] Page 43/50  offset=1260  collected=1082  total=19625
2026-10-02 08:38:32  [INFO    ]  Fetching details concurrently for 30 listings (workers=4)...
2026-10-02 08:38:36  [INFO    ]  [cars-for-sale] Page 44/50  offset=1290  collected=1112  total=19625
2026-10-02 08:38:37  [INFO    ]  Fetching details concurrently for 30 listings (workers=4)...
2026-10-02 08:38:41  [INFO    ]  [cars-for-sale] Page 45/50  offset=1320  collected=1142  total=19625
2026-10-02 08:38:42  [INFO    ]  Fetching details concurrently for 31 listings (workers=4)...
2026-10-02 08:38:47  [INFO    ]  [cars-for-sale] Page 46/50  offset=1350  collected=1173  total=19625
2026-10-02 08:38:48  [INFO    ]  Fetching details concurrently for 30 listings (workers=4)...
2026-10-02 08:38:52  [INFO    ]  [cars-for-sale] Page 47/50  offset=1380  collected=1203  total=19625
2026-10-02 08:38:53  [INFO    ]  Fetching details concurrently for 29 listings (workers=4)...
2026-10-02 08:38:57  [INFO    ]  [cars-for-sale] Page 48/50  offset=1410  collected=1232  total=19625
2026-10-02 08:38:58  [INFO    ]  Fetching details concurrently for 13 listings (workers=4)...
2026-10-02 08:39:01  [INFO    ]  [cars-for-sale] Page 49/50  offset=1440  collected=1245  total=19625
2026-10-02 08:39:02  [INFO    ]  Fetching details concurrently for 1 listings (workers=4)...
2026-10-02 08:39:03  [INFO    ]  [cars-for-sale] Page 50/50  offset=1470  collected=1246  total=19625
2026-10-02 08:39:04  [INFO    ]  Fetching details concurrently for 19 listings (workers=4)...
2026-10-02 08:39:07  [INFO    ]  Scrape complete. Collected 1265 records in this batch.
2026-10-02 08:39:07  [INFO    ]  Extraction complete in 241.93s: 1,265 total listings collected.
2026-10-02 08:39:07  [INFO    ]  Batch summary: 1,265 total listings collected (374 new unique IDs, 891 recurring/tracked IDs).
2026-10-02 08:39:07  [INFO    ]  Saved 1265 raw records to Parquet -> data/bronze/cars_2026-10-02.parquet
2026-10-02 08:39:07  [INFO    ]  Saved 1265 full raw records from today's run to CSV -> data/bronze/khmer24_cars.csv
2026-10-02 08:39:07  [INFO    ]  Saved ingestion run manifest -> data/bronze/ingestion_manifest.json
2026-10-02 08:39:07  [INFO    ]  Bronze Parquet -> data/bronze/cars_2026-10-02.parquet
2026-10-02 08:39:07  [INFO    ]  Full Run CSV   -> data/bronze/khmer24_cars.csv
2026-10-02 08:39:07  [INFO    ]  Manifest       -> data/bronze/ingestion_manifest.json
2026-10-02 08:39:07  [INFO    ]  ┌────────────────────────────────────────────────────┐
2026-10-02 08:39:07  [INFO    ]  │  BRONZE INGESTION QUALITY SUMMARY (1,265 records)  │
2026-10-02 08:39:07  [INFO    ]  ├────────────────────────────────────┬───────────────┤
2026-10-02 08:39:07  [INFO    ]  │  Price Field Coverage              │  100.0%       │
2026-10-02 08:39:07  [INFO    ]  │  Brand Field Coverage              │  100.0%       │
2026-10-02 08:39:07  [INFO    ]  │  Model Field Coverage              │   99.3%       │
2026-10-02 08:39:07  [INFO    ]  │  Year Field Coverage               │   99.9%       │
2026-10-02 08:39:07  [INFO    ]  │  Province Field Coverage           │  100.0%       │
2026-10-02 08:39:07  [INFO    ]  │  Mileage Field Coverage            │    0.0%       │
2026-10-02 08:39:07  [INFO    ]  │  Transmission Field Coverage       │   85.3%       │
2026-10-02 08:39:07  [INFO    ]  │  Fuel Type Field Coverage          │   87.0%       │
2026-10-02 08:39:07  [INFO    ]  │  Detail Enrichment Rate            │  100.0%       │
2026-10-02 08:39:07  [INFO    ]  ├────────────────────────────────────┴───────────────┤
2026-10-02 08:39:07  [INFO    ]  │  Cumulative Unique Marketplace IDs :  14,623             │
2026-10-02 08:39:07  [INFO    ]  └────────────────────────────────────────────────────┘
2026-10-02 08:39:07  [INFO    ]  EL stage complete. 1,265 listings processed in this batch.
