2026-09-14 07:55:50  [INFO    ]  =================================================================
2026-09-14 07:55:50  [INFO    ]  Starting Bronze Data Ingestion: 2026-09-14T07:55:50.898284+00:00
2026-09-14 07:55:50  [INFO    ]  Config: category=cars-for-sale, province=ALL, max_pages=50, mode=feed_window, enrich_details=True
2026-09-14 07:55:50  [INFO    ]  =================================================================
2026-09-14 07:55:50  [INFO    ]  [cars-for-sale] Page 1/50  offset=0  collected=0
2026-09-14 07:55:52  [INFO    ]  Fetching details concurrently for 40 listings (workers=4)...
2026-09-14 07:55:57  [INFO    ]  [cars-for-sale] Page 2/50  offset=30  collected=40  total=19794
2026-09-14 07:55:58  [INFO    ]  Fetching details concurrently for 27 listings (workers=4)...
2026-09-14 07:56:01  [INFO    ]  [cars-for-sale] Page 3/50  offset=60  collected=67  total=19794
2026-09-14 07:56:02  [INFO    ]  Fetching details concurrently for 11 listings (workers=4)...
2026-09-14 07:56:04  [INFO    ]  [cars-for-sale] Page 4/50  offset=90  collected=78  total=19794
2026-09-14 07:56:05  [INFO    ]  Fetching details concurrently for 18 listings (workers=4)...
2026-09-14 07:56:08  [INFO    ]  [cars-for-sale] Page 5/50  offset=120  collected=96  total=19794
2026-09-14 07:56:09  [INFO    ]  Fetching details concurrently for 30 listings (workers=4)...
2026-09-14 07:56:13  [INFO    ]  [cars-for-sale] Page 6/50  offset=150  collected=126  total=19794
2026-09-14 07:56:14  [INFO    ]  Fetching details concurrently for 5 listings (workers=4)...
2026-09-14 07:56:16  [INFO    ]  [cars-for-sale] Page 7/50  offset=180  collected=131  total=19794
2026-09-14 07:56:17  [INFO    ]  Fetching details concurrently for 25 listings (workers=4)...
2026-09-14 07:56:20  [INFO    ]  [cars-for-sale] Page 8/50  offset=210  collected=156  total=19794
2026-09-14 07:56:21  [INFO    ]  Fetching details concurrently for 32 listings (workers=4)...
2026-09-14 07:56:25  [INFO    ]  [cars-for-sale] Page 9/50  offset=240  collected=188  total=19794
2026-09-14 07:56:26  [INFO    ]  Fetching details concurrently for 32 listings (workers=4)...
2026-09-14 07:56:31  [INFO    ]  [cars-for-sale] Page 10/50  offset=270  collected=220  total=19794
2026-09-14 07:56:32  [INFO    ]  Fetching details concurrently for 2 listings (workers=4)...
2026-09-14 07:56:33  [INFO    ]  [cars-for-sale] Page 11/50  offset=300  collected=222  total=19794
2026-09-14 07:56:34  [INFO    ]  Fetching details concurrently for 31 listings (workers=4)...
2026-09-14 07:56:38  [INFO    ]  [cars-for-sale] Page 12/50  offset=330  collected=253  total=19794
2026-09-14 07:56:39  [INFO    ]  Fetching details concurrently for 11 listings (workers=4)...
2026-09-14 07:56:41  [INFO    ]  [cars-for-sale] Page 13/50  offset=360  collected=264  total=19794
2026-09-14 07:56:42  [INFO    ]  Fetching details concurrently for 31 listings (workers=4)...
2026-09-14 07:56:46  [INFO    ]  [cars-for-sale] Page 14/50  offset=390  collected=295  total=19794
2026-09-14 07:56:47  [INFO    ]  Fetching details concurrently for 31 listings (workers=4)...
2026-09-14 07:56:51  [INFO    ]  [cars-for-sale] Page 15/50  offset=420  collected=326  total=19794
2026-09-14 07:56:52  [INFO    ]  Fetching details concurrently for 30 listings (workers=4)...
2026-09-14 07:56:56  [INFO    ]  [cars-for-sale] Page 16/50  offset=450  collected=356  total=19794
2026-09-14 07:56:57  [INFO    ]  Fetching details concurrently for 14 listings (workers=4)...
2026-09-14 07:56:59  [INFO    ]  [cars-for-sale] Page 17/50  offset=480  collected=370  total=19794
2026-09-14 07:57:00  [INFO    ]  Fetching details concurrently for 29 listings (workers=4)...
2026-09-14 07:57:04  [INFO    ]  [cars-for-sale] Page 18/50  offset=510  collected=399  total=19794
2026-09-14 07:57:05  [INFO    ]  Fetching details concurrently for 30 listings (workers=4)...
2026-09-14 07:57:09  [INFO    ]  [cars-for-sale] Page 19/50  offset=540  collected=429  total=19794
2026-09-14 07:57:10  [INFO    ]  [cars-for-sale] Page 20/50  offset=570  collected=429  total=19794
2026-09-14 07:57:11  [INFO    ]  Fetching details concurrently for 30 listings (workers=4)...
2026-09-14 07:57:15  [INFO    ]  [cars-for-sale] Page 21/50  offset=600  collected=459  total=19794
2026-09-14 07:57:16  [INFO    ]  Fetching details concurrently for 31 listings (workers=4)...
2026-09-14 07:57:20  [INFO    ]  [cars-for-sale] Page 22/50  offset=630  collected=490  total=19794
2026-09-14 07:57:21  [INFO    ]  Fetching details concurrently for 31 listings (workers=4)...
2026-09-14 07:57:25  [INFO    ]  [cars-for-sale] Page 23/50  offset=660  collected=521  total=19794
2026-09-14 07:57:26  [INFO    ]  Fetching details concurrently for 24 listings (workers=4)...
2026-09-14 07:57:29  [INFO    ]  [cars-for-sale] Page 24/50  offset=690  collected=545  total=19794
2026-09-14 07:57:30  [INFO    ]  [cars-for-sale] Page 25/50  offset=720  collected=545  total=19794
2026-09-14 07:57:31  [INFO    ]  Fetching details concurrently for 7 listings (workers=4)...
2026-09-14 07:57:33  [INFO    ]  [cars-for-sale] Page 26/50  offset=750  collected=552  total=19794
2026-09-14 07:57:34  [INFO    ]  [cars-for-sale] Page 27/50  offset=780  collected=552  total=19794
2026-09-14 07:57:35  [INFO    ]  Fetching details concurrently for 27 listings (workers=4)...
2026-09-14 07:57:38  [INFO    ]  [cars-for-sale] Page 28/50  offset=810  collected=579  total=19794
2026-09-14 07:57:39  [INFO    ]  Fetching details concurrently for 31 listings (workers=4)...
2026-09-14 07:57:43  [INFO    ]  [cars-for-sale] Page 29/50  offset=840  collected=610  total=19794
2026-09-14 07:57:44  [INFO    ]  Fetching details concurrently for 30 listings (workers=4)...
2026-09-14 07:57:48  [INFO    ]  [cars-for-sale] Page 30/50  offset=870  collected=640  total=19794
2026-09-14 07:57:49  [INFO    ]  Fetching details concurrently for 31 listings (workers=4)...
2026-09-14 07:57:53  [INFO    ]  [cars-for-sale] Page 31/50  offset=900  collected=671  total=19794
2026-09-14 07:57:54  [INFO    ]  Fetching details concurrently for 30 listings (workers=4)...
2026-09-14 07:57:58  [INFO    ]  [cars-for-sale] Page 32/50  offset=930  collected=701  total=19794
2026-09-14 07:57:59  [INFO    ]  Fetching details concurrently for 31 listings (workers=4)...
2026-09-14 07:58:03  [INFO    ]  [cars-for-sale] Page 33/50  offset=960  collected=732  total=19794
2026-09-14 07:58:04  [INFO    ]  Fetching details concurrently for 31 listings (workers=4)...
2026-09-14 07:58:08  [INFO    ]  [cars-for-sale] Page 34/50  offset=990  collected=763  total=19794
2026-09-14 07:58:09  [INFO    ]  Fetching details concurrently for 30 listings (workers=4)...
2026-09-14 07:58:13  [INFO    ]  [cars-for-sale] Page 35/50  offset=1020  collected=793  total=19794
2026-09-14 07:58:14  [INFO    ]  Fetching details concurrently for 30 listings (workers=4)...
2026-09-14 07:58:18  [INFO    ]  [cars-for-sale] Page 36/50  offset=1050  collected=823  total=19794
2026-09-14 07:58:20  [INFO    ]  Fetching details concurrently for 32 listings (workers=4)...
2026-09-14 07:58:24  [INFO    ]  [cars-for-sale] Page 37/50  offset=1080  collected=855  total=19794
2026-09-14 07:58:25  [INFO    ]  Fetching details concurrently for 31 listings (workers=4)...
2026-09-14 07:58:29  [INFO    ]  [cars-for-sale] Page 38/50  offset=1110  collected=886  total=19794
2026-09-14 07:58:30  [INFO    ]  Fetching details concurrently for 30 listings (workers=4)...
2026-09-14 07:58:34  [INFO    ]  [cars-for-sale] Page 39/50  offset=1140  collected=916  total=19794
2026-09-14 07:58:35  [INFO    ]  Fetching details concurrently for 30 listings (workers=4)...
2026-09-14 07:58:38  [INFO    ]  [cars-for-sale] Page 40/50  offset=1170  collected=946  total=19794
2026-09-14 07:58:40  [INFO    ]  Fetching details concurrently for 28 listings (workers=4)...
2026-09-14 07:58:43  [INFO    ]  [cars-for-sale] Page 41/50  offset=1200  collected=974  total=19794
2026-09-14 07:58:44  [INFO    ]  Fetching details concurrently for 30 listings (workers=4)...
2026-09-14 07:58:48  [INFO    ]  [cars-for-sale] Page 42/50  offset=1230  collected=1004  total=19794
2026-09-14 07:58:49  [INFO    ]  Fetching details concurrently for 30 listings (workers=4)...
2026-09-14 07:58:53  [INFO    ]  [cars-for-sale] Page 43/50  offset=1260  collected=1034  total=19794
2026-09-14 07:58:54  [INFO    ]  Fetching details concurrently for 30 listings (workers=4)...
2026-09-14 07:58:58  [INFO    ]  [cars-for-sale] Page 44/50  offset=1290  collected=1064  total=19794
2026-09-14 07:58:59  [INFO    ]  Fetching details concurrently for 30 listings (workers=4)...
2026-09-14 07:59:03  [INFO    ]  [cars-for-sale] Page 45/50  offset=1320  collected=1094  total=19794
2026-09-14 07:59:04  [INFO    ]  Fetching details concurrently for 31 listings (workers=4)...
2026-09-14 07:59:08  [INFO    ]  [cars-for-sale] Page 46/50  offset=1350  collected=1125  total=19794
2026-09-14 07:59:09  [INFO    ]  Fetching details concurrently for 23 listings (workers=4)...
2026-09-14 07:59:13  [INFO    ]  [cars-for-sale] Page 47/50  offset=1380  collected=1148  total=19794
2026-09-14 07:59:14  [INFO    ]  Fetching details concurrently for 30 listings (workers=4)...
2026-09-14 07:59:17  [INFO    ]  [cars-for-sale] Page 48/50  offset=1410  collected=1178  total=19794
2026-09-14 07:59:18  [INFO    ]  Fetching details concurrently for 30 listings (workers=4)...
2026-09-14 07:59:23  [INFO    ]  [cars-for-sale] Page 49/50  offset=1440  collected=1208  total=19794
2026-09-14 07:59:24  [INFO    ]  Fetching details concurrently for 31 listings (workers=4)...
2026-09-14 07:59:28  [INFO    ]  [cars-for-sale] Page 50/50  offset=1470  collected=1239  total=19794
2026-09-14 07:59:29  [INFO    ]  Fetching details concurrently for 30 listings (workers=4)...
2026-09-14 07:59:33  [INFO    ]  Scrape complete. Collected 1269 records in this batch.
2026-09-14 07:59:33  [INFO    ]  Extraction complete in 222.81s: 1,269 total listings collected.
2026-09-14 07:59:33  [INFO    ]  Batch summary: 1,269 total listings collected (429 new unique IDs, 840 recurring/tracked IDs).
2026-09-14 07:59:33  [INFO    ]  Saved 1269 raw records to Parquet -> data/bronze/cars_2026-09-14.parquet
2026-09-14 07:59:33  [INFO    ]  Saved 1269 full raw records from today's run to CSV -> data/bronze/khmer24_cars.csv
2026-09-14 07:59:33  [INFO    ]  Saved ingestion run manifest -> data/bronze/ingestion_manifest.json
2026-09-14 07:59:33  [INFO    ]  Bronze Parquet -> data/bronze/cars_2026-09-14.parquet
2026-09-14 07:59:33  [INFO    ]  Full Run CSV   -> data/bronze/khmer24_cars.csv
2026-09-14 07:59:33  [INFO    ]  Manifest       -> data/bronze/ingestion_manifest.json
2026-09-14 07:59:33  [INFO    ]  ┌────────────────────────────────────────────────────┐
2026-09-14 07:59:33  [INFO    ]  │  BRONZE INGESTION QUALITY SUMMARY (1,269 records)  │
2026-09-14 07:59:33  [INFO    ]  ├────────────────────────────────────┬───────────────┤
2026-09-14 07:59:33  [INFO    ]  │  Price Field Coverage              │  100.0%       │
2026-09-14 07:59:33  [INFO    ]  │  Brand Field Coverage              │   99.9%       │
2026-09-14 07:59:33  [INFO    ]  │  Model Field Coverage              │   99.4%       │
2026-09-14 07:59:33  [INFO    ]  │  Year Field Coverage               │   99.8%       │
2026-09-14 07:59:33  [INFO    ]  │  Province Field Coverage           │  100.0%       │
2026-09-14 07:59:33  [INFO    ]  │  Mileage Field Coverage            │    0.0%       │
2026-09-14 07:59:33  [INFO    ]  │  Transmission Field Coverage       │   85.1%       │
2026-09-14 07:59:33  [INFO    ]  │  Fuel Type Field Coverage          │   88.6%       │
2026-09-14 07:59:33  [INFO    ]  │  Detail Enrichment Rate            │  100.0%       │
2026-09-14 07:59:33  [INFO    ]  ├────────────────────────────────────┴───────────────┤
2026-09-14 07:59:33  [INFO    ]  │  Cumulative Unique Marketplace IDs :  7,800              │
2026-09-14 07:59:33  [INFO    ]  └────────────────────────────────────────────────────┘
2026-09-14 07:59:33  [INFO    ]  EL stage complete. 1,269 listings processed in this batch.
