2026-09-15 07:47:58  [INFO    ]  =================================================================
2026-09-15 07:47:58  [INFO    ]  Starting Bronze Data Ingestion: 2026-09-15T07:47:58.338368+00:00
2026-09-15 07:47:58  [INFO    ]  Config: category=cars-for-sale, province=ALL, max_pages=50, mode=feed_window, enrich_details=True
2026-09-15 07:47:58  [INFO    ]  =================================================================
2026-09-15 07:47:58  [INFO    ]  [cars-for-sale] Page 1/50  offset=0  collected=0
2026-09-15 07:47:59  [INFO    ]  Fetching details concurrently for 40 listings (workers=4)...
2026-09-15 07:48:03  [INFO    ]  [cars-for-sale] Page 2/50  offset=30  collected=40  total=19740
2026-09-15 07:48:04  [INFO    ]  Fetching details concurrently for 20 listings (workers=4)...
2026-09-15 07:48:07  [INFO    ]  [cars-for-sale] Page 3/50  offset=60  collected=60  total=19740
2026-09-15 07:48:08  [INFO    ]  Fetching details concurrently for 12 listings (workers=4)...
2026-09-15 07:48:10  [INFO    ]  [cars-for-sale] Page 4/50  offset=90  collected=72  total=19740
2026-09-15 07:48:11  [INFO    ]  Fetching details concurrently for 26 listings (workers=4)...
2026-09-15 07:48:16  [INFO    ]  [cars-for-sale] Page 5/50  offset=120  collected=98  total=19740
2026-09-15 07:48:17  [INFO    ]  Fetching details concurrently for 18 listings (workers=4)...
2026-09-15 07:48:20  [INFO    ]  [cars-for-sale] Page 6/50  offset=150  collected=116  total=19740
2026-09-15 07:48:20  [INFO    ]  Fetching details concurrently for 31 listings (workers=4)...
2026-09-15 07:48:25  [INFO    ]  [cars-for-sale] Page 7/50  offset=180  collected=147  total=19740
2026-09-15 07:48:25  [INFO    ]  Fetching details concurrently for 25 listings (workers=4)...
2026-09-15 07:48:29  [INFO    ]  [cars-for-sale] Page 8/50  offset=210  collected=172  total=19740
2026-09-15 07:48:29  [INFO    ]  Fetching details concurrently for 4 listings (workers=4)...
2026-09-15 07:48:30  [INFO    ]  [cars-for-sale] Page 9/50  offset=240  collected=176  total=19740
2026-09-15 07:48:31  [INFO    ]  Fetching details concurrently for 32 listings (workers=4)...
2026-09-15 07:48:37  [INFO    ]  [cars-for-sale] Page 10/50  offset=270  collected=208  total=19740
2026-09-15 07:48:38  [INFO    ]  Fetching details concurrently for 30 listings (workers=4)...
2026-09-15 07:48:41  [INFO    ]  [cars-for-sale] Page 11/50  offset=300  collected=238  total=19740
2026-09-15 07:48:42  [INFO    ]  Fetching details concurrently for 31 listings (workers=4)...
2026-09-15 07:48:46  [INFO    ]  [cars-for-sale] Page 12/50  offset=330  collected=269  total=19740
2026-09-15 07:48:47  [INFO    ]  Fetching details concurrently for 31 listings (workers=4)...
2026-09-15 07:48:50  [INFO    ]  [cars-for-sale] Page 13/50  offset=360  collected=300  total=19740
2026-09-15 07:48:51  [INFO    ]  Fetching details concurrently for 26 listings (workers=4)...
2026-09-15 07:48:57  [INFO    ]  [cars-for-sale] Page 14/50  offset=390  collected=326  total=19740
2026-09-15 07:48:58  [INFO    ]  Fetching details concurrently for 4 listings (workers=4)...
2026-09-15 07:48:59  [INFO    ]  [cars-for-sale] Page 15/50  offset=420  collected=330  total=19740
2026-09-15 07:48:59  [INFO    ]  Fetching details concurrently for 29 listings (workers=4)...
2026-09-15 07:49:03  [INFO    ]  [cars-for-sale] Page 16/50  offset=450  collected=359  total=19740
2026-09-15 07:49:04  [INFO    ]  Fetching details concurrently for 31 listings (workers=4)...
2026-09-15 07:49:07  [INFO    ]  [cars-for-sale] Page 17/50  offset=480  collected=390  total=19740
2026-09-15 07:49:08  [INFO    ]  Fetching details concurrently for 30 listings (workers=4)...
2026-09-15 07:49:11  [INFO    ]  [cars-for-sale] Page 18/50  offset=510  collected=420  total=19740
2026-09-15 07:49:12  [INFO    ]  Fetching details concurrently for 27 listings (workers=4)...
2026-09-15 07:49:15  [INFO    ]  [cars-for-sale] Page 19/50  offset=540  collected=447  total=19740
2026-09-15 07:49:16  [INFO    ]  Fetching details concurrently for 26 listings (workers=4)...
2026-09-15 07:49:20  [INFO    ]  [cars-for-sale] Page 20/50  offset=570  collected=473  total=19740
2026-09-15 07:49:21  [INFO    ]  Fetching details concurrently for 31 listings (workers=4)...
2026-09-15 07:49:24  [INFO    ]  [cars-for-sale] Page 21/50  offset=600  collected=504  total=19740
2026-09-15 07:49:25  [INFO    ]  Fetching details concurrently for 31 listings (workers=4)...
2026-09-15 07:49:29  [INFO    ]  [cars-for-sale] Page 22/50  offset=630  collected=535  total=19740
2026-09-15 07:49:30  [INFO    ]  Fetching details concurrently for 30 listings (workers=4)...
2026-09-15 07:49:37  [INFO    ]  [cars-for-sale] Page 23/50  offset=660  collected=565  total=19740
2026-09-15 07:49:37  [INFO    ]  Fetching details concurrently for 31 listings (workers=4)...
2026-09-15 07:49:41  [INFO    ]  [cars-for-sale] Page 24/50  offset=690  collected=596  total=19740
2026-09-15 07:49:42  [INFO    ]  Fetching details concurrently for 21 listings (workers=4)...
2026-09-15 07:49:45  [INFO    ]  [cars-for-sale] Page 25/50  offset=720  collected=617  total=19740
2026-09-15 07:49:46  [INFO    ]  Fetching details concurrently for 31 listings (workers=4)...
2026-09-15 07:49:50  [INFO    ]  [cars-for-sale] Page 26/50  offset=750  collected=648  total=19740
2026-09-15 07:49:50  [INFO    ]  Fetching details concurrently for 32 listings (workers=4)...
2026-09-15 07:49:55  [INFO    ]  [cars-for-sale] Page 27/50  offset=780  collected=680  total=19740
2026-09-15 07:49:55  [INFO    ]  Fetching details concurrently for 26 listings (workers=4)...
2026-09-15 07:49:59  [INFO    ]  [cars-for-sale] Page 28/50  offset=810  collected=706  total=19740
2026-09-15 07:49:59  [INFO    ]  Fetching details concurrently for 30 listings (workers=4)...
2026-09-15 07:50:04  [INFO    ]  [cars-for-sale] Page 29/50  offset=840  collected=736  total=19740
2026-09-15 07:50:05  [INFO    ]  Fetching details concurrently for 30 listings (workers=4)...
2026-09-15 07:50:09  [INFO    ]  [cars-for-sale] Page 30/50  offset=870  collected=766  total=19740
2026-09-15 07:50:09  [INFO    ]  Fetching details concurrently for 30 listings (workers=4)...
2026-09-15 07:50:21  [INFO    ]  [cars-for-sale] Page 31/50  offset=900  collected=796  total=19740
2026-09-15 07:50:22  [INFO    ]  Fetching details concurrently for 1 listings (workers=4)...
2026-09-15 07:50:23  [INFO    ]  [cars-for-sale] Page 32/50  offset=930  collected=797  total=19740
2026-09-15 07:50:23  [INFO    ]  Fetching details concurrently for 31 listings (workers=4)...
2026-09-15 07:50:27  [INFO    ]  [cars-for-sale] Page 33/50  offset=960  collected=828  total=19740
2026-09-15 07:50:28  [INFO    ]  Fetching details concurrently for 30 listings (workers=4)...
2026-09-15 07:50:31  [INFO    ]  [cars-for-sale] Page 34/50  offset=990  collected=858  total=19740
2026-09-15 07:50:32  [INFO    ]  Fetching details concurrently for 30 listings (workers=4)...
2026-09-15 07:50:36  [INFO    ]  [cars-for-sale] Page 35/50  offset=1020  collected=888  total=19740
2026-09-15 07:50:37  [INFO    ]  Fetching details concurrently for 30 listings (workers=4)...
2026-09-15 07:50:40  [INFO    ]  [cars-for-sale] Page 36/50  offset=1050  collected=918  total=19740
2026-09-15 07:50:41  [INFO    ]  Fetching details concurrently for 26 listings (workers=4)...
2026-09-15 07:50:44  [INFO    ]  [cars-for-sale] Page 37/50  offset=1080  collected=944  total=19740
2026-09-15 07:50:45  [INFO    ]  Fetching details concurrently for 30 listings (workers=4)...
2026-09-15 07:50:49  [INFO    ]  [cars-for-sale] Page 38/50  offset=1110  collected=974  total=19740
2026-09-15 07:50:50  [INFO    ]  Fetching details concurrently for 30 listings (workers=4)...
2026-09-15 07:50:54  [INFO    ]  [cars-for-sale] Page 39/50  offset=1140  collected=1004  total=19740
2026-09-15 07:50:54  [INFO    ]  Fetching details concurrently for 22 listings (workers=4)...
2026-09-15 07:50:57  [INFO    ]  [cars-for-sale] Page 40/50  offset=1170  collected=1026  total=19740
2026-09-15 07:50:58  [INFO    ]  Fetching details concurrently for 30 listings (workers=4)...
2026-09-15 07:51:02  [INFO    ]  [cars-for-sale] Page 41/50  offset=1200  collected=1056  total=19740
2026-09-15 07:51:03  [INFO    ]  Fetching details concurrently for 30 listings (workers=4)...
2026-09-15 07:51:07  [INFO    ]  [cars-for-sale] Page 42/50  offset=1230  collected=1086  total=19740
2026-09-15 07:51:08  [INFO    ]  Fetching details concurrently for 29 listings (workers=4)...
2026-09-15 07:51:11  [INFO    ]  [cars-for-sale] Page 43/50  offset=1260  collected=1115  total=19740
2026-09-15 07:51:12  [INFO    ]  Fetching details concurrently for 1 listings (workers=4)...
2026-09-15 07:51:13  [INFO    ]  [cars-for-sale] Page 44/50  offset=1290  collected=1116  total=19740
2026-09-15 07:51:13  [INFO    ]  Fetching details concurrently for 26 listings (workers=4)...
2026-09-15 07:51:17  [INFO    ]  [cars-for-sale] Page 45/50  offset=1320  collected=1142  total=19740
2026-09-15 07:51:18  [INFO    ]  Fetching details concurrently for 30 listings (workers=4)...
2026-09-15 07:51:21  [INFO    ]  [cars-for-sale] Page 46/50  offset=1350  collected=1172  total=19740
2026-09-15 07:51:22  [INFO    ]  Fetching details concurrently for 30 listings (workers=4)...
2026-09-15 07:51:26  [INFO    ]  [cars-for-sale] Page 47/50  offset=1380  collected=1202  total=19740
2026-09-15 07:51:27  [INFO    ]  Fetching details concurrently for 31 listings (workers=4)...
2026-09-15 07:51:30  [INFO    ]  [cars-for-sale] Page 48/50  offset=1410  collected=1233  total=19740
2026-09-15 07:51:31  [INFO    ]  Fetching details concurrently for 28 listings (workers=4)...
2026-09-15 07:51:37  [INFO    ]  [cars-for-sale] Page 49/50  offset=1440  collected=1261  total=19740
2026-09-15 07:51:37  [INFO    ]  Fetching details concurrently for 31 listings (workers=4)...
2026-09-15 07:51:42  [INFO    ]  [cars-for-sale] Page 50/50  offset=1470  collected=1292  total=19740
2026-09-15 07:51:42  [INFO    ]  Fetching details concurrently for 30 listings (workers=4)...
2026-09-15 07:51:46  [INFO    ]  Scrape complete. Collected 1322 records in this batch.
2026-09-15 07:51:46  [INFO    ]  Extraction complete in 228.42s: 1,322 total listings collected.
2026-09-15 07:51:46  [INFO    ]  Batch summary: 1,322 total listings collected (410 new unique IDs, 912 recurring/tracked IDs).
2026-09-15 07:51:46  [INFO    ]  Saved 1322 raw records to Parquet -> data/bronze/cars_2026-09-15.parquet
2026-09-15 07:51:46  [INFO    ]  Saved 1322 full raw records from today's run to CSV -> data/bronze/khmer24_cars.csv
2026-09-15 07:51:46  [INFO    ]  Saved ingestion run manifest -> data/bronze/ingestion_manifest.json
2026-09-15 07:51:46  [INFO    ]  Bronze Parquet -> data/bronze/cars_2026-09-15.parquet
2026-09-15 07:51:46  [INFO    ]  Full Run CSV   -> data/bronze/khmer24_cars.csv
2026-09-15 07:51:46  [INFO    ]  Manifest       -> data/bronze/ingestion_manifest.json
2026-09-15 07:51:46  [INFO    ]  ┌────────────────────────────────────────────────────┐
2026-09-15 07:51:46  [INFO    ]  │  BRONZE INGESTION QUALITY SUMMARY (1,322 records)  │
2026-09-15 07:51:46  [INFO    ]  ├────────────────────────────────────┬───────────────┤
2026-09-15 07:51:46  [INFO    ]  │  Price Field Coverage              │  100.0%       │
2026-09-15 07:51:46  [INFO    ]  │  Brand Field Coverage              │   99.9%       │
2026-09-15 07:51:46  [INFO    ]  │  Model Field Coverage              │   99.5%       │
2026-09-15 07:51:46  [INFO    ]  │  Year Field Coverage               │   99.5%       │
2026-09-15 07:51:46  [INFO    ]  │  Province Field Coverage           │  100.0%       │
2026-09-15 07:51:46  [INFO    ]  │  Mileage Field Coverage            │    0.0%       │
2026-09-15 07:51:46  [INFO    ]  │  Transmission Field Coverage       │   85.6%       │
2026-09-15 07:51:46  [INFO    ]  │  Fuel Type Field Coverage          │   88.5%       │
2026-09-15 07:51:46  [INFO    ]  │  Detail Enrichment Rate            │  100.0%       │
2026-09-15 07:51:46  [INFO    ]  ├────────────────────────────────────┴───────────────┤
2026-09-15 07:51:46  [INFO    ]  │  Cumulative Unique Marketplace IDs :  8,210              │
2026-09-15 07:51:46  [INFO    ]  └────────────────────────────────────────────────────┘
2026-09-15 07:51:46  [INFO    ]  EL stage complete. 1,322 listings processed in this batch.
