2026-09-12 07:11:23  [INFO    ]  =================================================================
2026-09-12 07:11:23  [INFO    ]  Starting Bronze Data Ingestion: 2026-09-12T07:11:23.746810+00:00
2026-09-12 07:11:23  [INFO    ]  Config: category=cars-for-sale, province=ALL, max_pages=50, mode=feed_window, enrich_details=True
2026-09-12 07:11:23  [INFO    ]  =================================================================
2026-09-12 07:11:23  [INFO    ]  [cars-for-sale] Page 1/50  offset=0  collected=0
2026-09-12 07:11:25  [INFO    ]  Fetching details concurrently for 40 listings (workers=4)...
2026-09-12 07:11:33  [INFO    ]  [cars-for-sale] Page 2/50  offset=30  collected=40  total=19927
2026-09-12 07:11:33  [INFO    ]  Fetching details concurrently for 26 listings (workers=4)...
2026-09-12 07:11:36  [INFO    ]  [cars-for-sale] Page 3/50  offset=60  collected=66  total=19927
2026-09-12 07:11:37  [INFO    ]  Fetching details concurrently for 25 listings (workers=4)...
2026-09-12 07:11:40  [INFO    ]  [cars-for-sale] Page 4/50  offset=90  collected=91  total=19927
2026-09-12 07:11:41  [INFO    ]  Fetching details concurrently for 17 listings (workers=4)...
2026-09-12 07:11:43  [INFO    ]  [cars-for-sale] Page 5/50  offset=120  collected=108  total=19927
2026-09-12 07:11:44  [INFO    ]  Fetching details concurrently for 21 listings (workers=4)...
2026-09-12 07:11:51  [INFO    ]  [cars-for-sale] Page 6/50  offset=150  collected=129  total=19927
2026-09-12 07:11:52  [INFO    ]  Fetching details concurrently for 30 listings (workers=4)...
2026-09-12 07:11:55  [INFO    ]  [cars-for-sale] Page 7/50  offset=180  collected=159  total=19927
2026-09-12 07:11:56  [INFO    ]  Fetching details concurrently for 13 listings (workers=4)...
2026-09-12 07:11:58  [INFO    ]  [cars-for-sale] Page 8/50  offset=210  collected=172  total=19927
2026-09-12 07:11:59  [INFO    ]  Fetching details concurrently for 30 listings (workers=4)...
2026-09-12 07:12:02  [INFO    ]  [cars-for-sale] Page 9/50  offset=240  collected=202  total=19927
2026-09-12 07:12:03  [INFO    ]  Fetching details concurrently for 31 listings (workers=4)...
2026-09-12 07:12:07  [INFO    ]  [cars-for-sale] Page 10/50  offset=270  collected=233  total=19927
2026-09-12 07:12:08  [INFO    ]  Fetching details concurrently for 7 listings (workers=4)...
2026-09-12 07:12:09  [INFO    ]  [cars-for-sale] Page 11/50  offset=300  collected=240  total=19927
2026-09-12 07:12:10  [INFO    ]  Fetching details concurrently for 30 listings (workers=4)...
2026-09-12 07:12:13  [INFO    ]  [cars-for-sale] Page 12/50  offset=330  collected=270  total=19927
2026-09-12 07:12:14  [INFO    ]  Fetching details concurrently for 32 listings (workers=4)...
2026-09-12 07:12:18  [INFO    ]  [cars-for-sale] Page 13/50  offset=360  collected=302  total=19927
2026-09-12 07:12:19  [INFO    ]  Fetching details concurrently for 27 listings (workers=4)...
2026-09-12 07:12:22  [INFO    ]  [cars-for-sale] Page 14/50  offset=390  collected=329  total=19927
2026-09-12 07:12:23  [INFO    ]  Fetching details concurrently for 7 listings (workers=4)...
2026-09-12 07:12:24  [INFO    ]  [cars-for-sale] Page 15/50  offset=420  collected=336  total=19927
2026-09-12 07:12:25  [INFO    ]  Fetching details concurrently for 31 listings (workers=4)...
2026-09-12 07:12:29  [INFO    ]  [cars-for-sale] Page 16/50  offset=450  collected=367  total=19927
2026-09-12 07:12:29  [INFO    ]  Fetching details concurrently for 25 listings (workers=4)...
2026-09-12 07:12:32  [INFO    ]  [cars-for-sale] Page 17/50  offset=480  collected=392  total=19927
2026-09-12 07:12:33  [INFO    ]  Fetching details concurrently for 30 listings (workers=4)...
2026-09-12 07:12:36  [INFO    ]  [cars-for-sale] Page 18/50  offset=510  collected=422  total=19927
2026-09-12 07:12:37  [INFO    ]  Fetching details concurrently for 30 listings (workers=4)...
2026-09-12 07:12:40  [INFO    ]  [cars-for-sale] Page 19/50  offset=540  collected=452  total=19927
2026-09-12 07:12:41  [INFO    ]  Fetching details concurrently for 31 listings (workers=4)...
2026-09-12 07:12:45  [INFO    ]  [cars-for-sale] Page 20/50  offset=570  collected=483  total=19927
2026-09-12 07:12:46  [INFO    ]  Fetching details concurrently for 30 listings (workers=4)...
2026-09-12 07:12:49  [INFO    ]  [cars-for-sale] Page 21/50  offset=600  collected=513  total=19927
2026-09-12 07:12:50  [INFO    ]  Fetching details concurrently for 30 listings (workers=4)...
2026-09-12 07:12:53  [INFO    ]  [cars-for-sale] Page 22/50  offset=630  collected=543  total=19927
2026-09-12 07:12:54  [INFO    ]  Fetching details concurrently for 26 listings (workers=4)...
2026-09-12 07:12:57  [INFO    ]  [cars-for-sale] Page 23/50  offset=660  collected=569  total=19927
2026-09-12 07:12:58  [INFO    ]  Fetching details concurrently for 30 listings (workers=4)...
2026-09-12 07:13:01  [INFO    ]  [cars-for-sale] Page 24/50  offset=690  collected=599  total=19927
2026-09-12 07:13:02  [INFO    ]  [cars-for-sale] Page 25/50  offset=720  collected=599  total=19927
2026-09-12 07:13:03  [INFO    ]  [cars-for-sale] Page 26/50  offset=750  collected=599  total=19927
2026-09-12 07:13:04  [INFO    ]  Fetching details concurrently for 14 listings (workers=4)...
2026-09-12 07:13:06  [INFO    ]  [cars-for-sale] Page 27/50  offset=780  collected=613  total=19927
2026-09-12 07:13:07  [INFO    ]  Fetching details concurrently for 31 listings (workers=4)...
2026-09-12 07:13:11  [INFO    ]  [cars-for-sale] Page 28/50  offset=810  collected=644  total=19927
2026-09-12 07:13:11  [INFO    ]  Fetching details concurrently for 24 listings (workers=4)...
2026-09-12 07:13:16  [INFO    ]  [cars-for-sale] Page 29/50  offset=840  collected=668  total=19927
2026-09-12 07:13:17  [INFO    ]  Fetching details concurrently for 25 listings (workers=4)...
2026-09-12 07:13:20  [INFO    ]  [cars-for-sale] Page 30/50  offset=870  collected=693  total=19927
2026-09-12 07:13:21  [INFO    ]  Fetching details concurrently for 27 listings (workers=4)...
2026-09-12 07:13:25  [INFO    ]  [cars-for-sale] Page 31/50  offset=900  collected=720  total=19927
2026-09-12 07:13:26  [INFO    ]  Fetching details concurrently for 30 listings (workers=4)...
2026-09-12 07:13:30  [INFO    ]  [cars-for-sale] Page 32/50  offset=930  collected=750  total=19927
2026-09-12 07:13:31  [INFO    ]  Fetching details concurrently for 30 listings (workers=4)...
2026-09-12 07:13:34  [INFO    ]  [cars-for-sale] Page 33/50  offset=960  collected=780  total=19927
2026-09-12 07:13:35  [INFO    ]  Fetching details concurrently for 30 listings (workers=4)...
2026-09-12 07:13:39  [INFO    ]  [cars-for-sale] Page 34/50  offset=990  collected=810  total=19927
2026-09-12 07:13:39  [INFO    ]  Fetching details concurrently for 30 listings (workers=4)...
2026-09-12 07:13:43  [INFO    ]  [cars-for-sale] Page 35/50  offset=1020  collected=840  total=19927
2026-09-12 07:13:44  [INFO    ]  Fetching details concurrently for 30 listings (workers=4)...
2026-09-12 07:13:47  [INFO    ]  [cars-for-sale] Page 36/50  offset=1050  collected=870  total=19927
2026-09-12 07:13:48  [INFO    ]  Fetching details concurrently for 25 listings (workers=4)...
2026-09-12 07:13:50  [INFO    ]  [cars-for-sale] Page 37/50  offset=1080  collected=895  total=19927
2026-09-12 07:13:51  [INFO    ]  Fetching details concurrently for 30 listings (workers=4)...
2026-09-12 07:13:55  [INFO    ]  [cars-for-sale] Page 38/50  offset=1110  collected=925  total=19927
2026-09-12 07:13:56  [INFO    ]  Fetching details concurrently for 25 listings (workers=4)...
2026-09-12 07:13:59  [INFO    ]  [cars-for-sale] Page 39/50  offset=1140  collected=950  total=19927
2026-09-12 07:13:59  [INFO    ]  Fetching details concurrently for 30 listings (workers=4)...
2026-09-12 07:14:03  [INFO    ]  [cars-for-sale] Page 40/50  offset=1170  collected=980  total=19927
2026-09-12 07:14:04  [INFO    ]  Fetching details concurrently for 28 listings (workers=4)...
2026-09-12 07:14:07  [INFO    ]  [cars-for-sale] Page 41/50  offset=1200  collected=1008  total=19927
2026-09-12 07:14:08  [INFO    ]  Fetching details concurrently for 30 listings (workers=4)...
2026-09-12 07:14:11  [INFO    ]  [cars-for-sale] Page 42/50  offset=1230  collected=1038  total=19927
2026-09-12 07:14:12  [INFO    ]  [cars-for-sale] Page 43/50  offset=1260  collected=1038  total=19927
2026-09-12 07:14:12  [INFO    ]  Fetching details concurrently for 24 listings (workers=4)...
2026-09-12 07:14:15  [INFO    ]  [cars-for-sale] Page 44/50  offset=1290  collected=1062  total=19927
2026-09-12 07:14:16  [INFO    ]  Fetching details concurrently for 30 listings (workers=4)...
2026-09-12 07:14:20  [INFO    ]  [cars-for-sale] Page 45/50  offset=1320  collected=1092  total=19927
2026-09-12 07:14:21  [INFO    ]  Fetching details concurrently for 30 listings (workers=4)...
2026-09-12 07:14:24  [INFO    ]  [cars-for-sale] Page 46/50  offset=1350  collected=1122  total=19927
2026-09-12 07:14:25  [INFO    ]  Fetching details concurrently for 23 listings (workers=4)...
2026-09-12 07:14:35  [INFO    ]  [cars-for-sale] Page 47/50  offset=1380  collected=1145  total=19927
2026-09-12 07:14:36  [INFO    ]  Fetching details concurrently for 22 listings (workers=4)...
2026-09-12 07:14:39  [INFO    ]  [cars-for-sale] Page 48/50  offset=1410  collected=1167  total=19927
2026-09-12 07:14:40  [INFO    ]  Fetching details concurrently for 30 listings (workers=4)...
2026-09-12 07:14:43  [INFO    ]  [cars-for-sale] Page 49/50  offset=1440  collected=1197  total=19927
2026-09-12 07:14:44  [INFO    ]  Fetching details concurrently for 25 listings (workers=4)...
2026-09-12 07:14:48  [INFO    ]  [cars-for-sale] Page 50/50  offset=1470  collected=1222  total=19927
2026-09-12 07:14:49  [INFO    ]  Scrape complete. Collected 1222 records in this batch.
2026-09-12 07:14:49  [INFO    ]  Extraction complete in 205.75s: 1,222 total listings collected.
2026-09-12 07:14:49  [INFO    ]  Batch summary: 1,222 total listings collected (364 new unique IDs, 858 recurring/tracked IDs).
2026-09-12 07:14:49  [INFO    ]  Saved 1222 raw records to Parquet -> data/bronze/cars_2026-09-12.parquet
2026-09-12 07:14:49  [INFO    ]  Saved 1222 full raw records from today's run to CSV -> data/bronze/khmer24_cars.csv
2026-09-12 07:14:49  [INFO    ]  Saved ingestion run manifest -> data/bronze/ingestion_manifest.json
2026-09-12 07:14:49  [INFO    ]  Bronze Parquet -> data/bronze/cars_2026-09-12.parquet
2026-09-12 07:14:49  [INFO    ]  Full Run CSV   -> data/bronze/khmer24_cars.csv
2026-09-12 07:14:49  [INFO    ]  Manifest       -> data/bronze/ingestion_manifest.json
2026-09-12 07:14:49  [INFO    ]  ┌────────────────────────────────────────────────────┐
2026-09-12 07:14:49  [INFO    ]  │  BRONZE INGESTION QUALITY SUMMARY (1,222 records)  │
2026-09-12 07:14:49  [INFO    ]  ├────────────────────────────────────┬───────────────┤
2026-09-12 07:14:49  [INFO    ]  │  Price Field Coverage              │  100.0%       │
2026-09-12 07:14:49  [INFO    ]  │  Brand Field Coverage              │  100.0%       │
2026-09-12 07:14:49  [INFO    ]  │  Model Field Coverage              │   99.3%       │
2026-09-12 07:14:49  [INFO    ]  │  Year Field Coverage               │  100.0%       │
2026-09-12 07:14:49  [INFO    ]  │  Province Field Coverage           │  100.0%       │
2026-09-12 07:14:49  [INFO    ]  │  Mileage Field Coverage            │    0.0%       │
2026-09-12 07:14:49  [INFO    ]  │  Transmission Field Coverage       │   87.6%       │
2026-09-12 07:14:49  [INFO    ]  │  Fuel Type Field Coverage          │   88.8%       │
2026-09-12 07:14:49  [INFO    ]  │  Detail Enrichment Rate            │  100.0%       │
2026-09-12 07:14:49  [INFO    ]  ├────────────────────────────────────┴───────────────┤
2026-09-12 07:14:49  [INFO    ]  │  Cumulative Unique Marketplace IDs :  6,984              │
2026-09-12 07:14:49  [INFO    ]  └────────────────────────────────────────────────────┘
2026-09-12 07:14:49  [INFO    ]  EL stage complete. 1,222 listings processed in this batch.
