2026-09-23 07:47:28  [INFO    ]  =================================================================
2026-09-23 07:47:28  [INFO    ]  Starting Bronze Data Ingestion: 2026-09-23T07:47:28.719310+00:00
2026-09-23 07:47:28  [INFO    ]  Config: category=cars-for-sale, province=ALL, max_pages=50, mode=feed_window, enrich_details=True
2026-09-23 07:47:28  [INFO    ]  =================================================================
2026-09-23 07:47:28  [INFO    ]  [cars-for-sale] Page 1/50  offset=0  collected=0
2026-09-23 07:47:30  [INFO    ]  Fetching details concurrently for 40 listings (workers=4)...
2026-09-23 07:47:37  [INFO    ]  [cars-for-sale] Page 2/50  offset=30  collected=40  total=19483
2026-09-23 07:47:38  [INFO    ]  Fetching details concurrently for 30 listings (workers=4)...
2026-09-23 07:47:43  [INFO    ]  [cars-for-sale] Page 3/50  offset=60  collected=70  total=19483
2026-09-23 07:47:44  [INFO    ]  Fetching details concurrently for 30 listings (workers=4)...
2026-09-23 07:47:48  [INFO    ]  [cars-for-sale] Page 4/50  offset=90  collected=100  total=19483
2026-09-23 07:47:49  [INFO    ]  Fetching details concurrently for 30 listings (workers=4)...
2026-09-23 07:47:54  [INFO    ]  [cars-for-sale] Page 5/50  offset=120  collected=130  total=19483
2026-09-23 07:47:55  [INFO    ]  Fetching details concurrently for 30 listings (workers=4)...
2026-09-23 07:47:59  [INFO    ]  [cars-for-sale] Page 6/50  offset=150  collected=160  total=19483
2026-09-23 07:48:00  [INFO    ]  Fetching details concurrently for 30 listings (workers=4)...
2026-09-23 07:48:05  [INFO    ]  [cars-for-sale] Page 7/50  offset=180  collected=190  total=19483
2026-09-23 07:48:06  [INFO    ]  Fetching details concurrently for 11 listings (workers=4)...
2026-09-23 07:48:08  [INFO    ]  [cars-for-sale] Page 8/50  offset=210  collected=201  total=19483
2026-09-23 07:48:09  [INFO    ]  Fetching details concurrently for 30 listings (workers=4)...
2026-09-23 07:48:14  [INFO    ]  [cars-for-sale] Page 9/50  offset=240  collected=231  total=19483
2026-09-23 07:48:15  [INFO    ]  Fetching details concurrently for 30 listings (workers=4)...
2026-09-23 07:48:20  [INFO    ]  [cars-for-sale] Page 10/50  offset=270  collected=261  total=19483
2026-09-23 07:48:21  [INFO    ]  Fetching details concurrently for 9 listings (workers=4)...
2026-09-23 07:48:23  [INFO    ]  [cars-for-sale] Page 11/50  offset=300  collected=270  total=19483
2026-09-23 07:48:24  [INFO    ]  Fetching details concurrently for 25 listings (workers=4)...
2026-09-23 07:48:28  [INFO    ]  [cars-for-sale] Page 12/50  offset=330  collected=295  total=19483
2026-09-23 07:48:29  [INFO    ]  Fetching details concurrently for 30 listings (workers=4)...
2026-09-23 07:48:34  [INFO    ]  [cars-for-sale] Page 13/50  offset=360  collected=325  total=19483
2026-09-23 07:48:35  [INFO    ]  Fetching details concurrently for 30 listings (workers=4)...
2026-09-23 07:48:39  [INFO    ]  [cars-for-sale] Page 14/50  offset=390  collected=355  total=19483
2026-09-23 07:48:40  [INFO    ]  Fetching details concurrently for 30 listings (workers=4)...
2026-09-23 07:48:45  [INFO    ]  [cars-for-sale] Page 15/50  offset=420  collected=385  total=19483
2026-09-23 07:48:46  [INFO    ]  Fetching details concurrently for 30 listings (workers=4)...
2026-09-23 07:48:50  [INFO    ]  [cars-for-sale] Page 16/50  offset=450  collected=415  total=19483
2026-09-23 07:48:51  [INFO    ]  Fetching details concurrently for 23 listings (workers=4)...
2026-09-23 07:48:55  [INFO    ]  [cars-for-sale] Page 17/50  offset=480  collected=438  total=19483
2026-09-23 07:48:56  [INFO    ]  Fetching details concurrently for 21 listings (workers=4)...
2026-09-23 07:48:59  [INFO    ]  [cars-for-sale] Page 18/50  offset=510  collected=459  total=19483
2026-09-23 07:49:00  [INFO    ]  Fetching details concurrently for 30 listings (workers=4)...
2026-09-23 07:49:05  [INFO    ]  [cars-for-sale] Page 19/50  offset=540  collected=489  total=19483
2026-09-23 07:49:06  [INFO    ]  Fetching details concurrently for 29 listings (workers=4)...
2026-09-23 07:49:11  [INFO    ]  [cars-for-sale] Page 20/50  offset=570  collected=518  total=19483
2026-09-23 07:49:12  [INFO    ]  Fetching details concurrently for 28 listings (workers=4)...
2026-09-23 07:49:16  [INFO    ]  [cars-for-sale] Page 21/50  offset=600  collected=546  total=19483
2026-09-23 07:49:17  [INFO    ]  Fetching details concurrently for 23 listings (workers=4)...
2026-09-23 07:49:21  [INFO    ]  [cars-for-sale] Page 22/50  offset=630  collected=569  total=19483
2026-09-23 07:49:22  [INFO    ]  Fetching details concurrently for 30 listings (workers=4)...
2026-09-23 07:49:26  [INFO    ]  [cars-for-sale] Page 23/50  offset=660  collected=599  total=19483
2026-09-23 07:49:27  [INFO    ]  Fetching details concurrently for 27 listings (workers=4)...
2026-09-23 07:49:31  [INFO    ]  [cars-for-sale] Page 24/50  offset=690  collected=626  total=19483
2026-09-23 07:49:32  [INFO    ]  Fetching details concurrently for 27 listings (workers=4)...
2026-09-23 07:49:36  [INFO    ]  [cars-for-sale] Page 25/50  offset=720  collected=653  total=19483
2026-09-23 07:49:38  [INFO    ]  Fetching details concurrently for 30 listings (workers=4)...
2026-09-23 07:49:42  [INFO    ]  [cars-for-sale] Page 26/50  offset=750  collected=683  total=19483
2026-09-23 07:49:43  [INFO    ]  Fetching details concurrently for 30 listings (workers=4)...
2026-09-23 07:49:47  [INFO    ]  [cars-for-sale] Page 27/50  offset=780  collected=713  total=19483
2026-09-23 07:49:48  [INFO    ]  Fetching details concurrently for 26 listings (workers=4)...
2026-09-23 07:49:52  [INFO    ]  [cars-for-sale] Page 28/50  offset=810  collected=739  total=19483
2026-09-23 07:49:53  [INFO    ]  Fetching details concurrently for 30 listings (workers=4)...
2026-09-23 07:49:58  [INFO    ]  [cars-for-sale] Page 29/50  offset=840  collected=769  total=19483
2026-09-23 07:49:59  [INFO    ]  Fetching details concurrently for 26 listings (workers=4)...
2026-09-23 07:50:03  [INFO    ]  [cars-for-sale] Page 30/50  offset=870  collected=795  total=19483
2026-09-23 07:50:04  [INFO    ]  Fetching details concurrently for 30 listings (workers=4)...
2026-09-23 07:50:09  [INFO    ]  [cars-for-sale] Page 31/50  offset=900  collected=825  total=19483
2026-09-23 07:50:10  [INFO    ]  Fetching details concurrently for 28 listings (workers=4)...
2026-09-23 07:50:15  [INFO    ]  [cars-for-sale] Page 32/50  offset=930  collected=853  total=19483
2026-09-23 07:50:16  [INFO    ]  Fetching details concurrently for 28 listings (workers=4)...
2026-09-23 07:50:21  [INFO    ]  [cars-for-sale] Page 33/50  offset=960  collected=881  total=19483
2026-09-23 07:50:22  [INFO    ]  Fetching details concurrently for 30 listings (workers=4)...
2026-09-23 07:50:26  [INFO    ]  [cars-for-sale] Page 34/50  offset=990  collected=911  total=19483
2026-09-23 07:50:28  [INFO    ]  Fetching details concurrently for 28 listings (workers=4)...
2026-09-23 07:50:33  [INFO    ]  [cars-for-sale] Page 35/50  offset=1020  collected=939  total=19483
2026-09-23 07:50:34  [INFO    ]  Fetching details concurrently for 30 listings (workers=4)...
2026-09-23 07:50:38  [INFO    ]  [cars-for-sale] Page 36/50  offset=1050  collected=969  total=19483
2026-09-23 07:50:39  [INFO    ]  Fetching details concurrently for 30 listings (workers=4)...
2026-09-23 07:50:43  [INFO    ]  [cars-for-sale] Page 37/50  offset=1080  collected=999  total=19483
2026-09-23 07:50:44  [INFO    ]  Fetching details concurrently for 30 listings (workers=4)...
2026-09-23 07:50:49  [INFO    ]  [cars-for-sale] Page 38/50  offset=1110  collected=1029  total=19483
2026-09-23 07:50:50  [INFO    ]  Fetching details concurrently for 25 listings (workers=4)...
2026-09-23 07:50:54  [INFO    ]  [cars-for-sale] Page 39/50  offset=1140  collected=1054  total=19483
2026-09-23 07:50:55  [INFO    ]  Fetching details concurrently for 30 listings (workers=4)...
2026-09-23 07:51:00  [INFO    ]  [cars-for-sale] Page 40/50  offset=1170  collected=1084  total=19483
2026-09-23 07:51:01  [INFO    ]  Fetching details concurrently for 3 listings (workers=4)...
2026-09-23 07:51:02  [INFO    ]  [cars-for-sale] Page 41/50  offset=1200  collected=1087  total=19483
2026-09-23 07:51:03  [INFO    ]  Fetching details concurrently for 30 listings (workers=4)...
2026-09-23 07:51:07  [INFO    ]  [cars-for-sale] Page 42/50  offset=1230  collected=1117  total=19483
2026-09-23 07:51:08  [INFO    ]  Fetching details concurrently for 29 listings (workers=4)...
2026-09-23 07:51:12  [INFO    ]  [cars-for-sale] Page 43/50  offset=1260  collected=1146  total=19483
2026-09-23 07:51:14  [INFO    ]  Fetching details concurrently for 30 listings (workers=4)...
2026-09-23 07:51:18  [INFO    ]  [cars-for-sale] Page 44/50  offset=1290  collected=1176  total=19483
2026-09-23 07:51:19  [INFO    ]  Fetching details concurrently for 30 listings (workers=4)...
2026-09-23 07:51:24  [INFO    ]  [cars-for-sale] Page 45/50  offset=1320  collected=1206  total=19483
2026-09-23 07:51:25  [INFO    ]  Fetching details concurrently for 30 listings (workers=4)...
2026-09-23 07:51:30  [INFO    ]  [cars-for-sale] Page 46/50  offset=1350  collected=1236  total=19483
2026-09-23 07:51:31  [INFO    ]  Fetching details concurrently for 30 listings (workers=4)...
2026-09-23 07:51:35  [INFO    ]  [cars-for-sale] Page 47/50  offset=1380  collected=1266  total=19483
2026-09-23 07:51:36  [INFO    ]  Fetching details concurrently for 28 listings (workers=4)...
2026-09-23 07:51:40  [INFO    ]  [cars-for-sale] Page 48/50  offset=1410  collected=1294  total=19483
2026-09-23 07:51:41  [INFO    ]  Fetching details concurrently for 30 listings (workers=4)...
2026-09-23 07:51:46  [INFO    ]  [cars-for-sale] Page 49/50  offset=1440  collected=1324  total=19483
2026-09-23 07:51:47  [INFO    ]  Fetching details concurrently for 30 listings (workers=4)...
2026-09-23 07:51:51  [INFO    ]  [cars-for-sale] Page 50/50  offset=1470  collected=1354  total=19483
2026-09-23 07:51:52  [INFO    ]  Fetching details concurrently for 30 listings (workers=4)...
2026-09-23 07:51:57  [INFO    ]  Scrape complete. Collected 1384 records in this batch.
2026-09-23 07:51:57  [INFO    ]  Extraction complete in 268.7s: 1,384 total listings collected.
2026-09-23 07:51:57  [INFO    ]  Batch summary: 1,384 total listings collected (438 new unique IDs, 946 recurring/tracked IDs).
2026-09-23 07:51:57  [INFO    ]  Saved 1384 raw records to Parquet -> data/bronze/cars_2026-09-23.parquet
2026-09-23 07:51:57  [INFO    ]  Saved 1384 full raw records from today's run to CSV -> data/bronze/khmer24_cars.csv
2026-09-23 07:51:57  [INFO    ]  Saved ingestion run manifest -> data/bronze/ingestion_manifest.json
2026-09-23 07:51:57  [INFO    ]  Bronze Parquet -> data/bronze/cars_2026-09-23.parquet
2026-09-23 07:51:57  [INFO    ]  Full Run CSV   -> data/bronze/khmer24_cars.csv
2026-09-23 07:51:57  [INFO    ]  Manifest       -> data/bronze/ingestion_manifest.json
2026-09-23 07:51:57  [INFO    ]  ┌────────────────────────────────────────────────────┐
2026-09-23 07:51:57  [INFO    ]  │  BRONZE INGESTION QUALITY SUMMARY (1,384 records)  │
2026-09-23 07:51:57  [INFO    ]  ├────────────────────────────────────┬───────────────┤
2026-09-23 07:51:57  [INFO    ]  │  Price Field Coverage              │  100.0%       │
2026-09-23 07:51:57  [INFO    ]  │  Brand Field Coverage              │  100.0%       │
2026-09-23 07:51:57  [INFO    ]  │  Model Field Coverage              │   99.3%       │
2026-09-23 07:51:57  [INFO    ]  │  Year Field Coverage               │  100.0%       │
2026-09-23 07:51:57  [INFO    ]  │  Province Field Coverage           │  100.0%       │
2026-09-23 07:51:57  [INFO    ]  │  Mileage Field Coverage            │    0.0%       │
2026-09-23 07:51:57  [INFO    ]  │  Transmission Field Coverage       │   85.8%       │
2026-09-23 07:51:57  [INFO    ]  │  Fuel Type Field Coverage          │   87.6%       │
2026-09-23 07:51:57  [INFO    ]  │  Detail Enrichment Rate            │  100.0%       │
2026-09-23 07:51:57  [INFO    ]  ├────────────────────────────────────┴───────────────┤
2026-09-23 07:51:57  [INFO    ]  │  Cumulative Unique Marketplace IDs :  11,206             │
2026-09-23 07:51:57  [INFO    ]  └────────────────────────────────────────────────────┘
2026-09-23 07:51:57  [INFO    ]  EL stage complete. 1,384 listings processed in this batch.
