2026-09-08 07:16:20  [INFO    ]  =================================================================
2026-09-08 07:16:20  [INFO    ]  Starting Bronze Data Ingestion: 2026-09-08T07:16:20.464352+00:00
2026-09-08 07:16:20  [INFO    ]  Config: category=cars-for-sale, province=ALL, max_pages=50, mode=feed_window, enrich_details=True
2026-09-08 07:16:20  [INFO    ]  =================================================================
2026-09-08 07:16:20  [INFO    ]  Cloudflare Worker relay enabled.
2026-09-08 07:16:20  [INFO    ]  [cars-for-sale] Page 1/50  offset=0  collected=0
2026-09-08 07:16:21  [INFO    ]  Fetching details concurrently for 40 listings (workers=4)...
2026-09-08 07:16:30  [INFO    ]  [cars-for-sale] Page 2/50  offset=30  collected=40  total=19968
2026-09-08 07:16:31  [INFO    ]  Fetching details concurrently for 21 listings (workers=4)...
2026-09-08 07:16:36  [INFO    ]  [cars-for-sale] Page 3/50  offset=60  collected=61  total=19968
2026-09-08 07:16:37  [INFO    ]  Fetching details concurrently for 22 listings (workers=4)...
2026-09-08 07:16:43  [INFO    ]  [cars-for-sale] Page 4/50  offset=90  collected=83  total=19968
2026-09-08 07:16:44  [INFO    ]  Fetching details concurrently for 23 listings (workers=4)...
2026-09-08 07:16:48  [INFO    ]  [cars-for-sale] Page 5/50  offset=120  collected=106  total=19968
2026-09-08 07:16:49  [INFO    ]  Fetching details concurrently for 31 listings (workers=4)...
2026-09-08 07:16:55  [INFO    ]  [cars-for-sale] Page 6/50  offset=150  collected=137  total=19968
2026-09-08 07:16:56  [INFO    ]  Fetching details concurrently for 30 listings (workers=4)...
2026-09-08 07:17:01  [INFO    ]  [cars-for-sale] Page 7/50  offset=180  collected=167  total=19968
2026-09-08 07:17:02  [INFO    ]  Fetching details concurrently for 16 listings (workers=4)...
2026-09-08 07:17:06  [INFO    ]  [cars-for-sale] Page 8/50  offset=210  collected=183  total=19968
2026-09-08 07:17:07  [INFO    ]  Fetching details concurrently for 31 listings (workers=4)...
2026-09-08 07:17:13  [INFO    ]  [cars-for-sale] Page 9/50  offset=240  collected=214  total=19968
2026-09-08 07:17:14  [INFO    ]  Fetching details concurrently for 30 listings (workers=4)...
2026-09-08 07:17:21  [INFO    ]  [cars-for-sale] Page 10/50  offset=270  collected=244  total=19968
2026-09-08 07:17:21  [INFO    ]  Fetching details concurrently for 30 listings (workers=4)...
2026-09-08 07:17:27  [INFO    ]  [cars-for-sale] Page 11/50  offset=300  collected=274  total=19968
2026-09-08 07:17:28  [INFO    ]  Fetching details concurrently for 6 listings (workers=4)...
2026-09-08 07:17:30  [INFO    ]  [cars-for-sale] Page 12/50  offset=330  collected=280  total=19968
2026-09-08 07:17:30  [INFO    ]  Fetching details concurrently for 30 listings (workers=4)...
2026-09-08 07:17:36  [INFO    ]  [cars-for-sale] Page 13/50  offset=360  collected=310  total=19968
2026-09-08 07:17:37  [INFO    ]  Fetching details concurrently for 29 listings (workers=4)...
2026-09-08 07:17:42  [INFO    ]  [cars-for-sale] Page 14/50  offset=390  collected=339  total=19968
2026-09-08 07:17:43  [INFO    ]  Fetching details concurrently for 31 listings (workers=4)...
2026-09-08 07:17:49  [INFO    ]  [cars-for-sale] Page 15/50  offset=420  collected=370  total=19968
2026-09-08 07:17:50  [INFO    ]  [cars-for-sale] Page 16/50  offset=450  collected=370  total=19968
2026-09-08 07:17:51  [INFO    ]  Fetching details concurrently for 31 listings (workers=4)...
2026-09-08 07:17:56  [INFO    ]  [cars-for-sale] Page 17/50  offset=480  collected=401  total=19968
2026-09-08 07:17:57  [INFO    ]  Fetching details concurrently for 30 listings (workers=4)...
2026-09-08 07:18:03  [INFO    ]  [cars-for-sale] Page 18/50  offset=510  collected=431  total=19968
2026-09-08 07:18:04  [INFO    ]  Fetching details concurrently for 31 listings (workers=4)...
2026-09-08 07:18:10  [INFO    ]  [cars-for-sale] Page 19/50  offset=540  collected=462  total=19968
2026-09-08 07:18:11  [INFO    ]  Fetching details concurrently for 31 listings (workers=4)...
2026-09-08 07:18:17  [INFO    ]  [cars-for-sale] Page 20/50  offset=570  collected=493  total=19968
2026-09-08 07:18:18  [INFO    ]  Fetching details concurrently for 23 listings (workers=4)...
2026-09-08 07:18:23  [INFO    ]  [cars-for-sale] Page 21/50  offset=600  collected=516  total=19968
2026-09-08 07:18:24  [INFO    ]  [cars-for-sale] Page 22/50  offset=630  collected=516  total=19968
2026-09-08 07:18:25  [INFO    ]  Fetching details concurrently for 30 listings (workers=4)...
2026-09-08 07:18:31  [INFO    ]  [cars-for-sale] Page 23/50  offset=660  collected=546  total=19968
2026-09-08 07:18:32  [INFO    ]  Fetching details concurrently for 29 listings (workers=4)...
2026-09-08 07:18:37  [INFO    ]  [cars-for-sale] Page 24/50  offset=690  collected=575  total=19968
2026-09-08 07:18:38  [INFO    ]  Fetching details concurrently for 31 listings (workers=4)...
2026-09-08 07:18:44  [INFO    ]  [cars-for-sale] Page 25/50  offset=720  collected=606  total=19968
2026-09-08 07:18:45  [INFO    ]  Fetching details concurrently for 31 listings (workers=4)...
2026-09-08 07:18:51  [INFO    ]  [cars-for-sale] Page 26/50  offset=750  collected=637  total=19968
2026-09-08 07:18:52  [INFO    ]  [cars-for-sale] Page 27/50  offset=780  collected=637  total=19968
2026-09-08 07:18:54  [INFO    ]  [cars-for-sale] Page 28/50  offset=810  collected=637  total=19968
2026-09-08 07:18:54  [INFO    ]  Fetching details concurrently for 29 listings (workers=4)...
2026-09-08 07:19:00  [INFO    ]  [cars-for-sale] Page 29/50  offset=840  collected=666  total=19968
2026-09-08 07:19:01  [INFO    ]  Fetching details concurrently for 31 listings (workers=4)...
2026-09-08 07:19:07  [INFO    ]  [cars-for-sale] Page 30/50  offset=870  collected=697  total=19968
2026-09-08 07:19:08  [INFO    ]  Fetching details concurrently for 29 listings (workers=4)...
2026-09-08 07:19:13  [INFO    ]  [cars-for-sale] Page 31/50  offset=900  collected=726  total=19968
2026-09-08 07:19:14  [INFO    ]  Fetching details concurrently for 31 listings (workers=4)...
2026-09-08 07:19:20  [INFO    ]  [cars-for-sale] Page 32/50  offset=930  collected=757  total=19968
2026-09-08 07:19:21  [INFO    ]  Fetching details concurrently for 31 listings (workers=4)...
2026-09-08 07:19:28  [INFO    ]  [cars-for-sale] Page 33/50  offset=960  collected=788  total=19968
2026-09-08 07:19:29  [INFO    ]  Fetching details concurrently for 30 listings (workers=4)...
2026-09-08 07:19:34  [INFO    ]  [cars-for-sale] Page 34/50  offset=990  collected=818  total=19968
2026-09-08 07:19:35  [INFO    ]  Fetching details concurrently for 30 listings (workers=4)...
2026-09-08 07:19:41  [INFO    ]  [cars-for-sale] Page 35/50  offset=1020  collected=848  total=19968
2026-09-08 07:19:42  [INFO    ]  Fetching details concurrently for 28 listings (workers=4)...
2026-09-08 07:19:48  [INFO    ]  [cars-for-sale] Page 36/50  offset=1050  collected=876  total=19968
2026-09-08 07:19:49  [INFO    ]  Fetching details concurrently for 31 listings (workers=4)...
2026-09-08 07:19:54  [INFO    ]  [cars-for-sale] Page 37/50  offset=1080  collected=907  total=19968
2026-09-08 07:19:55  [INFO    ]  Fetching details concurrently for 30 listings (workers=4)...
2026-09-08 07:20:01  [INFO    ]  [cars-for-sale] Page 38/50  offset=1110  collected=937  total=19968
2026-09-08 07:20:01  [INFO    ]  Fetching details concurrently for 30 listings (workers=4)...
2026-09-08 07:20:07  [INFO    ]  [cars-for-sale] Page 39/50  offset=1140  collected=967  total=19968
2026-09-08 07:20:08  [INFO    ]  Fetching details concurrently for 29 listings (workers=4)...
2026-09-08 07:20:15  [INFO    ]  [cars-for-sale] Page 40/50  offset=1170  collected=996  total=19968
2026-09-08 07:20:16  [INFO    ]  Fetching details concurrently for 26 listings (workers=4)...
2026-09-08 07:20:22  [INFO    ]  [cars-for-sale] Page 41/50  offset=1200  collected=1022  total=19968
2026-09-08 07:20:23  [INFO    ]  Fetching details concurrently for 29 listings (workers=4)...
2026-09-08 07:20:30  [INFO    ]  [cars-for-sale] Page 42/50  offset=1230  collected=1051  total=19968
2026-09-08 07:20:31  [INFO    ]  Fetching details concurrently for 26 listings (workers=4)...
2026-09-08 07:20:36  [INFO    ]  [cars-for-sale] Page 43/50  offset=1260  collected=1077  total=19968
2026-09-08 07:20:37  [INFO    ]  Fetching details concurrently for 28 listings (workers=4)...
2026-09-08 07:20:42  [INFO    ]  [cars-for-sale] Page 44/50  offset=1290  collected=1105  total=19968
2026-09-08 07:20:43  [INFO    ]  Fetching details concurrently for 24 listings (workers=4)...
2026-09-08 07:20:48  [INFO    ]  [cars-for-sale] Page 45/50  offset=1320  collected=1129  total=19968
2026-09-08 07:20:50  [INFO    ]  [cars-for-sale] Page 46/50  offset=1350  collected=1129  total=19968
2026-09-08 07:20:51  [INFO    ]  [cars-for-sale] Page 47/50  offset=1380  collected=1129  total=19968
2026-09-08 07:20:52  [INFO    ]  Fetching details concurrently for 17 listings (workers=4)...
2026-09-08 07:20:56  [INFO    ]  [cars-for-sale] Page 48/50  offset=1410  collected=1146  total=19968
2026-09-08 07:20:56  [INFO    ]  Fetching details concurrently for 30 listings (workers=4)...
2026-09-08 07:21:03  [INFO    ]  [cars-for-sale] Page 49/50  offset=1440  collected=1176  total=19968
2026-09-08 07:21:04  [INFO    ]  Fetching details concurrently for 30 listings (workers=4)...
2026-09-08 07:21:09  [INFO    ]  [cars-for-sale] Page 50/50  offset=1470  collected=1206  total=19968
2026-09-08 07:21:10  [INFO    ]  Fetching details concurrently for 26 listings (workers=4)...
2026-09-08 07:21:15  [INFO    ]  Scrape complete. Collected 1232 records in this batch.
2026-09-08 07:21:15  [INFO    ]  Extraction complete in 295.27s: 1,232 total listings collected.
2026-09-08 07:21:15  [INFO    ]  Batch summary: 1,232 total listings collected (465 new IDs, 767 recurring/tracked IDs).
2026-09-08 07:21:15  [INFO    ]  Saved 1232 raw records to Parquet -> data/bronze/cars_2026-09-08.parquet
2026-09-08 07:21:15  [INFO    ]  Saved 1232 full raw records from today's run to CSV -> data/bronze/khmer24_cars.csv
2026-09-08 07:21:15  [INFO    ]  Saved ingestion run manifest -> data/bronze/ingestion_manifest.json
2026-09-08 07:21:15  [INFO    ]  Bronze Parquet -> data/bronze/cars_2026-09-08.parquet
2026-09-08 07:21:15  [INFO    ]  Full Run CSV   -> data/bronze/khmer24_cars.csv
2026-09-08 07:21:15  [INFO    ]  Manifest       -> data/bronze/ingestion_manifest.json
2026-09-08 07:21:15  [INFO    ]  ┌────────────────────────────────────────────────────┐
2026-09-08 07:21:15  [INFO    ]  │  BRONZE INGESTION QUALITY SUMMARY (1,232 records)  │
2026-09-08 07:21:15  [INFO    ]  ├────────────────────────────────────┬───────────────┤
2026-09-08 07:21:15  [INFO    ]  │  Price Field Coverage              │  100.0%       │
2026-09-08 07:21:15  [INFO    ]  │  Brand Field Coverage              │  100.0%       │
2026-09-08 07:21:15  [INFO    ]  │  Model Field Coverage              │   99.5%       │
2026-09-08 07:21:15  [INFO    ]  │  Year Field Coverage               │  100.0%       │
2026-09-08 07:21:15  [INFO    ]  │  Province Field Coverage           │  100.0%       │
2026-09-08 07:21:15  [INFO    ]  │  Mileage Field Coverage            │    0.0%       │
2026-09-08 07:21:15  [INFO    ]  │  Transmission Field Coverage       │   89.3%       │
2026-09-08 07:21:15  [INFO    ]  │  Fuel Type Field Coverage          │   90.2%       │
2026-09-08 07:21:15  [INFO    ]  │  Detail Enrichment Rate            │  100.0%       │
2026-09-08 07:21:15  [INFO    ]  ├────────────────────────────────────┴───────────────┤
2026-09-08 07:21:15  [INFO    ]  │  Cumulative Unique Marketplace IDs :  5,309              │
2026-09-08 07:21:15  [INFO    ]  └────────────────────────────────────────────────────┘
2026-09-08 07:21:15  [INFO    ]  EL stage complete. 1,232 listings processed in this batch.
