2026-09-22 07:44:29  [INFO    ]  =================================================================
2026-09-22 07:44:29  [INFO    ]  Starting Bronze Data Ingestion: 2026-09-22T07:44:29.539470+00:00
2026-09-22 07:44:29  [INFO    ]  Config: category=cars-for-sale, province=ALL, max_pages=50, mode=feed_window, enrich_details=True
2026-09-22 07:44:29  [INFO    ]  =================================================================
2026-09-22 07:44:29  [INFO    ]  [cars-for-sale] Page 1/50  offset=0  collected=0
2026-09-22 07:44:31  [INFO    ]  Fetching details concurrently for 40 listings (workers=4)...
2026-09-22 07:44:37  [INFO    ]  [cars-for-sale] Page 2/50  offset=30  collected=40  total=19468
2026-09-22 07:44:39  [INFO    ]  Fetching details concurrently for 20 listings (workers=4)...
2026-09-22 07:44:42  [INFO    ]  [cars-for-sale] Page 3/50  offset=60  collected=60  total=19468
2026-09-22 07:44:43  [INFO    ]  Fetching details concurrently for 17 listings (workers=4)...
2026-09-22 07:44:46  [INFO    ]  [cars-for-sale] Page 4/50  offset=90  collected=77  total=19468
2026-09-22 07:44:47  [INFO    ]  Fetching details concurrently for 27 listings (workers=4)...
2026-09-22 07:44:51  [INFO    ]  [cars-for-sale] Page 5/50  offset=120  collected=104  total=19468
2026-09-22 07:44:52  [INFO    ]  Fetching details concurrently for 30 listings (workers=4)...
2026-09-22 07:44:56  [INFO    ]  [cars-for-sale] Page 6/50  offset=150  collected=134  total=19468
2026-09-22 07:44:57  [INFO    ]  Fetching details concurrently for 32 listings (workers=4)...
2026-09-22 07:45:03  [INFO    ]  [cars-for-sale] Page 7/50  offset=180  collected=166  total=19468
2026-09-22 07:45:04  [INFO    ]  Fetching details concurrently for 31 listings (workers=4)...
2026-09-22 07:45:09  [INFO    ]  [cars-for-sale] Page 8/50  offset=210  collected=197  total=19468
2026-09-22 07:45:10  [INFO    ]  Fetching details concurrently for 31 listings (workers=4)...
2026-09-22 07:45:15  [INFO    ]  [cars-for-sale] Page 9/50  offset=240  collected=228  total=19468
2026-09-22 07:45:16  [INFO    ]  Fetching details concurrently for 30 listings (workers=4)...
2026-09-22 07:45:21  [INFO    ]  [cars-for-sale] Page 10/50  offset=270  collected=258  total=19468
2026-09-22 07:45:22  [INFO    ]  Fetching details concurrently for 31 listings (workers=4)...
2026-09-22 07:45:27  [INFO    ]  [cars-for-sale] Page 11/50  offset=300  collected=289  total=19468
2026-09-22 07:45:28  [INFO    ]  Fetching details concurrently for 32 listings (workers=4)...
2026-09-22 07:45:32  [INFO    ]  [cars-for-sale] Page 12/50  offset=330  collected=321  total=19468
2026-09-22 07:45:34  [INFO    ]  Fetching details concurrently for 31 listings (workers=4)...
2026-09-22 07:45:38  [INFO    ]  [cars-for-sale] Page 13/50  offset=360  collected=352  total=19468
2026-09-22 07:45:39  [INFO    ]  Fetching details concurrently for 31 listings (workers=4)...
2026-09-22 07:45:44  [INFO    ]  [cars-for-sale] Page 14/50  offset=390  collected=383  total=19468
2026-09-22 07:45:45  [INFO    ]  Fetching details concurrently for 30 listings (workers=4)...
2026-09-22 07:45:49  [INFO    ]  [cars-for-sale] Page 15/50  offset=420  collected=413  total=19468
2026-09-22 07:45:50  [INFO    ]  Fetching details concurrently for 2 listings (workers=4)...
2026-09-22 07:45:51  [INFO    ]  [cars-for-sale] Page 16/50  offset=450  collected=415  total=19468
2026-09-22 07:45:52  [INFO    ]  Fetching details concurrently for 24 listings (workers=4)...
2026-09-22 07:45:56  [INFO    ]  [cars-for-sale] Page 17/50  offset=480  collected=439  total=19468
2026-09-22 07:45:57  [INFO    ]  Fetching details concurrently for 30 listings (workers=4)...
2026-09-22 07:46:01  [INFO    ]  [cars-for-sale] Page 18/50  offset=510  collected=469  total=19468
2026-09-22 07:46:02  [INFO    ]  Fetching details concurrently for 23 listings (workers=4)...
2026-09-22 07:46:06  [INFO    ]  [cars-for-sale] Page 19/50  offset=540  collected=492  total=19468
2026-09-22 07:46:07  [INFO    ]  Fetching details concurrently for 30 listings (workers=4)...
2026-09-22 07:46:11  [INFO    ]  [cars-for-sale] Page 20/50  offset=570  collected=522  total=19468
2026-09-22 07:46:12  [INFO    ]  Fetching details concurrently for 30 listings (workers=4)...
2026-09-22 07:46:16  [INFO    ]  [cars-for-sale] Page 21/50  offset=600  collected=552  total=19468
2026-09-22 07:46:17  [INFO    ]  Fetching details concurrently for 31 listings (workers=4)...
2026-09-22 07:46:22  [INFO    ]  [cars-for-sale] Page 22/50  offset=630  collected=583  total=19468
2026-09-22 07:46:23  [INFO    ]  Fetching details concurrently for 30 listings (workers=4)...
2026-09-22 07:46:28  [INFO    ]  [cars-for-sale] Page 23/50  offset=660  collected=613  total=19468
2026-09-22 07:46:29  [INFO    ]  Fetching details concurrently for 31 listings (workers=4)...
2026-09-22 07:46:33  [INFO    ]  [cars-for-sale] Page 24/50  offset=690  collected=644  total=19468
2026-09-22 07:46:34  [INFO    ]  Fetching details concurrently for 30 listings (workers=4)...
2026-09-22 07:46:38  [INFO    ]  [cars-for-sale] Page 25/50  offset=720  collected=674  total=19468
2026-09-22 07:46:39  [INFO    ]  Fetching details concurrently for 31 listings (workers=4)...
2026-09-22 07:46:44  [INFO    ]  [cars-for-sale] Page 26/50  offset=750  collected=705  total=19468
2026-09-22 07:46:45  [INFO    ]  Fetching details concurrently for 31 listings (workers=4)...
2026-09-22 07:46:50  [INFO    ]  [cars-for-sale] Page 27/50  offset=780  collected=736  total=19468
2026-09-22 07:46:51  [INFO    ]  Fetching details concurrently for 30 listings (workers=4)...
2026-09-22 07:47:04  [INFO    ]  [cars-for-sale] Page 28/50  offset=810  collected=766  total=19468
2026-09-22 07:47:05  [INFO    ]  Fetching details concurrently for 30 listings (workers=4)...
2026-09-22 07:47:09  [INFO    ]  [cars-for-sale] Page 29/50  offset=840  collected=796  total=19468
2026-09-22 07:47:11  [INFO    ]  Fetching details concurrently for 30 listings (workers=4)...
2026-09-22 07:47:16  [INFO    ]  [cars-for-sale] Page 30/50  offset=870  collected=826  total=19468
2026-09-22 07:47:17  [INFO    ]  Fetching details concurrently for 28 listings (workers=4)...
2026-09-22 07:47:22  [INFO    ]  [cars-for-sale] Page 31/50  offset=900  collected=854  total=19468
2026-09-22 07:47:23  [INFO    ]  Fetching details concurrently for 30 listings (workers=4)...
2026-09-22 07:47:27  [INFO    ]  [cars-for-sale] Page 32/50  offset=930  collected=884  total=19468
2026-09-22 07:47:28  [INFO    ]  Fetching details concurrently for 30 listings (workers=4)...
2026-09-22 07:47:32  [INFO    ]  [cars-for-sale] Page 33/50  offset=960  collected=914  total=19468
2026-09-22 07:47:34  [INFO    ]  [cars-for-sale] Page 34/50  offset=990  collected=914  total=19468
2026-09-22 07:47:34  [INFO    ]  Fetching details concurrently for 21 listings (workers=4)...
2026-09-22 07:47:37  [INFO    ]  [cars-for-sale] Page 35/50  offset=1020  collected=935  total=19468
2026-09-22 07:47:38  [INFO    ]  Fetching details concurrently for 31 listings (workers=4)...
2026-09-22 07:47:42  [INFO    ]  [cars-for-sale] Page 36/50  offset=1050  collected=966  total=19468
2026-09-22 07:47:44  [INFO    ]  Fetching details concurrently for 30 listings (workers=4)...
2026-09-22 07:47:48  [INFO    ]  [cars-for-sale] Page 37/50  offset=1080  collected=996  total=19468
2026-09-22 07:47:49  [INFO    ]  Fetching details concurrently for 21 listings (workers=4)...
2026-09-22 07:47:53  [INFO    ]  [cars-for-sale] Page 38/50  offset=1110  collected=1017  total=19468
2026-09-22 07:47:54  [INFO    ]  Fetching details concurrently for 27 listings (workers=4)...
2026-09-22 07:47:58  [INFO    ]  [cars-for-sale] Page 39/50  offset=1140  collected=1044  total=19468
2026-09-22 07:47:59  [INFO    ]  Fetching details concurrently for 30 listings (workers=4)...
2026-09-22 07:48:03  [INFO    ]  [cars-for-sale] Page 40/50  offset=1170  collected=1074  total=19468
2026-09-22 07:48:04  [INFO    ]  Fetching details concurrently for 29 listings (workers=4)...
2026-09-22 07:48:09  [INFO    ]  [cars-for-sale] Page 41/50  offset=1200  collected=1103  total=19468
2026-09-22 07:48:10  [INFO    ]  Fetching details concurrently for 27 listings (workers=4)...
2026-09-22 07:48:14  [INFO    ]  [cars-for-sale] Page 42/50  offset=1230  collected=1130  total=19468
2026-09-22 07:48:15  [INFO    ]  Fetching details concurrently for 30 listings (workers=4)...
2026-09-22 07:48:20  [INFO    ]  [cars-for-sale] Page 43/50  offset=1260  collected=1160  total=19468
2026-09-22 07:48:21  [INFO    ]  Fetching details concurrently for 30 listings (workers=4)...
2026-09-22 07:48:28  [INFO    ]  [cars-for-sale] Page 44/50  offset=1290  collected=1190  total=19468
2026-09-22 07:48:29  [INFO    ]  Fetching details concurrently for 8 listings (workers=4)...
2026-09-22 07:48:31  [INFO    ]  [cars-for-sale] Page 45/50  offset=1320  collected=1198  total=19468
2026-09-22 07:48:32  [INFO    ]  Fetching details concurrently for 31 listings (workers=4)...
2026-09-22 07:48:37  [INFO    ]  [cars-for-sale] Page 46/50  offset=1350  collected=1229  total=19468
2026-09-22 07:48:38  [INFO    ]  Fetching details concurrently for 28 listings (workers=4)...
2026-09-22 07:48:42  [INFO    ]  [cars-for-sale] Page 47/50  offset=1380  collected=1257  total=19468
2026-09-22 07:48:43  [INFO    ]  Fetching details concurrently for 30 listings (workers=4)...
2026-09-22 07:48:47  [INFO    ]  [cars-for-sale] Page 48/50  offset=1410  collected=1287  total=19468
2026-09-22 07:48:49  [INFO    ]  [cars-for-sale] Page 49/50  offset=1440  collected=1287  total=19468
2026-09-22 07:48:49  [INFO    ]  Fetching details concurrently for 9 listings (workers=4)...
2026-09-22 07:48:51  [INFO    ]  [cars-for-sale] Page 50/50  offset=1470  collected=1296  total=19468
2026-09-22 07:48:52  [INFO    ]  Fetching details concurrently for 30 listings (workers=4)...
2026-09-22 07:48:56  [INFO    ]  Scrape complete. Collected 1326 records in this batch.
2026-09-22 07:48:56  [INFO    ]  Extraction complete in 267.18s: 1,326 total listings collected.
2026-09-22 07:48:56  [INFO    ]  Batch summary: 1,326 total listings collected (368 new unique IDs, 958 recurring/tracked IDs).
2026-09-22 07:48:56  [INFO    ]  Saved 1326 raw records to Parquet -> data/bronze/cars_2026-09-22.parquet
2026-09-22 07:48:56  [INFO    ]  Saved 1326 full raw records from today's run to CSV -> data/bronze/khmer24_cars.csv
2026-09-22 07:48:56  [INFO    ]  Saved ingestion run manifest -> data/bronze/ingestion_manifest.json
2026-09-22 07:48:56  [INFO    ]  Bronze Parquet -> data/bronze/cars_2026-09-22.parquet
2026-09-22 07:48:56  [INFO    ]  Full Run CSV   -> data/bronze/khmer24_cars.csv
2026-09-22 07:48:56  [INFO    ]  Manifest       -> data/bronze/ingestion_manifest.json
2026-09-22 07:48:56  [INFO    ]  ┌────────────────────────────────────────────────────┐
2026-09-22 07:48:56  [INFO    ]  │  BRONZE INGESTION QUALITY SUMMARY (1,326 records)  │
2026-09-22 07:48:56  [INFO    ]  ├────────────────────────────────────┬───────────────┤
2026-09-22 07:48:56  [INFO    ]  │  Price Field Coverage              │  100.0%       │
2026-09-22 07:48:56  [INFO    ]  │  Brand Field Coverage              │   99.9%       │
2026-09-22 07:48:56  [INFO    ]  │  Model Field Coverage              │   99.0%       │
2026-09-22 07:48:56  [INFO    ]  │  Year Field Coverage               │   99.9%       │
2026-09-22 07:48:56  [INFO    ]  │  Province Field Coverage           │  100.0%       │
2026-09-22 07:48:56  [INFO    ]  │  Mileage Field Coverage            │    0.0%       │
2026-09-22 07:48:56  [INFO    ]  │  Transmission Field Coverage       │   86.9%       │
2026-09-22 07:48:56  [INFO    ]  │  Fuel Type Field Coverage          │   89.2%       │
2026-09-22 07:48:56  [INFO    ]  │  Detail Enrichment Rate            │  100.0%       │
2026-09-22 07:48:56  [INFO    ]  ├────────────────────────────────────┴───────────────┤
2026-09-22 07:48:56  [INFO    ]  │  Cumulative Unique Marketplace IDs :  10,768             │
2026-09-22 07:48:56  [INFO    ]  └────────────────────────────────────────────────────┘
2026-09-22 07:48:56  [INFO    ]  EL stage complete. 1,326 listings processed in this batch.
