2026-09-19 07:22:23  [INFO    ]  =================================================================
2026-09-19 07:22:23  [INFO    ]  Starting Bronze Data Ingestion: 2026-09-19T07:22:23.345014+00:00
2026-09-19 07:22:23  [INFO    ]  Config: category=cars-for-sale, province=ALL, max_pages=50, mode=feed_window, enrich_details=True
2026-09-19 07:22:23  [INFO    ]  =================================================================
2026-09-19 07:22:23  [INFO    ]  [cars-for-sale] Page 1/50  offset=0  collected=0
2026-09-19 07:22:24  [INFO    ]  Fetching details concurrently for 40 listings (workers=4)...
2026-09-19 07:22:30  [INFO    ]  [cars-for-sale] Page 2/50  offset=30  collected=40  total=19678
2026-09-19 07:22:30  [INFO    ]  Fetching details concurrently for 30 listings (workers=4)...
2026-09-19 07:22:34  [INFO    ]  [cars-for-sale] Page 3/50  offset=60  collected=70  total=19678
2026-09-19 07:22:35  [INFO    ]  Fetching details concurrently for 14 listings (workers=4)...
2026-09-19 07:22:37  [INFO    ]  [cars-for-sale] Page 4/50  offset=90  collected=84  total=19678
2026-09-19 07:22:38  [INFO    ]  Fetching details concurrently for 25 listings (workers=4)...
2026-09-19 07:22:41  [INFO    ]  [cars-for-sale] Page 5/50  offset=120  collected=109  total=19678
2026-09-19 07:22:42  [INFO    ]  Fetching details concurrently for 16 listings (workers=4)...
2026-09-19 07:22:44  [INFO    ]  [cars-for-sale] Page 6/50  offset=150  collected=125  total=19678
2026-09-19 07:22:45  [INFO    ]  Fetching details concurrently for 29 listings (workers=4)...
2026-09-19 07:22:48  [INFO    ]  [cars-for-sale] Page 7/50  offset=180  collected=154  total=19678
2026-09-19 07:22:49  [INFO    ]  Fetching details concurrently for 30 listings (workers=4)...
2026-09-19 07:22:53  [INFO    ]  [cars-for-sale] Page 8/50  offset=210  collected=184  total=19678
2026-09-19 07:22:54  [INFO    ]  Fetching details concurrently for 18 listings (workers=4)...
2026-09-19 07:22:57  [INFO    ]  [cars-for-sale] Page 9/50  offset=240  collected=202  total=19678
2026-09-19 07:22:58  [INFO    ]  Fetching details concurrently for 30 listings (workers=4)...
2026-09-19 07:23:01  [INFO    ]  [cars-for-sale] Page 10/50  offset=270  collected=232  total=19678
2026-09-19 07:23:03  [INFO    ]  [cars-for-sale] Page 11/50  offset=300  collected=232  total=19678
2026-09-19 07:23:03  [INFO    ]  Fetching details concurrently for 22 listings (workers=4)...
2026-09-19 07:23:07  [INFO    ]  [cars-for-sale] Page 12/50  offset=330  collected=254  total=19678
2026-09-19 07:23:07  [INFO    ]  Fetching details concurrently for 33 listings (workers=4)...
2026-09-19 07:23:12  [INFO    ]  [cars-for-sale] Page 13/50  offset=360  collected=287  total=19678
2026-09-19 07:23:13  [INFO    ]  Fetching details concurrently for 2 listings (workers=4)...
2026-09-19 07:23:13  [INFO    ]  [cars-for-sale] Page 14/50  offset=390  collected=289  total=19678
2026-09-19 07:23:14  [INFO    ]  Fetching details concurrently for 30 listings (workers=4)...
2026-09-19 07:23:18  [INFO    ]  [cars-for-sale] Page 15/50  offset=420  collected=319  total=19678
2026-09-19 07:23:19  [INFO    ]  Fetching details concurrently for 31 listings (workers=4)...
2026-09-19 07:23:23  [INFO    ]  [cars-for-sale] Page 16/50  offset=450  collected=350  total=19678
2026-09-19 07:23:24  [INFO    ]  Fetching details concurrently for 31 listings (workers=4)...
2026-09-19 07:23:28  [INFO    ]  [cars-for-sale] Page 17/50  offset=480  collected=381  total=19678
2026-09-19 07:23:29  [INFO    ]  Fetching details concurrently for 24 listings (workers=4)...
2026-09-19 07:23:32  [INFO    ]  [cars-for-sale] Page 18/50  offset=510  collected=405  total=19678
2026-09-19 07:23:33  [INFO    ]  Fetching details concurrently for 30 listings (workers=4)...
2026-09-19 07:23:36  [INFO    ]  [cars-for-sale] Page 19/50  offset=540  collected=435  total=19678
2026-09-19 07:23:37  [INFO    ]  Fetching details concurrently for 30 listings (workers=4)...
2026-09-19 07:23:41  [INFO    ]  [cars-for-sale] Page 20/50  offset=570  collected=465  total=19678
2026-09-19 07:23:42  [INFO    ]  Fetching details concurrently for 31 listings (workers=4)...
2026-09-19 07:23:46  [INFO    ]  [cars-for-sale] Page 21/50  offset=600  collected=496  total=19678
2026-09-19 07:23:46  [INFO    ]  Fetching details concurrently for 2 listings (workers=4)...
2026-09-19 07:23:47  [INFO    ]  [cars-for-sale] Page 22/50  offset=630  collected=498  total=19678
2026-09-19 07:23:48  [INFO    ]  Fetching details concurrently for 30 listings (workers=4)...
2026-09-19 07:23:51  [INFO    ]  [cars-for-sale] Page 23/50  offset=660  collected=528  total=19678
2026-09-19 07:23:52  [INFO    ]  Fetching details concurrently for 30 listings (workers=4)...
2026-09-19 07:23:56  [INFO    ]  [cars-for-sale] Page 24/50  offset=690  collected=558  total=19678
2026-09-19 07:23:57  [INFO    ]  Fetching details concurrently for 30 listings (workers=4)...
2026-09-19 07:24:01  [INFO    ]  [cars-for-sale] Page 25/50  offset=720  collected=588  total=19678
2026-09-19 07:24:02  [INFO    ]  Fetching details concurrently for 30 listings (workers=4)...
2026-09-19 07:24:06  [INFO    ]  [cars-for-sale] Page 26/50  offset=750  collected=618  total=19678
2026-09-19 07:24:07  [INFO    ]  Fetching details concurrently for 31 listings (workers=4)...
2026-09-19 07:24:10  [INFO    ]  [cars-for-sale] Page 27/50  offset=780  collected=649  total=19678
2026-09-19 07:24:11  [INFO    ]  Fetching details concurrently for 30 listings (workers=4)...
2026-09-19 07:24:15  [INFO    ]  [cars-for-sale] Page 28/50  offset=810  collected=679  total=19678
2026-09-19 07:24:16  [INFO    ]  Fetching details concurrently for 31 listings (workers=4)...
2026-09-19 07:24:20  [INFO    ]  [cars-for-sale] Page 29/50  offset=840  collected=710  total=19678
2026-09-19 07:24:21  [INFO    ]  Fetching details concurrently for 19 listings (workers=4)...
2026-09-19 07:24:23  [INFO    ]  [cars-for-sale] Page 30/50  offset=870  collected=729  total=19678
2026-09-19 07:24:24  [INFO    ]  Fetching details concurrently for 31 listings (workers=4)...
2026-09-19 07:24:28  [INFO    ]  [cars-for-sale] Page 31/50  offset=900  collected=760  total=19678
2026-09-19 07:24:29  [INFO    ]  Fetching details concurrently for 3 listings (workers=4)...
2026-09-19 07:24:30  [INFO    ]  [cars-for-sale] Page 32/50  offset=930  collected=763  total=19678
2026-09-19 07:24:31  [INFO    ]  Fetching details concurrently for 30 listings (workers=4)...
2026-09-19 07:24:35  [INFO    ]  [cars-for-sale] Page 33/50  offset=960  collected=793  total=19678
2026-09-19 07:24:35  [INFO    ]  Fetching details concurrently for 31 listings (workers=4)...
2026-09-19 07:24:39  [INFO    ]  [cars-for-sale] Page 34/50  offset=990  collected=824  total=19678
2026-09-19 07:24:40  [INFO    ]  Fetching details concurrently for 28 listings (workers=4)...
2026-09-19 07:24:44  [INFO    ]  [cars-for-sale] Page 35/50  offset=1020  collected=852  total=19678
2026-09-19 07:24:45  [INFO    ]  Fetching details concurrently for 15 listings (workers=4)...
2026-09-19 07:24:47  [INFO    ]  [cars-for-sale] Page 36/50  offset=1050  collected=867  total=19678
2026-09-19 07:24:48  [INFO    ]  Fetching details concurrently for 31 listings (workers=4)...
2026-09-19 07:24:52  [INFO    ]  [cars-for-sale] Page 37/50  offset=1080  collected=898  total=19678
2026-09-19 07:24:53  [INFO    ]  Fetching details concurrently for 27 listings (workers=4)...
2026-09-19 07:24:56  [INFO    ]  [cars-for-sale] Page 38/50  offset=1110  collected=925  total=19678
2026-09-19 07:24:57  [INFO    ]  Fetching details concurrently for 29 listings (workers=4)...
2026-09-19 07:25:00  [INFO    ]  [cars-for-sale] Page 39/50  offset=1140  collected=954  total=19678
2026-09-19 07:25:01  [INFO    ]  Fetching details concurrently for 24 listings (workers=4)...
2026-09-19 07:25:08  [INFO    ]  [cars-for-sale] Page 40/50  offset=1170  collected=978  total=19678
2026-09-19 07:25:09  [INFO    ]  Fetching details concurrently for 16 listings (workers=4)...
2026-09-19 07:25:12  [INFO    ]  [cars-for-sale] Page 41/50  offset=1200  collected=994  total=19678
2026-09-19 07:25:12  [INFO    ]  Fetching details concurrently for 15 listings (workers=4)...
2026-09-19 07:25:15  [INFO    ]  [cars-for-sale] Page 42/50  offset=1230  collected=1009  total=19678
2026-09-19 07:25:16  [INFO    ]  Fetching details concurrently for 30 listings (workers=4)...
2026-09-19 07:25:20  [INFO    ]  [cars-for-sale] Page 43/50  offset=1260  collected=1039  total=19678
2026-09-19 07:25:21  [INFO    ]  Fetching details concurrently for 31 listings (workers=4)...
2026-09-19 07:25:25  [INFO    ]  [cars-for-sale] Page 44/50  offset=1290  collected=1070  total=19678
2026-09-19 07:25:26  [INFO    ]  Fetching details concurrently for 30 listings (workers=4)...
2026-09-19 07:25:30  [INFO    ]  [cars-for-sale] Page 45/50  offset=1320  collected=1100  total=19678
2026-09-19 07:25:31  [INFO    ]  Fetching details concurrently for 30 listings (workers=4)...
2026-09-19 07:25:34  [INFO    ]  [cars-for-sale] Page 46/50  offset=1350  collected=1130  total=19678
2026-09-19 07:25:35  [INFO    ]  Fetching details concurrently for 31 listings (workers=4)...
2026-09-19 07:25:38  [INFO    ]  [cars-for-sale] Page 47/50  offset=1380  collected=1161  total=19678
2026-09-19 07:25:39  [INFO    ]  Fetching details concurrently for 27 listings (workers=4)...
2026-09-19 07:25:43  [INFO    ]  [cars-for-sale] Page 48/50  offset=1410  collected=1188  total=19678
2026-09-19 07:25:43  [INFO    ]  Fetching details concurrently for 30 listings (workers=4)...
2026-09-19 07:25:47  [INFO    ]  [cars-for-sale] Page 49/50  offset=1440  collected=1218  total=19678
2026-09-19 07:25:48  [INFO    ]  Fetching details concurrently for 30 listings (workers=4)...
2026-09-19 07:25:52  [INFO    ]  [cars-for-sale] Page 50/50  offset=1470  collected=1248  total=19678
2026-09-19 07:25:52  [INFO    ]  Fetching details concurrently for 30 listings (workers=4)...
2026-09-19 07:25:56  [INFO    ]  Scrape complete. Collected 1278 records in this batch.
2026-09-19 07:25:56  [INFO    ]  Extraction complete in 212.97s: 1,278 total listings collected.
2026-09-19 07:25:56  [INFO    ]  Batch summary: 1,278 total listings collected (378 new unique IDs, 900 recurring/tracked IDs).
2026-09-19 07:25:56  [INFO    ]  Saved 1278 raw records to Parquet -> data/bronze/cars_2026-09-19.parquet
2026-09-19 07:25:56  [INFO    ]  Saved 1278 full raw records from today's run to CSV -> data/bronze/khmer24_cars.csv
2026-09-19 07:25:56  [INFO    ]  Saved ingestion run manifest -> data/bronze/ingestion_manifest.json
2026-09-19 07:25:56  [INFO    ]  Bronze Parquet -> data/bronze/cars_2026-09-19.parquet
2026-09-19 07:25:56  [INFO    ]  Full Run CSV   -> data/bronze/khmer24_cars.csv
2026-09-19 07:25:56  [INFO    ]  Manifest       -> data/bronze/ingestion_manifest.json
2026-09-19 07:25:56  [INFO    ]  ┌────────────────────────────────────────────────────┐
2026-09-19 07:25:56  [INFO    ]  │  BRONZE INGESTION QUALITY SUMMARY (1,278 records)  │
2026-09-19 07:25:56  [INFO    ]  ├────────────────────────────────────┬───────────────┤
2026-09-19 07:25:56  [INFO    ]  │  Price Field Coverage              │  100.0%       │
2026-09-19 07:25:56  [INFO    ]  │  Brand Field Coverage              │  100.0%       │
2026-09-19 07:25:56  [INFO    ]  │  Model Field Coverage              │   99.1%       │
2026-09-19 07:25:56  [INFO    ]  │  Year Field Coverage               │   99.9%       │
2026-09-19 07:25:56  [INFO    ]  │  Province Field Coverage           │  100.0%       │
2026-09-19 07:25:56  [INFO    ]  │  Mileage Field Coverage            │    0.0%       │
2026-09-19 07:25:56  [INFO    ]  │  Transmission Field Coverage       │   89.0%       │
2026-09-19 07:25:56  [INFO    ]  │  Fuel Type Field Coverage          │   89.6%       │
2026-09-19 07:25:56  [INFO    ]  │  Detail Enrichment Rate            │  100.0%       │
2026-09-19 07:25:56  [INFO    ]  ├────────────────────────────────────┴───────────────┤
2026-09-19 07:25:56  [INFO    ]  │  Cumulative Unique Marketplace IDs :  9,648              │
2026-09-19 07:25:56  [INFO    ]  └────────────────────────────────────────────────────┘
2026-09-19 07:25:56  [INFO    ]  EL stage complete. 1,278 listings processed in this batch.
