2026-10-05 09:08:32  [INFO    ]  =================================================================
2026-10-05 09:08:32  [INFO    ]  Starting Bronze Data Ingestion: 2026-10-05T09:08:32.410742+00:00
2026-10-05 09:08:32  [INFO    ]  Config: category=cars-for-sale, province=ALL, max_pages=50, mode=feed_window, enrich_details=True
2026-10-05 09:08:32  [INFO    ]  =================================================================
2026-10-05 09:08:32  [INFO    ]  [cars-for-sale] Page 1/50  offset=0  collected=0
2026-10-05 09:08:34  [INFO    ]  Fetching details concurrently for 40 listings (workers=4)...
2026-10-05 09:08:39  [INFO    ]  [cars-for-sale] Page 2/50  offset=30  collected=40  total=19527
2026-10-05 09:08:40  [INFO    ]  Fetching details concurrently for 30 listings (workers=4)...
2026-10-05 09:08:45  [INFO    ]  [cars-for-sale] Page 3/50  offset=60  collected=70  total=19527
2026-10-05 09:08:46  [INFO    ]  Fetching details concurrently for 19 listings (workers=4)...
2026-10-05 09:08:49  [INFO    ]  [cars-for-sale] Page 4/50  offset=90  collected=89  total=19527
2026-10-05 09:08:50  [INFO    ]  Fetching details concurrently for 11 listings (workers=4)...
2026-10-05 09:08:52  [INFO    ]  [cars-for-sale] Page 5/50  offset=120  collected=100  total=19527
2026-10-05 09:08:53  [INFO    ]  Fetching details concurrently for 30 listings (workers=4)...
2026-10-05 09:08:57  [INFO    ]  [cars-for-sale] Page 6/50  offset=150  collected=130  total=19527
2026-10-05 09:08:58  [INFO    ]  Fetching details concurrently for 26 listings (workers=4)...
2026-10-05 09:09:03  [INFO    ]  [cars-for-sale] Page 7/50  offset=180  collected=156  total=19527
2026-10-05 09:09:04  [INFO    ]  Fetching details concurrently for 30 listings (workers=4)...
2026-10-05 09:09:08  [INFO    ]  [cars-for-sale] Page 8/50  offset=210  collected=186  total=19527
2026-10-05 09:09:09  [INFO    ]  Fetching details concurrently for 24 listings (workers=4)...
2026-10-05 09:09:13  [INFO    ]  [cars-for-sale] Page 9/50  offset=240  collected=210  total=19527
2026-10-05 09:09:14  [INFO    ]  [cars-for-sale] Page 10/50  offset=270  collected=210  total=19527
2026-10-05 09:09:15  [INFO    ]  Fetching details concurrently for 10 listings (workers=4)...
2026-10-05 09:09:17  [INFO    ]  [cars-for-sale] Page 11/50  offset=300  collected=220  total=19527
2026-10-05 09:09:18  [INFO    ]  Fetching details concurrently for 32 listings (workers=4)...
2026-10-05 09:09:22  [INFO    ]  [cars-for-sale] Page 12/50  offset=330  collected=252  total=19527
2026-10-05 09:09:23  [INFO    ]  Fetching details concurrently for 18 listings (workers=4)...
2026-10-05 09:09:26  [INFO    ]  [cars-for-sale] Page 13/50  offset=360  collected=270  total=19527
2026-10-05 09:09:26  [INFO    ]  Fetching details concurrently for 1 listings (workers=4)...
2026-10-05 09:09:27  [INFO    ]  [cars-for-sale] Page 14/50  offset=390  collected=271  total=19527
2026-10-05 09:09:28  [INFO    ]  Fetching details concurrently for 28 listings (workers=4)...
2026-10-05 09:09:32  [INFO    ]  [cars-for-sale] Page 15/50  offset=420  collected=299  total=19527
2026-10-05 09:09:33  [INFO    ]  Fetching details concurrently for 31 listings (workers=4)...
2026-10-05 09:09:38  [INFO    ]  [cars-for-sale] Page 16/50  offset=450  collected=330  total=19527
2026-10-05 09:09:39  [INFO    ]  Fetching details concurrently for 31 listings (workers=4)...
2026-10-05 09:09:43  [INFO    ]  [cars-for-sale] Page 17/50  offset=480  collected=361  total=19527
2026-10-05 09:09:44  [INFO    ]  Fetching details concurrently for 10 listings (workers=4)...
2026-10-05 09:09:46  [INFO    ]  [cars-for-sale] Page 18/50  offset=510  collected=371  total=19527
2026-10-05 09:09:47  [INFO    ]  Fetching details concurrently for 30 listings (workers=4)...
2026-10-05 09:09:52  [INFO    ]  [cars-for-sale] Page 19/50  offset=540  collected=401  total=19527
2026-10-05 09:09:53  [INFO    ]  Fetching details concurrently for 31 listings (workers=4)...
2026-10-05 09:09:57  [INFO    ]  [cars-for-sale] Page 20/50  offset=570  collected=432  total=19527
2026-10-05 09:09:58  [INFO    ]  Fetching details concurrently for 14 listings (workers=4)...
2026-10-05 09:10:00  [INFO    ]  [cars-for-sale] Page 21/50  offset=600  collected=446  total=19527
2026-10-05 09:10:01  [INFO    ]  Fetching details concurrently for 30 listings (workers=4)...
2026-10-05 09:10:07  [INFO    ]  [cars-for-sale] Page 22/50  offset=630  collected=476  total=19527
2026-10-05 09:10:08  [INFO    ]  Fetching details concurrently for 31 listings (workers=4)...
2026-10-05 09:10:14  [INFO    ]  [cars-for-sale] Page 23/50  offset=660  collected=507  total=19527
2026-10-05 09:10:15  [INFO    ]  Fetching details concurrently for 14 listings (workers=4)...
2026-10-05 09:10:17  [INFO    ]  [cars-for-sale] Page 24/50  offset=690  collected=521  total=19527
2026-10-05 09:10:18  [INFO    ]  Fetching details concurrently for 32 listings (workers=4)...
2026-10-05 09:10:23  [INFO    ]  [cars-for-sale] Page 25/50  offset=720  collected=553  total=19527
2026-10-05 09:10:24  [INFO    ]  Fetching details concurrently for 30 listings (workers=4)...
2026-10-05 09:10:28  [INFO    ]  [cars-for-sale] Page 26/50  offset=750  collected=583  total=19527
2026-10-05 09:10:29  [INFO    ]  Fetching details concurrently for 5 listings (workers=4)...
2026-10-05 09:10:31  [INFO    ]  [cars-for-sale] Page 27/50  offset=780  collected=588  total=19527
2026-10-05 09:10:32  [INFO    ]  Fetching details concurrently for 27 listings (workers=4)...
2026-10-05 09:10:35  [INFO    ]  [cars-for-sale] Page 28/50  offset=810  collected=615  total=19527
2026-10-05 09:10:36  [INFO    ]  Fetching details concurrently for 31 listings (workers=4)...
2026-10-05 09:10:40  [INFO    ]  [cars-for-sale] Page 29/50  offset=840  collected=646  total=19527
2026-10-05 09:10:41  [INFO    ]  Fetching details concurrently for 26 listings (workers=4)...
2026-10-05 09:10:45  [INFO    ]  [cars-for-sale] Page 30/50  offset=870  collected=672  total=19527
2026-10-05 09:10:46  [INFO    ]  Fetching details concurrently for 31 listings (workers=4)...
2026-10-05 09:10:50  [INFO    ]  [cars-for-sale] Page 31/50  offset=900  collected=703  total=19527
2026-10-05 09:10:51  [INFO    ]  Fetching details concurrently for 30 listings (workers=4)...
2026-10-05 09:10:55  [INFO    ]  [cars-for-sale] Page 32/50  offset=930  collected=733  total=19527
2026-10-05 09:10:56  [INFO    ]  Fetching details concurrently for 29 listings (workers=4)...
2026-10-05 09:11:00  [INFO    ]  [cars-for-sale] Page 33/50  offset=960  collected=762  total=19527
2026-10-05 09:11:01  [INFO    ]  Fetching details concurrently for 4 listings (workers=4)...
2026-10-05 09:11:02  [INFO    ]  [cars-for-sale] Page 34/50  offset=990  collected=766  total=19527
2026-10-05 09:11:03  [INFO    ]  Fetching details concurrently for 30 listings (workers=4)...
2026-10-05 09:11:07  [INFO    ]  [cars-for-sale] Page 35/50  offset=1020  collected=796  total=19527
2026-10-05 09:11:08  [INFO    ]  Fetching details concurrently for 29 listings (workers=4)...
2026-10-05 09:11:12  [INFO    ]  [cars-for-sale] Page 36/50  offset=1050  collected=825  total=19527
2026-10-05 09:11:13  [INFO    ]  Fetching details concurrently for 30 listings (workers=4)...
2026-10-05 09:11:17  [INFO    ]  [cars-for-sale] Page 37/50  offset=1080  collected=855  total=19527
2026-10-05 09:11:18  [INFO    ]  Fetching details concurrently for 31 listings (workers=4)...
2026-10-05 09:11:21  [INFO    ]  [cars-for-sale] Page 38/50  offset=1110  collected=886  total=19527
2026-10-05 09:11:22  [INFO    ]  Fetching details concurrently for 30 listings (workers=4)...
2026-10-05 09:11:26  [INFO    ]  [cars-for-sale] Page 39/50  offset=1140  collected=916  total=19527
2026-10-05 09:11:27  [INFO    ]  Fetching details concurrently for 30 listings (workers=4)...
2026-10-05 09:11:31  [INFO    ]  [cars-for-sale] Page 40/50  offset=1170  collected=946  total=19527
2026-10-05 09:11:32  [INFO    ]  Fetching details concurrently for 32 listings (workers=4)...
2026-10-05 09:11:36  [INFO    ]  [cars-for-sale] Page 41/50  offset=1200  collected=978  total=19527
2026-10-05 09:11:37  [INFO    ]  Fetching details concurrently for 27 listings (workers=4)...
2026-10-05 09:11:41  [INFO    ]  [cars-for-sale] Page 42/50  offset=1230  collected=1005  total=19527
2026-10-05 09:11:42  [INFO    ]  Fetching details concurrently for 31 listings (workers=4)...
2026-10-05 09:11:46  [INFO    ]  [cars-for-sale] Page 43/50  offset=1260  collected=1036  total=19527
2026-10-05 09:11:47  [INFO    ]  Fetching details concurrently for 30 listings (workers=4)...
2026-10-05 09:11:52  [INFO    ]  [cars-for-sale] Page 44/50  offset=1290  collected=1066  total=19527
2026-10-05 09:11:53  [INFO    ]  Fetching details concurrently for 30 listings (workers=4)...
2026-10-05 09:11:57  [INFO    ]  [cars-for-sale] Page 45/50  offset=1320  collected=1096  total=19527
2026-10-05 09:11:58  [INFO    ]  Fetching details concurrently for 30 listings (workers=4)...
2026-10-05 09:12:03  [INFO    ]  [cars-for-sale] Page 46/50  offset=1350  collected=1126  total=19527
2026-10-05 09:12:04  [INFO    ]  Fetching details concurrently for 30 listings (workers=4)...
2026-10-05 09:12:08  [INFO    ]  [cars-for-sale] Page 47/50  offset=1380  collected=1156  total=19527
2026-10-05 09:12:09  [INFO    ]  Fetching details concurrently for 30 listings (workers=4)...
2026-10-05 09:12:13  [INFO    ]  [cars-for-sale] Page 48/50  offset=1410  collected=1186  total=19527
2026-10-05 09:12:14  [INFO    ]  Fetching details concurrently for 30 listings (workers=4)...
2026-10-05 09:12:19  [INFO    ]  [cars-for-sale] Page 49/50  offset=1440  collected=1216  total=19527
2026-10-05 09:12:20  [INFO    ]  Fetching details concurrently for 30 listings (workers=4)...
2026-10-05 09:12:24  [INFO    ]  [cars-for-sale] Page 50/50  offset=1470  collected=1246  total=19527
2026-10-05 09:12:25  [INFO    ]  Fetching details concurrently for 30 listings (workers=4)...
2026-10-05 09:12:29  [INFO    ]  Scrape complete. Collected 1276 records in this batch.
2026-10-05 09:12:29  [INFO    ]  Extraction complete in 237.47s: 1,276 total listings collected.
2026-10-05 09:12:29  [INFO    ]  Batch summary: 1,276 total listings collected (369 new unique IDs, 907 recurring/tracked IDs).
2026-10-05 09:12:29  [INFO    ]  Saved 1276 raw records to Parquet -> data/bronze/cars_2026-10-05.parquet
2026-10-05 09:12:30  [INFO    ]  Saved 1276 full raw records from today's run to CSV -> data/bronze/khmer24_cars.csv
2026-10-05 09:12:30  [INFO    ]  Saved ingestion run manifest -> data/bronze/ingestion_manifest.json
2026-10-05 09:12:30  [INFO    ]  Bronze Parquet -> data/bronze/cars_2026-10-05.parquet
2026-10-05 09:12:30  [INFO    ]  Full Run CSV   -> data/bronze/khmer24_cars.csv
2026-10-05 09:12:30  [INFO    ]  Manifest       -> data/bronze/ingestion_manifest.json
2026-10-05 09:12:30  [INFO    ]  ┌────────────────────────────────────────────────────┐
2026-10-05 09:12:30  [INFO    ]  │  BRONZE INGESTION QUALITY SUMMARY (1,276 records)  │
2026-10-05 09:12:30  [INFO    ]  ├────────────────────────────────────┬───────────────┤
2026-10-05 09:12:30  [INFO    ]  │  Price Field Coverage              │  100.0%       │
2026-10-05 09:12:30  [INFO    ]  │  Brand Field Coverage              │  100.0%       │
2026-10-05 09:12:30  [INFO    ]  │  Model Field Coverage              │   99.1%       │
2026-10-05 09:12:30  [INFO    ]  │  Year Field Coverage               │  100.0%       │
2026-10-05 09:12:30  [INFO    ]  │  Province Field Coverage           │  100.0%       │
2026-10-05 09:12:30  [INFO    ]  │  Mileage Field Coverage            │    0.0%       │
2026-10-05 09:12:30  [INFO    ]  │  Transmission Field Coverage       │   86.0%       │
2026-10-05 09:12:30  [INFO    ]  │  Fuel Type Field Coverage          │   86.1%       │
2026-10-05 09:12:30  [INFO    ]  │  Detail Enrichment Rate            │  100.0%       │
2026-10-05 09:12:30  [INFO    ]  ├────────────────────────────────────┴───────────────┤
2026-10-05 09:12:30  [INFO    ]  │  Cumulative Unique Marketplace IDs :  15,723             │
2026-10-05 09:12:30  [INFO    ]  └────────────────────────────────────────────────────┘
2026-10-05 09:12:30  [INFO    ]  EL stage complete. 1,276 listings processed in this batch.
