2026-09-07 07:21:31  [INFO    ]  =================================================================
2026-09-07 07:21:31  [INFO    ]  Starting Bronze Data Ingestion: 2026-09-07T07:21:31.548381+00:00
2026-09-07 07:21:31  [INFO    ]  Config: category=cars-for-sale, province=ALL, max_pages=50, mode=feed_window, enrich_details=True
2026-09-07 07:21:31  [INFO    ]  =================================================================
2026-09-07 07:21:31  [INFO    ]  Cloudflare Worker relay enabled.
2026-09-07 07:21:31  [INFO    ]  [cars-for-sale] Page 1/50  offset=0  collected=0
2026-09-07 07:21:33  [INFO    ]  Fetching details concurrently for 40 listings (workers=4)...
2026-09-07 07:21:42  [INFO    ]  [cars-for-sale] Page 2/50  offset=30  collected=40  total=20017
2026-09-07 07:21:43  [INFO    ]  Fetching details concurrently for 30 listings (workers=4)...
2026-09-07 07:21:51  [INFO    ]  [cars-for-sale] Page 3/50  offset=60  collected=70  total=20017
2026-09-07 07:21:52  [INFO    ]  Fetching details concurrently for 14 listings (workers=4)...
2026-09-07 07:21:57  [INFO    ]  [cars-for-sale] Page 4/50  offset=90  collected=84  total=20017
2026-09-07 07:21:58  [INFO    ]  Fetching details concurrently for 26 listings (workers=4)...
2026-09-07 07:22:05  [INFO    ]  [cars-for-sale] Page 5/50  offset=120  collected=110  total=20017
2026-09-07 07:22:06  [INFO    ]  Fetching details concurrently for 28 listings (workers=4)...
2026-09-07 07:22:11  [INFO    ]  [cars-for-sale] Page 6/50  offset=150  collected=138  total=20017
2026-09-07 07:22:12  [INFO    ]  Fetching details concurrently for 28 listings (workers=4)...
2026-09-07 07:22:19  [INFO    ]  [cars-for-sale] Page 7/50  offset=180  collected=166  total=20017
2026-09-07 07:22:20  [INFO    ]  Fetching details concurrently for 2 listings (workers=4)...
2026-09-07 07:22:21  [INFO    ]  [cars-for-sale] Page 8/50  offset=210  collected=168  total=20017
2026-09-07 07:22:22  [INFO    ]  Fetching details concurrently for 31 listings (workers=4)...
2026-09-07 07:22:29  [INFO    ]  [cars-for-sale] Page 9/50  offset=240  collected=199  total=20017
2026-09-07 07:22:30  [INFO    ]  Fetching details concurrently for 30 listings (workers=4)...
2026-09-07 07:22:37  [INFO    ]  [cars-for-sale] Page 10/50  offset=270  collected=229  total=20017
2026-09-07 07:22:38  [INFO    ]  Fetching details concurrently for 30 listings (workers=4)...
2026-09-07 07:22:45  [INFO    ]  [cars-for-sale] Page 11/50  offset=300  collected=259  total=20017
2026-09-07 07:22:46  [INFO    ]  Fetching details concurrently for 31 listings (workers=4)...
2026-09-07 07:22:55  [INFO    ]  [cars-for-sale] Page 12/50  offset=330  collected=290  total=20017
2026-09-07 07:22:56  [INFO    ]  Fetching details concurrently for 30 listings (workers=4)...
2026-09-07 07:23:04  [INFO    ]  [cars-for-sale] Page 13/50  offset=360  collected=320  total=20017
2026-09-07 07:23:05  [INFO    ]  Fetching details concurrently for 30 listings (workers=4)...
2026-09-07 07:23:12  [INFO    ]  [cars-for-sale] Page 14/50  offset=390  collected=350  total=20017
2026-09-07 07:23:13  [INFO    ]  Fetching details concurrently for 30 listings (workers=4)...
2026-09-07 07:23:22  [INFO    ]  [cars-for-sale] Page 15/50  offset=420  collected=380  total=20017
2026-09-07 07:23:23  [INFO    ]  Fetching details concurrently for 31 listings (workers=4)...
2026-09-07 07:23:30  [INFO    ]  [cars-for-sale] Page 16/50  offset=450  collected=411  total=20017
2026-09-07 07:23:31  [INFO    ]  Fetching details concurrently for 31 listings (workers=4)...
2026-09-07 07:23:38  [INFO    ]  [cars-for-sale] Page 17/50  offset=480  collected=442  total=20017
2026-09-07 07:23:39  [INFO    ]  Fetching details concurrently for 15 listings (workers=4)...
2026-09-07 07:23:43  [INFO    ]  [cars-for-sale] Page 18/50  offset=510  collected=457  total=20017
2026-09-07 07:23:44  [INFO    ]  Fetching details concurrently for 30 listings (workers=4)...
2026-09-07 07:23:51  [INFO    ]  [cars-for-sale] Page 19/50  offset=540  collected=487  total=20017
2026-09-07 07:23:52  [INFO    ]  Fetching details concurrently for 12 listings (workers=4)...
2026-09-07 07:23:55  [INFO    ]  [cars-for-sale] Page 20/50  offset=570  collected=499  total=20017
2026-09-07 07:23:56  [INFO    ]  Fetching details concurrently for 30 listings (workers=4)...
2026-09-07 07:24:04  [INFO    ]  [cars-for-sale] Page 21/50  offset=600  collected=529  total=20017
2026-09-07 07:24:05  [INFO    ]  Fetching details concurrently for 29 listings (workers=4)...
2026-09-07 07:24:11  [INFO    ]  [cars-for-sale] Page 22/50  offset=630  collected=558  total=20017
2026-09-07 07:24:12  [INFO    ]  Fetching details concurrently for 30 listings (workers=4)...
2026-09-07 07:24:19  [INFO    ]  [cars-for-sale] Page 23/50  offset=660  collected=588  total=20017
2026-09-07 07:24:20  [INFO    ]  Fetching details concurrently for 25 listings (workers=4)...
2026-09-07 07:24:27  [INFO    ]  [cars-for-sale] Page 24/50  offset=690  collected=613  total=20017
2026-09-07 07:24:28  [INFO    ]  Fetching details concurrently for 30 listings (workers=4)...
2026-09-07 07:24:35  [INFO    ]  [cars-for-sale] Page 25/50  offset=720  collected=643  total=20017
2026-09-07 07:24:36  [INFO    ]  Fetching details concurrently for 29 listings (workers=4)...
2026-09-07 07:24:43  [INFO    ]  [cars-for-sale] Page 26/50  offset=750  collected=672  total=20017
2026-09-07 07:24:44  [INFO    ]  Fetching details concurrently for 30 listings (workers=4)...
2026-09-07 07:24:52  [INFO    ]  [cars-for-sale] Page 27/50  offset=780  collected=702  total=20017
2026-09-07 07:24:53  [INFO    ]  Fetching details concurrently for 31 listings (workers=4)...
2026-09-07 07:25:00  [INFO    ]  [cars-for-sale] Page 28/50  offset=810  collected=733  total=20017
2026-09-07 07:25:01  [INFO    ]  Fetching details concurrently for 30 listings (workers=4)...
2026-09-07 07:25:08  [INFO    ]  [cars-for-sale] Page 29/50  offset=840  collected=763  total=20017
2026-09-07 07:25:09  [INFO    ]  Fetching details concurrently for 24 listings (workers=4)...
2026-09-07 07:25:15  [INFO    ]  [cars-for-sale] Page 30/50  offset=870  collected=787  total=20017
2026-09-07 07:25:16  [INFO    ]  Fetching details concurrently for 29 listings (workers=4)...
2026-09-07 07:25:22  [INFO    ]  [cars-for-sale] Page 31/50  offset=900  collected=816  total=20017
2026-09-07 07:25:23  [INFO    ]  Fetching details concurrently for 31 listings (workers=4)...
2026-09-07 07:25:30  [INFO    ]  [cars-for-sale] Page 32/50  offset=930  collected=847  total=20017
2026-09-07 07:25:31  [INFO    ]  Fetching details concurrently for 31 listings (workers=4)...
2026-09-07 07:25:38  [INFO    ]  [cars-for-sale] Page 33/50  offset=960  collected=878  total=20017
2026-09-07 07:25:39  [INFO    ]  Fetching details concurrently for 30 listings (workers=4)...
2026-09-07 07:25:46  [INFO    ]  [cars-for-sale] Page 34/50  offset=990  collected=908  total=20017
2026-09-07 07:25:47  [INFO    ]  Fetching details concurrently for 30 listings (workers=4)...
2026-09-07 07:25:54  [INFO    ]  [cars-for-sale] Page 35/50  offset=1020  collected=938  total=20017
2026-09-07 07:25:55  [INFO    ]  Fetching details concurrently for 27 listings (workers=4)...
2026-09-07 07:26:00  [INFO    ]  [cars-for-sale] Page 36/50  offset=1050  collected=965  total=20017
2026-09-07 07:26:01  [INFO    ]  Fetching details concurrently for 29 listings (workers=4)...
2026-09-07 07:26:07  [INFO    ]  [cars-for-sale] Page 37/50  offset=1080  collected=994  total=20017
2026-09-07 07:26:08  [INFO    ]  Fetching details concurrently for 24 listings (workers=4)...
2026-09-07 07:26:14  [INFO    ]  [cars-for-sale] Page 38/50  offset=1110  collected=1018  total=20017
2026-09-07 07:26:15  [INFO    ]  Fetching details concurrently for 4 listings (workers=4)...
2026-09-07 07:26:16  [INFO    ]  [cars-for-sale] Page 39/50  offset=1140  collected=1022  total=20017
2026-09-07 07:26:17  [INFO    ]  Fetching details concurrently for 30 listings (workers=4)...
2026-09-07 07:26:27  [INFO    ]  [cars-for-sale] Page 40/50  offset=1170  collected=1052  total=20017
2026-09-07 07:26:28  [INFO    ]  Fetching details concurrently for 30 listings (workers=4)...
2026-09-07 07:26:34  [INFO    ]  [cars-for-sale] Page 41/50  offset=1200  collected=1082  total=20017
2026-09-07 07:26:35  [INFO    ]  Fetching details concurrently for 30 listings (workers=4)...
2026-09-07 07:26:43  [INFO    ]  [cars-for-sale] Page 42/50  offset=1230  collected=1112  total=20017
2026-09-07 07:26:44  [INFO    ]  Fetching details concurrently for 30 listings (workers=4)...
2026-09-07 07:26:51  [INFO    ]  [cars-for-sale] Page 43/50  offset=1260  collected=1142  total=20017
2026-09-07 07:26:52  [INFO    ]  Fetching details concurrently for 23 listings (workers=4)...
2026-09-07 07:26:59  [INFO    ]  [cars-for-sale] Page 44/50  offset=1290  collected=1165  total=20017
2026-09-07 07:27:00  [INFO    ]  Fetching details concurrently for 5 listings (workers=4)...
2026-09-07 07:27:01  [INFO    ]  [cars-for-sale] Page 45/50  offset=1320  collected=1170  total=20017
2026-09-07 07:27:02  [INFO    ]  Fetching details concurrently for 27 listings (workers=4)...
2026-09-07 07:27:08  [INFO    ]  [cars-for-sale] Page 46/50  offset=1350  collected=1197  total=20017
2026-09-07 07:27:09  [INFO    ]  Fetching details concurrently for 5 listings (workers=4)...
2026-09-07 07:27:12  [INFO    ]  [cars-for-sale] Page 47/50  offset=1380  collected=1202  total=20017
2026-09-07 07:27:14  [INFO    ]  Fetching details concurrently for 30 listings (workers=4)...
2026-09-07 07:27:22  [INFO    ]  [cars-for-sale] Page 48/50  offset=1410  collected=1232  total=20017
2026-09-07 07:27:23  [INFO    ]  Fetching details concurrently for 29 listings (workers=4)...
2026-09-07 07:27:31  [INFO    ]  [cars-for-sale] Page 49/50  offset=1440  collected=1261  total=20017
2026-09-07 07:27:32  [INFO    ]  Fetching details concurrently for 30 listings (workers=4)...
2026-09-07 07:27:39  [INFO    ]  [cars-for-sale] Page 50/50  offset=1470  collected=1291  total=20017
2026-09-07 07:27:40  [INFO    ]  Fetching details concurrently for 30 listings (workers=4)...
2026-09-07 07:27:46  [INFO    ]  Scrape complete. Collected 1321 records in this batch.
2026-09-07 07:27:46  [INFO    ]  Extraction complete in 374.96s: 1,321 total listings collected.
2026-09-07 07:27:46  [INFO    ]  Batch summary: 1,321 total listings collected (483 new IDs, 838 recurring/tracked IDs).
2026-09-07 07:27:46  [INFO    ]  Saved 1321 raw records to Parquet -> data/bronze/cars_2026-09-07.parquet
2026-09-07 07:27:46  [INFO    ]  Saved 1321 full raw records from today's run to CSV -> data/bronze/khmer24_cars.csv
2026-09-07 07:27:46  [INFO    ]  Saved ingestion run manifest -> data/bronze/ingestion_manifest.json
2026-09-07 07:27:46  [INFO    ]  Bronze Parquet -> data/bronze/cars_2026-09-07.parquet
2026-09-07 07:27:46  [INFO    ]  Full Run CSV   -> data/bronze/khmer24_cars.csv
2026-09-07 07:27:46  [INFO    ]  Manifest       -> data/bronze/ingestion_manifest.json
2026-09-07 07:27:46  [INFO    ]  ┌────────────────────────────────────────────────────┐
2026-09-07 07:27:46  [INFO    ]  │  BRONZE INGESTION QUALITY SUMMARY (1,321 records)  │
2026-09-07 07:27:46  [INFO    ]  ├────────────────────────────────────┬───────────────┤
2026-09-07 07:27:46  [INFO    ]  │  Price Field Coverage              │  100.0%       │
2026-09-07 07:27:46  [INFO    ]  │  Brand Field Coverage              │   99.9%       │
2026-09-07 07:27:46  [INFO    ]  │  Model Field Coverage              │   98.9%       │
2026-09-07 07:27:46  [INFO    ]  │  Year Field Coverage               │   99.8%       │
2026-09-07 07:27:46  [INFO    ]  │  Province Field Coverage           │  100.0%       │
2026-09-07 07:27:46  [INFO    ]  │  Mileage Field Coverage            │    0.0%       │
2026-09-07 07:27:46  [INFO    ]  │  Transmission Field Coverage       │   86.6%       │
2026-09-07 07:27:46  [INFO    ]  │  Fuel Type Field Coverage          │   89.6%       │
2026-09-07 07:27:46  [INFO    ]  │  Detail Enrichment Rate            │  100.0%       │
2026-09-07 07:27:46  [INFO    ]  ├────────────────────────────────────┴───────────────┤
2026-09-07 07:27:46  [INFO    ]  │  Cumulative Unique Marketplace IDs :  4,844              │
2026-09-07 07:27:46  [INFO    ]  └────────────────────────────────────────────────────┘
2026-09-07 07:27:46  [INFO    ]  EL stage complete. 1,321 listings processed in this batch.
