2026-10-04 08:29:03  [INFO    ]  =================================================================
2026-10-04 08:29:03  [INFO    ]  Starting Bronze Data Ingestion: 2026-10-04T08:29:03.443889+00:00
2026-10-04 08:29:03  [INFO    ]  Config: category=cars-for-sale, province=ALL, max_pages=50, mode=feed_window, enrich_details=True
2026-10-04 08:29:03  [INFO    ]  =================================================================
2026-10-04 08:29:03  [INFO    ]  [cars-for-sale] Page 1/50  offset=0  collected=0
2026-10-04 08:29:04  [INFO    ]  Fetching details concurrently for 40 listings (workers=4)...
2026-10-04 08:29:09  [INFO    ]  [cars-for-sale] Page 2/50  offset=30  collected=40  total=19543
2026-10-04 08:29:10  [INFO    ]  Fetching details concurrently for 30 listings (workers=4)...
2026-10-04 08:29:15  [INFO    ]  [cars-for-sale] Page 3/50  offset=60  collected=70  total=19543
2026-10-04 08:29:16  [INFO    ]  Fetching details concurrently for 18 listings (workers=4)...
2026-10-04 08:29:18  [INFO    ]  [cars-for-sale] Page 4/50  offset=90  collected=88  total=19543
2026-10-04 08:29:19  [INFO    ]  Fetching details concurrently for 14 listings (workers=4)...
2026-10-04 08:29:22  [INFO    ]  [cars-for-sale] Page 5/50  offset=120  collected=102  total=19543
2026-10-04 08:29:23  [INFO    ]  Fetching details concurrently for 30 listings (workers=4)...
2026-10-04 08:29:26  [INFO    ]  [cars-for-sale] Page 6/50  offset=150  collected=132  total=19543
2026-10-04 08:29:27  [INFO    ]  Fetching details concurrently for 24 listings (workers=4)...
2026-10-04 08:29:30  [INFO    ]  [cars-for-sale] Page 7/50  offset=180  collected=156  total=19543
2026-10-04 08:29:31  [INFO    ]  Fetching details concurrently for 9 listings (workers=4)...
2026-10-04 08:29:33  [INFO    ]  [cars-for-sale] Page 8/50  offset=210  collected=165  total=19543
2026-10-04 08:29:34  [INFO    ]  Fetching details concurrently for 32 listings (workers=4)...
2026-10-04 08:29:38  [INFO    ]  [cars-for-sale] Page 9/50  offset=240  collected=197  total=19543
2026-10-04 08:29:39  [INFO    ]  Fetching details concurrently for 2 listings (workers=4)...
2026-10-04 08:29:40  [INFO    ]  [cars-for-sale] Page 10/50  offset=270  collected=199  total=19543
2026-10-04 08:29:41  [INFO    ]  Fetching details concurrently for 32 listings (workers=4)...
2026-10-04 08:29:45  [INFO    ]  [cars-for-sale] Page 11/50  offset=300  collected=231  total=19543
2026-10-04 08:29:46  [INFO    ]  Fetching details concurrently for 28 listings (workers=4)...
2026-10-04 08:29:50  [INFO    ]  [cars-for-sale] Page 12/50  offset=330  collected=259  total=19543
2026-10-04 08:29:51  [INFO    ]  Fetching details concurrently for 32 listings (workers=4)...
2026-10-04 08:29:55  [INFO    ]  [cars-for-sale] Page 13/50  offset=360  collected=291  total=19543
2026-10-04 08:29:56  [INFO    ]  Fetching details concurrently for 30 listings (workers=4)...
2026-10-04 08:30:00  [INFO    ]  [cars-for-sale] Page 14/50  offset=390  collected=321  total=19543
2026-10-04 08:30:01  [INFO    ]  Fetching details concurrently for 31 listings (workers=4)...
2026-10-04 08:30:07  [INFO    ]  [cars-for-sale] Page 15/50  offset=420  collected=352  total=19543
2026-10-04 08:30:08  [INFO    ]  Fetching details concurrently for 31 listings (workers=4)...
2026-10-04 08:30:12  [INFO    ]  [cars-for-sale] Page 16/50  offset=450  collected=383  total=19543
2026-10-04 08:30:13  [INFO    ]  Fetching details concurrently for 32 listings (workers=4)...
2026-10-04 08:30:19  [INFO    ]  [cars-for-sale] Page 17/50  offset=480  collected=415  total=19543
2026-10-04 08:30:20  [INFO    ]  Fetching details concurrently for 31 listings (workers=4)...
2026-10-04 08:30:24  [INFO    ]  [cars-for-sale] Page 18/50  offset=510  collected=446  total=19543
2026-10-04 08:30:25  [INFO    ]  Fetching details concurrently for 30 listings (workers=4)...
2026-10-04 08:30:29  [INFO    ]  [cars-for-sale] Page 19/50  offset=540  collected=476  total=19543
2026-10-04 08:30:30  [INFO    ]  Fetching details concurrently for 19 listings (workers=4)...
2026-10-04 08:30:33  [INFO    ]  [cars-for-sale] Page 20/50  offset=570  collected=495  total=19543
2026-10-04 08:30:34  [INFO    ]  Fetching details concurrently for 30 listings (workers=4)...
2026-10-04 08:30:39  [INFO    ]  [cars-for-sale] Page 21/50  offset=600  collected=525  total=19543
2026-10-04 08:30:39  [INFO    ]  Fetching details concurrently for 23 listings (workers=4)...
2026-10-04 08:30:43  [INFO    ]  [cars-for-sale] Page 22/50  offset=630  collected=548  total=19543
2026-10-04 08:30:45  [INFO    ]  [cars-for-sale] Page 23/50  offset=660  collected=548  total=19543
2026-10-04 08:30:46  [INFO    ]  Fetching details concurrently for 10 listings (workers=4)...
2026-10-04 08:30:47  [INFO    ]  [cars-for-sale] Page 24/50  offset=690  collected=558  total=19543
2026-10-04 08:30:48  [INFO    ]  Fetching details concurrently for 31 listings (workers=4)...
2026-10-04 08:30:53  [INFO    ]  [cars-for-sale] Page 25/50  offset=720  collected=589  total=19543
2026-10-04 08:30:54  [INFO    ]  Fetching details concurrently for 29 listings (workers=4)...
2026-10-04 08:30:58  [INFO    ]  [cars-for-sale] Page 26/50  offset=750  collected=618  total=19543
2026-10-04 08:30:59  [INFO    ]  Fetching details concurrently for 30 listings (workers=4)...
2026-10-04 08:31:03  [INFO    ]  [cars-for-sale] Page 27/50  offset=780  collected=648  total=19543
2026-10-04 08:31:04  [INFO    ]  Fetching details concurrently for 30 listings (workers=4)...
2026-10-04 08:31:08  [INFO    ]  [cars-for-sale] Page 28/50  offset=810  collected=678  total=19543
2026-10-04 08:31:09  [INFO    ]  Fetching details concurrently for 30 listings (workers=4)...
2026-10-04 08:31:13  [INFO    ]  [cars-for-sale] Page 29/50  offset=840  collected=708  total=19543
2026-10-04 08:31:14  [INFO    ]  Fetching details concurrently for 30 listings (workers=4)...
2026-10-04 08:31:17  [INFO    ]  [cars-for-sale] Page 30/50  offset=870  collected=738  total=19543
2026-10-04 08:31:19  [INFO    ]  Fetching details concurrently for 30 listings (workers=4)...
2026-10-04 08:31:23  [INFO    ]  [cars-for-sale] Page 31/50  offset=900  collected=768  total=19543
2026-10-04 08:31:24  [INFO    ]  Fetching details concurrently for 27 listings (workers=4)...
2026-10-04 08:31:27  [INFO    ]  [cars-for-sale] Page 32/50  offset=930  collected=795  total=19543
2026-10-04 08:31:28  [INFO    ]  Fetching details concurrently for 30 listings (workers=4)...
2026-10-04 08:31:32  [INFO    ]  [cars-for-sale] Page 33/50  offset=960  collected=825  total=19543
2026-10-04 08:31:33  [INFO    ]  Fetching details concurrently for 31 listings (workers=4)...
2026-10-04 08:31:38  [INFO    ]  [cars-for-sale] Page 34/50  offset=990  collected=856  total=19543
2026-10-04 08:31:39  [INFO    ]  Fetching details concurrently for 30 listings (workers=4)...
2026-10-04 08:31:43  [INFO    ]  [cars-for-sale] Page 35/50  offset=1020  collected=886  total=19543
2026-10-04 08:31:44  [INFO    ]  Fetching details concurrently for 31 listings (workers=4)...
2026-10-04 08:31:48  [INFO    ]  [cars-for-sale] Page 36/50  offset=1050  collected=917  total=19543
2026-10-04 08:31:49  [INFO    ]  Fetching details concurrently for 30 listings (workers=4)...
2026-10-04 08:31:53  [INFO    ]  [cars-for-sale] Page 37/50  offset=1080  collected=947  total=19543
2026-10-04 08:31:54  [INFO    ]  Fetching details concurrently for 28 listings (workers=4)...
2026-10-04 08:31:57  [INFO    ]  [cars-for-sale] Page 38/50  offset=1110  collected=975  total=19543
2026-10-04 08:31:58  [INFO    ]  Fetching details concurrently for 30 listings (workers=4)...
2026-10-04 08:32:02  [INFO    ]  [cars-for-sale] Page 39/50  offset=1140  collected=1005  total=19543
2026-10-04 08:32:03  [INFO    ]  Fetching details concurrently for 31 listings (workers=4)...
2026-10-04 08:32:07  [INFO    ]  [cars-for-sale] Page 40/50  offset=1170  collected=1036  total=19543
2026-10-04 08:32:08  [INFO    ]  Fetching details concurrently for 30 listings (workers=4)...
2026-10-04 08:32:13  [INFO    ]  [cars-for-sale] Page 41/50  offset=1200  collected=1066  total=19543
2026-10-04 08:32:13  [INFO    ]  Fetching details concurrently for 30 listings (workers=4)...
2026-10-04 08:32:18  [INFO    ]  [cars-for-sale] Page 42/50  offset=1230  collected=1096  total=19543
2026-10-04 08:32:19  [INFO    ]  Fetching details concurrently for 28 listings (workers=4)...
2026-10-04 08:32:22  [INFO    ]  [cars-for-sale] Page 43/50  offset=1260  collected=1124  total=19543
2026-10-04 08:32:23  [INFO    ]  Fetching details concurrently for 30 listings (workers=4)...
2026-10-04 08:32:27  [INFO    ]  [cars-for-sale] Page 44/50  offset=1290  collected=1154  total=19543
2026-10-04 08:32:28  [INFO    ]  Fetching details concurrently for 29 listings (workers=4)...
2026-10-04 08:32:32  [INFO    ]  [cars-for-sale] Page 45/50  offset=1320  collected=1183  total=19543
2026-10-04 08:32:33  [INFO    ]  Fetching details concurrently for 31 listings (workers=4)...
2026-10-04 08:32:37  [INFO    ]  [cars-for-sale] Page 46/50  offset=1350  collected=1214  total=19543
2026-10-04 08:32:38  [INFO    ]  Fetching details concurrently for 30 listings (workers=4)...
2026-10-04 08:32:42  [INFO    ]  [cars-for-sale] Page 47/50  offset=1380  collected=1244  total=19543
2026-10-04 08:32:43  [INFO    ]  Fetching details concurrently for 30 listings (workers=4)...
2026-10-04 08:32:48  [INFO    ]  [cars-for-sale] Page 48/50  offset=1410  collected=1274  total=19543
2026-10-04 08:32:49  [INFO    ]  [cars-for-sale] Page 49/50  offset=1440  collected=1274  total=19543
2026-10-04 08:32:51  [INFO    ]  [cars-for-sale] Page 50/50  offset=1470  collected=1274  total=19543
2026-10-04 08:32:52  [INFO    ]  Fetching details concurrently for 24 listings (workers=4)...
2026-10-04 08:32:55  [INFO    ]  Scrape complete. Collected 1298 records in this batch.
2026-10-04 08:32:55  [INFO    ]  Extraction complete in 232.28s: 1,298 total listings collected.
2026-10-04 08:32:55  [INFO    ]  Batch summary: 1,298 total listings collected (320 new unique IDs, 978 recurring/tracked IDs).
2026-10-04 08:32:55  [INFO    ]  Saved 1298 raw records to Parquet -> data/bronze/cars_2026-10-04.parquet
2026-10-04 08:32:55  [INFO    ]  Saved 1298 full raw records from today's run to CSV -> data/bronze/khmer24_cars.csv
2026-10-04 08:32:55  [INFO    ]  Saved ingestion run manifest -> data/bronze/ingestion_manifest.json
2026-10-04 08:32:55  [INFO    ]  Bronze Parquet -> data/bronze/cars_2026-10-04.parquet
2026-10-04 08:32:55  [INFO    ]  Full Run CSV   -> data/bronze/khmer24_cars.csv
2026-10-04 08:32:55  [INFO    ]  Manifest       -> data/bronze/ingestion_manifest.json
2026-10-04 08:32:55  [INFO    ]  ┌────────────────────────────────────────────────────┐
2026-10-04 08:32:55  [INFO    ]  │  BRONZE INGESTION QUALITY SUMMARY (1,298 records)  │
2026-10-04 08:32:55  [INFO    ]  ├────────────────────────────────────┬───────────────┤
2026-10-04 08:32:55  [INFO    ]  │  Price Field Coverage              │  100.0%       │
2026-10-04 08:32:55  [INFO    ]  │  Brand Field Coverage              │  100.0%       │
2026-10-04 08:32:55  [INFO    ]  │  Model Field Coverage              │   99.5%       │
2026-10-04 08:32:55  [INFO    ]  │  Year Field Coverage               │  100.0%       │
2026-10-04 08:32:55  [INFO    ]  │  Province Field Coverage           │  100.0%       │
2026-10-04 08:32:55  [INFO    ]  │  Mileage Field Coverage            │    0.0%       │
2026-10-04 08:32:55  [INFO    ]  │  Transmission Field Coverage       │   86.7%       │
2026-10-04 08:32:55  [INFO    ]  │  Fuel Type Field Coverage          │   89.7%       │
2026-10-04 08:32:55  [INFO    ]  │  Detail Enrichment Rate            │  100.0%       │
2026-10-04 08:32:55  [INFO    ]  ├────────────────────────────────────┴───────────────┤
2026-10-04 08:32:55  [INFO    ]  │  Cumulative Unique Marketplace IDs :  15,354             │
2026-10-04 08:32:55  [INFO    ]  └────────────────────────────────────────────────────┘
2026-10-04 08:32:55  [INFO    ]  EL stage complete. 1,298 listings processed in this batch.
