2026-10-06 09:01:46  [INFO    ]  =================================================================
2026-10-06 09:01:46  [INFO    ]  Starting Bronze Data Ingestion: 2026-10-06T09:01:46.292608+00:00
2026-10-06 09:01:46  [INFO    ]  Config: category=cars-for-sale, province=ALL, max_pages=50, mode=feed_window, enrich_details=True
2026-10-06 09:01:46  [INFO    ]  =================================================================
2026-10-06 09:01:46  [INFO    ]  [cars-for-sale] Page 1/50  offset=0  collected=0
2026-10-06 09:01:47  [INFO    ]  Fetching details concurrently for 40 listings (workers=4)...
2026-10-06 09:01:51  [INFO    ]  [cars-for-sale] Page 2/50  offset=30  collected=40  total=19597
2026-10-06 09:01:52  [INFO    ]  Fetching details concurrently for 30 listings (workers=4)...
2026-10-06 09:01:56  [INFO    ]  [cars-for-sale] Page 3/50  offset=60  collected=70  total=19597
2026-10-06 09:01:57  [INFO    ]  Fetching details concurrently for 10 listings (workers=4)...
2026-10-06 09:01:58  [INFO    ]  [cars-for-sale] Page 4/50  offset=90  collected=80  total=19597
2026-10-06 09:01:59  [INFO    ]  Fetching details concurrently for 18 listings (workers=4)...
2026-10-06 09:02:02  [INFO    ]  [cars-for-sale] Page 5/50  offset=120  collected=98  total=19597
2026-10-06 09:02:03  [INFO    ]  Fetching details concurrently for 30 listings (workers=4)...
2026-10-06 09:02:06  [INFO    ]  [cars-for-sale] Page 6/50  offset=150  collected=128  total=19597
2026-10-06 09:02:07  [INFO    ]  Fetching details concurrently for 31 listings (workers=4)...
2026-10-06 09:02:11  [INFO    ]  [cars-for-sale] Page 7/50  offset=180  collected=159  total=19597
2026-10-06 09:02:12  [INFO    ]  Fetching details concurrently for 6 listings (workers=4)...
2026-10-06 09:02:13  [INFO    ]  [cars-for-sale] Page 8/50  offset=210  collected=165  total=19597
2026-10-06 09:02:14  [INFO    ]  Fetching details concurrently for 31 listings (workers=4)...
2026-10-06 09:02:18  [INFO    ]  [cars-for-sale] Page 9/50  offset=240  collected=196  total=19597
2026-10-06 09:02:19  [INFO    ]  Fetching details concurrently for 8 listings (workers=4)...
2026-10-06 09:02:20  [INFO    ]  [cars-for-sale] Page 10/50  offset=270  collected=204  total=19597
2026-10-06 09:02:21  [INFO    ]  Fetching details concurrently for 30 listings (workers=4)...
2026-10-06 09:02:25  [INFO    ]  [cars-for-sale] Page 11/50  offset=300  collected=234  total=19597
2026-10-06 09:02:26  [INFO    ]  Fetching details concurrently for 32 listings (workers=4)...
2026-10-06 09:02:30  [INFO    ]  [cars-for-sale] Page 12/50  offset=330  collected=266  total=19597
2026-10-06 09:02:30  [INFO    ]  Fetching details concurrently for 29 listings (workers=4)...
2026-10-06 09:02:34  [INFO    ]  [cars-for-sale] Page 13/50  offset=360  collected=295  total=19597
2026-10-06 09:02:35  [INFO    ]  Fetching details concurrently for 32 listings (workers=4)...
2026-10-06 09:02:39  [INFO    ]  [cars-for-sale] Page 14/50  offset=390  collected=327  total=19597
2026-10-06 09:02:40  [INFO    ]  Fetching details concurrently for 31 listings (workers=4)...
2026-10-06 09:02:43  [INFO    ]  [cars-for-sale] Page 15/50  offset=420  collected=358  total=19597
2026-10-06 09:02:44  [INFO    ]  Fetching details concurrently for 30 listings (workers=4)...
2026-10-06 09:02:48  [INFO    ]  [cars-for-sale] Page 16/50  offset=450  collected=388  total=19597
2026-10-06 09:02:48  [INFO    ]  Fetching details concurrently for 30 listings (workers=4)...
2026-10-06 09:02:52  [INFO    ]  [cars-for-sale] Page 17/50  offset=480  collected=418  total=19597
2026-10-06 09:02:53  [INFO    ]  Fetching details concurrently for 1 listings (workers=4)...
2026-10-06 09:02:54  [INFO    ]  [cars-for-sale] Page 18/50  offset=510  collected=419  total=19597
2026-10-06 09:02:54  [INFO    ]  Fetching details concurrently for 4 listings (workers=4)...
2026-10-06 09:02:56  [INFO    ]  [cars-for-sale] Page 19/50  offset=540  collected=423  total=19597
2026-10-06 09:02:56  [INFO    ]  Fetching details concurrently for 30 listings (workers=4)...
2026-10-06 09:03:00  [INFO    ]  [cars-for-sale] Page 20/50  offset=570  collected=453  total=19597
2026-10-06 09:03:01  [INFO    ]  Fetching details concurrently for 31 listings (workers=4)...
2026-10-06 09:03:05  [INFO    ]  [cars-for-sale] Page 21/50  offset=600  collected=484  total=19597
2026-10-06 09:03:06  [INFO    ]  Fetching details concurrently for 30 listings (workers=4)...
2026-10-06 09:03:09  [INFO    ]  [cars-for-sale] Page 22/50  offset=630  collected=514  total=19597
2026-10-06 09:03:10  [INFO    ]  Fetching details concurrently for 15 listings (workers=4)...
2026-10-06 09:03:12  [INFO    ]  [cars-for-sale] Page 23/50  offset=660  collected=529  total=19597
2026-10-06 09:03:13  [INFO    ]  Fetching details concurrently for 30 listings (workers=4)...
2026-10-06 09:03:17  [INFO    ]  [cars-for-sale] Page 24/50  offset=690  collected=559  total=19597
2026-10-06 09:03:18  [INFO    ]  [cars-for-sale] Page 25/50  offset=720  collected=559  total=19597
2026-10-06 09:03:19  [INFO    ]  Fetching details concurrently for 31 listings (workers=4)...
2026-10-06 09:03:23  [INFO    ]  [cars-for-sale] Page 26/50  offset=750  collected=590  total=19597
2026-10-06 09:03:24  [INFO    ]  Fetching details concurrently for 32 listings (workers=4)...
2026-10-06 09:03:28  [INFO    ]  [cars-for-sale] Page 27/50  offset=780  collected=622  total=19597
2026-10-06 09:03:28  [INFO    ]  Fetching details concurrently for 30 listings (workers=4)...
2026-10-06 09:03:32  [INFO    ]  [cars-for-sale] Page 28/50  offset=810  collected=652  total=19597
2026-10-06 09:03:33  [INFO    ]  Fetching details concurrently for 30 listings (workers=4)...
2026-10-06 09:03:37  [INFO    ]  [cars-for-sale] Page 29/50  offset=840  collected=682  total=19597
2026-10-06 09:03:38  [INFO    ]  Fetching details concurrently for 30 listings (workers=4)...
2026-10-06 09:03:41  [INFO    ]  [cars-for-sale] Page 30/50  offset=870  collected=712  total=19597
2026-10-06 09:03:42  [INFO    ]  Fetching details concurrently for 30 listings (workers=4)...
2026-10-06 09:03:46  [INFO    ]  [cars-for-sale] Page 31/50  offset=900  collected=742  total=19597
2026-10-06 09:03:46  [INFO    ]  Fetching details concurrently for 31 listings (workers=4)...
2026-10-06 09:03:50  [INFO    ]  [cars-for-sale] Page 32/50  offset=930  collected=773  total=19597
2026-10-06 09:03:51  [INFO    ]  Fetching details concurrently for 30 listings (workers=4)...
2026-10-06 09:03:55  [INFO    ]  [cars-for-sale] Page 33/50  offset=960  collected=803  total=19597
2026-10-06 09:03:55  [INFO    ]  Fetching details concurrently for 30 listings (workers=4)...
2026-10-06 09:03:59  [INFO    ]  [cars-for-sale] Page 34/50  offset=990  collected=833  total=19597
2026-10-06 09:04:00  [INFO    ]  Fetching details concurrently for 31 listings (workers=4)...
2026-10-06 09:04:04  [INFO    ]  [cars-for-sale] Page 35/50  offset=1020  collected=864  total=19597
2026-10-06 09:04:05  [INFO    ]  Fetching details concurrently for 30 listings (workers=4)...
2026-10-06 09:04:09  [INFO    ]  [cars-for-sale] Page 36/50  offset=1050  collected=894  total=19597
2026-10-06 09:04:10  [INFO    ]  Fetching details concurrently for 30 listings (workers=4)...
2026-10-06 09:04:13  [INFO    ]  [cars-for-sale] Page 37/50  offset=1080  collected=924  total=19597
2026-10-06 09:04:14  [INFO    ]  Fetching details concurrently for 31 listings (workers=4)...
2026-10-06 09:04:18  [INFO    ]  [cars-for-sale] Page 38/50  offset=1110  collected=955  total=19597
2026-10-06 09:04:18  [INFO    ]  Fetching details concurrently for 30 listings (workers=4)...
2026-10-06 09:04:22  [INFO    ]  [cars-for-sale] Page 39/50  offset=1140  collected=985  total=19597
2026-10-06 09:04:23  [INFO    ]  Fetching details concurrently for 31 listings (workers=4)...
2026-10-06 09:04:27  [INFO    ]  [cars-for-sale] Page 40/50  offset=1170  collected=1016  total=19597
2026-10-06 09:04:27  [INFO    ]  Fetching details concurrently for 30 listings (workers=4)...
2026-10-06 09:04:31  [INFO    ]  [cars-for-sale] Page 41/50  offset=1200  collected=1046  total=19597
2026-10-06 09:04:32  [INFO    ]  Fetching details concurrently for 30 listings (workers=4)...
2026-10-06 09:04:36  [INFO    ]  [cars-for-sale] Page 42/50  offset=1230  collected=1076  total=19597
2026-10-06 09:04:36  [INFO    ]  Fetching details concurrently for 28 listings (workers=4)...
2026-10-06 09:04:40  [INFO    ]  [cars-for-sale] Page 43/50  offset=1260  collected=1104  total=19597
2026-10-06 09:04:41  [INFO    ]  Fetching details concurrently for 30 listings (workers=4)...
2026-10-06 09:04:44  [INFO    ]  [cars-for-sale] Page 44/50  offset=1290  collected=1134  total=19597
2026-10-06 09:04:45  [INFO    ]  Fetching details concurrently for 31 listings (workers=4)...
2026-10-06 09:04:49  [INFO    ]  [cars-for-sale] Page 45/50  offset=1320  collected=1165  total=19597
2026-10-06 09:04:50  [INFO    ]  Fetching details concurrently for 30 listings (workers=4)...
2026-10-06 09:04:53  [INFO    ]  [cars-for-sale] Page 46/50  offset=1350  collected=1195  total=19597
2026-10-06 09:04:54  [INFO    ]  Fetching details concurrently for 30 listings (workers=4)...
2026-10-06 09:04:57  [INFO    ]  [cars-for-sale] Page 47/50  offset=1380  collected=1225  total=19597
2026-10-06 09:04:58  [INFO    ]  Fetching details concurrently for 31 listings (workers=4)...
2026-10-06 09:05:02  [INFO    ]  [cars-for-sale] Page 48/50  offset=1410  collected=1256  total=19597
2026-10-06 09:05:03  [INFO    ]  Fetching details concurrently for 30 listings (workers=4)...
2026-10-06 09:05:07  [INFO    ]  [cars-for-sale] Page 49/50  offset=1440  collected=1286  total=19597
2026-10-06 09:05:08  [INFO    ]  Fetching details concurrently for 31 listings (workers=4)...
2026-10-06 09:05:13  [INFO    ]  [cars-for-sale] Page 50/50  offset=1470  collected=1317  total=19597
2026-10-06 09:05:13  [INFO    ]  Fetching details concurrently for 30 listings (workers=4)...
2026-10-06 09:05:18  [INFO    ]  Scrape complete. Collected 1347 records in this batch.
2026-10-06 09:05:18  [INFO    ]  Extraction complete in 211.84s: 1,347 total listings collected.
2026-10-06 09:05:18  [INFO    ]  Batch summary: 1,347 total listings collected (390 new unique IDs, 957 recurring/tracked IDs).
2026-10-06 09:05:18  [INFO    ]  Saved 1347 raw records to Parquet -> data/bronze/cars_2026-10-06.parquet
2026-10-06 09:05:18  [INFO    ]  Saved 1347 full raw records from today's run to CSV -> data/bronze/khmer24_cars.csv
2026-10-06 09:05:18  [INFO    ]  Saved ingestion run manifest -> data/bronze/ingestion_manifest.json
2026-10-06 09:05:18  [INFO    ]  Bronze Parquet -> data/bronze/cars_2026-10-06.parquet
2026-10-06 09:05:18  [INFO    ]  Full Run CSV   -> data/bronze/khmer24_cars.csv
2026-10-06 09:05:18  [INFO    ]  Manifest       -> data/bronze/ingestion_manifest.json
2026-10-06 09:05:18  [INFO    ]  ┌────────────────────────────────────────────────────┐
2026-10-06 09:05:18  [INFO    ]  │  BRONZE INGESTION QUALITY SUMMARY (1,347 records)  │
2026-10-06 09:05:18  [INFO    ]  ├────────────────────────────────────┬───────────────┤
2026-10-06 09:05:18  [INFO    ]  │  Price Field Coverage              │  100.0%       │
2026-10-06 09:05:18  [INFO    ]  │  Brand Field Coverage              │  100.0%       │
2026-10-06 09:05:18  [INFO    ]  │  Model Field Coverage              │   99.3%       │
2026-10-06 09:05:18  [INFO    ]  │  Year Field Coverage               │  100.0%       │
2026-10-06 09:05:18  [INFO    ]  │  Province Field Coverage           │  100.0%       │
2026-10-06 09:05:18  [INFO    ]  │  Mileage Field Coverage            │    0.0%       │
2026-10-06 09:05:18  [INFO    ]  │  Transmission Field Coverage       │   85.3%       │
2026-10-06 09:05:18  [INFO    ]  │  Fuel Type Field Coverage          │   87.1%       │
2026-10-06 09:05:18  [INFO    ]  │  Detail Enrichment Rate            │  100.0%       │
2026-10-06 09:05:18  [INFO    ]  ├────────────────────────────────────┴───────────────┤
2026-10-06 09:05:18  [INFO    ]  │  Cumulative Unique Marketplace IDs :  16,113             │
2026-10-06 09:05:18  [INFO    ]  └────────────────────────────────────────────────────┘
2026-10-06 09:05:18  [INFO    ]  EL stage complete. 1,347 listings processed in this batch.
