2026-09-18 07:26:03  [INFO    ]  =================================================================
2026-09-18 07:26:03  [INFO    ]  Starting Bronze Data Ingestion: 2026-09-18T07:26:03.005610+00:00
2026-09-18 07:26:03  [INFO    ]  Config: category=cars-for-sale, province=ALL, max_pages=50, mode=feed_window, enrich_details=True
2026-09-18 07:26:03  [INFO    ]  =================================================================
2026-09-18 07:26:03  [INFO    ]  [cars-for-sale] Page 1/50  offset=0  collected=0
2026-09-18 07:26:04  [INFO    ]  Fetching details concurrently for 40 listings (workers=4)...
2026-09-18 07:26:09  [INFO    ]  [cars-for-sale] Page 2/50  offset=30  collected=40  total=19710
2026-09-18 07:26:09  [INFO    ]  Fetching details concurrently for 21 listings (workers=4)...
2026-09-18 07:26:13  [INFO    ]  [cars-for-sale] Page 3/50  offset=60  collected=61  total=19710
2026-09-18 07:26:13  [INFO    ]  Fetching details concurrently for 20 listings (workers=4)...
2026-09-18 07:26:16  [INFO    ]  [cars-for-sale] Page 4/50  offset=90  collected=81  total=19710
2026-09-18 07:26:17  [INFO    ]  Fetching details concurrently for 24 listings (workers=4)...
2026-09-18 07:26:20  [INFO    ]  [cars-for-sale] Page 5/50  offset=120  collected=105  total=19710
2026-09-18 07:26:20  [INFO    ]  Fetching details concurrently for 32 listings (workers=4)...
2026-09-18 07:26:26  [INFO    ]  [cars-for-sale] Page 6/50  offset=150  collected=137  total=19710
2026-09-18 07:26:27  [INFO    ]  Fetching details concurrently for 30 listings (workers=4)...
2026-09-18 07:26:31  [INFO    ]  [cars-for-sale] Page 7/50  offset=180  collected=167  total=19710
2026-09-18 07:26:32  [INFO    ]  Fetching details concurrently for 26 listings (workers=4)...
2026-09-18 07:26:36  [INFO    ]  [cars-for-sale] Page 8/50  offset=210  collected=193  total=19710
2026-09-18 07:26:36  [INFO    ]  Fetching details concurrently for 26 listings (workers=4)...
2026-09-18 07:26:40  [INFO    ]  [cars-for-sale] Page 9/50  offset=240  collected=219  total=19710
2026-09-18 07:26:40  [INFO    ]  Fetching details concurrently for 30 listings (workers=4)...
2026-09-18 07:26:45  [INFO    ]  [cars-for-sale] Page 10/50  offset=270  collected=249  total=19710
2026-09-18 07:26:45  [INFO    ]  Fetching details concurrently for 30 listings (workers=4)...
2026-09-18 07:26:50  [INFO    ]  [cars-for-sale] Page 11/50  offset=300  collected=279  total=19710
2026-09-18 07:26:50  [INFO    ]  Fetching details concurrently for 31 listings (workers=4)...
2026-09-18 07:26:55  [INFO    ]  [cars-for-sale] Page 12/50  offset=330  collected=310  total=19710
2026-09-18 07:26:55  [INFO    ]  Fetching details concurrently for 30 listings (workers=4)...
2026-09-18 07:27:00  [INFO    ]  [cars-for-sale] Page 13/50  offset=360  collected=340  total=19710
2026-09-18 07:27:00  [INFO    ]  Fetching details concurrently for 30 listings (workers=4)...
2026-09-18 07:27:05  [INFO    ]  [cars-for-sale] Page 14/50  offset=390  collected=370  total=19710
2026-09-18 07:27:06  [INFO    ]  Fetching details concurrently for 31 listings (workers=4)...
2026-09-18 07:27:10  [INFO    ]  [cars-for-sale] Page 15/50  offset=420  collected=401  total=19710
2026-09-18 07:27:11  [INFO    ]  Fetching details concurrently for 32 listings (workers=4)...
2026-09-18 07:27:15  [INFO    ]  [cars-for-sale] Page 16/50  offset=450  collected=433  total=19710
2026-09-18 07:27:15  [INFO    ]  Fetching details concurrently for 30 listings (workers=4)...
2026-09-18 07:27:20  [INFO    ]  [cars-for-sale] Page 17/50  offset=480  collected=463  total=19710
2026-09-18 07:27:20  [INFO    ]  Fetching details concurrently for 30 listings (workers=4)...
2026-09-18 07:27:24  [INFO    ]  [cars-for-sale] Page 18/50  offset=510  collected=493  total=19710
2026-09-18 07:27:25  [INFO    ]  Fetching details concurrently for 13 listings (workers=4)...
2026-09-18 07:27:27  [INFO    ]  [cars-for-sale] Page 19/50  offset=540  collected=506  total=19710
2026-09-18 07:27:28  [INFO    ]  Fetching details concurrently for 1 listings (workers=4)...
2026-09-18 07:27:29  [INFO    ]  [cars-for-sale] Page 20/50  offset=570  collected=507  total=19710
2026-09-18 07:27:29  [INFO    ]  Fetching details concurrently for 17 listings (workers=4)...
2026-09-18 07:27:32  [INFO    ]  [cars-for-sale] Page 21/50  offset=600  collected=524  total=19710
2026-09-18 07:27:33  [INFO    ]  Fetching details concurrently for 30 listings (workers=4)...
2026-09-18 07:27:37  [INFO    ]  [cars-for-sale] Page 22/50  offset=630  collected=554  total=19710
2026-09-18 07:27:38  [INFO    ]  Fetching details concurrently for 30 listings (workers=4)...
2026-09-18 07:27:42  [INFO    ]  [cars-for-sale] Page 23/50  offset=660  collected=584  total=19710
2026-09-18 07:27:43  [INFO    ]  Fetching details concurrently for 30 listings (workers=4)...
2026-09-18 07:27:47  [INFO    ]  [cars-for-sale] Page 24/50  offset=690  collected=614  total=19710
2026-09-18 07:27:47  [INFO    ]  Fetching details concurrently for 30 listings (workers=4)...
2026-09-18 07:27:51  [INFO    ]  [cars-for-sale] Page 25/50  offset=720  collected=644  total=19710
2026-09-18 07:27:52  [INFO    ]  Fetching details concurrently for 31 listings (workers=4)...
2026-09-18 07:27:56  [INFO    ]  [cars-for-sale] Page 26/50  offset=750  collected=675  total=19710
2026-09-18 07:27:57  [INFO    ]  Fetching details concurrently for 31 listings (workers=4)...
2026-09-18 07:28:00  [INFO    ]  [cars-for-sale] Page 27/50  offset=780  collected=706  total=19710
2026-09-18 07:28:02  [INFO    ]  [cars-for-sale] Page 28/50  offset=810  collected=706  total=19710
2026-09-18 07:28:02  [INFO    ]  [cars-for-sale] Page 29/50  offset=840  collected=706  total=19710
2026-09-18 07:28:03  [INFO    ]  Fetching details concurrently for 10 listings (workers=4)...
2026-09-18 07:28:05  [INFO    ]  [cars-for-sale] Page 30/50  offset=870  collected=716  total=19710
2026-09-18 07:28:06  [INFO    ]  Fetching details concurrently for 29 listings (workers=4)...
2026-09-18 07:28:10  [INFO    ]  [cars-for-sale] Page 31/50  offset=900  collected=745  total=19710
2026-09-18 07:28:11  [INFO    ]  Fetching details concurrently for 31 listings (workers=4)...
2026-09-18 07:28:15  [INFO    ]  [cars-for-sale] Page 32/50  offset=930  collected=776  total=19710
2026-09-18 07:28:16  [INFO    ]  Fetching details concurrently for 30 listings (workers=4)...
2026-09-18 07:28:19  [INFO    ]  [cars-for-sale] Page 33/50  offset=960  collected=806  total=19710
2026-09-18 07:28:20  [INFO    ]  Fetching details concurrently for 31 listings (workers=4)...
2026-09-18 07:28:25  [INFO    ]  [cars-for-sale] Page 34/50  offset=990  collected=837  total=19710
2026-09-18 07:28:26  [INFO    ]  Fetching details concurrently for 30 listings (workers=4)...
2026-09-18 07:28:29  [INFO    ]  [cars-for-sale] Page 35/50  offset=1020  collected=867  total=19710
2026-09-18 07:28:30  [INFO    ]  Fetching details concurrently for 29 listings (workers=4)...
2026-09-18 07:28:34  [INFO    ]  [cars-for-sale] Page 36/50  offset=1050  collected=896  total=19710
2026-09-18 07:28:35  [INFO    ]  Fetching details concurrently for 27 listings (workers=4)...
2026-09-18 07:28:38  [INFO    ]  [cars-for-sale] Page 37/50  offset=1080  collected=923  total=19710
2026-09-18 07:28:39  [INFO    ]  Fetching details concurrently for 32 listings (workers=4)...
2026-09-18 07:28:44  [INFO    ]  [cars-for-sale] Page 38/50  offset=1110  collected=955  total=19710
2026-09-18 07:28:45  [INFO    ]  Fetching details concurrently for 30 listings (workers=4)...
2026-09-18 07:28:49  [INFO    ]  [cars-for-sale] Page 39/50  offset=1140  collected=985  total=19710
2026-09-18 07:28:50  [INFO    ]  Fetching details concurrently for 31 listings (workers=4)...
2026-09-18 07:28:54  [INFO    ]  [cars-for-sale] Page 40/50  offset=1170  collected=1016  total=19710
2026-09-18 07:28:54  [INFO    ]  Fetching details concurrently for 30 listings (workers=4)...
2026-09-18 07:28:58  [INFO    ]  [cars-for-sale] Page 41/50  offset=1200  collected=1046  total=19710
2026-09-18 07:28:59  [INFO    ]  Fetching details concurrently for 30 listings (workers=4)...
2026-09-18 07:29:03  [INFO    ]  [cars-for-sale] Page 42/50  offset=1230  collected=1076  total=19710
2026-09-18 07:29:04  [INFO    ]  Fetching details concurrently for 30 listings (workers=4)...
2026-09-18 07:29:07  [INFO    ]  [cars-for-sale] Page 43/50  offset=1260  collected=1106  total=19710
2026-09-18 07:29:08  [INFO    ]  Fetching details concurrently for 31 listings (workers=4)...
2026-09-18 07:29:13  [INFO    ]  [cars-for-sale] Page 44/50  offset=1290  collected=1137  total=19710
2026-09-18 07:29:14  [INFO    ]  Fetching details concurrently for 30 listings (workers=4)...
2026-09-18 07:29:18  [INFO    ]  [cars-for-sale] Page 45/50  offset=1320  collected=1167  total=19710
2026-09-18 07:29:18  [INFO    ]  Fetching details concurrently for 30 listings (workers=4)...
2026-09-18 07:29:22  [INFO    ]  [cars-for-sale] Page 46/50  offset=1350  collected=1197  total=19710
2026-09-18 07:29:23  [INFO    ]  Fetching details concurrently for 30 listings (workers=4)...
2026-09-18 07:29:27  [INFO    ]  [cars-for-sale] Page 47/50  offset=1380  collected=1227  total=19710
2026-09-18 07:29:28  [INFO    ]  Fetching details concurrently for 30 listings (workers=4)...
2026-09-18 07:29:32  [INFO    ]  [cars-for-sale] Page 48/50  offset=1410  collected=1257  total=19710
2026-09-18 07:29:33  [INFO    ]  Fetching details concurrently for 29 listings (workers=4)...
2026-09-18 07:29:36  [INFO    ]  [cars-for-sale] Page 49/50  offset=1440  collected=1286  total=19710
2026-09-18 07:29:37  [INFO    ]  Fetching details concurrently for 30 listings (workers=4)...
2026-09-18 07:29:44  [INFO    ]  [cars-for-sale] Page 50/50  offset=1470  collected=1316  total=19710
2026-09-18 07:29:45  [INFO    ]  Fetching details concurrently for 32 listings (workers=4)...
2026-09-18 07:29:49  [INFO    ]  Scrape complete. Collected 1348 records in this batch.
2026-09-18 07:29:49  [INFO    ]  Extraction complete in 226.73s: 1,348 total listings collected.
2026-09-18 07:29:49  [INFO    ]  Batch summary: 1,348 total listings collected (400 new unique IDs, 948 recurring/tracked IDs).
2026-09-18 07:29:49  [INFO    ]  Saved 1348 raw records to Parquet -> data/bronze/cars_2026-09-18.parquet
2026-09-18 07:29:49  [INFO    ]  Saved 1348 full raw records from today's run to CSV -> data/bronze/khmer24_cars.csv
2026-09-18 07:29:49  [INFO    ]  Saved ingestion run manifest -> data/bronze/ingestion_manifest.json
2026-09-18 07:29:49  [INFO    ]  Bronze Parquet -> data/bronze/cars_2026-09-18.parquet
2026-09-18 07:29:49  [INFO    ]  Full Run CSV   -> data/bronze/khmer24_cars.csv
2026-09-18 07:29:49  [INFO    ]  Manifest       -> data/bronze/ingestion_manifest.json
2026-09-18 07:29:49  [INFO    ]  ┌────────────────────────────────────────────────────┐
2026-09-18 07:29:49  [INFO    ]  │  BRONZE INGESTION QUALITY SUMMARY (1,348 records)  │
2026-09-18 07:29:49  [INFO    ]  ├────────────────────────────────────┬───────────────┤
2026-09-18 07:29:49  [INFO    ]  │  Price Field Coverage              │  100.0%       │
2026-09-18 07:29:49  [INFO    ]  │  Brand Field Coverage              │  100.0%       │
2026-09-18 07:29:49  [INFO    ]  │  Model Field Coverage              │   99.6%       │
2026-09-18 07:29:49  [INFO    ]  │  Year Field Coverage               │   99.9%       │
2026-09-18 07:29:49  [INFO    ]  │  Province Field Coverage           │  100.0%       │
2026-09-18 07:29:49  [INFO    ]  │  Mileage Field Coverage            │    0.0%       │
2026-09-18 07:29:49  [INFO    ]  │  Transmission Field Coverage       │   86.9%       │
2026-09-18 07:29:49  [INFO    ]  │  Fuel Type Field Coverage          │   88.1%       │
2026-09-18 07:29:49  [INFO    ]  │  Detail Enrichment Rate            │  100.0%       │
2026-09-18 07:29:49  [INFO    ]  ├────────────────────────────────────┴───────────────┤
2026-09-18 07:29:49  [INFO    ]  │  Cumulative Unique Marketplace IDs :  9,270              │
2026-09-18 07:29:49  [INFO    ]  └────────────────────────────────────────────────────┘
2026-09-18 07:29:49  [INFO    ]  EL stage complete. 1,348 listings processed in this batch.
