2026-09-11 08:33:11  [INFO    ]  =================================================================
2026-09-11 08:33:11  [INFO    ]  Starting Bronze Data Ingestion: 2026-09-11T08:33:11.519487+00:00
2026-09-11 08:33:11  [INFO    ]  Config: category=cars-for-sale, province=ALL, max_pages=50, mode=feed_window, enrich_details=True
2026-09-11 08:33:11  [INFO    ]  =================================================================
2026-09-11 08:33:11  [INFO    ]  [cars-for-sale] Page 1/50  offset=0  collected=0
2026-09-11 08:33:13  [INFO    ]  Fetching details concurrently for 40 listings (workers=4)...
2026-09-11 08:33:18  [INFO    ]  [cars-for-sale] Page 2/50  offset=30  collected=40  total=19936
2026-09-11 08:33:19  [INFO    ]  Fetching details concurrently for 23 listings (workers=4)...
2026-09-11 08:33:23  [INFO    ]  [cars-for-sale] Page 3/50  offset=60  collected=63  total=19936
2026-09-11 08:33:24  [INFO    ]  Fetching details concurrently for 23 listings (workers=4)...
2026-09-11 08:33:27  [INFO    ]  [cars-for-sale] Page 4/50  offset=90  collected=86  total=19936
2026-09-11 08:33:28  [INFO    ]  Fetching details concurrently for 24 listings (workers=4)...
2026-09-11 08:33:32  [INFO    ]  [cars-for-sale] Page 5/50  offset=120  collected=110  total=19936
2026-09-11 08:33:33  [INFO    ]  Fetching details concurrently for 25 listings (workers=4)...
2026-09-11 08:33:37  [INFO    ]  [cars-for-sale] Page 6/50  offset=150  collected=135  total=19936
2026-09-11 08:33:38  [INFO    ]  Fetching details concurrently for 29 listings (workers=4)...
2026-09-11 08:33:42  [INFO    ]  [cars-for-sale] Page 7/50  offset=180  collected=164  total=19936
2026-09-11 08:33:43  [INFO    ]  Fetching details concurrently for 30 listings (workers=4)...
2026-09-11 08:33:48  [INFO    ]  [cars-for-sale] Page 8/50  offset=210  collected=194  total=19936
2026-09-11 08:33:49  [INFO    ]  Fetching details concurrently for 31 listings (workers=4)...
2026-09-11 08:33:53  [INFO    ]  [cars-for-sale] Page 9/50  offset=240  collected=225  total=19936
2026-09-11 08:33:54  [INFO    ]  Fetching details concurrently for 30 listings (workers=4)...
2026-09-11 08:33:58  [INFO    ]  [cars-for-sale] Page 10/50  offset=270  collected=255  total=19936
2026-09-11 08:33:59  [INFO    ]  Fetching details concurrently for 12 listings (workers=4)...
2026-09-11 08:34:02  [INFO    ]  [cars-for-sale] Page 11/50  offset=300  collected=267  total=19936
2026-09-11 08:34:03  [INFO    ]  Fetching details concurrently for 31 listings (workers=4)...
2026-09-11 08:34:07  [INFO    ]  [cars-for-sale] Page 12/50  offset=330  collected=298  total=19936
2026-09-11 08:34:08  [INFO    ]  Fetching details concurrently for 23 listings (workers=4)...
2026-09-11 08:34:13  [INFO    ]  [cars-for-sale] Page 13/50  offset=360  collected=321  total=19936
2026-09-11 08:34:14  [INFO    ]  Fetching details concurrently for 2 listings (workers=4)...
2026-09-11 08:34:15  [INFO    ]  [cars-for-sale] Page 14/50  offset=390  collected=323  total=19936
2026-09-11 08:34:16  [INFO    ]  Fetching details concurrently for 29 listings (workers=4)...
2026-09-11 08:34:21  [INFO    ]  [cars-for-sale] Page 15/50  offset=420  collected=352  total=19936
2026-09-11 08:34:22  [INFO    ]  Fetching details concurrently for 31 listings (workers=4)...
2026-09-11 08:34:27  [INFO    ]  [cars-for-sale] Page 16/50  offset=450  collected=383  total=19936
2026-09-11 08:34:28  [INFO    ]  Fetching details concurrently for 31 listings (workers=4)...
2026-09-11 08:34:32  [INFO    ]  [cars-for-sale] Page 17/50  offset=480  collected=414  total=19936
2026-09-11 08:34:33  [INFO    ]  Fetching details concurrently for 30 listings (workers=4)...
2026-09-11 08:34:38  [INFO    ]  [cars-for-sale] Page 18/50  offset=510  collected=444  total=19936
2026-09-11 08:34:39  [INFO    ]  Fetching details concurrently for 30 listings (workers=4)...
2026-09-11 08:34:44  [INFO    ]  [cars-for-sale] Page 19/50  offset=540  collected=474  total=19936
2026-09-11 08:34:45  [INFO    ]  Fetching details concurrently for 23 listings (workers=4)...
2026-09-11 08:34:48  [INFO    ]  [cars-for-sale] Page 20/50  offset=570  collected=497  total=19936
2026-09-11 08:34:49  [INFO    ]  Fetching details concurrently for 30 listings (workers=4)...
2026-09-11 08:34:53  [INFO    ]  [cars-for-sale] Page 21/50  offset=600  collected=527  total=19936
2026-09-11 08:34:54  [INFO    ]  Fetching details concurrently for 28 listings (workers=4)...
2026-09-11 08:34:58  [INFO    ]  [cars-for-sale] Page 22/50  offset=630  collected=555  total=19936
2026-09-11 08:34:59  [INFO    ]  Fetching details concurrently for 30 listings (workers=4)...
2026-09-11 08:35:07  [INFO    ]  [cars-for-sale] Page 23/50  offset=660  collected=585  total=19936
2026-09-11 08:35:08  [INFO    ]  Fetching details concurrently for 19 listings (workers=4)...
2026-09-11 08:35:11  [INFO    ]  [cars-for-sale] Page 24/50  offset=690  collected=604  total=19936
2026-09-11 08:35:13  [INFO    ]  [cars-for-sale] Page 25/50  offset=720  collected=604  total=19936
2026-09-11 08:35:13  [INFO    ]  Fetching details concurrently for 27 listings (workers=4)...
2026-09-11 08:35:18  [INFO    ]  [cars-for-sale] Page 26/50  offset=750  collected=631  total=19936
2026-09-11 08:35:19  [INFO    ]  Fetching details concurrently for 28 listings (workers=4)...
2026-09-11 08:35:24  [INFO    ]  [cars-for-sale] Page 27/50  offset=780  collected=659  total=19936
2026-09-11 08:35:25  [INFO    ]  Fetching details concurrently for 30 listings (workers=4)...
2026-09-11 08:35:30  [INFO    ]  [cars-for-sale] Page 28/50  offset=810  collected=689  total=19936
2026-09-11 08:35:31  [INFO    ]  Fetching details concurrently for 29 listings (workers=4)...
2026-09-11 08:35:36  [INFO    ]  [cars-for-sale] Page 29/50  offset=840  collected=718  total=19936
2026-09-11 08:35:37  [INFO    ]  Fetching details concurrently for 31 listings (workers=4)...
2026-09-11 08:35:41  [INFO    ]  [cars-for-sale] Page 30/50  offset=870  collected=749  total=19936
2026-09-11 08:35:42  [INFO    ]  Fetching details concurrently for 24 listings (workers=4)...
2026-09-11 08:35:46  [INFO    ]  [cars-for-sale] Page 31/50  offset=900  collected=773  total=19936
2026-09-11 08:35:47  [INFO    ]  Fetching details concurrently for 22 listings (workers=4)...
2026-09-11 08:35:50  [INFO    ]  [cars-for-sale] Page 32/50  offset=930  collected=795  total=19936
2026-09-11 08:35:51  [INFO    ]  Fetching details concurrently for 31 listings (workers=4)...
2026-09-11 08:35:56  [INFO    ]  [cars-for-sale] Page 33/50  offset=960  collected=826  total=19936
2026-09-11 08:35:57  [INFO    ]  Fetching details concurrently for 21 listings (workers=4)...
2026-09-11 08:36:00  [INFO    ]  [cars-for-sale] Page 34/50  offset=990  collected=847  total=19936
2026-09-11 08:36:01  [INFO    ]  Fetching details concurrently for 30 listings (workers=4)...
2026-09-11 08:36:06  [INFO    ]  [cars-for-sale] Page 35/50  offset=1020  collected=877  total=19936
2026-09-11 08:36:07  [INFO    ]  Fetching details concurrently for 30 listings (workers=4)...
2026-09-11 08:36:12  [INFO    ]  [cars-for-sale] Page 36/50  offset=1050  collected=907  total=19936
2026-09-11 08:36:13  [INFO    ]  Fetching details concurrently for 23 listings (workers=4)...
2026-09-11 08:36:17  [INFO    ]  [cars-for-sale] Page 37/50  offset=1080  collected=930  total=19936
2026-09-11 08:36:18  [INFO    ]  Fetching details concurrently for 30 listings (workers=4)...
2026-09-11 08:36:22  [INFO    ]  [cars-for-sale] Page 38/50  offset=1110  collected=960  total=19936
2026-09-11 08:36:23  [INFO    ]  Fetching details concurrently for 30 listings (workers=4)...
2026-09-11 08:36:27  [INFO    ]  [cars-for-sale] Page 39/50  offset=1140  collected=990  total=19936
2026-09-11 08:36:28  [INFO    ]  Fetching details concurrently for 30 listings (workers=4)...
2026-09-11 08:36:34  [INFO    ]  [cars-for-sale] Page 40/50  offset=1170  collected=1020  total=19936
2026-09-11 08:36:35  [INFO    ]  Fetching details concurrently for 30 listings (workers=4)...
2026-09-11 08:36:39  [INFO    ]  [cars-for-sale] Page 41/50  offset=1200  collected=1050  total=19936
2026-09-11 08:36:40  [INFO    ]  Fetching details concurrently for 30 listings (workers=4)...
2026-09-11 08:36:44  [INFO    ]  [cars-for-sale] Page 42/50  offset=1230  collected=1080  total=19936
2026-09-11 08:36:45  [INFO    ]  Fetching details concurrently for 23 listings (workers=4)...
2026-09-11 08:36:48  [INFO    ]  [cars-for-sale] Page 43/50  offset=1260  collected=1103  total=19936
2026-09-11 08:36:49  [INFO    ]  Fetching details concurrently for 29 listings (workers=4)...
2026-09-11 08:36:53  [INFO    ]  [cars-for-sale] Page 44/50  offset=1290  collected=1132  total=19936
2026-09-11 08:36:54  [INFO    ]  Fetching details concurrently for 25 listings (workers=4)...
2026-09-11 08:36:58  [INFO    ]  [cars-for-sale] Page 45/50  offset=1320  collected=1157  total=19936
2026-09-11 08:36:59  [INFO    ]  Fetching details concurrently for 30 listings (workers=4)...
2026-09-11 08:37:03  [INFO    ]  [cars-for-sale] Page 46/50  offset=1350  collected=1187  total=19936
2026-09-11 08:37:04  [INFO    ]  Fetching details concurrently for 28 listings (workers=4)...
2026-09-11 08:37:07  [INFO    ]  [cars-for-sale] Page 47/50  offset=1380  collected=1215  total=19936
2026-09-11 08:37:09  [INFO    ]  [cars-for-sale] Page 48/50  offset=1410  collected=1215  total=19936
2026-09-11 08:37:10  [INFO    ]  [cars-for-sale] Page 49/50  offset=1440  collected=1215  total=19936
2026-09-11 08:37:11  [INFO    ]  Fetching details concurrently for 21 listings (workers=4)...
2026-09-11 08:37:14  [INFO    ]  [cars-for-sale] Page 50/50  offset=1470  collected=1236  total=19936
2026-09-11 08:37:15  [INFO    ]  Fetching details concurrently for 25 listings (workers=4)...
2026-09-11 08:37:18  [INFO    ]  Scrape complete. Collected 1261 records in this batch.
2026-09-11 08:37:18  [INFO    ]  Extraction complete in 246.95s: 1,261 total listings collected.
2026-09-11 08:37:18  [INFO    ]  Batch summary: 1,261 total listings collected (502 new unique IDs, 759 recurring/tracked IDs).
2026-09-11 08:37:18  [INFO    ]  Saved 1261 raw records to Parquet -> data/bronze/cars_2026-09-11.parquet
2026-09-11 08:37:18  [INFO    ]  Saved 1261 full raw records from today's run to CSV -> data/bronze/khmer24_cars.csv
2026-09-11 08:37:18  [INFO    ]  Saved ingestion run manifest -> data/bronze/ingestion_manifest.json
2026-09-11 08:37:18  [INFO    ]  Bronze Parquet -> data/bronze/cars_2026-09-11.parquet
2026-09-11 08:37:18  [INFO    ]  Full Run CSV   -> data/bronze/khmer24_cars.csv
2026-09-11 08:37:18  [INFO    ]  Manifest       -> data/bronze/ingestion_manifest.json
2026-09-11 08:37:18  [INFO    ]  ┌────────────────────────────────────────────────────┐
2026-09-11 08:37:18  [INFO    ]  │  BRONZE INGESTION QUALITY SUMMARY (1,261 records)  │
2026-09-11 08:37:18  [INFO    ]  ├────────────────────────────────────┬───────────────┤
2026-09-11 08:37:18  [INFO    ]  │  Price Field Coverage              │  100.0%       │
2026-09-11 08:37:18  [INFO    ]  │  Brand Field Coverage              │   99.9%       │
2026-09-11 08:37:18  [INFO    ]  │  Model Field Coverage              │   99.1%       │
2026-09-11 08:37:18  [INFO    ]  │  Year Field Coverage               │   99.9%       │
2026-09-11 08:37:18  [INFO    ]  │  Province Field Coverage           │  100.0%       │
2026-09-11 08:37:18  [INFO    ]  │  Mileage Field Coverage            │    0.0%       │
2026-09-11 08:37:18  [INFO    ]  │  Transmission Field Coverage       │   85.9%       │
2026-09-11 08:37:18  [INFO    ]  │  Fuel Type Field Coverage          │   86.1%       │
2026-09-11 08:37:18  [INFO    ]  │  Detail Enrichment Rate            │  100.0%       │
2026-09-11 08:37:18  [INFO    ]  ├────────────────────────────────────┴───────────────┤
2026-09-11 08:37:18  [INFO    ]  │  Cumulative Unique Marketplace IDs :  6,620              │
2026-09-11 08:37:18  [INFO    ]  └────────────────────────────────────────────────────┘
2026-09-11 08:37:18  [INFO    ]  EL stage complete. 1,261 listings processed in this batch.
