2026-09-09 07:24:50  [INFO    ]  =================================================================
2026-09-09 07:24:50  [INFO    ]  Starting Bronze Data Ingestion: 2026-09-09T07:24:50.098974+00:00
2026-09-09 07:24:50  [INFO    ]  Config: category=cars-for-sale, province=ALL, max_pages=50, mode=feed_window, enrich_details=True
2026-09-09 07:24:50  [INFO    ]  =================================================================
2026-09-09 07:24:50  [INFO    ]  Cloudflare Worker relay enabled.
2026-09-09 07:24:50  [INFO    ]  [cars-for-sale] Page 1/50  offset=0  collected=0
2026-09-09 07:24:51  [INFO    ]  Fetching details concurrently for 40 listings (workers=4)...
2026-09-09 07:25:01  [INFO    ]  [cars-for-sale] Page 2/50  offset=30  collected=40  total=19911
2026-09-09 07:25:02  [INFO    ]  Fetching details concurrently for 25 listings (workers=4)...
2026-09-09 07:25:10  [INFO    ]  [cars-for-sale] Page 3/50  offset=60  collected=65  total=19911
2026-09-09 07:25:11  [INFO    ]  Fetching details concurrently for 21 listings (workers=4)...
2026-09-09 07:25:18  [INFO    ]  [cars-for-sale] Page 4/50  offset=90  collected=86  total=19911
2026-09-09 07:25:19  [INFO    ]  Fetching details concurrently for 18 listings (workers=4)...
2026-09-09 07:25:23  [INFO    ]  [cars-for-sale] Page 5/50  offset=120  collected=104  total=19911
2026-09-09 07:25:24  [INFO    ]  Fetching details concurrently for 30 listings (workers=4)...
2026-09-09 07:25:33  [INFO    ]  [cars-for-sale] Page 6/50  offset=150  collected=134  total=19911
2026-09-09 07:25:34  [INFO    ]  Fetching details concurrently for 30 listings (workers=4)...
2026-09-09 07:25:41  [INFO    ]  [cars-for-sale] Page 7/50  offset=180  collected=164  total=19911
2026-09-09 07:25:42  [INFO    ]  Fetching details concurrently for 27 listings (workers=4)...
2026-09-09 07:25:48  [INFO    ]  [cars-for-sale] Page 8/50  offset=210  collected=191  total=19911
2026-09-09 07:25:49  [INFO    ]  Fetching details concurrently for 27 listings (workers=4)...
2026-09-09 07:25:57  [INFO    ]  [cars-for-sale] Page 9/50  offset=240  collected=218  total=19911
2026-09-09 07:25:58  [INFO    ]  Fetching details concurrently for 3 listings (workers=4)...
2026-09-09 07:26:00  [INFO    ]  [cars-for-sale] Page 10/50  offset=270  collected=221  total=19911
2026-09-09 07:26:01  [INFO    ]  Fetching details concurrently for 30 listings (workers=4)...
2026-09-09 07:26:08  [INFO    ]  [cars-for-sale] Page 11/50  offset=300  collected=251  total=19911
2026-09-09 07:26:09  [INFO    ]  Fetching details concurrently for 4 listings (workers=4)...
2026-09-09 07:26:11  [INFO    ]  [cars-for-sale] Page 12/50  offset=330  collected=255  total=19911
2026-09-09 07:26:12  [INFO    ]  Fetching details concurrently for 28 listings (workers=4)...
2026-09-09 07:26:19  [INFO    ]  [cars-for-sale] Page 13/50  offset=360  collected=283  total=19911
2026-09-09 07:26:20  [INFO    ]  Fetching details concurrently for 30 listings (workers=4)...
2026-09-09 07:26:26  [INFO    ]  [cars-for-sale] Page 14/50  offset=390  collected=313  total=19911
2026-09-09 07:26:27  [INFO    ]  Fetching details concurrently for 23 listings (workers=4)...
2026-09-09 07:26:33  [INFO    ]  [cars-for-sale] Page 15/50  offset=420  collected=336  total=19911
2026-09-09 07:26:34  [INFO    ]  Fetching details concurrently for 9 listings (workers=4)...
2026-09-09 07:26:37  [INFO    ]  [cars-for-sale] Page 16/50  offset=450  collected=345  total=19911
2026-09-09 07:26:38  [INFO    ]  Fetching details concurrently for 18 listings (workers=4)...
2026-09-09 07:26:42  [INFO    ]  [cars-for-sale] Page 17/50  offset=480  collected=363  total=19911
2026-09-09 07:26:44  [INFO    ]  Fetching details concurrently for 31 listings (workers=4)...
2026-09-09 07:26:51  [INFO    ]  [cars-for-sale] Page 18/50  offset=510  collected=394  total=19911
2026-09-09 07:26:52  [INFO    ]  Fetching details concurrently for 27 listings (workers=4)...
2026-09-09 07:26:57  [INFO    ]  [cars-for-sale] Page 19/50  offset=540  collected=421  total=19911
2026-09-09 07:26:58  [INFO    ]  Fetching details concurrently for 30 listings (workers=4)...
2026-09-09 07:27:05  [INFO    ]  [cars-for-sale] Page 20/50  offset=570  collected=451  total=19911
2026-09-09 07:27:06  [INFO    ]  Fetching details concurrently for 30 listings (workers=4)...
2026-09-09 07:27:13  [INFO    ]  [cars-for-sale] Page 21/50  offset=600  collected=481  total=19911
2026-09-09 07:27:14  [INFO    ]  Fetching details concurrently for 31 listings (workers=4)...
2026-09-09 07:27:23  [INFO    ]  [cars-for-sale] Page 22/50  offset=630  collected=512  total=19911
2026-09-09 07:27:24  [INFO    ]  Fetching details concurrently for 31 listings (workers=4)...
2026-09-09 07:27:31  [INFO    ]  [cars-for-sale] Page 23/50  offset=660  collected=543  total=19911
2026-09-09 07:27:32  [INFO    ]  Fetching details concurrently for 31 listings (workers=4)...
2026-09-09 07:27:40  [INFO    ]  [cars-for-sale] Page 24/50  offset=690  collected=574  total=19911
2026-09-09 07:27:41  [INFO    ]  Fetching details concurrently for 14 listings (workers=4)...
2026-09-09 07:27:44  [INFO    ]  [cars-for-sale] Page 25/50  offset=720  collected=588  total=19911
2026-09-09 07:27:45  [INFO    ]  Fetching details concurrently for 31 listings (workers=4)...
2026-09-09 07:27:52  [INFO    ]  [cars-for-sale] Page 26/50  offset=750  collected=619  total=19911
2026-09-09 07:27:54  [INFO    ]  [cars-for-sale] Page 27/50  offset=780  collected=619  total=19911
2026-09-09 07:27:55  [INFO    ]  Fetching details concurrently for 10 listings (workers=4)...
2026-09-09 07:27:58  [INFO    ]  [cars-for-sale] Page 28/50  offset=810  collected=629  total=19911
2026-09-09 07:27:59  [INFO    ]  Fetching details concurrently for 30 listings (workers=4)...
2026-09-09 07:28:08  [INFO    ]  [cars-for-sale] Page 29/50  offset=840  collected=659  total=19911
2026-09-09 07:28:09  [INFO    ]  Fetching details concurrently for 23 listings (workers=4)...
2026-09-09 07:28:15  [INFO    ]  [cars-for-sale] Page 30/50  offset=870  collected=682  total=19911
2026-09-09 07:28:16  [INFO    ]  Fetching details concurrently for 31 listings (workers=4)...
2026-09-09 07:28:23  [INFO    ]  [cars-for-sale] Page 31/50  offset=900  collected=713  total=19911
2026-09-09 07:28:24  [INFO    ]  Fetching details concurrently for 26 listings (workers=4)...
2026-09-09 07:28:30  [INFO    ]  [cars-for-sale] Page 32/50  offset=930  collected=739  total=19911
2026-09-09 07:28:31  [INFO    ]  Fetching details concurrently for 30 listings (workers=4)...
2026-09-09 07:28:38  [INFO    ]  [cars-for-sale] Page 33/50  offset=960  collected=769  total=19911
2026-09-09 07:28:39  [INFO    ]  Fetching details concurrently for 30 listings (workers=4)...
2026-09-09 07:28:45  [INFO    ]  [cars-for-sale] Page 34/50  offset=990  collected=799  total=19911
2026-09-09 07:28:46  [INFO    ]  Fetching details concurrently for 32 listings (workers=4)...
2026-09-09 07:28:54  [INFO    ]  [cars-for-sale] Page 35/50  offset=1020  collected=831  total=19911
2026-09-09 07:28:55  [INFO    ]  Fetching details concurrently for 29 listings (workers=4)...
2026-09-09 07:29:03  [INFO    ]  [cars-for-sale] Page 36/50  offset=1050  collected=860  total=19911
2026-09-09 07:29:04  [INFO    ]  Fetching details concurrently for 30 listings (workers=4)...
2026-09-09 07:29:11  [INFO    ]  [cars-for-sale] Page 37/50  offset=1080  collected=890  total=19911
2026-09-09 07:29:12  [INFO    ]  Fetching details concurrently for 31 listings (workers=4)...
2026-09-09 07:29:19  [INFO    ]  [cars-for-sale] Page 38/50  offset=1110  collected=921  total=19911
2026-09-09 07:29:20  [INFO    ]  Fetching details concurrently for 30 listings (workers=4)...
2026-09-09 07:29:27  [INFO    ]  [cars-for-sale] Page 39/50  offset=1140  collected=951  total=19911
2026-09-09 07:29:28  [INFO    ]  Fetching details concurrently for 28 listings (workers=4)...
2026-09-09 07:29:34  [INFO    ]  [cars-for-sale] Page 40/50  offset=1170  collected=979  total=19911
2026-09-09 07:29:35  [INFO    ]  Fetching details concurrently for 31 listings (workers=4)...
2026-09-09 07:29:42  [INFO    ]  [cars-for-sale] Page 41/50  offset=1200  collected=1010  total=19911
2026-09-09 07:29:43  [INFO    ]  Fetching details concurrently for 30 listings (workers=4)...
2026-09-09 07:29:51  [INFO    ]  [cars-for-sale] Page 42/50  offset=1230  collected=1040  total=19911
2026-09-09 07:29:52  [INFO    ]  Fetching details concurrently for 29 listings (workers=4)...
2026-09-09 07:30:00  [INFO    ]  [cars-for-sale] Page 43/50  offset=1260  collected=1069  total=19911
2026-09-09 07:30:01  [INFO    ]  Fetching details concurrently for 30 listings (workers=4)...
2026-09-09 07:30:12  [INFO    ]  [cars-for-sale] Page 44/50  offset=1290  collected=1099  total=19911
2026-09-09 07:30:13  [INFO    ]  Fetching details concurrently for 30 listings (workers=4)...
2026-09-09 07:30:22  [INFO    ]  [cars-for-sale] Page 45/50  offset=1320  collected=1129  total=19911
2026-09-09 07:30:23  [INFO    ]  Fetching details concurrently for 17 listings (workers=4)...
2026-09-09 07:30:27  [INFO    ]  [cars-for-sale] Page 46/50  offset=1350  collected=1146  total=19911
2026-09-09 07:30:28  [INFO    ]  Fetching details concurrently for 30 listings (workers=4)...
2026-09-09 07:30:38  [INFO    ]  [cars-for-sale] Page 47/50  offset=1380  collected=1176  total=19911
2026-09-09 07:30:39  [INFO    ]  Fetching details concurrently for 30 listings (workers=4)...
2026-09-09 07:30:47  [INFO    ]  [cars-for-sale] Page 48/50  offset=1410  collected=1206  total=19911
2026-09-09 07:30:48  [INFO    ]  Fetching details concurrently for 30 listings (workers=4)...
2026-09-09 07:30:56  [INFO    ]  [cars-for-sale] Page 49/50  offset=1440  collected=1236  total=19911
2026-09-09 07:30:57  [INFO    ]  Fetching details concurrently for 30 listings (workers=4)...
2026-09-09 07:31:04  [INFO    ]  [cars-for-sale] Page 50/50  offset=1470  collected=1266  total=19911
2026-09-09 07:31:05  [INFO    ]  Fetching details concurrently for 30 listings (workers=4)...
2026-09-09 07:31:12  [INFO    ]  Scrape complete. Collected 1296 records in this batch.
2026-09-09 07:31:12  [INFO    ]  Extraction complete in 382.44s: 1,296 total listings collected.
2026-09-09 07:31:12  [INFO    ]  Batch summary: 1,296 total listings collected (419 new IDs, 877 recurring/tracked IDs).
2026-09-09 07:31:12  [INFO    ]  Saved 1296 raw records to Parquet -> data/bronze/cars_2026-09-09.parquet
2026-09-09 07:31:12  [INFO    ]  Saved 1296 full raw records from today's run to CSV -> data/bronze/khmer24_cars.csv
2026-09-09 07:31:12  [INFO    ]  Saved ingestion run manifest -> data/bronze/ingestion_manifest.json
2026-09-09 07:31:12  [INFO    ]  Bronze Parquet -> data/bronze/cars_2026-09-09.parquet
2026-09-09 07:31:12  [INFO    ]  Full Run CSV   -> data/bronze/khmer24_cars.csv
2026-09-09 07:31:12  [INFO    ]  Manifest       -> data/bronze/ingestion_manifest.json
2026-09-09 07:31:12  [INFO    ]  ┌────────────────────────────────────────────────────┐
2026-09-09 07:31:12  [INFO    ]  │  BRONZE INGESTION QUALITY SUMMARY (1,296 records)  │
2026-09-09 07:31:12  [INFO    ]  ├────────────────────────────────────┬───────────────┤
2026-09-09 07:31:12  [INFO    ]  │  Price Field Coverage              │  100.0%       │
2026-09-09 07:31:12  [INFO    ]  │  Brand Field Coverage              │  100.0%       │
2026-09-09 07:31:12  [INFO    ]  │  Model Field Coverage              │   98.9%       │
2026-09-09 07:31:12  [INFO    ]  │  Year Field Coverage               │  100.0%       │
2026-09-09 07:31:12  [INFO    ]  │  Province Field Coverage           │  100.0%       │
2026-09-09 07:31:12  [INFO    ]  │  Mileage Field Coverage            │    0.0%       │
2026-09-09 07:31:12  [INFO    ]  │  Transmission Field Coverage       │   87.7%       │
2026-09-09 07:31:12  [INFO    ]  │  Fuel Type Field Coverage          │   89.4%       │
2026-09-09 07:31:12  [INFO    ]  │  Detail Enrichment Rate            │  100.0%       │
2026-09-09 07:31:12  [INFO    ]  ├────────────────────────────────────┴───────────────┤
2026-09-09 07:31:12  [INFO    ]  │  Cumulative Unique Marketplace IDs :  5,728              │
2026-09-09 07:31:12  [INFO    ]  └────────────────────────────────────────────────────┘
2026-09-09 07:31:12  [INFO    ]  EL stage complete. 1,296 listings processed in this batch.
