2026-09-24 07:37:59  [INFO    ]  =================================================================
2026-09-24 07:37:59  [INFO    ]  Starting Bronze Data Ingestion: 2026-09-24T07:37:59.509517+00:00
2026-09-24 07:37:59  [INFO    ]  Config: category=cars-for-sale, province=ALL, max_pages=50, mode=feed_window, enrich_details=True
2026-09-24 07:37:59  [INFO    ]  =================================================================
2026-09-24 07:37:59  [INFO    ]  [cars-for-sale] Page 1/50  offset=0  collected=0
2026-09-24 07:38:01  [INFO    ]  Fetching details concurrently for 40 listings (workers=4)...
2026-09-24 07:38:07  [INFO    ]  [cars-for-sale] Page 2/50  offset=30  collected=40  total=19515
2026-09-24 07:38:08  [INFO    ]  Fetching details concurrently for 24 listings (workers=4)...
2026-09-24 07:38:13  [INFO    ]  [cars-for-sale] Page 3/50  offset=60  collected=64  total=19515
2026-09-24 07:38:14  [INFO    ]  Fetching details concurrently for 19 listings (workers=4)...
2026-09-24 07:38:17  [INFO    ]  [cars-for-sale] Page 4/50  offset=90  collected=83  total=19515
2026-09-24 07:38:18  [INFO    ]  Fetching details concurrently for 26 listings (workers=4)...
2026-09-24 07:38:22  [INFO    ]  [cars-for-sale] Page 5/50  offset=120  collected=109  total=19515
2026-09-24 07:38:23  [INFO    ]  Fetching details concurrently for 29 listings (workers=4)...
2026-09-24 07:38:28  [INFO    ]  [cars-for-sale] Page 6/50  offset=150  collected=138  total=19515
2026-09-24 07:38:29  [INFO    ]  Fetching details concurrently for 30 listings (workers=4)...
2026-09-24 07:38:33  [INFO    ]  [cars-for-sale] Page 7/50  offset=180  collected=168  total=19515
2026-09-24 07:38:34  [INFO    ]  Fetching details concurrently for 17 listings (workers=4)...
2026-09-24 07:38:37  [INFO    ]  [cars-for-sale] Page 8/50  offset=210  collected=185  total=19515
2026-09-24 07:38:38  [INFO    ]  Fetching details concurrently for 31 listings (workers=4)...
2026-09-24 07:38:43  [INFO    ]  [cars-for-sale] Page 9/50  offset=240  collected=216  total=19515
2026-09-24 07:38:44  [INFO    ]  Fetching details concurrently for 32 listings (workers=4)...
2026-09-24 07:38:49  [INFO    ]  [cars-for-sale] Page 10/50  offset=270  collected=248  total=19515
2026-09-24 07:38:50  [INFO    ]  Fetching details concurrently for 15 listings (workers=4)...
2026-09-24 07:38:52  [INFO    ]  [cars-for-sale] Page 11/50  offset=300  collected=263  total=19515
2026-09-24 07:38:53  [INFO    ]  Fetching details concurrently for 18 listings (workers=4)...
2026-09-24 07:38:56  [INFO    ]  [cars-for-sale] Page 12/50  offset=330  collected=281  total=19515
2026-09-24 07:38:57  [INFO    ]  Fetching details concurrently for 31 listings (workers=4)...
2026-09-24 07:39:02  [INFO    ]  [cars-for-sale] Page 13/50  offset=360  collected=312  total=19515
2026-09-24 07:39:03  [INFO    ]  Fetching details concurrently for 30 listings (workers=4)...
2026-09-24 07:39:08  [INFO    ]  [cars-for-sale] Page 14/50  offset=390  collected=342  total=19515
2026-09-24 07:39:09  [INFO    ]  Fetching details concurrently for 30 listings (workers=4)...
2026-09-24 07:39:14  [INFO    ]  [cars-for-sale] Page 15/50  offset=420  collected=372  total=19515
2026-09-24 07:39:15  [INFO    ]  [cars-for-sale] Page 16/50  offset=450  collected=372  total=19515
2026-09-24 07:39:16  [INFO    ]  Fetching details concurrently for 3 listings (workers=4)...
2026-09-24 07:39:17  [INFO    ]  [cars-for-sale] Page 17/50  offset=480  collected=375  total=19515
2026-09-24 07:39:18  [INFO    ]  Fetching details concurrently for 30 listings (workers=4)...
2026-09-24 07:39:22  [INFO    ]  [cars-for-sale] Page 18/50  offset=510  collected=405  total=19515
2026-09-24 07:39:23  [INFO    ]  Fetching details concurrently for 27 listings (workers=4)...
2026-09-24 07:39:27  [INFO    ]  [cars-for-sale] Page 19/50  offset=540  collected=432  total=19515
2026-09-24 07:39:28  [INFO    ]  Fetching details concurrently for 30 listings (workers=4)...
2026-09-24 07:39:34  [INFO    ]  [cars-for-sale] Page 20/50  offset=570  collected=462  total=19515
2026-09-24 07:39:35  [INFO    ]  Fetching details concurrently for 26 listings (workers=4)...
2026-09-24 07:39:38  [INFO    ]  [cars-for-sale] Page 21/50  offset=600  collected=488  total=19515
2026-09-24 07:39:39  [INFO    ]  Fetching details concurrently for 30 listings (workers=4)...
2026-09-24 07:39:44  [INFO    ]  [cars-for-sale] Page 22/50  offset=630  collected=518  total=19515
2026-09-24 07:39:45  [INFO    ]  Fetching details concurrently for 31 listings (workers=4)...
2026-09-24 07:39:50  [INFO    ]  [cars-for-sale] Page 23/50  offset=660  collected=549  total=19515
2026-09-24 07:39:51  [INFO    ]  Fetching details concurrently for 30 listings (workers=4)...
2026-09-24 07:39:55  [INFO    ]  [cars-for-sale] Page 24/50  offset=690  collected=579  total=19515
2026-09-24 07:39:56  [INFO    ]  Fetching details concurrently for 26 listings (workers=4)...
2026-09-24 07:40:00  [INFO    ]  [cars-for-sale] Page 25/50  offset=720  collected=605  total=19515
2026-09-24 07:40:01  [INFO    ]  Fetching details concurrently for 30 listings (workers=4)...
2026-09-24 07:40:06  [INFO    ]  [cars-for-sale] Page 26/50  offset=750  collected=635  total=19515
2026-09-24 07:40:08  [INFO    ]  Fetching details concurrently for 31 listings (workers=4)...
2026-09-24 07:40:13  [INFO    ]  [cars-for-sale] Page 27/50  offset=780  collected=666  total=19515
2026-09-24 07:40:14  [INFO    ]  Fetching details concurrently for 31 listings (workers=4)...
2026-09-24 07:40:20  [INFO    ]  [cars-for-sale] Page 28/50  offset=810  collected=697  total=19515
2026-09-24 07:40:21  [INFO    ]  Fetching details concurrently for 31 listings (workers=4)...
2026-09-24 07:40:25  [INFO    ]  [cars-for-sale] Page 29/50  offset=840  collected=728  total=19515
2026-09-24 07:40:26  [INFO    ]  Fetching details concurrently for 26 listings (workers=4)...
2026-09-24 07:40:30  [INFO    ]  [cars-for-sale] Page 30/50  offset=870  collected=754  total=19515
2026-09-24 07:40:31  [INFO    ]  Fetching details concurrently for 23 listings (workers=4)...
2026-09-24 07:40:35  [INFO    ]  [cars-for-sale] Page 31/50  offset=900  collected=777  total=19515
2026-09-24 07:40:36  [INFO    ]  Fetching details concurrently for 21 listings (workers=4)...
2026-09-24 07:40:40  [INFO    ]  [cars-for-sale] Page 32/50  offset=930  collected=798  total=19515
2026-09-24 07:40:41  [INFO    ]  Fetching details concurrently for 26 listings (workers=4)...
2026-09-24 07:40:45  [INFO    ]  [cars-for-sale] Page 33/50  offset=960  collected=824  total=19515
2026-09-24 07:40:46  [INFO    ]  Fetching details concurrently for 15 listings (workers=4)...
2026-09-24 07:40:48  [INFO    ]  [cars-for-sale] Page 34/50  offset=990  collected=839  total=19515
2026-09-24 07:40:49  [INFO    ]  Fetching details concurrently for 30 listings (workers=4)...
2026-09-24 07:40:54  [INFO    ]  [cars-for-sale] Page 35/50  offset=1020  collected=869  total=19515
2026-09-24 07:40:55  [INFO    ]  [cars-for-sale] Page 36/50  offset=1050  collected=869  total=19515
2026-09-24 07:40:56  [INFO    ]  Fetching details concurrently for 24 listings (workers=4)...
2026-09-24 07:41:00  [INFO    ]  [cars-for-sale] Page 37/50  offset=1080  collected=893  total=19515
2026-09-24 07:41:01  [INFO    ]  Fetching details concurrently for 30 listings (workers=4)...
2026-09-24 07:41:06  [INFO    ]  [cars-for-sale] Page 38/50  offset=1110  collected=923  total=19515
2026-09-24 07:41:07  [INFO    ]  Fetching details concurrently for 30 listings (workers=4)...
2026-09-24 07:41:13  [INFO    ]  [cars-for-sale] Page 39/50  offset=1140  collected=953  total=19515
2026-09-24 07:41:14  [INFO    ]  Fetching details concurrently for 30 listings (workers=4)...
2026-09-24 07:41:18  [INFO    ]  [cars-for-sale] Page 40/50  offset=1170  collected=983  total=19515
2026-09-24 07:41:19  [INFO    ]  Fetching details concurrently for 30 listings (workers=4)...
2026-09-24 07:41:24  [INFO    ]  [cars-for-sale] Page 41/50  offset=1200  collected=1013  total=19515
2026-09-24 07:41:25  [INFO    ]  Fetching details concurrently for 30 listings (workers=4)...
2026-09-24 07:41:29  [INFO    ]  [cars-for-sale] Page 42/50  offset=1230  collected=1043  total=19515
2026-09-24 07:41:30  [INFO    ]  Fetching details concurrently for 24 listings (workers=4)...
2026-09-24 07:41:34  [INFO    ]  [cars-for-sale] Page 43/50  offset=1260  collected=1067  total=19515
2026-09-24 07:41:35  [INFO    ]  Fetching details concurrently for 30 listings (workers=4)...
2026-09-24 07:41:39  [INFO    ]  [cars-for-sale] Page 44/50  offset=1290  collected=1097  total=19515
2026-09-24 07:41:41  [INFO    ]  Fetching details concurrently for 30 listings (workers=4)...
2026-09-24 07:41:46  [INFO    ]  [cars-for-sale] Page 45/50  offset=1320  collected=1127  total=19515
2026-09-24 07:41:47  [INFO    ]  Fetching details concurrently for 30 listings (workers=4)...
2026-09-24 07:41:51  [INFO    ]  [cars-for-sale] Page 46/50  offset=1350  collected=1157  total=19515
2026-09-24 07:41:52  [INFO    ]  Fetching details concurrently for 30 listings (workers=4)...
2026-09-24 07:41:57  [INFO    ]  [cars-for-sale] Page 47/50  offset=1380  collected=1187  total=19515
2026-09-24 07:41:58  [INFO    ]  Fetching details concurrently for 30 listings (workers=4)...
2026-09-24 07:42:03  [INFO    ]  [cars-for-sale] Page 48/50  offset=1410  collected=1217  total=19515
2026-09-24 07:42:04  [INFO    ]  Fetching details concurrently for 30 listings (workers=4)...
2026-09-24 07:42:09  [INFO    ]  [cars-for-sale] Page 49/50  offset=1440  collected=1247  total=19515
2026-09-24 07:42:10  [INFO    ]  Fetching details concurrently for 30 listings (workers=4)...
2026-09-24 07:42:19  [INFO    ]  [cars-for-sale] Page 50/50  offset=1470  collected=1277  total=19515
2026-09-24 07:42:20  [INFO    ]  Fetching details concurrently for 30 listings (workers=4)...
2026-09-24 07:42:26  [INFO    ]  Scrape complete. Collected 1307 records in this batch.
2026-09-24 07:42:26  [INFO    ]  Extraction complete in 267.34s: 1,307 total listings collected.
2026-09-24 07:42:26  [INFO    ]  Batch summary: 1,307 total listings collected (352 new unique IDs, 955 recurring/tracked IDs).
2026-09-24 07:42:26  [INFO    ]  Saved 1307 raw records to Parquet -> data/bronze/cars_2026-09-24.parquet
2026-09-24 07:42:27  [INFO    ]  Saved 1307 full raw records from today's run to CSV -> data/bronze/khmer24_cars.csv
2026-09-24 07:42:27  [INFO    ]  Saved ingestion run manifest -> data/bronze/ingestion_manifest.json
2026-09-24 07:42:27  [INFO    ]  Bronze Parquet -> data/bronze/cars_2026-09-24.parquet
2026-09-24 07:42:27  [INFO    ]  Full Run CSV   -> data/bronze/khmer24_cars.csv
2026-09-24 07:42:27  [INFO    ]  Manifest       -> data/bronze/ingestion_manifest.json
2026-09-24 07:42:27  [INFO    ]  ┌────────────────────────────────────────────────────┐
2026-09-24 07:42:27  [INFO    ]  │  BRONZE INGESTION QUALITY SUMMARY (1,307 records)  │
2026-09-24 07:42:27  [INFO    ]  ├────────────────────────────────────┬───────────────┤
2026-09-24 07:42:27  [INFO    ]  │  Price Field Coverage              │  100.0%       │
2026-09-24 07:42:27  [INFO    ]  │  Brand Field Coverage              │  100.0%       │
2026-09-24 07:42:27  [INFO    ]  │  Model Field Coverage              │   99.5%       │
2026-09-24 07:42:27  [INFO    ]  │  Year Field Coverage               │  100.0%       │
2026-09-24 07:42:27  [INFO    ]  │  Province Field Coverage           │  100.0%       │
2026-09-24 07:42:27  [INFO    ]  │  Mileage Field Coverage            │    0.0%       │
2026-09-24 07:42:27  [INFO    ]  │  Transmission Field Coverage       │   87.1%       │
2026-09-24 07:42:27  [INFO    ]  │  Fuel Type Field Coverage          │   87.8%       │
2026-09-24 07:42:27  [INFO    ]  │  Detail Enrichment Rate            │  100.0%       │
2026-09-24 07:42:27  [INFO    ]  ├────────────────────────────────────┴───────────────┤
2026-09-24 07:42:27  [INFO    ]  │  Cumulative Unique Marketplace IDs :  11,558             │
2026-09-24 07:42:27  [INFO    ]  └────────────────────────────────────────────────────┘
2026-09-24 07:42:27  [INFO    ]  EL stage complete. 1,307 listings processed in this batch.
